111.6.230.203 - - [02/Feb/2026:05:36:39 +0800] "GET /api/latest-version?platform=3 HTTP/1.1" 200 166 "https://www.shudaxia.com/mobile.html" "Mozilla/5.0 (iPhone; CPU iPhone OS 9_1 like Mac OS X) AppleWebKit/601.1.46 (KHTML, like Gecko) Version/9.0 Mobile/13B143 Safari/601.1 (compatible; Baiduspider-render/2.0; +http://www.baidu.com/search/spider.html)"
111.6.230.203 - - [02/Feb/2026:05:36:39 +0800] "GET /api/latest-version?platform=3 HTTP/1.1" 200 166 "https://www.shudaxia.com/mobile.html" "Mozilla/5.0 (iPhone; CPU iPhone OS 9_1 like Mac OS X) AppleWebKit/601.1.46 (KHTML, like Gecko) Version/9.0 Mobile/13B143 Safari/601.1 (compatible; Baiduspider-render/2.0; +http://www.baidu.com/search/spider.html)"
111.6.230.203 - - [02/Feb/2026:05:36:39 +0800] "GET /api/auth/session HTTP/1.1" 200 35 "https://www.shudaxia.com/mobile.html" "Mozilla/5.0 (iPhone; CPU iPhone OS 9_1 like Mac OS X) AppleWebKit/601.1.46 (KHTML, like Gecko) Version/9.0 Mobile/13B143 Safari/601.1 (compatible; Baiduspider-render/2.0; +http://www.baidu.com/search/spider.html)"
111.6.230.165 - - [02/Feb/2026:05:36:39 +0800] "GET /api/footer-links HTTP/1.1" 200 535 "https://www.shudaxia.com/mobile.html" "Mozilla/5.0 (iPhone; CPU iPhone OS 9_1 like Mac OS X) AppleWebKit/601.1.46 (KHTML, like Gecko) Version/9.0 Mobile/13B143 Safari/601.1 (compatible; Baiduspider-render/2.0; +http://www.baidu.com/search/spider.html)"
111.6.230.164 - - [02/Feb/2026:05:36:39 +0800] "GET /api/latest-version?platform=2 HTTP/1.1" 200 152 "https://www.shudaxia.com/mobile.html" "Mozilla/5.0 (iPhone; CPU iPhone OS 9_1 like Mac OS X) AppleWebKit/601.1.46 (KHTML, like Gecko) Version/9.0 Mobile/13B143 Safari/601.1 (compatible; Baiduspider-render/2.0; +http://www.baidu.com/search/spider.html)"
111.6.230.164 - - [02/Feb/2026:05:36:39 +0800] "GET /api/latest-version?platform=2 HTTP/1.1" 200 152 "https://www.shudaxia.com/mobile.html" "Mozilla/5.0 (iPhone; CPU iPhone OS 9_1 like Mac OS X) AppleWebKit/601.1.46 (KHTML, like Gecko) Version/9.0 Mobile/13B143 Safari/601.1 (compatible; Baiduspider-render/2.0; +http://www.baidu.com/search/spider.html)"
111.6.230.164 - - [02/Feb/2026:05:36:39 +0800] "GET /api/latest-version?platform=2 HTTP/1.1" 200 152 "https://www.shudaxia.com/mobile.html" "Mozilla/5.0 (iPhone; CPU iPhone OS 9_1 like Mac OS X) AppleWebKit/601.1.46 (KHTML, like Gecko) Version/9.0 Mobile/13B143 Safari/601.1 (compatible; Baiduspider-render/2.0; +http://www.baidu.com/search/spider.html)"
111.6.230.151 - - [02/Feb/2026:05:52:05 +0800] "GET / HTTP/1.1" 200 24874 "-" "Mozilla/5.0 (Linux; Android 5.0) AppleWebKit/537.36 (KHTML, like Gecko) Mobile Safari/537.36 (compatible; Bytespider; https://zhanzhang.toutiao.com/)"
111.6.230.203 - - [02/Feb/2026:05:52:06 +0800] "GET /api/latest-version?platform=3 HTTP/1.1" 200 166 "https://www.shudaxia.com/" "Mozilla/5.0 (Linux; Android 5.0) AppleWebKit/537.36 (KHTML, like Gecko) Mobile Safari/537.36 (compatible; Bytespider; https://zhanzhang.toutiao.com/)"
111.6.230.203 - - [02/Feb/2026:05:52:06 +0800] "GET /api/auth/session HTTP/1.1" 200 35 "https://www.shudaxia.com/" "Mozilla/5.0 (Linux; Android 5.0) AppleWebKit/537.36 (KHTML, like Gecko) Mobile Safari/537.36 (compatible; Bytespider; https://zhanzhang.toutiao.com/)"
111.6.230.164 - - [02/Feb/2026:05:52:06 +0800] "GET /api/latest-version?platform=2 HTTP/1.1" 200 152 "https://www.shudaxia.com/" "Mozilla/5.0 (Linux; Android 5.0) AppleWebKit/537.36 (KHTML, like Gecko) Mobile Safari/537.36 (compatible; Bytespider; https://zhanzhang.toutiao.com/)"
111.6.230.203 - - [02/Feb/2026:05:52:06 +0800] "GET /api/latest-version?platform=3 HTTP/1.1" 200 166 "https://www.shudaxia.com/" "Mozilla/5.0 (Linux; Android 5.0) AppleWebKit/537.36 (KHTML, like Gecko) Mobile Safari/537.36 (compatible; Bytespider; https://zhanzhang.toutiao.com/)"
111.6.230.203 - - [02/Feb/2026:05:52:06 +0800] "GET /api/auth/session HTTP/1.1" 200 35 "https://www.shudaxia.com/" "Mozilla/5.0 (Linux; Android 5.0) AppleWebKit/537.36 (KHTML, like Gecko) Mobile Safari/537.36 (compatible; Bytespider; https://zhanzhang.toutiao.com/)"
111.6.230.164 - - [02/Feb/2026:05:52:06 +0800] "GET /api/latest-version?platform=2 HTTP/1.1" 200 152 "https://www.shudaxia.com/" "Mozilla/5.0 (Linux; Android 5.0) AppleWebKit/537.36 (KHTML, like Gecko) Mobile Safari/537.36 (compatible; Bytespider; https://zhanzhang.toutiao.com/)"
111.6.230.165 - - [02/Feb/2026:05:52:06 +0800] "GET /api/footer-links HTTP/1.1" 200 535 "https://www.shudaxia.com/" "Mozilla/5.0 (Linux; Android 5.0) AppleWebKit/537.36 (KHTML, like Gecko) Mobile Safari/537.36 (compatible; Bytespider; https://zhanzhang.toutiao.com/)"
111.6.230.203 - - [02/Feb/2026:05:52:06 +0800] "GET /api/latest-version?platform=3 HTTP/1.1" 200 166 "https://www.shudaxia.com/" "Mozilla/5.0 (Linux; Android 5.0) AppleWebKit/537.36 (KHTML, like Gecko) Mobile Safari/537.36 (compatible; Bytespider; https://zhanzhang.toutiao.com/)"
111.6.230.164 - - [02/Feb/2026:05:52:06 +0800] "GET /api/latest-version?platform=2 HTTP/1.1" 200 152 "https://www.shudaxia.com/" "Mozilla/5.0 (Linux; Android 5.0) AppleWebKit/537.36 (KHTML, like Gecko) Mobile Safari/537.36 (compatible; Bytespider; https://zhanzhang.toutiao.com/)"
111.6.230.203 - - [02/Feb/2026:05:52:06 +0800] "GET /api/latest-version?platform=3 HTTP/1.1" 200 166 "https://www.shudaxia.com/" "Mozilla/5.0 (Linux; Android 5.0) AppleWebKit/537.36 (KHTML, like Gecko) Mobile Safari/537.36 (compatible; Bytespider; https://zhanzhang.toutiao.com/)"
111.6.230.164 - - [02/Feb/2026:05:52:06 +0800] "GET /api/latest-version?platform=2 HTTP/1.1" 200 152 "https://www.shudaxia.com/" "Mozilla/5.0 (Linux; Android 5.0) AppleWebKit/537.36 (KHTML, like Gecko) Mobile Safari/537.36 (compatible; Bytespider; https://zhanzhang.toutiao.com/)"
111.6.230.203 - - [02/Feb/2026:05:52:06 +0800] "GET /api/latest-version?platform=3 HTTP/1.1" 200 166 "https://www.shudaxia.com/" "Mozilla/5.0 (Linux; Android 5.0) AppleWebKit/537.36 (KHTML, like Gecko) Mobile Safari/537.36 (compatible; Bytespider; https://zhanzhang.toutiao.com/)"
111.6.230.203 - - [02/Feb/2026:05:54:13 +0800] "GET /api/latest-version?platform=3 HTTP/1.1" 200 166 "https://www.shudaxia.com/cpstest.html" "Mozilla/5.0 (iPhone; CPU iPhone OS 9_1 like Mac OS X) AppleWebKit/601.1.46 (KHTML, like Gecko) Version/9.0 Mobile/13B143 Safari/601.1 (compatible; Baiduspider-render/2.0; +http://www.baidu.com/search/spider.html)"
111.6.230.165 - - [02/Feb/2026:05:54:13 +0800] "GET /api/footer-links HTTP/1.1" 200 535 "https://www.shudaxia.com/cpstest.html" "Mozilla/5.0 (iPhone; CPU iPhone OS 9_1 like Mac OS X) AppleWebKit/601.1.46 (KHTML, like Gecko) Version/9.0 Mobile/13B143 Safari/601.1 (compatible; Baiduspider-render/2.0; +http://www.baidu.com/search/spider.html)"
111.6.230.203 - - [02/Feb/2026:05:54:13 +0800] "GET /api/auth/session HTTP/1.1" 200 35 "https://www.shudaxia.com/cpstest.html" "Mozilla/5.0 (iPhone; CPU iPhone OS 9_1 like Mac OS X) AppleWebKit/601.1.46 (KHTML, like Gecko) Version/9.0 Mobile/13B143 Safari/601.1 (compatible; Baiduspider-render/2.0; +http://www.baidu.com/search/spider.html)"
111.6.230.203 - - [02/Feb/2026:05:54:13 +0800] "GET /api/latest-version?platform=3 HTTP/1.1" 200 166 "https://www.shudaxia.com/cpstest.html" "Mozilla/5.0 (iPhone; CPU iPhone OS 9_1 like Mac OS X) AppleWebKit/601.1.46 (KHTML, like Gecko) Version/9.0 Mobile/13B143 Safari/601.1 (compatible; Baiduspider-render/2.0; +http://www.baidu.com/search/spider.html)"
111.6.230.203 - - [02/Feb/2026:05:54:13 +0800] "GET /api/auth/session HTTP/1.1" 200 35 "https://www.shudaxia.com/cpstest.html" "Mozilla/5.0 (iPhone; CPU iPhone OS 9_1 like Mac OS X) AppleWebKit/601.1.46 (KHTML, like Gecko) Version/9.0 Mobile/13B143 Safari/601.1 (compatible; Baiduspider-render/2.0; +http://www.baidu.com/search/spider.html)"
111.6.230.164 - - [02/Feb/2026:05:54:13 +0800] "GET /api/latest-version?platform=2 HTTP/1.1" 200 152 "https://www.shudaxia.com/cpstest.html" "Mozilla/5.0 (iPhone; CPU iPhone OS 9_1 like Mac OS X) AppleWebKit/601.1.46 (KHTML, like Gecko) Version/9.0 Mobile/13B143 Safari/601.1 (compatible; Baiduspider-render/2.0; +http://www.baidu.com/search/spider.html)"
111.6.230.164 - - [02/Feb/2026:05:54:13 +0800] "GET /api/latest-version?platform=2 HTTP/1.1" 200 152 "https://www.shudaxia.com/cpstest.html" "Mozilla/5.0 (iPhone; CPU iPhone OS 9_1 like Mac OS X) AppleWebKit/601.1.46 (KHTML, like Gecko) Version/9.0 Mobile/13B143 Safari/601.1 (compatible; Baiduspider-render/2.0; +http://www.baidu.com/search/spider.html)"
111.6.230.150 - - [02/Feb/2026:06:03:08 +0800] "GET /news/shu-biao-zi-dong-dian-ji.html HTTP/1.1" 200 20469 "-" "YisouSpider"
111.6.230.215 - - [02/Feb/2026:06:03:08 +0800] "GET /faq/usage/p1.html HTTP/1.1" 200 25385 "-" "YisouSpider"
111.6.230.173 - - [02/Feb/2026:06:03:08 +0800] "GET /news/shu-biao-zi-dong-dian-ji-qi-guan-fang-xia-zai-di-zhi.html HTTP/1.1" 200 16556 "-" "YisouSpider"
111.6.230.164 - - [02/Feb/2026:06:03:08 +0800] "GET /api/latest-version?platform=2 HTTP/1.1" 200 152 "https://www.shudaxia.com/news/shu-biao-zi-dong-dian-ji.html" "YisouSpider"
111.6.230.165 - - [02/Feb/2026:06:03:08 +0800] "GET /api/footer-links HTTP/1.1" 200 535 "https://www.shudaxia.com/news/shu-biao-zi-dong-dian-ji.html" "YisouSpider"
111.6.230.219 - - [02/Feb/2026:06:03:08 +0800] "GET /?_rsc=18inx HTTP/1.1" 200 144 "https://www.shudaxia.com/news/shu-biao-zi-dong-dian-ji.html" "YisouSpider"
111.6.230.203 - - [02/Feb/2026:06:03:08 +0800] "GET /api/auth/session HTTP/1.1" 200 35 "https://www.shudaxia.com/news/shu-biao-zi-dong-dian-ji.html" "YisouSpider"
111.6.230.149 - - [02/Feb/2026:06:03:08 +0800] "POST /api/articles/59/view HTTP/1.1" 200 3198 "https://www.shudaxia.com/news/shu-biao-zi-dong-dian-ji.html" "YisouSpider"
111.6.230.203 - - [02/Feb/2026:06:03:08 +0800] "GET /api/latest-version?platform=3 HTTP/1.1" 200 166 "https://www.shudaxia.com/news/shu-biao-zi-dong-dian-ji.html" "YisouSpider"
111.6.230.201 - - [02/Feb/2026:06:03:08 +0800] "GET /video?_rsc=18inx HTTP/1.1" 308 21 "https://www.shudaxia.com/news/shu-biao-zi-dong-dian-ji.html" "YisouSpider"
111.6.230.164 - - [02/Feb/2026:06:03:08 +0800] "GET /api/latest-version?platform=2 HTTP/1.1" 200 152 "https://www.shudaxia.com/news/shu-biao-zi-dong-dian-ji.html" "YisouSpider"
111.6.230.211 - - [02/Feb/2026:06:03:08 +0800] "GET /mobile?_rsc=18inx HTTP/1.1" 308 22 "https://www.shudaxia.com/news/shu-biao-zi-dong-dian-ji.html" "YisouSpider"
111.6.230.155 - - [02/Feb/2026:06:03:08 +0800] "GET /doc/p1?_rsc=18inx HTTP/1.1" 308 22 "https://www.shudaxia.com/news/shu-biao-zi-dong-dian-ji.html" "YisouSpider"
111.6.230.178 - - [02/Feb/2026:06:03:08 +0800] "GET /mouse-keyboard-test?_rsc=18inx HTTP/1.1" 308 36 "https://www.shudaxia.com/news/shu-biao-zi-dong-dian-ji.html" "YisouSpider"
111.6.230.203 - - [02/Feb/2026:06:03:08 +0800] "GET /api/latest-version?platform=3 HTTP/1.1" 200 166 "https://www.shudaxia.com/news/shu-biao-zi-dong-dian-ji.html" "YisouSpider"
111.6.230.171 - - [02/Feb/2026:06:03:08 +0800] "GET /mobile?_rsc=19bfx HTTP/1.1" 308 22 "https://www.shudaxia.com/faq/usage/p1.html" "YisouSpider"
111.6.230.204 - - [02/Feb/2026:06:03:08 +0800] "GET /video?_rsc=19bfx HTTP/1.1" 308 21 "https://www.shudaxia.com/faq/usage/p1.html" "YisouSpider"
111.6.230.198 - - [02/Feb/2026:06:03:08 +0800] "GET /?_rsc=19bfx HTTP/1.1" 200 144 "https://www.shudaxia.com/faq/usage/p1.html" "YisouSpider"
111.6.230.203 - - [02/Feb/2026:06:03:08 +0800] "GET /api/latest-version?platform=3 HTTP/1.1" 200 166 "https://www.shudaxia.com/faq/usage/p1.html" "YisouSpider"
111.6.230.207 - - [02/Feb/2026:06:03:08 +0800] "GET /doc/p1?_rsc=19bfx HTTP/1.1" 308 22 "https://www.shudaxia.com/faq/usage/p1.html" "YisouSpider"
111.6.230.164 - - [02/Feb/2026:06:03:08 +0800] "GET /api/latest-version?platform=2 HTTP/1.1" 200 152 "https://www.shudaxia.com/faq/usage/p1.html" "YisouSpider"
111.6.230.203 - - [02/Feb/2026:06:03:08 +0800] "GET /api/auth/session HTTP/1.1" 200 35 "https://www.shudaxia.com/faq/usage/p1.html" "YisouSpider"
111.6.230.151 - - [02/Feb/2026:06:03:08 +0800] "GET /mouse-keyboard-test?_rsc=19bfx HTTP/1.1" 308 36 "https://www.shudaxia.com/faq/usage/p1.html" "YisouSpider"
111.6.230.165 - - [02/Feb/2026:06:03:08 +0800] "GET /api/footer-links HTTP/1.1" 200 535 "https://www.shudaxia.com/faq/usage/p1.html" "YisouSpider"
111.6.230.203 - - [02/Feb/2026:06:03:08 +0800] "GET /api/latest-version?platform=3 HTTP/1.1" 200 166 "https://www.shudaxia.com/faq/usage/p1.html" "YisouSpider"
111.6.230.210 - - [02/Feb/2026:06:03:08 +0800] "GET /video.html HTTP/1.1" 200 3514 "https://www.shudaxia.com/faq/usage/p1.html" "YisouSpider"
111.6.230.226 - - [02/Feb/2026:06:03:08 +0800] "GET /cpstest?_rsc=19bfx HTTP/1.1" 308 23 "https://www.shudaxia.com/faq/usage/p1.html" "YisouSpider"
111.6.230.213 - - [02/Feb/2026:06:03:08 +0800] "GET /doc/p1.html HTTP/1.1" 200 168 "https://www.shudaxia.com/faq/usage/p1.html" "YisouSpider"
111.6.230.205 - - [02/Feb/2026:06:03:08 +0800] "GET /mouse-keyboard-test.html HTTP/1.1" 200 2414 "https://www.shudaxia.com/faq/usage/p1.html" "YisouSpider"
111.6.230.203 - - [02/Feb/2026:06:03:08 +0800] "GET /api/auth/session HTTP/1.1" 200 35 "https://www.shudaxia.com/faq/usage/p1.html" "YisouSpider"
111.6.230.170 - - [02/Feb/2026:06:03:08 +0800] "GET /mouse-click-train?_rsc=19bfx HTTP/1.1" 308 34 "https://www.shudaxia.com/faq/usage/p1.html" "YisouSpider"
111.6.230.203 - - [02/Feb/2026:06:03:09 +0800] "GET /api/auth/session HTTP/1.1" 200 35 "https://www.shudaxia.com/news/shu-biao-zi-dong-dian-ji.html" "YisouSpider"
111.6.230.210 - - [02/Feb/2026:06:03:09 +0800] "GET /video.html HTTP/1.1" 200 3514 "https://www.shudaxia.com/news/shu-biao-zi-dong-dian-ji.html" "YisouSpider"
111.6.230.232 - - [02/Feb/2026:06:03:09 +0800] "GET /feedback?_rsc=19bfx HTTP/1.1" 308 24 "https://www.shudaxia.com/faq/usage/p1.html" "YisouSpider"
111.6.230.221 - - [02/Feb/2026:06:03:09 +0800] "GET /scriptdiy?_rsc=19bfx HTTP/1.1" 308 25 "https://www.shudaxia.com/faq/usage/p1.html" "YisouSpider"
111.6.230.153 - - [02/Feb/2026:06:03:09 +0800] "GET /cpstest?_rsc=18inx HTTP/1.1" 308 23 "https://www.shudaxia.com/news/shu-biao-zi-dong-dian-ji.html" "YisouSpider"
111.6.230.165 - - [02/Feb/2026:06:03:09 +0800] "GET /api/footer-links HTTP/1.1" 200 535 "https://www.shudaxia.com/news/shu-biao-zi-dong-dian-ji-qi-guan-fang-xia-zai-di-zhi.html" "YisouSpider"
111.6.230.203 - - [02/Feb/2026:06:03:09 +0800] "GET /api/latest-version?platform=3 HTTP/1.1" 200 166 "https://www.shudaxia.com/news/shu-biao-zi-dong-dian-ji-qi-guan-fang-xia-zai-di-zhi.html" "YisouSpider"
111.6.230.203 - - [02/Feb/2026:06:03:09 +0800] "GET /api/auth/session HTTP/1.1" 200 35 "https://www.shudaxia.com/news/shu-biao-zi-dong-dian-ji-qi-guan-fang-xia-zai-di-zhi.html" "YisouSpider"
111.6.230.156 - - [02/Feb/2026:06:03:09 +0800] "GET /mouse-click-train.html HTTP/1.1" 200 2718 "https://www.shudaxia.com/faq/usage/p1.html" "YisouSpider"
111.6.230.225 - - [02/Feb/2026:06:03:09 +0800] "GET /mobile?_rsc=17hk7 HTTP/1.1" 308 22 "https://www.shudaxia.com/news/shu-biao-zi-dong-dian-ji-qi-guan-fang-xia-zai-di-zhi.html" "YisouSpider"
111.6.230.230 - - [02/Feb/2026:06:03:09 +0800] "GET /doc/p1?_rsc=17hk7 HTTP/1.1" 308 22 "https://www.shudaxia.com/news/shu-biao-zi-dong-dian-ji-qi-guan-fang-xia-zai-di-zhi.html" "YisouSpider"
111.6.230.213 - - [02/Feb/2026:06:03:09 +0800] "GET /doc/p1.html HTTP/1.1" 200 168 "https://www.shudaxia.com/news/shu-biao-zi-dong-dian-ji.html" "YisouSpider"
111.6.230.164 - - [02/Feb/2026:06:03:09 +0800] "GET /api/latest-version?platform=2 HTTP/1.1" 200 152 "https://www.shudaxia.com/news/shu-biao-zi-dong-dian-ji-qi-guan-fang-xia-zai-di-zhi.html" "YisouSpider"
111.6.230.232 - - [02/Feb/2026:06:03:09 +0800] "GET /video?_rsc=17hk7 HTTP/1.1" 308 21 "https://www.shudaxia.com/news/shu-biao-zi-dong-dian-ji-qi-guan-fang-xia-zai-di-zhi.html" "YisouSpider"
111.6.230.203 - - [02/Feb/2026:06:03:09 +0800] "GET /api/latest-version?platform=3 HTTP/1.1" 200 166 "https://www.shudaxia.com/news/shu-biao-zi-dong-dian-ji-qi-guan-fang-xia-zai-di-zhi.html" "YisouSpider"
111.6.230.192 - - [02/Feb/2026:06:03:09 +0800] "POST /api/articles/22/view HTTP/1.1" 200 1510 "https://www.shudaxia.com/news/shu-biao-zi-dong-dian-ji-qi-guan-fang-xia-zai-di-zhi.html" "YisouSpider"
111.6.230.181 - - [02/Feb/2026:06:03:09 +0800] "GET /?_rsc=17hk7 HTTP/1.1" 200 144 "https://www.shudaxia.com/news/shu-biao-zi-dong-dian-ji-qi-guan-fang-xia-zai-di-zhi.html" "YisouSpider"
111.6.230.164 - - [02/Feb/2026:06:03:09 +0800] "GET /api/latest-version?platform=2 HTTP/1.1" 200 152 "https://www.shudaxia.com/news/shu-biao-zi-dong-dian-ji-qi-guan-fang-xia-zai-di-zhi.html" "YisouSpider"
111.6.230.150 - - [02/Feb/2026:06:03:09 +0800] "GET /mouse-click-train?_rsc=18inx HTTP/1.1" 308 34 "https://www.shudaxia.com/news/shu-biao-zi-dong-dian-ji.html" "YisouSpider"
111.6.230.216 - - [02/Feb/2026:06:03:09 +0800] "GET /mobile.html HTTP/1.1" 200 2235 "https://www.shudaxia.com/news/shu-biao-zi-dong-dian-ji.html" "YisouSpider"
111.6.230.149 - - [02/Feb/2026:06:03:09 +0800] "GET /scriptdiy.html HTTP/1.1" 200 4609 "https://www.shudaxia.com/faq/usage/p1.html" "YisouSpider"
111.6.230.180 - - [02/Feb/2026:06:03:09 +0800] "GET /cpstest.html HTTP/1.1" 200 2346 "https://www.shudaxia.com/news/shu-biao-zi-dong-dian-ji.html" "YisouSpider"
111.6.230.185 - - [02/Feb/2026:06:03:09 +0800] "GET /mouse-keyboard-test?_rsc=17hk7 HTTP/1.1" 308 36 "https://www.shudaxia.com/news/shu-biao-zi-dong-dian-ji-qi-guan-fang-xia-zai-di-zhi.html" "YisouSpider"
111.6.230.198 - - [02/Feb/2026:06:03:09 +0800] "GET /scriptdiy?_rsc=18inx HTTP/1.1" 308 25 "https://www.shudaxia.com/news/shu-biao-zi-dong-dian-ji.html" "YisouSpider"
111.6.230.205 - - [02/Feb/2026:06:03:09 +0800] "GET /feedback.html HTTP/1.1" 200 2302 "https://www.shudaxia.com/faq/usage/p1.html" "YisouSpider"
111.6.230.210 - - [02/Feb/2026:06:03:09 +0800] "GET /video.html HTTP/1.1" 200 3514 "https://www.shudaxia.com/news/shu-biao-zi-dong-dian-ji-qi-guan-fang-xia-zai-di-zhi.html" "YisouSpider"
111.6.230.203 - - [02/Feb/2026:06:03:09 +0800] "GET /api/auth/session HTTP/1.1" 200 35 "https://www.shudaxia.com/news/shu-biao-zi-dong-dian-ji-qi-guan-fang-xia-zai-di-zhi.html" "YisouSpider"
111.6.230.216 - - [02/Feb/2026:06:03:09 +0800] "GET /mobile.html HTTP/1.1" 200 2235 "https://www.shudaxia.com/news/shu-biao-zi-dong-dian-ji-qi-guan-fang-xia-zai-di-zhi.html" "YisouSpider"
111.6.230.150 - - [02/Feb/2026:06:03:09 +0800] "GET /feedback?_rsc=18inx HTTP/1.1" 308 24 "https://www.shudaxia.com/news/shu-biao-zi-dong-dian-ji.html" "YisouSpider"
111.6.230.227 - - [02/Feb/2026:06:03:09 +0800] "GET /doc/quickstart/p1?_rsc=18inx HTTP/1.1" 308 34 "https://www.shudaxia.com/news/shu-biao-zi-dong-dian-ji.html" "YisouSpider"
111.6.230.209 - - [02/Feb/2026:06:03:09 +0800] "GET /doc/practice/p1?_rsc=19bfx HTTP/1.1" 308 32 "https://www.shudaxia.com/faq/usage/p1.html" "YisouSpider"
111.6.230.213 - - [02/Feb/2026:06:03:09 +0800] "GET /doc/p1.html HTTP/1.1" 200 168 "https://www.shudaxia.com/news/shu-biao-zi-dong-dian-ji-qi-guan-fang-xia-zai-di-zhi.html" "YisouSpider"
111.6.230.170 - - [02/Feb/2026:06:03:09 +0800] "GET /cpstest?_rsc=17hk7 HTTP/1.1" 308 23 "https://www.shudaxia.com/news/shu-biao-zi-dong-dian-ji-qi-guan-fang-xia-zai-di-zhi.html" "YisouSpider"
111.6.230.149 - - [02/Feb/2026:06:03:09 +0800] "GET /scriptdiy.html HTTP/1.1" 200 4609 "https://www.shudaxia.com/news/shu-biao-zi-dong-dian-ji.html" "YisouSpider"
111.6.230.156 - - [02/Feb/2026:06:03:09 +0800] "GET /mouse-click-train.html HTTP/1.1" 200 2718 "https://www.shudaxia.com/news/shu-biao-zi-dong-dian-ji.html" "YisouSpider"
111.6.230.221 - - [02/Feb/2026:06:03:09 +0800] "GET /doc/advanced/p1?_rsc=19bfx HTTP/1.1" 308 32 "https://www.shudaxia.com/faq/usage/p1.html" "YisouSpider"
111.6.230.205 - - [02/Feb/2026:06:03:09 +0800] "GET /mouse-keyboard-test.html HTTP/1.1" 200 2414 "https://www.shudaxia.com/news/shu-biao-zi-dong-dian-ji-qi-guan-fang-xia-zai-di-zhi.html" "YisouSpider"
111.6.230.170 - - [02/Feb/2026:06:03:09 +0800] "GET /doc/quickstart/p1.html HTTP/1.1" 200 177 "https://www.shudaxia.com/news/shu-biao-zi-dong-dian-ji.html" "YisouSpider"
111.6.230.177 - - [02/Feb/2026:06:03:09 +0800] "GET /doc/practice/p1.html HTTP/1.1" 200 176 "https://www.shudaxia.com/faq/usage/p1.html" "YisouSpider"
111.6.230.205 - - [02/Feb/2026:06:03:09 +0800] "GET /feedback.html HTTP/1.1" 200 2302 "https://www.shudaxia.com/news/shu-biao-zi-dong-dian-ji.html" "YisouSpider"
111.6.230.187 - - [02/Feb/2026:06:03:09 +0800] "GET /mouse-click-train?_rsc=17hk7 HTTP/1.1" 308 34 "https://www.shudaxia.com/news/shu-biao-zi-dong-dian-ji-qi-guan-fang-xia-zai-di-zhi.html" "YisouSpider"
111.6.230.171 - - [02/Feb/2026:06:03:09 +0800] "GET /doc/advanced/p1?_rsc=18inx HTTP/1.1" 308 32 "https://www.shudaxia.com/news/shu-biao-zi-dong-dian-ji.html" "YisouSpider"
111.6.230.180 - - [02/Feb/2026:06:03:09 +0800] "GET /cpstest.html HTTP/1.1" 200 2346 "https://www.shudaxia.com/news/shu-biao-zi-dong-dian-ji-qi-guan-fang-xia-zai-di-zhi.html" "YisouSpider"
111.6.230.155 - - [02/Feb/2026:06:03:09 +0800] "GET /doc/advanced/p1.html HTTP/1.1" 200 175 "https://www.shudaxia.com/faq/usage/p1.html" "YisouSpider"
111.6.230.170 - - [02/Feb/2026:06:03:09 +0800] "GET /doc/practice/p1?_rsc=18inx HTTP/1.1" 308 32 "https://www.shudaxia.com/news/shu-biao-zi-dong-dian-ji.html" "YisouSpider"
111.6.230.217 - - [02/Feb/2026:06:03:09 +0800] "GET /scriptdiy?_rsc=17hk7 HTTP/1.1" 308 25 "https://www.shudaxia.com/news/shu-biao-zi-dong-dian-ji-qi-guan-fang-xia-zai-di-zhi.html" "YisouSpider"
111.6.230.205 - - [02/Feb/2026:06:03:09 +0800] "GET /news/p1?_rsc=19bfx HTTP/1.1" 308 23 "https://www.shudaxia.com/faq/usage/p1.html" "YisouSpider"
111.6.230.199 - - [02/Feb/2026:06:03:09 +0800] "GET /feedback?_rsc=17hk7 HTTP/1.1" 308 24 "https://www.shudaxia.com/news/shu-biao-zi-dong-dian-ji-qi-guan-fang-xia-zai-di-zhi.html" "YisouSpider"
111.6.230.155 - - [02/Feb/2026:06:03:09 +0800] "GET /doc/advanced/p1.html HTTP/1.1" 200 175 "https://www.shudaxia.com/news/shu-biao-zi-dong-dian-ji.html" "YisouSpider"
111.6.230.160 - - [02/Feb/2026:06:03:09 +0800] "GET /news/p1?_rsc=18inx HTTP/1.1" 308 23 "https://www.shudaxia.com/news/shu-biao-zi-dong-dian-ji.html" "YisouSpider"
111.6.230.211 - - [02/Feb/2026:06:03:09 +0800] "GET /news/tools/p1?_rsc=19bfx HTTP/1.1" 308 30 "https://www.shudaxia.com/faq/usage/p1.html" "YisouSpider"
111.6.230.161 - - [02/Feb/2026:06:03:09 +0800] "GET /news/tools/p1?_rsc=18inx HTTP/1.1" 308 30 "https://www.shudaxia.com/news/shu-biao-zi-dong-dian-ji.html" "YisouSpider"
111.6.230.158 - - [02/Feb/2026:06:03:09 +0800] "GET /news/p1.html HTTP/1.1" 200 168 "https://www.shudaxia.com/faq/usage/p1.html" "YisouSpider"
111.6.230.149 - - [02/Feb/2026:06:03:09 +0800] "GET /scriptdiy.html HTTP/1.1" 200 4609 "https://www.shudaxia.com/news/shu-biao-zi-dong-dian-ji-qi-guan-fang-xia-zai-di-zhi.html" "YisouSpider"
111.6.230.178 - - [02/Feb/2026:06:03:09 +0800] "GET /doc/quickstart/p1?_rsc=17hk7 HTTP/1.1" 308 34 "https://www.shudaxia.com/news/shu-biao-zi-dong-dian-ji-qi-guan-fang-xia-zai-di-zhi.html" "YisouSpider"
111.6.230.165 - - [02/Feb/2026:06:03:09 +0800] "GET /news/tutorial/p1?_rsc=18inx HTTP/1.1" 308 33 "https://www.shudaxia.com/news/shu-biao-zi-dong-dian-ji.html" "YisouSpider"
111.6.230.177 - - [02/Feb/2026:06:03:09 +0800] "GET /doc/practice/p1.html HTTP/1.1" 200 176 "https://www.shudaxia.com/news/shu-biao-zi-dong-dian-ji.html" "YisouSpider"
111.6.230.156 - - [02/Feb/2026:06:03:09 +0800] "GET /mouse-click-train.html HTTP/1.1" 200 2718 "https://www.shudaxia.com/news/shu-biao-zi-dong-dian-ji-qi-guan-fang-xia-zai-di-zhi.html" "YisouSpider"
111.6.230.231 - - [02/Feb/2026:06:03:09 +0800] "GET /doc/practice/p1?_rsc=17hk7 HTTP/1.1" 308 32 "https://www.shudaxia.com/news/shu-biao-zi-dong-dian-ji-qi-guan-fang-xia-zai-di-zhi.html" "YisouSpider"
111.6.230.158 - - [02/Feb/2026:06:03:09 +0800] "GET /news/p1.html HTTP/1.1" 200 168 "https://www.shudaxia.com/news/shu-biao-zi-dong-dian-ji.html" "YisouSpider"
111.6.230.205 - - [02/Feb/2026:06:03:09 +0800] "GET /feedback.html HTTP/1.1" 200 2302 "https://www.shudaxia.com/news/shu-biao-zi-dong-dian-ji-qi-guan-fang-xia-zai-di-zhi.html" "YisouSpider"
111.6.230.223 - - [02/Feb/2026:06:03:09 +0800] "GET /news/tools/p1.html HTTP/1.1" 200 174 "https://www.shudaxia.com/faq/usage/p1.html" "YisouSpider"
111.6.230.165 - - [02/Feb/2026:06:03:09 +0800] "GET /news/tutorial/p1?_rsc=19bfx HTTP/1.1" 308 33 "https://www.shudaxia.com/faq/usage/p1.html" "YisouSpider"
111.6.230.153 - - [02/Feb/2026:06:03:10 +0800] "GET /news/version/p1?_rsc=18inx HTTP/1.1" 308 32 "https://www.shudaxia.com/news/shu-biao-zi-dong-dian-ji.html" "YisouSpider"
111.6.230.223 - - [02/Feb/2026:06:03:10 +0800] "GET /news/tools/p1.html HTTP/1.1" 200 174 "https://www.shudaxia.com/news/shu-biao-zi-dong-dian-ji.html" "YisouSpider"
111.6.230.183 - - [02/Feb/2026:06:03:10 +0800] "GET /doc/advanced/p1?_rsc=17hk7 HTTP/1.1" 308 32 "https://www.shudaxia.com/news/shu-biao-zi-dong-dian-ji-qi-guan-fang-xia-zai-di-zhi.html" "YisouSpider"
111.6.230.177 - - [02/Feb/2026:06:03:10 +0800] "GET /doc/practice/p1.html HTTP/1.1" 200 176 "https://www.shudaxia.com/news/shu-biao-zi-dong-dian-ji-qi-guan-fang-xia-zai-di-zhi.html" "YisouSpider"
111.6.230.170 - - [02/Feb/2026:06:03:10 +0800] "GET /doc/quickstart/p1.html HTTP/1.1" 200 177 "https://www.shudaxia.com/news/shu-biao-zi-dong-dian-ji-qi-guan-fang-xia-zai-di-zhi.html" "YisouSpider"
111.6.230.207 - - [02/Feb/2026:06:03:10 +0800] "GET /news/tutorial/p1.html HTTP/1.1" 200 176 "https://www.shudaxia.com/news/shu-biao-zi-dong-dian-ji.html" "YisouSpider"
111.6.230.197 - - [02/Feb/2026:06:03:10 +0800] "GET /faq/p1?_rsc=18inx HTTP/1.1" 308 22 "https://www.shudaxia.com/news/shu-biao-zi-dong-dian-ji.html" "YisouSpider"
111.6.230.187 - - [02/Feb/2026:06:03:10 +0800] "GET /news/version/p1?_rsc=19bfx HTTP/1.1" 308 32 "https://www.shudaxia.com/faq/usage/p1.html" "YisouSpider"
111.6.230.150 - - [02/Feb/2026:06:03:10 +0800] "GET /news/tools/p1?_rsc=17hk7 HTTP/1.1" 308 30 "https://www.shudaxia.com/news/shu-biao-zi-dong-dian-ji-qi-guan-fang-xia-zai-di-zhi.html" "YisouSpider"
111.6.230.230 - - [02/Feb/2026:06:03:10 +0800] "GET /news/p1?_rsc=17hk7 HTTP/1.1" 308 23 "https://www.shudaxia.com/news/shu-biao-zi-dong-dian-ji-qi-guan-fang-xia-zai-di-zhi.html" "YisouSpider"
111.6.230.178 - - [02/Feb/2026:06:03:10 +0800] "GET /news/version/p1.html HTTP/1.1" 200 176 "https://www.shudaxia.com/news/shu-biao-zi-dong-dian-ji.html" "YisouSpider"
111.6.230.207 - - [02/Feb/2026:06:03:10 +0800] "GET /news/tutorial/p1.html HTTP/1.1" 200 176 "https://www.shudaxia.com/faq/usage/p1.html" "YisouSpider"
111.6.230.209 - - [02/Feb/2026:06:03:10 +0800] "GET /faq/version/p1?_rsc=18inx HTTP/1.1" 308 31 "https://www.shudaxia.com/news/shu-biao-zi-dong-dian-ji.html" "YisouSpider"
111.6.230.209 - - [02/Feb/2026:06:03:10 +0800] "GET /faq/troubleshooting/p1?_rsc=18inx HTTP/1.1" 308 39 "https://www.shudaxia.com/news/shu-biao-zi-dong-dian-ji.html" "YisouSpider"
111.6.230.171 - - [02/Feb/2026:06:03:10 +0800] "GET /faq/p1?_rsc=19bfx HTTP/1.1" 308 22 "https://www.shudaxia.com/faq/usage/p1.html" "YisouSpider"
111.6.230.219 - - [02/Feb/2026:06:03:10 +0800] "GET /news/tutorial/p1?_rsc=17hk7 HTTP/1.1" 308 33 "https://www.shudaxia.com/news/shu-biao-zi-dong-dian-ji-qi-guan-fang-xia-zai-di-zhi.html" "YisouSpider"
111.6.230.173 - - [02/Feb/2026:06:03:10 +0800] "GET /news/version/p1?_rsc=17hk7 HTTP/1.1" 308 32 "https://www.shudaxia.com/news/shu-biao-zi-dong-dian-ji-qi-guan-fang-xia-zai-di-zhi.html" "YisouSpider"
111.6.230.155 - - [02/Feb/2026:06:03:10 +0800] "GET /faq/p1.html HTTP/1.1" 200 168 "https://www.shudaxia.com/news/shu-biao-zi-dong-dian-ji.html" "YisouSpider"
111.6.230.157 - - [02/Feb/2026:06:03:10 +0800] "GET /faq/version/p1.html HTTP/1.1" 200 175 "https://www.shudaxia.com/news/shu-biao-zi-dong-dian-ji.html" "YisouSpider"
111.6.230.158 - - [02/Feb/2026:06:03:10 +0800] "GET /news/p1.html HTTP/1.1" 200 163 "https://www.shudaxia.com/news/shu-biao-zi-dong-dian-ji-qi-guan-fang-xia-zai-di-zhi.html" "YisouSpider"
111.6.230.223 - - [02/Feb/2026:06:03:10 +0800] "GET /news/tools/p1.html HTTP/1.1" 200 174 "https://www.shudaxia.com/news/shu-biao-zi-dong-dian-ji-qi-guan-fang-xia-zai-di-zhi.html" "YisouSpider"
111.6.230.178 - - [02/Feb/2026:06:03:10 +0800] "GET /news/version/p1.html HTTP/1.1" 200 176 "https://www.shudaxia.com/faq/usage/p1.html" "YisouSpider"
111.6.230.172 - - [02/Feb/2026:06:03:10 +0800] "GET /faq/usage/p1?_rsc=18inx HTTP/1.1" 308 29 "https://www.shudaxia.com/news/shu-biao-zi-dong-dian-ji.html" "YisouSpider"
111.6.230.178 - - [02/Feb/2026:06:03:10 +0800] "GET /faq/troubleshooting/p1.html HTTP/1.1" 200 181 "https://www.shudaxia.com/news/shu-biao-zi-dong-dian-ji.html" "YisouSpider"
111.6.230.194 - - [02/Feb/2026:06:03:10 +0800] "GET /news?_rsc=18inx HTTP/1.1" 308 20 "https://www.shudaxia.com/news/shu-biao-zi-dong-dian-ji.html" "YisouSpider"
111.6.230.155 - - [02/Feb/2026:06:03:10 +0800] "GET /faq/p1.html HTTP/1.1" 200 168 "https://www.shudaxia.com/faq/usage/p1.html" "YisouSpider"
111.6.230.207 - - [02/Feb/2026:06:03:10 +0800] "GET /news/tutorial/p1.html HTTP/1.1" 200 176 "https://www.shudaxia.com/news/shu-biao-zi-dong-dian-ji-qi-guan-fang-xia-zai-di-zhi.html" "YisouSpider"
111.6.230.215 - - [02/Feb/2026:06:03:10 +0800] "GET /faq/usage/p1.html HTTP/1.1" 200 173 "https://www.shudaxia.com/news/shu-biao-zi-dong-dian-ji.html" "YisouSpider"
111.6.230.178 - - [02/Feb/2026:06:03:10 +0800] "GET /news/version/p1.html HTTP/1.1" 200 176 "https://www.shudaxia.com/news/shu-biao-zi-dong-dian-ji-qi-guan-fang-xia-zai-di-zhi.html" "YisouSpider"
111.6.230.196 - - [02/Feb/2026:06:03:10 +0800] "GET /faq/version/p1?_rsc=19bfx HTTP/1.1" 308 31 "https://www.shudaxia.com/faq/usage/p1.html" "YisouSpider"
111.6.230.212 - - [02/Feb/2026:06:03:10 +0800] "GET /faq/p1?_rsc=17hk7 HTTP/1.1" 308 22 "https://www.shudaxia.com/news/shu-biao-zi-dong-dian-ji-qi-guan-fang-xia-zai-di-zhi.html" "YisouSpider"
111.6.230.224 - - [02/Feb/2026:06:03:10 +0800] "GET /faq/troubleshooting/p1?_rsc=19bfx HTTP/1.1" 308 39 "https://www.shudaxia.com/faq/usage/p1.html" "YisouSpider"
111.6.230.181 - - [02/Feb/2026:06:03:10 +0800] "GET /faq/version/p1?_rsc=17hk7 HTTP/1.1" 308 31 "https://www.shudaxia.com/news/shu-biao-zi-dong-dian-ji-qi-guan-fang-xia-zai-di-zhi.html" "YisouSpider"
111.6.230.155 - - [02/Feb/2026:06:03:10 +0800] "GET /faq/troubleshooting/p1?_rsc=17hk7 HTTP/1.1" 308 39 "https://www.shudaxia.com/news/shu-biao-zi-dong-dian-ji-qi-guan-fang-xia-zai-di-zhi.html" "YisouSpider"
111.6.230.230 - - [02/Feb/2026:06:03:10 +0800] "GET /news.html HTTP/1.1" 200 165 "https://www.shudaxia.com/news/shu-biao-zi-dong-dian-ji.html" "YisouSpider"
111.6.230.157 - - [02/Feb/2026:06:03:10 +0800] "GET /faq/version/p1.html HTTP/1.1" 200 175 "https://www.shudaxia.com/faq/usage/p1.html" "YisouSpider"
111.6.230.178 - - [02/Feb/2026:06:03:10 +0800] "GET /faq/troubleshooting/p1.html HTTP/1.1" 200 181 "https://www.shudaxia.com/faq/usage/p1.html" "YisouSpider"
111.6.230.193 - - [02/Feb/2026:06:03:10 +0800] "GET /faq/usage/p1?_rsc=17hk7 HTTP/1.1" 308 29 "https://www.shudaxia.com/news/shu-biao-zi-dong-dian-ji-qi-guan-fang-xia-zai-di-zhi.html" "YisouSpider"
111.6.230.155 - - [02/Feb/2026:06:03:10 +0800] "GET /faq/p1.html HTTP/1.1" 200 168 "https://www.shudaxia.com/news/shu-biao-zi-dong-dian-ji-qi-guan-fang-xia-zai-di-zhi.html" "YisouSpider"
111.6.230.178 - - [02/Feb/2026:06:03:10 +0800] "GET /faq/troubleshooting/p1.html HTTP/1.1" 200 181 "https://www.shudaxia.com/news/shu-biao-zi-dong-dian-ji-qi-guan-fang-xia-zai-di-zhi.html" "YisouSpider"
111.6.230.157 - - [02/Feb/2026:06:03:10 +0800] "GET /faq/version/p1.html HTTP/1.1" 200 175 "https://www.shudaxia.com/news/shu-biao-zi-dong-dian-ji-qi-guan-fang-xia-zai-di-zhi.html" "YisouSpider"
111.6.230.182 - - [02/Feb/2026:06:03:10 +0800] "GET /faq/usage/p1?_rsc=19bfx HTTP/1.1" 308 29 "https://www.shudaxia.com/faq/usage/p1.html" "YisouSpider"
111.6.230.177 - - [02/Feb/2026:06:03:10 +0800] "GET /faq/kuai-su-dian-ji-qi?_rsc=19bfx HTTP/1.1" 308 39 "https://www.shudaxia.com/faq/usage/p1.html" "YisouSpider"
111.6.230.215 - - [02/Feb/2026:06:03:10 +0800] "GET /faq/usage/p1.html HTTP/1.1" 200 173 "https://www.shudaxia.com/news/shu-biao-zi-dong-dian-ji-qi-guan-fang-xia-zai-di-zhi.html" "YisouSpider"
111.6.230.149 - - [02/Feb/2026:06:03:10 +0800] "GET /news?_rsc=17hk7 HTTP/1.1" 308 20 "https://www.shudaxia.com/news/shu-biao-zi-dong-dian-ji-qi-guan-fang-xia-zai-di-zhi.html" "YisouSpider"
111.6.230.176 - - [02/Feb/2026:06:03:11 +0800] "GET /faq/kuai-su-dian-ji-qi.html HTTP/1.1" 200 180 "https://www.shudaxia.com/faq/usage/p1.html" "YisouSpider"
111.6.230.215 - - [02/Feb/2026:06:03:11 +0800] "GET /faq/usage/p1.html HTTP/1.1" 200 168 "https://www.shudaxia.com/faq/usage/p1.html" "YisouSpider"
111.6.230.184 - - [02/Feb/2026:06:03:11 +0800] "GET /news/shudaxia-guan-wang-mian-fei-ban-te-se-jian-jie?_rsc=17hk7 HTTP/1.1" 308 68 "https://www.shudaxia.com/news/shu-biao-zi-dong-dian-ji-qi-guan-fang-xia-zai-di-zhi.html" "YisouSpider"
111.6.230.159 - - [02/Feb/2026:06:03:11 +0800] "GET /news/shu-biao-lian-dian-qi-xu-yao-ji-huo-ma-ma?_rsc=17hk7 HTTP/1.1" 308 63 "https://www.shudaxia.com/news/shu-biao-zi-dong-dian-ji-qi-guan-fang-xia-zai-di-zhi.html" "YisouSpider"
111.6.230.230 - - [02/Feb/2026:06:03:11 +0800] "GET /news.html HTTP/1.1" 200 165 "https://www.shudaxia.com/news/shu-biao-zi-dong-dian-ji-qi-guan-fang-xia-zai-di-zhi.html" "YisouSpider"
111.6.230.178 - - [02/Feb/2026:06:03:11 +0800] "GET /faq/shezhi-shubiao-liandianqi-xunhuan-dianji?_rsc=19bfx HTTP/1.1" 308 61 "https://www.shudaxia.com/faq/usage/p1.html" "YisouSpider"
111.6.230.209 - - [02/Feb/2026:06:03:11 +0800] "GET /news/shu-biao-lian-dian-qi-dou-you-na-xie-gong-neng?_rsc=17hk7 HTTP/1.1" 308 68 "https://www.shudaxia.com/news/shu-biao-zi-dong-dian-ji-qi-guan-fang-xia-zai-di-zhi.html" "YisouSpider"
111.6.230.167 - - [02/Feb/2026:06:03:11 +0800] "GET /news/shudaxia-guan-wang-mian-fei-ban-te-se-jian-jie.html HTTP/1.1" 200 200 "https://www.shudaxia.com/news/shu-biao-zi-dong-dian-ji-qi-guan-fang-xia-zai-di-zhi.html" "YisouSpider"
111.6.230.232 - - [02/Feb/2026:06:03:11 +0800] "GET /faq/houtaidianji?_rsc=19bfx HTTP/1.1" 308 33 "https://www.shudaxia.com/faq/usage/p1.html" "YisouSpider"
111.6.230.231 - - [02/Feb/2026:06:03:11 +0800] "GET /faq/shezhi-shubiao-liandianqi-xunhuan-dianji.html HTTP/1.1" 200 196 "https://www.shudaxia.com/faq/usage/p1.html" "YisouSpider"
111.6.230.212 - - [02/Feb/2026:06:03:11 +0800] "GET /news/shu-biao-lian-dian-qi-dou-you-na-xie-gong-neng.html HTTP/1.1" 200 203 "https://www.shudaxia.com/news/shu-biao-zi-dong-dian-ji-qi-guan-fang-xia-zai-di-zhi.html" "YisouSpider"
111.6.230.156 - - [02/Feb/2026:06:03:11 +0800] "GET /news/shu-biao-lian-dian-qi-de-ying-yong-fan-wei?_rsc=17hk7 HTTP/1.1" 308 64 "https://www.shudaxia.com/news/shu-biao-zi-dong-dian-ji-qi-guan-fang-xia-zai-di-zhi.html" "YisouSpider"
111.6.230.199 - - [02/Feb/2026:06:03:11 +0800] "GET /faq/houtaidianji.html HTTP/1.1" 200 176 "https://www.shudaxia.com/faq/usage/p1.html" "YisouSpider"
111.6.230.227 - - [02/Feb/2026:06:03:11 +0800] "GET /faq/zhaotu?_rsc=19bfx HTTP/1.1" 308 27 "https://www.shudaxia.com/faq/usage/p1.html" "YisouSpider"
111.6.230.226 - - [02/Feb/2026:06:03:11 +0800] "GET /faq/shubiaohong?_rsc=19bfx HTTP/1.1" 308 32 "https://www.shudaxia.com/faq/usage/p1.html" "YisouSpider"
111.6.230.176 - - [02/Feb/2026:06:03:11 +0800] "GET /news/shu-biao-lian-dian-qi-de-ying-yong-fan-wei.html HTTP/1.1" 200 198 "https://www.shudaxia.com/news/shu-biao-zi-dong-dian-ji-qi-guan-fang-xia-zai-di-zhi.html" "YisouSpider"
111.6.230.229 - - [02/Feb/2026:06:03:11 +0800] "GET /faq/zhaotu.html HTTP/1.1" 200 171 "https://www.shudaxia.com/faq/usage/p1.html" "YisouSpider"
111.6.230.170 - - [02/Feb/2026:06:03:11 +0800] "GET /faq/shubiaohong.html HTTP/1.1" 200 175 "https://www.shudaxia.com/faq/usage/p1.html" "YisouSpider"
111.6.230.217 - - [02/Feb/2026:06:03:11 +0800] "GET /faq/change-startup-hotkey?_rsc=19bfx HTTP/1.1" 308 42 "https://www.shudaxia.com/faq/usage/p1.html" "YisouSpider"
111.6.230.216 - - [02/Feb/2026:06:03:11 +0800] "GET /faq/change-startup-hotkey.html HTTP/1.1" 200 183 "https://www.shudaxia.com/faq/usage/p1.html" "YisouSpider"
111.6.230.170 - - [02/Feb/2026:06:03:12 +0800] "GET /faq/shudaxia-are-not-tag-on-service?_rsc=19bfx HTTP/1.1" 308 52 "https://www.shudaxia.com/faq/usage/p1.html" "YisouSpider"
111.6.230.205 - - [02/Feb/2026:06:03:12 +0800] "GET /faq/shudaxia-are-not-tag-on-service.html HTTP/1.1" 200 190 "https://www.shudaxia.com/faq/usage/p1.html" "YisouSpider"
111.6.230.156 - - [02/Feb/2026:06:11:41 +0800] "GET /news/shu-biao-zi-dong-dian-ji-qi-guan-fang-mian-fei-ban.html HTTP/1.1" 200 16901 "-" "Mozilla/5.0 (compatible; Baiduspider/2.0; +http://www.baidu.com/search/spider.html)"
111.6.230.165 - - [02/Feb/2026:06:11:43 +0800] "GET /api/footer-links HTTP/1.1" 200 535 "https://www.shudaxia.com/news/shu-biao-zi-dong-dian-ji-qi-guan-fang-mian-fei-ban.html" "Mozilla/5.0 (compatible; Baiduspider-render/2.0; +http://www.baidu.com/search/spider.html)"
111.6.230.203 - - [02/Feb/2026:06:11:43 +0800] "GET /api/auth/session HTTP/1.1" 200 35 "https://www.shudaxia.com/news/shu-biao-zi-dong-dian-ji-qi-guan-fang-mian-fei-ban.html" "Mozilla/5.0 (compatible; Baiduspider-render/2.0; +http://www.baidu.com/search/spider.html)"
111.6.230.164 - - [02/Feb/2026:06:11:43 +0800] "GET /api/latest-version?platform=2 HTTP/1.1" 200 152 "https://www.shudaxia.com/news/shu-biao-zi-dong-dian-ji-qi-guan-fang-mian-fei-ban.html" "Mozilla/5.0 (compatible; Baiduspider-render/2.0; +http://www.baidu.com/search/spider.html)"
111.6.230.203 - - [02/Feb/2026:06:11:43 +0800] "POST /api/articles/27/view HTTP/1.1" 200 1581 "https://www.shudaxia.com/news/shu-biao-zi-dong-dian-ji-qi-guan-fang-mian-fei-ban.html" "Mozilla/5.0 (compatible; Baiduspider-render/2.0; +http://www.baidu.com/search/spider.html)"
111.6.230.164 - - [02/Feb/2026:06:11:43 +0800] "GET /api/latest-version?platform=2 HTTP/1.1" 200 152 "https://www.shudaxia.com/news/shu-biao-zi-dong-dian-ji-qi-guan-fang-mian-fei-ban.html" "Mozilla/5.0 (compatible; Baiduspider-render/2.0; +http://www.baidu.com/search/spider.html)"
111.6.230.203 - - [02/Feb/2026:06:11:43 +0800] "GET /api/latest-version?platform=3 HTTP/1.1" 200 166 "https://www.shudaxia.com/news/shu-biao-zi-dong-dian-ji-qi-guan-fang-mian-fei-ban.html" "Mozilla/5.0 (compatible; Baiduspider-render/2.0; +http://www.baidu.com/search/spider.html)"
111.6.230.203 - - [02/Feb/2026:06:11:43 +0800] "GET /api/latest-version?platform=3 HTTP/1.1" 200 166 "https://www.shudaxia.com/news/shu-biao-zi-dong-dian-ji-qi-guan-fang-mian-fei-ban.html" "Mozilla/5.0 (compatible; Baiduspider-render/2.0; +http://www.baidu.com/search/spider.html)"
111.6.230.203 - - [02/Feb/2026:06:11:44 +0800] "GET /api/auth/session HTTP/1.1" 200 35 "https://www.shudaxia.com/news/shu-biao-zi-dong-dian-ji-qi-guan-fang-mian-fei-ban.html" "Mozilla/5.0 (compatible; Baiduspider-render/2.0; +http://www.baidu.com/search/spider.html)"
180.97.210.176 - - [02/Feb/2026:06:20:03 +0800] "GET /index.html HTTP/1.1" 301 162 "-" "Mozilla/5.0 (Windows NT 10.0; Win64; x64) AppleWebKit/537.36 (KHTML, like Gecko) Chrome/140.0.0.0 Safari/537.36 Edg/140.0.0.0; 360Spider"
180.97.210.223 - - [02/Feb/2026:06:20:03 +0800] "GET / HTTP/1.1" 200 24451 "-" "Mozilla/5.0 (Windows NT 10.0; Win64; x64) AppleWebKit/537.36 (KHTML, like Gecko) Chrome/140.0.0.0 Safari/537.36 Edg/140.0.0.0; 360Spider"
180.97.210.176 - - [02/Feb/2026:06:20:51 +0800] "GET /index.html HTTP/1.1" 301 162 "-" "Mozilla/5.0 (Windows NT 10.0; Win64; x64) AppleWebKit/537.36 (KHTML, like Gecko) Chrome/140.0.0.0 Safari/537.36 Edg/140.0.0.0; 360Spider"
180.97.210.223 - - [02/Feb/2026:06:20:51 +0800] "GET / HTTP/1.1" 200 24624 "-" "Mozilla/5.0 (Windows NT 10.0; Win64; x64) AppleWebKit/537.36 (KHTML, like Gecko) Chrome/140.0.0.0 Safari/537.36 Edg/140.0.0.0; 360Spider"
180.97.210.164 - - [02/Feb/2026:06:20:53 +0800] "GET /api/latest-version?platform=2 HTTP/1.1" 200 152 "https://www.shudaxia.com/" "Mozilla/5.0 (Windows NT 10.0; Win64; x64) AppleWebKit/537.36 (KHTML, like Gecko) Chrome/140.0.0.0 Safari/537.36 Edg/140.0.0.0; 360Spider"
180.97.210.194 - - [02/Feb/2026:06:20:53 +0800] "GET /api/latest-version?platform=3 HTTP/1.1" 200 166 "https://www.shudaxia.com/" "Mozilla/5.0 (Windows NT 10.0; Win64; x64) AppleWebKit/537.36 (KHTML, like Gecko) Chrome/140.0.0.0 Safari/537.36 Edg/140.0.0.0; 360Spider"
180.97.210.164 - - [02/Feb/2026:06:20:53 +0800] "GET /api/latest-version?platform=2 HTTP/1.1" 200 152 "https://www.shudaxia.com/" "Mozilla/5.0 (Windows NT 10.0; Win64; x64) AppleWebKit/537.36 (KHTML, like Gecko) Chrome/140.0.0.0 Safari/537.36 Edg/140.0.0.0; 360Spider"
180.97.210.192 - - [02/Feb/2026:06:20:53 +0800] "GET /api/auth/session HTTP/1.1" 200 35 "https://www.shudaxia.com/" "Mozilla/5.0 (Windows NT 10.0; Win64; x64) AppleWebKit/537.36 (KHTML, like Gecko) Chrome/140.0.0.0 Safari/537.36 Edg/140.0.0.0; 360Spider"
180.97.210.164 - - [02/Feb/2026:06:20:53 +0800] "GET /api/latest-version?platform=2 HTTP/1.1" 200 152 "https://www.shudaxia.com/" "Mozilla/5.0 (Windows NT 10.0; Win64; x64) AppleWebKit/537.36 (KHTML, like Gecko) Chrome/140.0.0.0 Safari/537.36 Edg/140.0.0.0; 360Spider"
180.97.210.176 - - [02/Feb/2026:06:20:53 +0800] "GET /mouse-keyboard-test?_rsc=qax64 HTTP/1.1" 308 36 "https://www.shudaxia.com/" "Mozilla/5.0 (Windows NT 10.0; Win64; x64) AppleWebKit/537.36 (KHTML, like Gecko) Chrome/140.0.0.0 Safari/537.36 Edg/140.0.0.0; 360Spider"
180.97.210.194 - - [02/Feb/2026:06:20:53 +0800] "GET /api/latest-version?platform=3 HTTP/1.1" 200 166 "https://www.shudaxia.com/" "Mozilla/5.0 (Windows NT 10.0; Win64; x64) AppleWebKit/537.36 (KHTML, like Gecko) Chrome/140.0.0.0 Safari/537.36 Edg/140.0.0.0; 360Spider"
180.97.210.151 - - [02/Feb/2026:06:20:53 +0800] "GET /doc/p1?_rsc=qax64 HTTP/1.1" 308 22 "https://www.shudaxia.com/" "Mozilla/5.0 (Windows NT 10.0; Win64; x64) AppleWebKit/537.36 (KHTML, like Gecko) Chrome/140.0.0.0 Safari/537.36 Edg/140.0.0.0; 360Spider"
180.97.210.194 - - [02/Feb/2026:06:20:53 +0800] "GET /api/latest-version?platform=3 HTTP/1.1" 200 166 "https://www.shudaxia.com/" "Mozilla/5.0 (Windows NT 10.0; Win64; x64) AppleWebKit/537.36 (KHTML, like Gecko) Chrome/140.0.0.0 Safari/537.36 Edg/140.0.0.0; 360Spider"
180.97.210.200 - - [02/Feb/2026:06:20:53 +0800] "GET /video?_rsc=qax64 HTTP/1.1" 308 21 "https://www.shudaxia.com/" "Mozilla/5.0 (Windows NT 10.0; Win64; x64) AppleWebKit/537.36 (KHTML, like Gecko) Chrome/140.0.0.0 Safari/537.36 Edg/140.0.0.0; 360Spider"
180.97.210.205 - - [02/Feb/2026:06:20:53 +0800] "GET /cpstest?_rsc=qax64 HTTP/1.1" 308 23 "https://www.shudaxia.com/" "Mozilla/5.0 (Windows NT 10.0; Win64; x64) AppleWebKit/537.36 (KHTML, like Gecko) Chrome/140.0.0.0 Safari/537.36 Edg/140.0.0.0; 360Spider"
180.97.210.149 - - [02/Feb/2026:06:20:53 +0800] "GET /mobile?_rsc=qax64 HTTP/1.1" 308 22 "https://www.shudaxia.com/" "Mozilla/5.0 (Windows NT 10.0; Win64; x64) AppleWebKit/537.36 (KHTML, like Gecko) Chrome/140.0.0.0 Safari/537.36 Edg/140.0.0.0; 360Spider"
180.97.210.161 - - [02/Feb/2026:06:20:53 +0800] "GET /api/footer-links HTTP/1.1" 200 535 "https://www.shudaxia.com/" "Mozilla/5.0 (Windows NT 10.0; Win64; x64) AppleWebKit/537.36 (KHTML, like Gecko) Chrome/140.0.0.0 Safari/537.36 Edg/140.0.0.0; 360Spider"
180.97.210.164 - - [02/Feb/2026:06:20:53 +0800] "GET /api/latest-version?platform=2 HTTP/1.1" 200 152 "https://www.shudaxia.com/" "Mozilla/5.0 (Windows NT 10.0; Win64; x64) AppleWebKit/537.36 (KHTML, like Gecko) Chrome/140.0.0.0 Safari/537.36 Edg/140.0.0.0; 360Spider"
180.97.210.194 - - [02/Feb/2026:06:20:53 +0800] "GET /api/latest-version?platform=3 HTTP/1.1" 200 166 "https://www.shudaxia.com/" "Mozilla/5.0 (Windows NT 10.0; Win64; x64) AppleWebKit/537.36 (KHTML, like Gecko) Chrome/140.0.0.0 Safari/537.36 Edg/140.0.0.0; 360Spider"
180.97.210.194 - - [02/Feb/2026:06:20:53 +0800] "GET /api/latest-version?platform=3 HTTP/1.1" 200 166 "https://www.shudaxia.com/" "Mozilla/5.0 (Windows NT 10.0; Win64; x64) AppleWebKit/537.36 (KHTML, like Gecko) Chrome/140.0.0.0 Safari/537.36 Edg/140.0.0.0; 360Spider"
180.97.210.192 - - [02/Feb/2026:06:20:53 +0800] "GET /api/auth/session HTTP/1.1" 200 35 "https://www.shudaxia.com/" "Mozilla/5.0 (Windows NT 10.0; Win64; x64) AppleWebKit/537.36 (KHTML, like Gecko) Chrome/140.0.0.0 Safari/537.36 Edg/140.0.0.0; 360Spider"
180.97.210.206 - - [02/Feb/2026:06:20:53 +0800] "GET /doc/p1.html HTTP/1.1" 200 168 "https://www.shudaxia.com/" "Mozilla/5.0 (Windows NT 10.0; Win64; x64) AppleWebKit/537.36 (KHTML, like Gecko) Chrome/140.0.0.0 Safari/537.36 Edg/140.0.0.0; 360Spider"
180.97.210.184 - - [02/Feb/2026:06:20:53 +0800] "GET /mouse-click-train?_rsc=qax64 HTTP/1.1" 308 34 "https://www.shudaxia.com/" "Mozilla/5.0 (Windows NT 10.0; Win64; x64) AppleWebKit/537.36 (KHTML, like Gecko) Chrome/140.0.0.0 Safari/537.36 Edg/140.0.0.0; 360Spider"
180.97.210.191 - - [02/Feb/2026:06:20:53 +0800] "GET /scriptdiy?_rsc=qax64 HTTP/1.1" 308 25 "https://www.shudaxia.com/" "Mozilla/5.0 (Windows NT 10.0; Win64; x64) AppleWebKit/537.36 (KHTML, like Gecko) Chrome/140.0.0.0 Safari/537.36 Edg/140.0.0.0; 360Spider"
180.97.210.171 - - [02/Feb/2026:06:20:53 +0800] "GET /feedback?_rsc=qax64 HTTP/1.1" 308 24 "https://www.shudaxia.com/" "Mozilla/5.0 (Windows NT 10.0; Win64; x64) AppleWebKit/537.36 (KHTML, like Gecko) Chrome/140.0.0.0 Safari/537.36 Edg/140.0.0.0; 360Spider"
111.6.230.156 - - [02/Feb/2026:06:50:46 +0800] "GET /news/shu-biao-zi-dong-dian-ji-qi-guan-fang-mian-fei-ban.html HTTP/1.1" 200 16903 "-" "Mozilla/5.0 (Linux;u;Android 4.2.2;zh-cn;) AppleWebKit/534.46 (KHTML,like Gecko) Version/5.1 Mobile Safari/10600.6.3 (compatible; Baiduspider/2.0; +http://www.baidu.com/search/spider.html)"
111.6.230.165 - - [02/Feb/2026:06:50:47 +0800] "GET /api/footer-links HTTP/1.1" 200 535 "https://www.shudaxia.com/news/shu-biao-zi-dong-dian-ji-qi-guan-fang-mian-fei-ban.html" "Mozilla/5.0 (iPhone; CPU iPhone OS 9_1 like Mac OS X) AppleWebKit/601.1.46 (KHTML, like Gecko) Version/9.0 Mobile/13B143 Safari/601.1 (compatible; Baiduspider-render/2.0; +http://www.baidu.com/search/spider.html)"
111.6.230.164 - - [02/Feb/2026:06:50:47 +0800] "GET /api/latest-version?platform=2 HTTP/1.1" 200 152 "https://www.shudaxia.com/news/shu-biao-zi-dong-dian-ji-qi-guan-fang-mian-fei-ban.html" "Mozilla/5.0 (iPhone; CPU iPhone OS 9_1 like Mac OS X) AppleWebKit/601.1.46 (KHTML, like Gecko) Version/9.0 Mobile/13B143 Safari/601.1 (compatible; Baiduspider-render/2.0; +http://www.baidu.com/search/spider.html)"
111.6.230.203 - - [02/Feb/2026:06:50:47 +0800] "GET /api/latest-version?platform=3 HTTP/1.1" 200 166 "https://www.shudaxia.com/news/shu-biao-zi-dong-dian-ji-qi-guan-fang-mian-fei-ban.html" "Mozilla/5.0 (iPhone; CPU iPhone OS 9_1 like Mac OS X) AppleWebKit/601.1.46 (KHTML, like Gecko) Version/9.0 Mobile/13B143 Safari/601.1 (compatible; Baiduspider-render/2.0; +http://www.baidu.com/search/spider.html)"
111.6.230.203 - - [02/Feb/2026:06:50:47 +0800] "GET /api/latest-version?platform=3 HTTP/1.1" 200 166 "https://www.shudaxia.com/news/shu-biao-zi-dong-dian-ji-qi-guan-fang-mian-fei-ban.html" "Mozilla/5.0 (iPhone; CPU iPhone OS 9_1 like Mac OS X) AppleWebKit/601.1.46 (KHTML, like Gecko) Version/9.0 Mobile/13B143 Safari/601.1 (compatible; Baiduspider-render/2.0; +http://www.baidu.com/search/spider.html)"
111.6.230.164 - - [02/Feb/2026:06:50:47 +0800] "GET /api/latest-version?platform=2 HTTP/1.1" 200 152 "https://www.shudaxia.com/news/shu-biao-zi-dong-dian-ji-qi-guan-fang-mian-fei-ban.html" "Mozilla/5.0 (iPhone; CPU iPhone OS 9_1 like Mac OS X) AppleWebKit/601.1.46 (KHTML, like Gecko) Version/9.0 Mobile/13B143 Safari/601.1 (compatible; Baiduspider-render/2.0; +http://www.baidu.com/search/spider.html)"
111.6.230.224 - - [02/Feb/2026:06:50:47 +0800] "POST /api/articles/27/view HTTP/1.1" 200 1581 "https://www.shudaxia.com/news/shu-biao-zi-dong-dian-ji-qi-guan-fang-mian-fei-ban.html" "Mozilla/5.0 (iPhone; CPU iPhone OS 9_1 like Mac OS X) AppleWebKit/601.1.46 (KHTML, like Gecko) Version/9.0 Mobile/13B143 Safari/601.1 (compatible; Baiduspider-render/2.0; +http://www.baidu.com/search/spider.html)"
111.6.230.203 - - [02/Feb/2026:06:50:47 +0800] "GET /api/auth/session HTTP/1.1" 200 35 "https://www.shudaxia.com/news/shu-biao-zi-dong-dian-ji-qi-guan-fang-mian-fei-ban.html" "Mozilla/5.0 (iPhone; CPU iPhone OS 9_1 like Mac OS X) AppleWebKit/601.1.46 (KHTML, like Gecko) Version/9.0 Mobile/13B143 Safari/601.1 (compatible; Baiduspider-render/2.0; +http://www.baidu.com/search/spider.html)"
111.6.230.203 - - [02/Feb/2026:06:50:47 +0800] "GET /api/auth/session HTTP/1.1" 200 35 "https://www.shudaxia.com/news/shu-biao-zi-dong-dian-ji-qi-guan-fang-mian-fei-ban.html" "Mozilla/5.0 (iPhone; CPU iPhone OS 9_1 like Mac OS X) AppleWebKit/601.1.46 (KHTML, like Gecko) Version/9.0 Mobile/13B143 Safari/601.1 (compatible; Baiduspider-render/2.0; +http://www.baidu.com/search/spider.html)"
111.6.230.215 - - [02/Feb/2026:06:52:08 +0800] "GET / HTTP/1.1" 200 24645 "-" "Mozilla/5.0 (Linux; Android 5.0) AppleWebKit/537.36 (KHTML, like Gecko) Mobile Safari/537.36 (compatible; Bytespider; https://zhanzhang.toutiao.com/)"
111.6.230.203 - - [02/Feb/2026:06:52:11 +0800] "GET /api/auth/session HTTP/1.1" 200 35 "https://www.shudaxia.com/" "Mozilla/5.0 (Linux; Android 5.0) AppleWebKit/537.36 (KHTML, like Gecko) Mobile Safari/537.36 (compatible; Bytespider; https://zhanzhang.toutiao.com/)"
111.6.230.203 - - [02/Feb/2026:06:52:11 +0800] "GET /api/latest-version?platform=3 HTTP/1.1" 200 166 "https://www.shudaxia.com/" "Mozilla/5.0 (Linux; Android 5.0) AppleWebKit/537.36 (KHTML, like Gecko) Mobile Safari/537.36 (compatible; Bytespider; https://zhanzhang.toutiao.com/)"
111.6.230.164 - - [02/Feb/2026:06:52:11 +0800] "GET /api/latest-version?platform=2 HTTP/1.1" 200 152 "https://www.shudaxia.com/" "Mozilla/5.0 (Linux; Android 5.0) AppleWebKit/537.36 (KHTML, like Gecko) Mobile Safari/537.36 (compatible; Bytespider; https://zhanzhang.toutiao.com/)"
