111.6.230.165 - - [29/Jan/2026:03:25:40 +0800] "GET /api/footer-links HTTP/1.1" 200 535 "https://www.shudaxia.com/" "Mozilla/5.0 (compatible; Baiduspider-render/2.0; +http://www.baidu.com/search/spider.html)"
111.6.230.203 - - [29/Jan/2026:03:25:40 +0800] "GET /api/auth/session HTTP/1.1" 200 35 "https://www.shudaxia.com/" "Mozilla/5.0 (compatible; Baiduspider-render/2.0; +http://www.baidu.com/search/spider.html)"
111.6.230.203 - - [29/Jan/2026:03:36:19 +0800] "GET /api/latest-version?platform=3 HTTP/1.1" 200 167 "https://www.shudaxia.com/cpstest.html" "Mozilla/5.0 (iPhone; CPU iPhone OS 9_1 like Mac OS X) AppleWebKit/601.1.46 (KHTML, like Gecko) Version/9.0 Mobile/13B143 Safari/601.1 (compatible; Baiduspider-render/2.0; +http://www.baidu.com/search/spider.html)"
111.6.230.165 - - [29/Jan/2026:03:36:19 +0800] "GET /api/footer-links HTTP/1.1" 200 535 "https://www.shudaxia.com/cpstest.html" "Mozilla/5.0 (iPhone; CPU iPhone OS 9_1 like Mac OS X) AppleWebKit/601.1.46 (KHTML, like Gecko) Version/9.0 Mobile/13B143 Safari/601.1 (compatible; Baiduspider-render/2.0; +http://www.baidu.com/search/spider.html)"
111.6.230.203 - - [29/Jan/2026:03:36:19 +0800] "GET /api/auth/session HTTP/1.1" 200 35 "https://www.shudaxia.com/cpstest.html" "Mozilla/5.0 (iPhone; CPU iPhone OS 9_1 like Mac OS X) AppleWebKit/601.1.46 (KHTML, like Gecko) Version/9.0 Mobile/13B143 Safari/601.1 (compatible; Baiduspider-render/2.0; +http://www.baidu.com/search/spider.html)"
111.6.230.164 - - [29/Jan/2026:03:36:19 +0800] "GET /api/latest-version?platform=2 HTTP/1.1" 200 152 "https://www.shudaxia.com/cpstest.html" "Mozilla/5.0 (iPhone; CPU iPhone OS 9_1 like Mac OS X) AppleWebKit/601.1.46 (KHTML, like Gecko) Version/9.0 Mobile/13B143 Safari/601.1 (compatible; Baiduspider-render/2.0; +http://www.baidu.com/search/spider.html)"
111.6.230.164 - - [29/Jan/2026:03:36:19 +0800] "GET /api/latest-version?platform=2 HTTP/1.1" 200 152 "https://www.shudaxia.com/cpstest.html" "Mozilla/5.0 (iPhone; CPU iPhone OS 9_1 like Mac OS X) AppleWebKit/601.1.46 (KHTML, like Gecko) Version/9.0 Mobile/13B143 Safari/601.1 (compatible; Baiduspider-render/2.0; +http://www.baidu.com/search/spider.html)"
111.6.230.203 - - [29/Jan/2026:03:36:19 +0800] "GET /api/latest-version?platform=3 HTTP/1.1" 200 167 "https://www.shudaxia.com/cpstest.html" "Mozilla/5.0 (iPhone; CPU iPhone OS 9_1 like Mac OS X) AppleWebKit/601.1.46 (KHTML, like Gecko) Version/9.0 Mobile/13B143 Safari/601.1 (compatible; Baiduspider-render/2.0; +http://www.baidu.com/search/spider.html)"
111.6.230.203 - - [29/Jan/2026:03:36:20 +0800] "GET /api/auth/session HTTP/1.1" 200 35 "https://www.shudaxia.com/cpstest.html" "Mozilla/5.0 (iPhone; CPU iPhone OS 9_1 like Mac OS X) AppleWebKit/601.1.46 (KHTML, like Gecko) Version/9.0 Mobile/13B143 Safari/601.1 (compatible; Baiduspider-render/2.0; +http://www.baidu.com/search/spider.html)"
111.6.230.216 - - [29/Jan/2026:03:43:13 +0800] "GET / HTTP/1.1" 200 24610 "-" "Mozilla/5.0 (Linux; Android 5.0) AppleWebKit/537.36 (KHTML, like Gecko) Mobile Safari/537.36 (compatible; Bytespider; https://zhanzhang.toutiao.com/)"
111.6.230.203 - - [29/Jan/2026:03:43:14 +0800] "GET /api/latest-version?platform=3 HTTP/1.1" 200 167 "https://www.shudaxia.com/" "Mozilla/5.0 (Linux; Android 5.0) AppleWebKit/537.36 (KHTML, like Gecko) Mobile Safari/537.36 (compatible; Bytespider; https://zhanzhang.toutiao.com/)"
111.6.230.164 - - [29/Jan/2026:03:43:14 +0800] "GET /api/latest-version?platform=2 HTTP/1.1" 200 152 "https://www.shudaxia.com/" "Mozilla/5.0 (Linux; Android 5.0) AppleWebKit/537.36 (KHTML, like Gecko) Mobile Safari/537.36 (compatible; Bytespider; https://zhanzhang.toutiao.com/)"
111.6.230.203 - - [29/Jan/2026:03:43:14 +0800] "GET /api/auth/session HTTP/1.1" 200 35 "https://www.shudaxia.com/" "Mozilla/5.0 (Linux; Android 5.0) AppleWebKit/537.36 (KHTML, like Gecko) Mobile Safari/537.36 (compatible; Bytespider; https://zhanzhang.toutiao.com/)"
111.6.230.165 - - [29/Jan/2026:03:43:14 +0800] "GET /api/footer-links HTTP/1.1" 200 535 "https://www.shudaxia.com/" "Mozilla/5.0 (Linux; Android 5.0) AppleWebKit/537.36 (KHTML, like Gecko) Mobile Safari/537.36 (compatible; Bytespider; https://zhanzhang.toutiao.com/)"
111.6.230.203 - - [29/Jan/2026:03:43:14 +0800] "GET /api/latest-version?platform=3 HTTP/1.1" 200 167 "https://www.shudaxia.com/" "Mozilla/5.0 (Linux; Android 5.0) AppleWebKit/537.36 (KHTML, like Gecko) Mobile Safari/537.36 (compatible; Bytespider; https://zhanzhang.toutiao.com/)"
111.6.230.164 - - [29/Jan/2026:03:43:14 +0800] "GET /api/latest-version?platform=2 HTTP/1.1" 200 152 "https://www.shudaxia.com/" "Mozilla/5.0 (Linux; Android 5.0) AppleWebKit/537.36 (KHTML, like Gecko) Mobile Safari/537.36 (compatible; Bytespider; https://zhanzhang.toutiao.com/)"
111.6.230.203 - - [29/Jan/2026:03:43:14 +0800] "GET /api/auth/session HTTP/1.1" 200 35 "https://www.shudaxia.com/" "Mozilla/5.0 (Linux; Android 5.0) AppleWebKit/537.36 (KHTML, like Gecko) Mobile Safari/537.36 (compatible; Bytespider; https://zhanzhang.toutiao.com/)"
111.6.230.203 - - [29/Jan/2026:03:43:14 +0800] "GET /api/latest-version?platform=3 HTTP/1.1" 200 167 "https://www.shudaxia.com/" "Mozilla/5.0 (Linux; Android 5.0) AppleWebKit/537.36 (KHTML, like Gecko) Mobile Safari/537.36 (compatible; Bytespider; https://zhanzhang.toutiao.com/)"
111.6.230.164 - - [29/Jan/2026:03:43:14 +0800] "GET /api/latest-version?platform=2 HTTP/1.1" 200 152 "https://www.shudaxia.com/" "Mozilla/5.0 (Linux; Android 5.0) AppleWebKit/537.36 (KHTML, like Gecko) Mobile Safari/537.36 (compatible; Bytespider; https://zhanzhang.toutiao.com/)"
111.6.230.203 - - [29/Jan/2026:03:43:14 +0800] "GET /api/latest-version?platform=3 HTTP/1.1" 200 167 "https://www.shudaxia.com/" "Mozilla/5.0 (Linux; Android 5.0) AppleWebKit/537.36 (KHTML, like Gecko) Mobile Safari/537.36 (compatible; Bytespider; https://zhanzhang.toutiao.com/)"
111.6.230.164 - - [29/Jan/2026:03:43:14 +0800] "GET /api/latest-version?platform=2 HTTP/1.1" 200 152 "https://www.shudaxia.com/" "Mozilla/5.0 (Linux; Android 5.0) AppleWebKit/537.36 (KHTML, like Gecko) Mobile Safari/537.36 (compatible; Bytespider; https://zhanzhang.toutiao.com/)"
111.6.230.203 - - [29/Jan/2026:03:43:14 +0800] "GET /api/latest-version?platform=3 HTTP/1.1" 200 167 "https://www.shudaxia.com/" "Mozilla/5.0 (Linux; Android 5.0) AppleWebKit/537.36 (KHTML, like Gecko) Mobile Safari/537.36 (compatible; Bytespider; https://zhanzhang.toutiao.com/)"
111.6.230.156 - - [29/Jan/2026:03:44:53 +0800] "GET /news/shu-biao-zi-dong-dian-ji-qi-guan-fang-mian-fei-ban.html HTTP/1.1" 200 17011 "-" "Mozilla/5.0 (Windows NT 10.0; Win64; x64) AppleWebKit/537.36 (KHTML, like Gecko) Chrome/140.0.0.0 Safari/537.36 Edg/140.0.0.0; 360Spider"
111.6.230.203 - - [29/Jan/2026:03:44:54 +0800] "GET /api/latest-version?platform=3 HTTP/1.1" 200 167 "https://www.shudaxia.com/news/shu-biao-zi-dong-dian-ji-qi-guan-fang-mian-fei-ban.html" "Mozilla/5.0 (Windows NT 10.0; Win64; x64) AppleWebKit/537.36 (KHTML, like Gecko) Chrome/140.0.0.0 Safari/537.36 Edg/140.0.0.0; 360Spider"
111.6.230.203 - - [29/Jan/2026:03:44:54 +0800] "GET /api/auth/session HTTP/1.1" 200 35 "https://www.shudaxia.com/news/shu-biao-zi-dong-dian-ji-qi-guan-fang-mian-fei-ban.html" "Mozilla/5.0 (Windows NT 10.0; Win64; x64) AppleWebKit/537.36 (KHTML, like Gecko) Chrome/140.0.0.0 Safari/537.36 Edg/140.0.0.0; 360Spider"
111.6.230.150 - - [29/Jan/2026:03:44:54 +0800] "POST /api/articles/27/view HTTP/1.1" 200 1580 "https://www.shudaxia.com/news/shu-biao-zi-dong-dian-ji-qi-guan-fang-mian-fei-ban.html" "Mozilla/5.0 (Windows NT 10.0; Win64; x64) AppleWebKit/537.36 (KHTML, like Gecko) Chrome/140.0.0.0 Safari/537.36 Edg/140.0.0.0; 360Spider"
111.6.230.203 - - [29/Jan/2026:03:44:54 +0800] "GET /api/latest-version?platform=3 HTTP/1.1" 200 167 "https://www.shudaxia.com/news/shu-biao-zi-dong-dian-ji-qi-guan-fang-mian-fei-ban.html" "Mozilla/5.0 (Windows NT 10.0; Win64; x64) AppleWebKit/537.36 (KHTML, like Gecko) Chrome/140.0.0.0 Safari/537.36 Edg/140.0.0.0; 360Spider"
111.6.230.164 - - [29/Jan/2026:03:44:54 +0800] "GET /api/latest-version?platform=2 HTTP/1.1" 200 152 "https://www.shudaxia.com/news/shu-biao-zi-dong-dian-ji-qi-guan-fang-mian-fei-ban.html" "Mozilla/5.0 (Windows NT 10.0; Win64; x64) AppleWebKit/537.36 (KHTML, like Gecko) Chrome/140.0.0.0 Safari/537.36 Edg/140.0.0.0; 360Spider"
111.6.230.165 - - [29/Jan/2026:03:44:54 +0800] "GET /api/footer-links HTTP/1.1" 200 535 "https://www.shudaxia.com/news/shu-biao-zi-dong-dian-ji-qi-guan-fang-mian-fei-ban.html" "Mozilla/5.0 (Windows NT 10.0; Win64; x64) AppleWebKit/537.36 (KHTML, like Gecko) Chrome/140.0.0.0 Safari/537.36 Edg/140.0.0.0; 360Spider"
111.6.230.152 - - [29/Jan/2026:03:44:54 +0800] "GET /mouse-keyboard-test?_rsc=eot9v HTTP/1.1" 308 36 "https://www.shudaxia.com/news/shu-biao-zi-dong-dian-ji-qi-guan-fang-mian-fei-ban.html" "Mozilla/5.0 (Windows NT 10.0; Win64; x64) AppleWebKit/537.36 (KHTML, like Gecko) Chrome/140.0.0.0 Safari/537.36 Edg/140.0.0.0; 360Spider"
111.6.230.166 - - [29/Jan/2026:03:44:54 +0800] "GET /mobile?_rsc=eot9v HTTP/1.1" 308 22 "https://www.shudaxia.com/news/shu-biao-zi-dong-dian-ji-qi-guan-fang-mian-fei-ban.html" "Mozilla/5.0 (Windows NT 10.0; Win64; x64) AppleWebKit/537.36 (KHTML, like Gecko) Chrome/140.0.0.0 Safari/537.36 Edg/140.0.0.0; 360Spider"
111.6.230.172 - - [29/Jan/2026:03:44:54 +0800] "GET /doc/p1?_rsc=eot9v HTTP/1.1" 308 22 "https://www.shudaxia.com/news/shu-biao-zi-dong-dian-ji-qi-guan-fang-mian-fei-ban.html" "Mozilla/5.0 (Windows NT 10.0; Win64; x64) AppleWebKit/537.36 (KHTML, like Gecko) Chrome/140.0.0.0 Safari/537.36 Edg/140.0.0.0; 360Spider"
111.6.230.212 - - [29/Jan/2026:03:44:54 +0800] "GET /?_rsc=eot9v HTTP/1.1" 200 142 "https://www.shudaxia.com/news/shu-biao-zi-dong-dian-ji-qi-guan-fang-mian-fei-ban.html" "Mozilla/5.0 (Windows NT 10.0; Win64; x64) AppleWebKit/537.36 (KHTML, like Gecko) Chrome/140.0.0.0 Safari/537.36 Edg/140.0.0.0; 360Spider"
111.6.230.157 - - [29/Jan/2026:03:44:54 +0800] "GET /video?_rsc=eot9v HTTP/1.1" 308 21 "https://www.shudaxia.com/news/shu-biao-zi-dong-dian-ji-qi-guan-fang-mian-fei-ban.html" "Mozilla/5.0 (Windows NT 10.0; Win64; x64) AppleWebKit/537.36 (KHTML, like Gecko) Chrome/140.0.0.0 Safari/537.36 Edg/140.0.0.0; 360Spider"
111.6.230.164 - - [29/Jan/2026:03:44:54 +0800] "GET /api/latest-version?platform=2 HTTP/1.1" 200 152 "https://www.shudaxia.com/news/shu-biao-zi-dong-dian-ji-qi-guan-fang-mian-fei-ban.html" "Mozilla/5.0 (Windows NT 10.0; Win64; x64) AppleWebKit/537.36 (KHTML, like Gecko) Chrome/140.0.0.0 Safari/537.36 Edg/140.0.0.0; 360Spider"
111.6.230.203 - - [29/Jan/2026:03:44:54 +0800] "GET /api/auth/session HTTP/1.1" 200 35 "https://www.shudaxia.com/news/shu-biao-zi-dong-dian-ji-qi-guan-fang-mian-fei-ban.html" "Mozilla/5.0 (Windows NT 10.0; Win64; x64) AppleWebKit/537.36 (KHTML, like Gecko) Chrome/140.0.0.0 Safari/537.36 Edg/140.0.0.0; 360Spider"
111.6.230.213 - - [29/Jan/2026:03:44:54 +0800] "GET /doc/p1.html HTTP/1.1" 200 167 "https://www.shudaxia.com/news/shu-biao-zi-dong-dian-ji-qi-guan-fang-mian-fei-ban.html" "Mozilla/5.0 (Windows NT 10.0; Win64; x64) AppleWebKit/537.36 (KHTML, like Gecko) Chrome/140.0.0.0 Safari/537.36 Edg/140.0.0.0; 360Spider"
111.6.230.169 - - [29/Jan/2026:03:44:54 +0800] "GET /cpstest?_rsc=eot9v HTTP/1.1" 308 23 "https://www.shudaxia.com/news/shu-biao-zi-dong-dian-ji-qi-guan-fang-mian-fei-ban.html" "Mozilla/5.0 (Windows NT 10.0; Win64; x64) AppleWebKit/537.36 (KHTML, like Gecko) Chrome/140.0.0.0 Safari/537.36 Edg/140.0.0.0; 360Spider"
111.6.230.187 - - [29/Jan/2026:03:44:54 +0800] "GET /mouse-click-train?_rsc=eot9v HTTP/1.1" 308 34 "https://www.shudaxia.com/news/shu-biao-zi-dong-dian-ji-qi-guan-fang-mian-fei-ban.html" "Mozilla/5.0 (Windows NT 10.0; Win64; x64) AppleWebKit/537.36 (KHTML, like Gecko) Chrome/140.0.0.0 Safari/537.36 Edg/140.0.0.0; 360Spider"
111.6.230.228 - - [29/Jan/2026:03:44:54 +0800] "GET /scriptdiy?_rsc=eot9v HTTP/1.1" 308 25 "https://www.shudaxia.com/news/shu-biao-zi-dong-dian-ji-qi-guan-fang-mian-fei-ban.html" "Mozilla/5.0 (Windows NT 10.0; Win64; x64) AppleWebKit/537.36 (KHTML, like Gecko) Chrome/140.0.0.0 Safari/537.36 Edg/140.0.0.0; 360Spider"
111.6.230.224 - - [29/Jan/2026:03:44:54 +0800] "GET /feedback?_rsc=eot9v HTTP/1.1" 308 24 "https://www.shudaxia.com/news/shu-biao-zi-dong-dian-ji-qi-guan-fang-mian-fei-ban.html" "Mozilla/5.0 (Windows NT 10.0; Win64; x64) AppleWebKit/537.36 (KHTML, like Gecko) Chrome/140.0.0.0 Safari/537.36 Edg/140.0.0.0; 360Spider"
111.6.230.232 - - [29/Jan/2026:03:44:54 +0800] "GET /doc/quickstart/p1?_rsc=eot9v HTTP/1.1" 308 34 "https://www.shudaxia.com/news/shu-biao-zi-dong-dian-ji-qi-guan-fang-mian-fei-ban.html" "Mozilla/5.0 (Windows NT 10.0; Win64; x64) AppleWebKit/537.36 (KHTML, like Gecko) Chrome/140.0.0.0 Safari/537.36 Edg/140.0.0.0; 360Spider"
111.6.230.225 - - [29/Jan/2026:03:44:54 +0800] "GET /doc/practice/p1?_rsc=eot9v HTTP/1.1" 308 32 "https://www.shudaxia.com/news/shu-biao-zi-dong-dian-ji-qi-guan-fang-mian-fei-ban.html" "Mozilla/5.0 (Windows NT 10.0; Win64; x64) AppleWebKit/537.36 (KHTML, like Gecko) Chrome/140.0.0.0 Safari/537.36 Edg/140.0.0.0; 360Spider"
111.6.230.208 - - [29/Jan/2026:03:44:54 +0800] "GET /doc/advanced/p1?_rsc=eot9v HTTP/1.1" 308 32 "https://www.shudaxia.com/news/shu-biao-zi-dong-dian-ji-qi-guan-fang-mian-fei-ban.html" "Mozilla/5.0 (Windows NT 10.0; Win64; x64) AppleWebKit/537.36 (KHTML, like Gecko) Chrome/140.0.0.0 Safari/537.36 Edg/140.0.0.0; 360Spider"
111.6.230.205 - - [29/Jan/2026:03:44:54 +0800] "GET /news/p1?_rsc=eot9v HTTP/1.1" 308 23 "https://www.shudaxia.com/news/shu-biao-zi-dong-dian-ji-qi-guan-fang-mian-fei-ban.html" "Mozilla/5.0 (Windows NT 10.0; Win64; x64) AppleWebKit/537.36 (KHTML, like Gecko) Chrome/140.0.0.0 Safari/537.36 Edg/140.0.0.0; 360Spider"
111.6.230.170 - - [29/Jan/2026:03:44:54 +0800] "GET /doc/quickstart/p1.html HTTP/1.1" 200 175 "https://www.shudaxia.com/news/shu-biao-zi-dong-dian-ji-qi-guan-fang-mian-fei-ban.html" "Mozilla/5.0 (Windows NT 10.0; Win64; x64) AppleWebKit/537.36 (KHTML, like Gecko) Chrome/140.0.0.0 Safari/537.36 Edg/140.0.0.0; 360Spider"
111.6.230.157 - - [29/Jan/2026:03:44:54 +0800] "GET /news/tools/p1?_rsc=eot9v HTTP/1.1" 308 30 "https://www.shudaxia.com/news/shu-biao-zi-dong-dian-ji-qi-guan-fang-mian-fei-ban.html" "Mozilla/5.0 (Windows NT 10.0; Win64; x64) AppleWebKit/537.36 (KHTML, like Gecko) Chrome/140.0.0.0 Safari/537.36 Edg/140.0.0.0; 360Spider"
111.6.230.177 - - [29/Jan/2026:03:44:54 +0800] "GET /doc/practice/p1.html HTTP/1.1" 200 174 "https://www.shudaxia.com/news/shu-biao-zi-dong-dian-ji-qi-guan-fang-mian-fei-ban.html" "Mozilla/5.0 (Windows NT 10.0; Win64; x64) AppleWebKit/537.36 (KHTML, like Gecko) Chrome/140.0.0.0 Safari/537.36 Edg/140.0.0.0; 360Spider"
111.6.230.155 - - [29/Jan/2026:03:44:54 +0800] "GET /doc/advanced/p1.html HTTP/1.1" 200 173 "https://www.shudaxia.com/news/shu-biao-zi-dong-dian-ji-qi-guan-fang-mian-fei-ban.html" "Mozilla/5.0 (Windows NT 10.0; Win64; x64) AppleWebKit/537.36 (KHTML, like Gecko) Chrome/140.0.0.0 Safari/537.36 Edg/140.0.0.0; 360Spider"
111.6.230.158 - - [29/Jan/2026:03:44:54 +0800] "GET /news/p1.html HTTP/1.1" 200 167 "https://www.shudaxia.com/news/shu-biao-zi-dong-dian-ji-qi-guan-fang-mian-fei-ban.html" "Mozilla/5.0 (Windows NT 10.0; Win64; x64) AppleWebKit/537.36 (KHTML, like Gecko) Chrome/140.0.0.0 Safari/537.36 Edg/140.0.0.0; 360Spider"
111.6.230.225 - - [29/Jan/2026:03:44:54 +0800] "GET /news/tutorial/p1?_rsc=eot9v HTTP/1.1" 308 33 "https://www.shudaxia.com/news/shu-biao-zi-dong-dian-ji-qi-guan-fang-mian-fei-ban.html" "Mozilla/5.0 (Windows NT 10.0; Win64; x64) AppleWebKit/537.36 (KHTML, like Gecko) Chrome/140.0.0.0 Safari/537.36 Edg/140.0.0.0; 360Spider"
111.6.230.223 - - [29/Jan/2026:03:44:54 +0800] "GET /news/tools/p1.html HTTP/1.1" 200 172 "https://www.shudaxia.com/news/shu-biao-zi-dong-dian-ji-qi-guan-fang-mian-fei-ban.html" "Mozilla/5.0 (Windows NT 10.0; Win64; x64) AppleWebKit/537.36 (KHTML, like Gecko) Chrome/140.0.0.0 Safari/537.36 Edg/140.0.0.0; 360Spider"
111.6.230.191 - - [29/Jan/2026:03:44:54 +0800] "GET /news/version/p1?_rsc=eot9v HTTP/1.1" 308 32 "https://www.shudaxia.com/news/shu-biao-zi-dong-dian-ji-qi-guan-fang-mian-fei-ban.html" "Mozilla/5.0 (Windows NT 10.0; Win64; x64) AppleWebKit/537.36 (KHTML, like Gecko) Chrome/140.0.0.0 Safari/537.36 Edg/140.0.0.0; 360Spider"
111.6.230.223 - - [29/Jan/2026:03:44:54 +0800] "GET /faq/p1?_rsc=eot9v HTTP/1.1" 308 22 "https://www.shudaxia.com/news/shu-biao-zi-dong-dian-ji-qi-guan-fang-mian-fei-ban.html" "Mozilla/5.0 (Windows NT 10.0; Win64; x64) AppleWebKit/537.36 (KHTML, like Gecko) Chrome/140.0.0.0 Safari/537.36 Edg/140.0.0.0; 360Spider"
111.6.230.212 - - [29/Jan/2026:03:44:54 +0800] "GET /faq/version/p1?_rsc=eot9v HTTP/1.1" 308 31 "https://www.shudaxia.com/news/shu-biao-zi-dong-dian-ji-qi-guan-fang-mian-fei-ban.html" "Mozilla/5.0 (Windows NT 10.0; Win64; x64) AppleWebKit/537.36 (KHTML, like Gecko) Chrome/140.0.0.0 Safari/537.36 Edg/140.0.0.0; 360Spider"
111.6.230.212 - - [29/Jan/2026:03:44:54 +0800] "GET /faq/troubleshooting/p1?_rsc=eot9v HTTP/1.1" 308 39 "https://www.shudaxia.com/news/shu-biao-zi-dong-dian-ji-qi-guan-fang-mian-fei-ban.html" "Mozilla/5.0 (Windows NT 10.0; Win64; x64) AppleWebKit/537.36 (KHTML, like Gecko) Chrome/140.0.0.0 Safari/537.36 Edg/140.0.0.0; 360Spider"
111.6.230.207 - - [29/Jan/2026:03:44:54 +0800] "GET /news/tutorial/p1.html HTTP/1.1" 200 174 "https://www.shudaxia.com/news/shu-biao-zi-dong-dian-ji-qi-guan-fang-mian-fei-ban.html" "Mozilla/5.0 (Windows NT 10.0; Win64; x64) AppleWebKit/537.36 (KHTML, like Gecko) Chrome/140.0.0.0 Safari/537.36 Edg/140.0.0.0; 360Spider"
111.6.230.178 - - [29/Jan/2026:03:44:54 +0800] "GET /news/version/p1.html HTTP/1.1" 200 173 "https://www.shudaxia.com/news/shu-biao-zi-dong-dian-ji-qi-guan-fang-mian-fei-ban.html" "Mozilla/5.0 (Windows NT 10.0; Win64; x64) AppleWebKit/537.36 (KHTML, like Gecko) Chrome/140.0.0.0 Safari/537.36 Edg/140.0.0.0; 360Spider"
111.6.230.155 - - [29/Jan/2026:03:44:54 +0800] "GET /faq/p1.html HTTP/1.1" 200 166 "https://www.shudaxia.com/news/shu-biao-zi-dong-dian-ji-qi-guan-fang-mian-fei-ban.html" "Mozilla/5.0 (Windows NT 10.0; Win64; x64) AppleWebKit/537.36 (KHTML, like Gecko) Chrome/140.0.0.0 Safari/537.36 Edg/140.0.0.0; 360Spider"
111.6.230.157 - - [29/Jan/2026:03:44:54 +0800] "GET /faq/version/p1.html HTTP/1.1" 200 172 "https://www.shudaxia.com/news/shu-biao-zi-dong-dian-ji-qi-guan-fang-mian-fei-ban.html" "Mozilla/5.0 (Windows NT 10.0; Win64; x64) AppleWebKit/537.36 (KHTML, like Gecko) Chrome/140.0.0.0 Safari/537.36 Edg/140.0.0.0; 360Spider"
111.6.230.212 - - [29/Jan/2026:03:44:54 +0800] "GET /faq/usage/p1?_rsc=eot9v HTTP/1.1" 308 29 "https://www.shudaxia.com/news/shu-biao-zi-dong-dian-ji-qi-guan-fang-mian-fei-ban.html" "Mozilla/5.0 (Windows NT 10.0; Win64; x64) AppleWebKit/537.36 (KHTML, like Gecko) Chrome/140.0.0.0 Safari/537.36 Edg/140.0.0.0; 360Spider"
111.6.230.178 - - [29/Jan/2026:03:44:54 +0800] "GET /faq/troubleshooting/p1.html HTTP/1.1" 200 178 "https://www.shudaxia.com/news/shu-biao-zi-dong-dian-ji-qi-guan-fang-mian-fei-ban.html" "Mozilla/5.0 (Windows NT 10.0; Win64; x64) AppleWebKit/537.36 (KHTML, like Gecko) Chrome/140.0.0.0 Safari/537.36 Edg/140.0.0.0; 360Spider"
111.6.230.210 - - [29/Jan/2026:03:44:54 +0800] "GET /news/shu-biao-lian-dian-qi-xu-yao-ji-huo-ma-ma?_rsc=eot9v HTTP/1.1" 308 63 "https://www.shudaxia.com/news/shu-biao-zi-dong-dian-ji-qi-guan-fang-mian-fei-ban.html" "Mozilla/5.0 (Windows NT 10.0; Win64; x64) AppleWebKit/537.36 (KHTML, like Gecko) Chrome/140.0.0.0 Safari/537.36 Edg/140.0.0.0; 360Spider"
111.6.230.224 - - [29/Jan/2026:03:44:54 +0800] "GET /news/shudaxia-guan-wang-mian-fei-ban-te-se-jian-jie?_rsc=eot9v HTTP/1.1" 308 68 "https://www.shudaxia.com/news/shu-biao-zi-dong-dian-ji-qi-guan-fang-mian-fei-ban.html" "Mozilla/5.0 (Windows NT 10.0; Win64; x64) AppleWebKit/537.36 (KHTML, like Gecko) Chrome/140.0.0.0 Safari/537.36 Edg/140.0.0.0; 360Spider"
111.6.230.218 - - [29/Jan/2026:03:44:54 +0800] "GET /news?_rsc=eot9v HTTP/1.1" 308 20 "https://www.shudaxia.com/news/shu-biao-zi-dong-dian-ji-qi-guan-fang-mian-fei-ban.html" "Mozilla/5.0 (Windows NT 10.0; Win64; x64) AppleWebKit/537.36 (KHTML, like Gecko) Chrome/140.0.0.0 Safari/537.36 Edg/140.0.0.0; 360Spider"
111.6.230.215 - - [29/Jan/2026:03:44:54 +0800] "GET /faq/usage/p1.html HTTP/1.1" 200 170 "https://www.shudaxia.com/news/shu-biao-zi-dong-dian-ji-qi-guan-fang-mian-fei-ban.html" "Mozilla/5.0 (Windows NT 10.0; Win64; x64) AppleWebKit/537.36 (KHTML, like Gecko) Chrome/140.0.0.0 Safari/537.36 Edg/140.0.0.0; 360Spider"
111.6.230.207 - - [29/Jan/2026:03:44:54 +0800] "GET /news/shu-biao-lian-dian-qi-xu-yao-ji-huo-ma-ma.html HTTP/1.1" 200 194 "https://www.shudaxia.com/news/shu-biao-zi-dong-dian-ji-qi-guan-fang-mian-fei-ban.html" "Mozilla/5.0 (Windows NT 10.0; Win64; x64) AppleWebKit/537.36 (KHTML, like Gecko) Chrome/140.0.0.0 Safari/537.36 Edg/140.0.0.0; 360Spider"
111.6.230.167 - - [29/Jan/2026:03:44:54 +0800] "GET /news/shudaxia-guan-wang-mian-fei-ban-te-se-jian-jie.html HTTP/1.1" 200 196 "https://www.shudaxia.com/news/shu-biao-zi-dong-dian-ji-qi-guan-fang-mian-fei-ban.html" "Mozilla/5.0 (Windows NT 10.0; Win64; x64) AppleWebKit/537.36 (KHTML, like Gecko) Chrome/140.0.0.0 Safari/537.36 Edg/140.0.0.0; 360Spider"
111.6.230.230 - - [29/Jan/2026:03:44:54 +0800] "GET /news.html HTTP/1.1" 200 164 "https://www.shudaxia.com/news/shu-biao-zi-dong-dian-ji-qi-guan-fang-mian-fei-ban.html" "Mozilla/5.0 (Windows NT 10.0; Win64; x64) AppleWebKit/537.36 (KHTML, like Gecko) Chrome/140.0.0.0 Safari/537.36 Edg/140.0.0.0; 360Spider"
111.6.230.187 - - [29/Jan/2026:03:45:25 +0800] "GET /news/shubiao-dianjiqi-wufa-qiyong-zuixin-fangan.html HTTP/1.1" 200 18956 "-" "Mozilla/5.0 (compatible; Bytespider; https://zhanzhang.toutiao.com/) AppleWebKit/537.36 (KHTML, like Gecko) Chrome/70.0.0.0 Safari/537.36"
111.6.230.164 - - [29/Jan/2026:03:45:26 +0800] "GET /api/latest-version?platform=2 HTTP/1.1" 200 152 "https://www.shudaxia.com/news/shubiao-dianjiqi-wufa-qiyong-zuixin-fangan.html" "Mozilla/5.0 (compatible; Bytespider; https://zhanzhang.toutiao.com/) AppleWebKit/537.36 (KHTML, like Gecko) Chrome/70.0.0.0 Safari/537.36"
111.6.230.203 - - [29/Jan/2026:03:45:26 +0800] "GET /api/auth/session HTTP/1.1" 200 35 "https://www.shudaxia.com/news/shubiao-dianjiqi-wufa-qiyong-zuixin-fangan.html" "Mozilla/5.0 (compatible; Bytespider; https://zhanzhang.toutiao.com/) AppleWebKit/537.36 (KHTML, like Gecko) Chrome/70.0.0.0 Safari/537.36"
111.6.230.203 - - [29/Jan/2026:03:45:26 +0800] "GET /api/latest-version?platform=3 HTTP/1.1" 200 167 "https://www.shudaxia.com/news/shubiao-dianjiqi-wufa-qiyong-zuixin-fangan.html" "Mozilla/5.0 (compatible; Bytespider; https://zhanzhang.toutiao.com/) AppleWebKit/537.36 (KHTML, like Gecko) Chrome/70.0.0.0 Safari/537.36"
111.6.230.181 - - [29/Jan/2026:03:45:26 +0800] "POST /api/articles/56/view HTTP/1.1" 200 2510 "https://www.shudaxia.com/news/shubiao-dianjiqi-wufa-qiyong-zuixin-fangan.html" "Mozilla/5.0 (compatible; Bytespider; https://zhanzhang.toutiao.com/) AppleWebKit/537.36 (KHTML, like Gecko) Chrome/70.0.0.0 Safari/537.36"
111.6.230.165 - - [29/Jan/2026:03:45:26 +0800] "GET /api/footer-links HTTP/1.1" 200 535 "https://www.shudaxia.com/news/shubiao-dianjiqi-wufa-qiyong-zuixin-fangan.html" "Mozilla/5.0 (compatible; Bytespider; https://zhanzhang.toutiao.com/) AppleWebKit/537.36 (KHTML, like Gecko) Chrome/70.0.0.0 Safari/537.36"
111.6.230.221 - - [29/Jan/2026:03:45:26 +0800] "GET /video?_rsc=19750 HTTP/1.1" 308 21 "https://www.shudaxia.com/news/shubiao-dianjiqi-wufa-qiyong-zuixin-fangan.html" "Mozilla/5.0 (compatible; Bytespider; https://zhanzhang.toutiao.com/) AppleWebKit/537.36 (KHTML, like Gecko) Chrome/70.0.0.0 Safari/537.36"
111.6.230.203 - - [29/Jan/2026:03:45:26 +0800] "GET /api/latest-version?platform=3 HTTP/1.1" 200 167 "https://www.shudaxia.com/news/shubiao-dianjiqi-wufa-qiyong-zuixin-fangan.html" "Mozilla/5.0 (compatible; Bytespider; https://zhanzhang.toutiao.com/) AppleWebKit/537.36 (KHTML, like Gecko) Chrome/70.0.0.0 Safari/537.36"
111.6.230.183 - - [29/Jan/2026:03:45:26 +0800] "GET /mobile?_rsc=19750 HTTP/1.1" 308 22 "https://www.shudaxia.com/news/shubiao-dianjiqi-wufa-qiyong-zuixin-fangan.html" "Mozilla/5.0 (compatible; Bytespider; https://zhanzhang.toutiao.com/) AppleWebKit/537.36 (KHTML, like Gecko) Chrome/70.0.0.0 Safari/537.36"
111.6.230.149 - - [29/Jan/2026:03:45:26 +0800] "GET /doc/p1?_rsc=19750 HTTP/1.1" 308 22 "https://www.shudaxia.com/news/shubiao-dianjiqi-wufa-qiyong-zuixin-fangan.html" "Mozilla/5.0 (compatible; Bytespider; https://zhanzhang.toutiao.com/) AppleWebKit/537.36 (KHTML, like Gecko) Chrome/70.0.0.0 Safari/537.36"
111.6.230.184 - - [29/Jan/2026:03:45:26 +0800] "GET /mouse-keyboard-test?_rsc=19750 HTTP/1.1" 308 36 "https://www.shudaxia.com/news/shubiao-dianjiqi-wufa-qiyong-zuixin-fangan.html" "Mozilla/5.0 (compatible; Bytespider; https://zhanzhang.toutiao.com/) AppleWebKit/537.36 (KHTML, like Gecko) Chrome/70.0.0.0 Safari/537.36"
111.6.230.164 - - [29/Jan/2026:03:45:26 +0800] "GET /api/latest-version?platform=2 HTTP/1.1" 200 152 "https://www.shudaxia.com/news/shubiao-dianjiqi-wufa-qiyong-zuixin-fangan.html" "Mozilla/5.0 (compatible; Bytespider; https://zhanzhang.toutiao.com/) AppleWebKit/537.36 (KHTML, like Gecko) Chrome/70.0.0.0 Safari/537.36"
111.6.230.181 - - [29/Jan/2026:03:45:26 +0800] "GET /?_rsc=19750 HTTP/1.1" 200 142 "https://www.shudaxia.com/news/shubiao-dianjiqi-wufa-qiyong-zuixin-fangan.html" "Mozilla/5.0 (compatible; Bytespider; https://zhanzhang.toutiao.com/) AppleWebKit/537.36 (KHTML, like Gecko) Chrome/70.0.0.0 Safari/537.36"
111.6.230.203 - - [29/Jan/2026:03:45:26 +0800] "GET /api/auth/session HTTP/1.1" 200 35 "https://www.shudaxia.com/news/shubiao-dianjiqi-wufa-qiyong-zuixin-fangan.html" "Mozilla/5.0 (compatible; Bytespider; https://zhanzhang.toutiao.com/) AppleWebKit/537.36 (KHTML, like Gecko) Chrome/70.0.0.0 Safari/537.36"
111.6.230.210 - - [29/Jan/2026:03:45:26 +0800] "GET /video.html HTTP/1.1" 200 3520 "https://www.shudaxia.com/news/shubiao-dianjiqi-wufa-qiyong-zuixin-fangan.html" "Mozilla/5.0 (compatible; Bytespider; https://zhanzhang.toutiao.com/) AppleWebKit/537.36 (KHTML, like Gecko) Chrome/70.0.0.0 Safari/537.36"
111.6.230.216 - - [29/Jan/2026:03:45:26 +0800] "GET /mobile.html HTTP/1.1" 200 2232 "https://www.shudaxia.com/news/shubiao-dianjiqi-wufa-qiyong-zuixin-fangan.html" "Mozilla/5.0 (compatible; Bytespider; https://zhanzhang.toutiao.com/) AppleWebKit/537.36 (KHTML, like Gecko) Chrome/70.0.0.0 Safari/537.36"
111.6.230.205 - - [29/Jan/2026:03:45:26 +0800] "GET /mouse-keyboard-test.html HTTP/1.1" 200 2412 "https://www.shudaxia.com/news/shubiao-dianjiqi-wufa-qiyong-zuixin-fangan.html" "Mozilla/5.0 (compatible; Bytespider; https://zhanzhang.toutiao.com/) AppleWebKit/537.36 (KHTML, like Gecko) Chrome/70.0.0.0 Safari/537.36"
111.6.230.213 - - [29/Jan/2026:03:45:26 +0800] "GET /doc/p1.html HTTP/1.1" 200 167 "https://www.shudaxia.com/news/shubiao-dianjiqi-wufa-qiyong-zuixin-fangan.html" "Mozilla/5.0 (compatible; Bytespider; https://zhanzhang.toutiao.com/) AppleWebKit/537.36 (KHTML, like Gecko) Chrome/70.0.0.0 Safari/537.36"
111.6.230.184 - - [29/Jan/2026:03:45:26 +0800] "GET /cpstest?_rsc=19750 HTTP/1.1" 308 23 "https://www.shudaxia.com/news/shubiao-dianjiqi-wufa-qiyong-zuixin-fangan.html" "Mozilla/5.0 (compatible; Bytespider; https://zhanzhang.toutiao.com/) AppleWebKit/537.36 (KHTML, like Gecko) Chrome/70.0.0.0 Safari/537.36"
111.6.230.180 - - [29/Jan/2026:03:45:26 +0800] "GET /cpstest.html HTTP/1.1" 200 2350 "https://www.shudaxia.com/news/shubiao-dianjiqi-wufa-qiyong-zuixin-fangan.html" "Mozilla/5.0 (compatible; Bytespider; https://zhanzhang.toutiao.com/) AppleWebKit/537.36 (KHTML, like Gecko) Chrome/70.0.0.0 Safari/537.36"
111.6.230.198 - - [29/Jan/2026:03:45:26 +0800] "GET /scriptdiy?_rsc=19750 HTTP/1.1" 308 25 "https://www.shudaxia.com/news/shubiao-dianjiqi-wufa-qiyong-zuixin-fangan.html" "Mozilla/5.0 (compatible; Bytespider; https://zhanzhang.toutiao.com/) AppleWebKit/537.36 (KHTML, like Gecko) Chrome/70.0.0.0 Safari/537.36"
111.6.230.196 - - [29/Jan/2026:03:45:26 +0800] "GET /mouse-click-train?_rsc=19750 HTTP/1.1" 308 34 "https://www.shudaxia.com/news/shubiao-dianjiqi-wufa-qiyong-zuixin-fangan.html" "Mozilla/5.0 (compatible; Bytespider; https://zhanzhang.toutiao.com/) AppleWebKit/537.36 (KHTML, like Gecko) Chrome/70.0.0.0 Safari/537.36"
111.6.230.166 - - [29/Jan/2026:03:45:26 +0800] "GET /doc/quickstart/p1?_rsc=19750 HTTP/1.1" 308 34 "https://www.shudaxia.com/news/shubiao-dianjiqi-wufa-qiyong-zuixin-fangan.html" "Mozilla/5.0 (compatible; Bytespider; https://zhanzhang.toutiao.com/) AppleWebKit/537.36 (KHTML, like Gecko) Chrome/70.0.0.0 Safari/537.36"
111.6.230.182 - - [29/Jan/2026:03:45:26 +0800] "GET /feedback?_rsc=19750 HTTP/1.1" 308 24 "https://www.shudaxia.com/news/shubiao-dianjiqi-wufa-qiyong-zuixin-fangan.html" "Mozilla/5.0 (compatible; Bytespider; https://zhanzhang.toutiao.com/) AppleWebKit/537.36 (KHTML, like Gecko) Chrome/70.0.0.0 Safari/537.36"
111.6.230.229 - - [29/Jan/2026:03:45:26 +0800] "GET /doc/practice/p1?_rsc=19750 HTTP/1.1" 308 32 "https://www.shudaxia.com/news/shubiao-dianjiqi-wufa-qiyong-zuixin-fangan.html" "Mozilla/5.0 (compatible; Bytespider; https://zhanzhang.toutiao.com/) AppleWebKit/537.36 (KHTML, like Gecko) Chrome/70.0.0.0 Safari/537.36"
111.6.230.149 - - [29/Jan/2026:03:45:26 +0800] "GET /scriptdiy.html HTTP/1.1" 200 4605 "https://www.shudaxia.com/news/shubiao-dianjiqi-wufa-qiyong-zuixin-fangan.html" "Mozilla/5.0 (compatible; Bytespider; https://zhanzhang.toutiao.com/) AppleWebKit/537.36 (KHTML, like Gecko) Chrome/70.0.0.0 Safari/537.36"
111.6.230.156 - - [29/Jan/2026:03:45:26 +0800] "GET /mouse-click-train.html HTTP/1.1" 200 2714 "https://www.shudaxia.com/news/shubiao-dianjiqi-wufa-qiyong-zuixin-fangan.html" "Mozilla/5.0 (compatible; Bytespider; https://zhanzhang.toutiao.com/) AppleWebKit/537.36 (KHTML, like Gecko) Chrome/70.0.0.0 Safari/537.36"
111.6.230.170 - - [29/Jan/2026:03:45:27 +0800] "GET /doc/quickstart/p1.html HTTP/1.1" 200 175 "https://www.shudaxia.com/news/shubiao-dianjiqi-wufa-qiyong-zuixin-fangan.html" "Mozilla/5.0 (compatible; Bytespider; https://zhanzhang.toutiao.com/) AppleWebKit/537.36 (KHTML, like Gecko) Chrome/70.0.0.0 Safari/537.36"
111.6.230.205 - - [29/Jan/2026:03:45:27 +0800] "GET /feedback.html HTTP/1.1" 200 2311 "https://www.shudaxia.com/news/shubiao-dianjiqi-wufa-qiyong-zuixin-fangan.html" "Mozilla/5.0 (compatible; Bytespider; https://zhanzhang.toutiao.com/) AppleWebKit/537.36 (KHTML, like Gecko) Chrome/70.0.0.0 Safari/537.36"
111.6.230.220 - - [29/Jan/2026:03:45:27 +0800] "GET /doc/advanced/p1?_rsc=19750 HTTP/1.1" 308 32 "https://www.shudaxia.com/news/shubiao-dianjiqi-wufa-qiyong-zuixin-fangan.html" "Mozilla/5.0 (compatible; Bytespider; https://zhanzhang.toutiao.com/) AppleWebKit/537.36 (KHTML, like Gecko) Chrome/70.0.0.0 Safari/537.36"
111.6.230.177 - - [29/Jan/2026:03:45:27 +0800] "GET /doc/practice/p1.html HTTP/1.1" 200 174 "https://www.shudaxia.com/news/shubiao-dianjiqi-wufa-qiyong-zuixin-fangan.html" "Mozilla/5.0 (compatible; Bytespider; https://zhanzhang.toutiao.com/) AppleWebKit/537.36 (KHTML, like Gecko) Chrome/70.0.0.0 Safari/537.36"
111.6.230.198 - - [29/Jan/2026:03:45:27 +0800] "GET /news/p1?_rsc=19750 HTTP/1.1" 308 23 "https://www.shudaxia.com/news/shubiao-dianjiqi-wufa-qiyong-zuixin-fangan.html" "Mozilla/5.0 (compatible; Bytespider; https://zhanzhang.toutiao.com/) AppleWebKit/537.36 (KHTML, like Gecko) Chrome/70.0.0.0 Safari/537.36"
111.6.230.158 - - [29/Jan/2026:03:45:27 +0800] "GET /news/tutorial/p1?_rsc=19750 HTTP/1.1" 308 33 "https://www.shudaxia.com/news/shubiao-dianjiqi-wufa-qiyong-zuixin-fangan.html" "Mozilla/5.0 (compatible; Bytespider; https://zhanzhang.toutiao.com/) AppleWebKit/537.36 (KHTML, like Gecko) Chrome/70.0.0.0 Safari/537.36"
111.6.230.155 - - [29/Jan/2026:03:45:27 +0800] "GET /news/tools/p1?_rsc=19750 HTTP/1.1" 308 30 "https://www.shudaxia.com/news/shubiao-dianjiqi-wufa-qiyong-zuixin-fangan.html" "Mozilla/5.0 (compatible; Bytespider; https://zhanzhang.toutiao.com/) AppleWebKit/537.36 (KHTML, like Gecko) Chrome/70.0.0.0 Safari/537.36"
111.6.230.155 - - [29/Jan/2026:03:45:27 +0800] "GET /doc/advanced/p1.html HTTP/1.1" 200 173 "https://www.shudaxia.com/news/shubiao-dianjiqi-wufa-qiyong-zuixin-fangan.html" "Mozilla/5.0 (compatible; Bytespider; https://zhanzhang.toutiao.com/) AppleWebKit/537.36 (KHTML, like Gecko) Chrome/70.0.0.0 Safari/537.36"
111.6.230.167 - - [29/Jan/2026:03:45:27 +0800] "GET /news/version/p1?_rsc=19750 HTTP/1.1" 308 32 "https://www.shudaxia.com/news/shubiao-dianjiqi-wufa-qiyong-zuixin-fangan.html" "Mozilla/5.0 (compatible; Bytespider; https://zhanzhang.toutiao.com/) AppleWebKit/537.36 (KHTML, like Gecko) Chrome/70.0.0.0 Safari/537.36"
111.6.230.158 - - [29/Jan/2026:03:45:27 +0800] "GET /news/p1.html HTTP/1.1" 200 167 "https://www.shudaxia.com/news/shubiao-dianjiqi-wufa-qiyong-zuixin-fangan.html" "Mozilla/5.0 (compatible; Bytespider; https://zhanzhang.toutiao.com/) AppleWebKit/537.36 (KHTML, like Gecko) Chrome/70.0.0.0 Safari/537.36"
111.6.230.223 - - [29/Jan/2026:03:45:27 +0800] "GET /news/tools/p1.html HTTP/1.1" 200 172 "https://www.shudaxia.com/news/shubiao-dianjiqi-wufa-qiyong-zuixin-fangan.html" "Mozilla/5.0 (compatible; Bytespider; https://zhanzhang.toutiao.com/) AppleWebKit/537.36 (KHTML, like Gecko) Chrome/70.0.0.0 Safari/537.36"
111.6.230.207 - - [29/Jan/2026:03:45:27 +0800] "GET /news/tutorial/p1.html HTTP/1.1" 200 174 "https://www.shudaxia.com/news/shubiao-dianjiqi-wufa-qiyong-zuixin-fangan.html" "Mozilla/5.0 (compatible; Bytespider; https://zhanzhang.toutiao.com/) AppleWebKit/537.36 (KHTML, like Gecko) Chrome/70.0.0.0 Safari/537.36"
111.6.230.168 - - [29/Jan/2026:03:45:27 +0800] "GET /faq/p1?_rsc=19750 HTTP/1.1" 308 22 "https://www.shudaxia.com/news/shubiao-dianjiqi-wufa-qiyong-zuixin-fangan.html" "Mozilla/5.0 (compatible; Bytespider; https://zhanzhang.toutiao.com/) AppleWebKit/537.36 (KHTML, like Gecko) Chrome/70.0.0.0 Safari/537.36"
111.6.230.178 - - [29/Jan/2026:03:45:27 +0800] "GET /news/version/p1.html HTTP/1.1" 200 173 "https://www.shudaxia.com/news/shubiao-dianjiqi-wufa-qiyong-zuixin-fangan.html" "Mozilla/5.0 (compatible; Bytespider; https://zhanzhang.toutiao.com/) AppleWebKit/537.36 (KHTML, like Gecko) Chrome/70.0.0.0 Safari/537.36"
111.6.230.175 - - [29/Jan/2026:03:45:27 +0800] "GET /faq/version/p1?_rsc=19750 HTTP/1.1" 308 31 "https://www.shudaxia.com/news/shubiao-dianjiqi-wufa-qiyong-zuixin-fangan.html" "Mozilla/5.0 (compatible; Bytespider; https://zhanzhang.toutiao.com/) AppleWebKit/537.36 (KHTML, like Gecko) Chrome/70.0.0.0 Safari/537.36"
111.6.230.209 - - [29/Jan/2026:03:45:27 +0800] "GET /faq/troubleshooting/p1?_rsc=19750 HTTP/1.1" 308 39 "https://www.shudaxia.com/news/shubiao-dianjiqi-wufa-qiyong-zuixin-fangan.html" "Mozilla/5.0 (compatible; Bytespider; https://zhanzhang.toutiao.com/) AppleWebKit/537.36 (KHTML, like Gecko) Chrome/70.0.0.0 Safari/537.36"
111.6.230.225 - - [29/Jan/2026:03:45:28 +0800] "GET /faq/usage/p1?_rsc=19750 HTTP/1.1" 308 29 "https://www.shudaxia.com/news/shubiao-dianjiqi-wufa-qiyong-zuixin-fangan.html" "Mozilla/5.0 (compatible; Bytespider; https://zhanzhang.toutiao.com/) AppleWebKit/537.36 (KHTML, like Gecko) Chrome/70.0.0.0 Safari/537.36"
111.6.230.155 - - [29/Jan/2026:03:45:28 +0800] "GET /faq/p1.html HTTP/1.1" 200 166 "https://www.shudaxia.com/news/shubiao-dianjiqi-wufa-qiyong-zuixin-fangan.html" "Mozilla/5.0 (compatible; Bytespider; https://zhanzhang.toutiao.com/) AppleWebKit/537.36 (KHTML, like Gecko) Chrome/70.0.0.0 Safari/537.36"
111.6.230.162 - - [29/Jan/2026:03:45:28 +0800] "GET /news?_rsc=19750 HTTP/1.1" 308 20 "https://www.shudaxia.com/news/shubiao-dianjiqi-wufa-qiyong-zuixin-fangan.html" "Mozilla/5.0 (compatible; Bytespider; https://zhanzhang.toutiao.com/) AppleWebKit/537.36 (KHTML, like Gecko) Chrome/70.0.0.0 Safari/537.36"
111.6.230.157 - - [29/Jan/2026:03:45:28 +0800] "GET /faq/version/p1.html HTTP/1.1" 200 172 "https://www.shudaxia.com/news/shubiao-dianjiqi-wufa-qiyong-zuixin-fangan.html" "Mozilla/5.0 (compatible; Bytespider; https://zhanzhang.toutiao.com/) AppleWebKit/537.36 (KHTML, like Gecko) Chrome/70.0.0.0 Safari/537.36"
111.6.230.178 - - [29/Jan/2026:03:45:28 +0800] "GET /faq/troubleshooting/p1.html HTTP/1.1" 200 178 "https://www.shudaxia.com/news/shubiao-dianjiqi-wufa-qiyong-zuixin-fangan.html" "Mozilla/5.0 (compatible; Bytespider; https://zhanzhang.toutiao.com/) AppleWebKit/537.36 (KHTML, like Gecko) Chrome/70.0.0.0 Safari/537.36"
111.6.230.215 - - [29/Jan/2026:03:45:28 +0800] "GET /faq/usage/p1.html HTTP/1.1" 200 170 "https://www.shudaxia.com/news/shubiao-dianjiqi-wufa-qiyong-zuixin-fangan.html" "Mozilla/5.0 (compatible; Bytespider; https://zhanzhang.toutiao.com/) AppleWebKit/537.36 (KHTML, like Gecko) Chrome/70.0.0.0 Safari/537.36"
111.6.230.230 - - [29/Jan/2026:03:45:29 +0800] "GET /news.html HTTP/1.1" 200 164 "https://www.shudaxia.com/news/shubiao-dianjiqi-wufa-qiyong-zuixin-fangan.html" "Mozilla/5.0 (compatible; Bytespider; https://zhanzhang.toutiao.com/) AppleWebKit/537.36 (KHTML, like Gecko) Chrome/70.0.0.0 Safari/537.36"
111.6.230.191 - - [29/Jan/2026:03:46:28 +0800] "GET /index.html HTTP/1.1" 301 162 "-" "Mozilla/5.0 (Windows NT 10.0; Win64; x64) AppleWebKit/537.36 (KHTML, like Gecko) Chrome/140.0.0.0 Safari/537.36 Edg/140.0.0.0; 360Spider"
111.6.230.177 - - [29/Jan/2026:03:46:29 +0800] "GET / HTTP/1.1" 200 24610 "-" "Mozilla/5.0 (Windows NT 10.0; Win64; x64) AppleWebKit/537.36 (KHTML, like Gecko) Chrome/140.0.0.0 Safari/537.36 Edg/140.0.0.0; 360Spider"
111.6.230.203 - - [29/Jan/2026:03:46:32 +0800] "GET /api/auth/session HTTP/1.1" 200 35 "https://www.shudaxia.com/" "Mozilla/5.0 (Windows NT 10.0; Win64; x64) AppleWebKit/537.36 (KHTML, like Gecko) Chrome/140.0.0.0 Safari/537.36 Edg/140.0.0.0; 360Spider"
111.6.230.203 - - [29/Jan/2026:03:46:32 +0800] "GET /api/latest-version?platform=3 HTTP/1.1" 200 167 "https://www.shudaxia.com/" "Mozilla/5.0 (Windows NT 10.0; Win64; x64) AppleWebKit/537.36 (KHTML, like Gecko) Chrome/140.0.0.0 Safari/537.36 Edg/140.0.0.0; 360Spider"
111.6.230.165 - - [29/Jan/2026:03:46:32 +0800] "GET /api/footer-links HTTP/1.1" 200 535 "https://www.shudaxia.com/" "Mozilla/5.0 (Windows NT 10.0; Win64; x64) AppleWebKit/537.36 (KHTML, like Gecko) Chrome/140.0.0.0 Safari/537.36 Edg/140.0.0.0; 360Spider"
111.6.230.164 - - [29/Jan/2026:03:46:32 +0800] "GET /api/latest-version?platform=2 HTTP/1.1" 200 152 "https://www.shudaxia.com/" "Mozilla/5.0 (Windows NT 10.0; Win64; x64) AppleWebKit/537.36 (KHTML, like Gecko) Chrome/140.0.0.0 Safari/537.36 Edg/140.0.0.0; 360Spider"
111.6.230.203 - - [29/Jan/2026:03:46:32 +0800] "GET /api/latest-version?platform=3 HTTP/1.1" 200 167 "https://www.shudaxia.com/" "Mozilla/5.0 (Windows NT 10.0; Win64; x64) AppleWebKit/537.36 (KHTML, like Gecko) Chrome/140.0.0.0 Safari/537.36 Edg/140.0.0.0; 360Spider"
111.6.230.164 - - [29/Jan/2026:03:46:32 +0800] "GET /api/latest-version?platform=2 HTTP/1.1" 200 152 "https://www.shudaxia.com/" "Mozilla/5.0 (Windows NT 10.0; Win64; x64) AppleWebKit/537.36 (KHTML, like Gecko) Chrome/140.0.0.0 Safari/537.36 Edg/140.0.0.0; 360Spider"
111.6.230.164 - - [29/Jan/2026:03:46:32 +0800] "GET /api/latest-version?platform=2 HTTP/1.1" 200 152 "https://www.shudaxia.com/" "Mozilla/5.0 (Windows NT 10.0; Win64; x64) AppleWebKit/537.36 (KHTML, like Gecko) Chrome/140.0.0.0 Safari/537.36 Edg/140.0.0.0; 360Spider"
111.6.230.203 - - [29/Jan/2026:03:46:32 +0800] "GET /api/latest-version?platform=3 HTTP/1.1" 200 167 "https://www.shudaxia.com/" "Mozilla/5.0 (Windows NT 10.0; Win64; x64) AppleWebKit/537.36 (KHTML, like Gecko) Chrome/140.0.0.0 Safari/537.36 Edg/140.0.0.0; 360Spider"
111.6.230.158 - - [29/Jan/2026:03:46:32 +0800] "GET /doc/p1?_rsc=qax64 HTTP/1.1" 308 22 "https://www.shudaxia.com/" "Mozilla/5.0 (Windows NT 10.0; Win64; x64) AppleWebKit/537.36 (KHTML, like Gecko) Chrome/140.0.0.0 Safari/537.36 Edg/140.0.0.0; 360Spider"
111.6.230.219 - - [29/Jan/2026:03:46:32 +0800] "GET /mobile?_rsc=qax64 HTTP/1.1" 308 22 "https://www.shudaxia.com/" "Mozilla/5.0 (Windows NT 10.0; Win64; x64) AppleWebKit/537.36 (KHTML, like Gecko) Chrome/140.0.0.0 Safari/537.36 Edg/140.0.0.0; 360Spider"
111.6.230.164 - - [29/Jan/2026:03:46:32 +0800] "GET /api/latest-version?platform=2 HTTP/1.1" 200 152 "https://www.shudaxia.com/" "Mozilla/5.0 (Windows NT 10.0; Win64; x64) AppleWebKit/537.36 (KHTML, like Gecko) Chrome/140.0.0.0 Safari/537.36 Edg/140.0.0.0; 360Spider"
111.6.230.165 - - [29/Jan/2026:03:46:32 +0800] "GET /mouse-keyboard-test?_rsc=qax64 HTTP/1.1" 308 36 "https://www.shudaxia.com/" "Mozilla/5.0 (Windows NT 10.0; Win64; x64) AppleWebKit/537.36 (KHTML, like Gecko) Chrome/140.0.0.0 Safari/537.36 Edg/140.0.0.0; 360Spider"
111.6.230.203 - - [29/Jan/2026:03:46:32 +0800] "GET /api/latest-version?platform=3 HTTP/1.1" 200 167 "https://www.shudaxia.com/" "Mozilla/5.0 (Windows NT 10.0; Win64; x64) AppleWebKit/537.36 (KHTML, like Gecko) Chrome/140.0.0.0 Safari/537.36 Edg/140.0.0.0; 360Spider"
111.6.230.224 - - [29/Jan/2026:03:46:32 +0800] "GET /cpstest?_rsc=qax64 HTTP/1.1" 308 23 "https://www.shudaxia.com/" "Mozilla/5.0 (Windows NT 10.0; Win64; x64) AppleWebKit/537.36 (KHTML, like Gecko) Chrome/140.0.0.0 Safari/537.36 Edg/140.0.0.0; 360Spider"
111.6.230.203 - - [29/Jan/2026:03:46:32 +0800] "GET /api/latest-version?platform=3 HTTP/1.1" 200 167 "https://www.shudaxia.com/" "Mozilla/5.0 (Windows NT 10.0; Win64; x64) AppleWebKit/537.36 (KHTML, like Gecko) Chrome/140.0.0.0 Safari/537.36 Edg/140.0.0.0; 360Spider"
111.6.230.183 - - [29/Jan/2026:03:46:32 +0800] "GET /video?_rsc=qax64 HTTP/1.1" 308 21 "https://www.shudaxia.com/" "Mozilla/5.0 (Windows NT 10.0; Win64; x64) AppleWebKit/537.36 (KHTML, like Gecko) Chrome/140.0.0.0 Safari/537.36 Edg/140.0.0.0; 360Spider"
111.6.230.203 - - [29/Jan/2026:03:46:32 +0800] "GET /api/auth/session HTTP/1.1" 200 35 "https://www.shudaxia.com/" "Mozilla/5.0 (Windows NT 10.0; Win64; x64) AppleWebKit/537.36 (KHTML, like Gecko) Chrome/140.0.0.0 Safari/537.36 Edg/140.0.0.0; 360Spider"
111.6.230.213 - - [29/Jan/2026:03:46:32 +0800] "GET /doc/p1.html HTTP/1.1" 200 167 "https://www.shudaxia.com/" "Mozilla/5.0 (Windows NT 10.0; Win64; x64) AppleWebKit/537.36 (KHTML, like Gecko) Chrome/140.0.0.0 Safari/537.36 Edg/140.0.0.0; 360Spider"
111.6.230.190 - - [29/Jan/2026:03:46:33 +0800] "GET /mouse-click-train?_rsc=qax64 HTTP/1.1" 308 34 "https://www.shudaxia.com/" "Mozilla/5.0 (Windows NT 10.0; Win64; x64) AppleWebKit/537.36 (KHTML, like Gecko) Chrome/140.0.0.0 Safari/537.36 Edg/140.0.0.0; 360Spider"
111.6.230.192 - - [29/Jan/2026:03:46:33 +0800] "GET /scriptdiy?_rsc=qax64 HTTP/1.1" 308 25 "https://www.shudaxia.com/" "Mozilla/5.0 (Windows NT 10.0; Win64; x64) AppleWebKit/537.36 (KHTML, like Gecko) Chrome/140.0.0.0 Safari/537.36 Edg/140.0.0.0; 360Spider"
111.6.230.163 - - [29/Jan/2026:03:46:33 +0800] "GET /feedback?_rsc=qax64 HTTP/1.1" 308 24 "https://www.shudaxia.com/" "Mozilla/5.0 (Windows NT 10.0; Win64; x64) AppleWebKit/537.36 (KHTML, like Gecko) Chrome/140.0.0.0 Safari/537.36 Edg/140.0.0.0; 360Spider"
111.6.230.176 - - [29/Jan/2026:03:48:47 +0800] "GET /faq/kuai-su-dian-ji-qi.html HTTP/1.1" 200 16827 "-" "Mozilla/5.0 (Linux; Android 5.0) AppleWebKit/537.36 (KHTML, like Gecko) Mobile Safari/537.36 (compatible; Bytespider; https://zhanzhang.toutiao.com/)"
111.6.230.231 - - [29/Jan/2026:03:48:49 +0800] "GET /faq/p1?_rsc=orma1 HTTP/1.1" 308 22 "https://www.shudaxia.com/faq/kuai-su-dian-ji-qi.html" "Mozilla/5.0 (Linux; Android 5.0) AppleWebKit/537.36 (KHTML, like Gecko) Mobile Safari/537.36 (compatible; Bytespider; https://zhanzhang.toutiao.com/)"
111.6.230.182 - - [29/Jan/2026:03:48:49 +0800] "GET /news/p1?_rsc=orma1 HTTP/1.1" 308 23 "https://www.shudaxia.com/faq/kuai-su-dian-ji-qi.html" "Mozilla/5.0 (Linux; Android 5.0) AppleWebKit/537.36 (KHTML, like Gecko) Mobile Safari/537.36 (compatible; Bytespider; https://zhanzhang.toutiao.com/)"
111.6.230.203 - - [29/Jan/2026:03:48:49 +0800] "GET /api/auth/session HTTP/1.1" 200 35 "https://www.shudaxia.com/faq/kuai-su-dian-ji-qi.html" "Mozilla/5.0 (Linux; Android 5.0) AppleWebKit/537.36 (KHTML, like Gecko) Mobile Safari/537.36 (compatible; Bytespider; https://zhanzhang.toutiao.com/)"
111.6.230.213 - - [29/Jan/2026:03:48:49 +0800] "GET /doc/p1?_rsc=orma1 HTTP/1.1" 308 22 "https://www.shudaxia.com/faq/kuai-su-dian-ji-qi.html" "Mozilla/5.0 (Linux; Android 5.0) AppleWebKit/537.36 (KHTML, like Gecko) Mobile Safari/537.36 (compatible; Bytespider; https://zhanzhang.toutiao.com/)"
111.6.230.164 - - [29/Jan/2026:03:48:49 +0800] "GET /api/latest-version?platform=2 HTTP/1.1" 200 152 "https://www.shudaxia.com/faq/kuai-su-dian-ji-qi.html" "Mozilla/5.0 (Linux; Android 5.0) AppleWebKit/537.36 (KHTML, like Gecko) Mobile Safari/537.36 (compatible; Bytespider; https://zhanzhang.toutiao.com/)"
111.6.230.176 - - [29/Jan/2026:03:48:49 +0800] "POST /api/articles/61/view HTTP/1.1" 200 1780 "https://www.shudaxia.com/faq/kuai-su-dian-ji-qi.html" "Mozilla/5.0 (Linux; Android 5.0) AppleWebKit/537.36 (KHTML, like Gecko) Mobile Safari/537.36 (compatible; Bytespider; https://zhanzhang.toutiao.com/)"
111.6.230.203 - - [29/Jan/2026:03:48:49 +0800] "GET /api/latest-version?platform=3 HTTP/1.1" 200 167 "https://www.shudaxia.com/faq/kuai-su-dian-ji-qi.html" "Mozilla/5.0 (Linux; Android 5.0) AppleWebKit/537.36 (KHTML, like Gecko) Mobile Safari/537.36 (compatible; Bytespider; https://zhanzhang.toutiao.com/)"
111.6.230.158 - - [29/Jan/2026:03:48:49 +0800] "GET /news/p1.html HTTP/1.1" 200 167 "https://www.shudaxia.com/faq/kuai-su-dian-ji-qi.html" "Mozilla/5.0 (Linux; Android 5.0) AppleWebKit/537.36 (KHTML, like Gecko) Mobile Safari/537.36 (compatible; Bytespider; https://zhanzhang.toutiao.com/)"
111.6.230.196 - - [29/Jan/2026:03:48:49 +0800] "GET /faq?_rsc=orma1 HTTP/1.1" 308 19 "https://www.shudaxia.com/faq/kuai-su-dian-ji-qi.html" "Mozilla/5.0 (Linux; Android 5.0) AppleWebKit/537.36 (KHTML, like Gecko) Mobile Safari/537.36 (compatible; Bytespider; https://zhanzhang.toutiao.com/)"
111.6.230.155 - - [29/Jan/2026:03:48:49 +0800] "GET /faq/p1.html HTTP/1.1" 200 166 "https://www.shudaxia.com/faq/kuai-su-dian-ji-qi.html" "Mozilla/5.0 (Linux; Android 5.0) AppleWebKit/537.36 (KHTML, like Gecko) Mobile Safari/537.36 (compatible; Bytespider; https://zhanzhang.toutiao.com/)"
111.6.230.177 - - [29/Jan/2026:03:48:49 +0800] "GET /?_rsc=orma1 HTTP/1.1" 200 142 "https://www.shudaxia.com/faq/kuai-su-dian-ji-qi.html" "Mozilla/5.0 (Linux; Android 5.0) AppleWebKit/537.36 (KHTML, like Gecko) Mobile Safari/537.36 (compatible; Bytespider; https://zhanzhang.toutiao.com/)"
111.6.230.165 - - [29/Jan/2026:03:48:49 +0800] "GET /api/footer-links HTTP/1.1" 200 535 "https://www.shudaxia.com/faq/kuai-su-dian-ji-qi.html" "Mozilla/5.0 (Linux; Android 5.0) AppleWebKit/537.36 (KHTML, like Gecko) Mobile Safari/537.36 (compatible; Bytespider; https://zhanzhang.toutiao.com/)"
111.6.230.164 - - [29/Jan/2026:03:48:49 +0800] "GET /api/latest-version?platform=2 HTTP/1.1" 200 152 "https://www.shudaxia.com/faq/kuai-su-dian-ji-qi.html" "Mozilla/5.0 (Linux; Android 5.0) AppleWebKit/537.36 (KHTML, like Gecko) Mobile Safari/537.36 (compatible; Bytespider; https://zhanzhang.toutiao.com/)"
111.6.230.203 - - [29/Jan/2026:03:48:49 +0800] "GET /api/latest-version?platform=3 HTTP/1.1" 200 167 "https://www.shudaxia.com/faq/kuai-su-dian-ji-qi.html" "Mozilla/5.0 (Linux; Android 5.0) AppleWebKit/537.36 (KHTML, like Gecko) Mobile Safari/537.36 (compatible; Bytespider; https://zhanzhang.toutiao.com/)"
111.6.230.203 - - [29/Jan/2026:03:48:49 +0800] "GET /api/auth/session HTTP/1.1" 200 35 "https://www.shudaxia.com/faq/kuai-su-dian-ji-qi.html" "Mozilla/5.0 (Linux; Android 5.0) AppleWebKit/537.36 (KHTML, like Gecko) Mobile Safari/537.36 (compatible; Bytespider; https://zhanzhang.toutiao.com/)"
111.6.230.213 - - [29/Jan/2026:03:48:49 +0800] "GET /doc/p1.html HTTP/1.1" 200 167 "https://www.shudaxia.com/faq/kuai-su-dian-ji-qi.html" "Mozilla/5.0 (Linux; Android 5.0) AppleWebKit/537.36 (KHTML, like Gecko) Mobile Safari/537.36 (compatible; Bytespider; https://zhanzhang.toutiao.com/)"
111.6.230.154 - - [29/Jan/2026:03:48:49 +0800] "GET /faq.html HTTP/1.1" 200 163 "https://www.shudaxia.com/faq/kuai-su-dian-ji-qi.html" "Mozilla/5.0 (Linux; Android 5.0) AppleWebKit/537.36 (KHTML, like Gecko) Mobile Safari/537.36 (compatible; Bytespider; https://zhanzhang.toutiao.com/)"
111.6.230.231 - - [29/Jan/2026:03:52:10 +0800] "GET / HTTP/1.1" 200 24804 "-" "Mozilla/5.0 (Linux; Android 5.0) AppleWebKit/537.36 (KHTML, like Gecko) Mobile Safari/537.36 (compatible; Bytespider; https://zhanzhang.toutiao.com/)"
111.6.230.203 - - [29/Jan/2026:03:52:11 +0800] "GET /api/latest-version?platform=3 HTTP/1.1" 200 167 "https://www.shudaxia.com/" "Mozilla/5.0 (Linux; Android 5.0) AppleWebKit/537.36 (KHTML, like Gecko) Mobile Safari/537.36 (compatible; Bytespider; https://zhanzhang.toutiao.com/)"
111.6.230.164 - - [29/Jan/2026:03:52:11 +0800] "GET /api/latest-version?platform=2 HTTP/1.1" 200 152 "https://www.shudaxia.com/" "Mozilla/5.0 (Linux; Android 5.0) AppleWebKit/537.36 (KHTML, like Gecko) Mobile Safari/537.36 (compatible; Bytespider; https://zhanzhang.toutiao.com/)"
111.6.230.165 - - [29/Jan/2026:03:52:11 +0800] "GET /api/footer-links HTTP/1.1" 200 535 "https://www.shudaxia.com/" "Mozilla/5.0 (Linux; Android 5.0) AppleWebKit/537.36 (KHTML, like Gecko) Mobile Safari/537.36 (compatible; Bytespider; https://zhanzhang.toutiao.com/)"
111.6.230.203 - - [29/Jan/2026:03:52:11 +0800] "GET /api/auth/session HTTP/1.1" 200 35 "https://www.shudaxia.com/" "Mozilla/5.0 (Linux; Android 5.0) AppleWebKit/537.36 (KHTML, like Gecko) Mobile Safari/537.36 (compatible; Bytespider; https://zhanzhang.toutiao.com/)"
111.6.230.203 - - [29/Jan/2026:03:52:11 +0800] "GET /api/latest-version?platform=3 HTTP/1.1" 200 167 "https://www.shudaxia.com/" "Mozilla/5.0 (Linux; Android 5.0) AppleWebKit/537.36 (KHTML, like Gecko) Mobile Safari/537.36 (compatible; Bytespider; https://zhanzhang.toutiao.com/)"
