111.6.230.168 - - [29/Jan/2026:02:51:13 +0800] "GET /faq/p1?_rsc=19750 HTTP/1.1" 308 22 "https://www.shudaxia.com/news/shubiao-dianjiqi-wufa-qiyong-zuixin-fangan.html" "Mozilla/5.0 (Linux; Android 5.0) AppleWebKit/537.36 (KHTML, like Gecko) Mobile Safari/537.36 (compatible; Bytespider; https://zhanzhang.toutiao.com/)"
111.6.230.198 - - [29/Jan/2026:02:51:13 +0800] "GET /news/p1?_rsc=19750 HTTP/1.1" 308 23 "https://www.shudaxia.com/news/shubiao-dianjiqi-wufa-qiyong-zuixin-fangan.html" "Mozilla/5.0 (Linux; Android 5.0) AppleWebKit/537.36 (KHTML, like Gecko) Mobile Safari/537.36 (compatible; Bytespider; https://zhanzhang.toutiao.com/)"
111.6.230.164 - - [29/Jan/2026:02:51:13 +0800] "GET /api/latest-version?platform=2 HTTP/1.1" 200 152 "https://www.shudaxia.com/news/shubiao-dianjiqi-wufa-qiyong-zuixin-fangan.html" "Mozilla/5.0 (Linux; Android 5.0) AppleWebKit/537.36 (KHTML, like Gecko) Mobile Safari/537.36 (compatible; Bytespider; https://zhanzhang.toutiao.com/)"
111.6.230.181 - - [29/Jan/2026:02:51:13 +0800] "GET /?_rsc=19750 HTTP/1.1" 200 142 "https://www.shudaxia.com/news/shubiao-dianjiqi-wufa-qiyong-zuixin-fangan.html" "Mozilla/5.0 (Linux; Android 5.0) AppleWebKit/537.36 (KHTML, like Gecko) Mobile Safari/537.36 (compatible; Bytespider; https://zhanzhang.toutiao.com/)"
111.6.230.203 - - [29/Jan/2026:02:51:13 +0800] "GET /api/auth/session HTTP/1.1" 200 35 "https://www.shudaxia.com/news/shubiao-dianjiqi-wufa-qiyong-zuixin-fangan.html" "Mozilla/5.0 (Linux; Android 5.0) AppleWebKit/537.36 (KHTML, like Gecko) Mobile Safari/537.36 (compatible; Bytespider; https://zhanzhang.toutiao.com/)"
111.6.230.213 - - [29/Jan/2026:02:51:13 +0800] "GET /doc/p1.html HTTP/1.1" 200 167 "https://www.shudaxia.com/news/shubiao-dianjiqi-wufa-qiyong-zuixin-fangan.html" "Mozilla/5.0 (Linux; Android 5.0) AppleWebKit/537.36 (KHTML, like Gecko) Mobile Safari/537.36 (compatible; Bytespider; https://zhanzhang.toutiao.com/)"
111.6.230.155 - - [29/Jan/2026:02:51:13 +0800] "GET /faq/p1.html HTTP/1.1" 200 166 "https://www.shudaxia.com/news/shubiao-dianjiqi-wufa-qiyong-zuixin-fangan.html" "Mozilla/5.0 (Linux; Android 5.0) AppleWebKit/537.36 (KHTML, like Gecko) Mobile Safari/537.36 (compatible; Bytespider; https://zhanzhang.toutiao.com/)"
111.6.230.158 - - [29/Jan/2026:02:51:13 +0800] "GET /news/p1.html HTTP/1.1" 200 167 "https://www.shudaxia.com/news/shubiao-dianjiqi-wufa-qiyong-zuixin-fangan.html" "Mozilla/5.0 (Linux; Android 5.0) AppleWebKit/537.36 (KHTML, like Gecko) Mobile Safari/537.36 (compatible; Bytespider; https://zhanzhang.toutiao.com/)"
111.6.230.162 - - [29/Jan/2026:02:51:14 +0800] "GET /news?_rsc=19750 HTTP/1.1" 308 20 "https://www.shudaxia.com/news/shubiao-dianjiqi-wufa-qiyong-zuixin-fangan.html" "Mozilla/5.0 (Linux; Android 5.0) AppleWebKit/537.36 (KHTML, like Gecko) Mobile Safari/537.36 (compatible; Bytespider; https://zhanzhang.toutiao.com/)"
111.6.230.230 - - [29/Jan/2026:02:51:14 +0800] "GET /news.html HTTP/1.1" 200 164 "https://www.shudaxia.com/news/shubiao-dianjiqi-wufa-qiyong-zuixin-fangan.html" "Mozilla/5.0 (Linux; Android 5.0) AppleWebKit/537.36 (KHTML, like Gecko) Mobile Safari/537.36 (compatible; Bytespider; https://zhanzhang.toutiao.com/)"
111.6.230.215 - - [29/Jan/2026:02:51:46 +0800] "GET / HTTP/1.1" 200 24873 "-" "Mozilla/5.0 (Linux; Android 5.0) AppleWebKit/537.36 (KHTML, like Gecko) Mobile Safari/537.36 (compatible; Bytespider; https://zhanzhang.toutiao.com/)"
111.6.230.203 - - [29/Jan/2026:02:51:47 +0800] "GET /api/latest-version?platform=3 HTTP/1.1" 200 167 "https://www.shudaxia.com/" "Mozilla/5.0 (Linux; Android 5.0) AppleWebKit/537.36 (KHTML, like Gecko) Mobile Safari/537.36 (compatible; Bytespider; https://zhanzhang.toutiao.com/)"
111.6.230.164 - - [29/Jan/2026:02:51:47 +0800] "GET /api/latest-version?platform=2 HTTP/1.1" 200 152 "https://www.shudaxia.com/" "Mozilla/5.0 (Linux; Android 5.0) AppleWebKit/537.36 (KHTML, like Gecko) Mobile Safari/537.36 (compatible; Bytespider; https://zhanzhang.toutiao.com/)"
111.6.230.203 - - [29/Jan/2026:02:51:47 +0800] "GET /api/latest-version?platform=3 HTTP/1.1" 200 167 "https://www.shudaxia.com/" "Mozilla/5.0 (Linux; Android 5.0) AppleWebKit/537.36 (KHTML, like Gecko) Mobile Safari/537.36 (compatible; Bytespider; https://zhanzhang.toutiao.com/)"
111.6.230.164 - - [29/Jan/2026:02:51:48 +0800] "GET /api/latest-version?platform=2 HTTP/1.1" 200 152 "https://www.shudaxia.com/" "Mozilla/5.0 (Linux; Android 5.0) AppleWebKit/537.36 (KHTML, like Gecko) Mobile Safari/537.36 (compatible; Bytespider; https://zhanzhang.toutiao.com/)"
111.6.230.203 - - [29/Jan/2026:02:51:48 +0800] "GET /api/latest-version?platform=3 HTTP/1.1" 200 167 "https://www.shudaxia.com/" "Mozilla/5.0 (Linux; Android 5.0) AppleWebKit/537.36 (KHTML, like Gecko) Mobile Safari/537.36 (compatible; Bytespider; https://zhanzhang.toutiao.com/)"
111.6.230.165 - - [29/Jan/2026:02:51:48 +0800] "GET /api/footer-links HTTP/1.1" 200 535 "https://www.shudaxia.com/" "Mozilla/5.0 (Linux; Android 5.0) AppleWebKit/537.36 (KHTML, like Gecko) Mobile Safari/537.36 (compatible; Bytespider; https://zhanzhang.toutiao.com/)"
111.6.230.203 - - [29/Jan/2026:02:51:48 +0800] "GET /api/auth/session HTTP/1.1" 200 35 "https://www.shudaxia.com/" "Mozilla/5.0 (Linux; Android 5.0) AppleWebKit/537.36 (KHTML, like Gecko) Mobile Safari/537.36 (compatible; Bytespider; https://zhanzhang.toutiao.com/)"
111.6.230.203 - - [29/Jan/2026:02:51:48 +0800] "GET /api/latest-version?platform=3 HTTP/1.1" 200 167 "https://www.shudaxia.com/" "Mozilla/5.0 (Linux; Android 5.0) AppleWebKit/537.36 (KHTML, like Gecko) Mobile Safari/537.36 (compatible; Bytespider; https://zhanzhang.toutiao.com/)"
111.6.230.164 - - [29/Jan/2026:02:51:48 +0800] "GET /api/latest-version?platform=2 HTTP/1.1" 200 152 "https://www.shudaxia.com/" "Mozilla/5.0 (Linux; Android 5.0) AppleWebKit/537.36 (KHTML, like Gecko) Mobile Safari/537.36 (compatible; Bytespider; https://zhanzhang.toutiao.com/)"
111.6.230.203 - - [29/Jan/2026:02:51:48 +0800] "GET /api/auth/session HTTP/1.1" 200 35 "https://www.shudaxia.com/" "Mozilla/5.0 (Linux; Android 5.0) AppleWebKit/537.36 (KHTML, like Gecko) Mobile Safari/537.36 (compatible; Bytespider; https://zhanzhang.toutiao.com/)"
111.6.230.203 - - [29/Jan/2026:02:51:48 +0800] "GET /api/latest-version?platform=3 HTTP/1.1" 200 167 "https://www.shudaxia.com/" "Mozilla/5.0 (Linux; Android 5.0) AppleWebKit/537.36 (KHTML, like Gecko) Mobile Safari/537.36 (compatible; Bytespider; https://zhanzhang.toutiao.com/)"
111.6.230.164 - - [29/Jan/2026:02:51:48 +0800] "GET /api/latest-version?platform=2 HTTP/1.1" 200 152 "https://www.shudaxia.com/" "Mozilla/5.0 (Linux; Android 5.0) AppleWebKit/537.36 (KHTML, like Gecko) Mobile Safari/537.36 (compatible; Bytespider; https://zhanzhang.toutiao.com/)"
221.195.236.38 - - [29/Jan/2026:02:52:22 +0800] "GET / HTTP/1.1" 200 24484 "-" "YisouSpider"
221.195.236.77 - - [29/Jan/2026:02:52:22 +0800] "GET /api/latest-version?platform=3 HTTP/1.1" 200 167 "https://www.shudaxia.com/" "YisouSpider"
221.195.236.68 - - [29/Jan/2026:02:52:22 +0800] "GET /api/auth/session HTTP/1.1" 200 35 "https://www.shudaxia.com/" "YisouSpider"
221.195.236.77 - - [29/Jan/2026:02:52:22 +0800] "GET /api/footer-links HTTP/1.1" 200 535 "https://www.shudaxia.com/" "YisouSpider"
221.195.236.24 - - [29/Jan/2026:02:52:22 +0800] "GET /mobile?_rsc=qax64 HTTP/1.1" 308 22 "https://www.shudaxia.com/" "YisouSpider"
221.195.236.97 - - [29/Jan/2026:02:52:23 +0800] "GET /api/latest-version?platform=3 HTTP/1.1" 200 167 "https://www.shudaxia.com/" "YisouSpider"
221.195.236.21 - - [29/Jan/2026:02:52:23 +0800] "GET /api/latest-version?platform=2 HTTP/1.1" 200 152 "https://www.shudaxia.com/" "YisouSpider"
221.195.236.53 - - [29/Jan/2026:02:52:23 +0800] "GET /api/latest-version?platform=3 HTTP/1.1" 200 167 "https://www.shudaxia.com/" "YisouSpider"
221.195.236.24 - - [29/Jan/2026:02:52:23 +0800] "GET /doc/p1?_rsc=qax64 HTTP/1.1" 308 22 "https://www.shudaxia.com/" "YisouSpider"
221.195.236.84 - - [29/Jan/2026:02:52:23 +0800] "GET /api/latest-version?platform=2 HTTP/1.1" 200 152 "https://www.shudaxia.com/" "YisouSpider"
221.195.236.81 - - [29/Jan/2026:02:52:23 +0800] "GET /video?_rsc=qax64 HTTP/1.1" 308 21 "https://www.shudaxia.com/" "YisouSpider"
221.195.236.84 - - [29/Jan/2026:02:52:23 +0800] "GET /cpstest?_rsc=qax64 HTTP/1.1" 308 23 "https://www.shudaxia.com/" "YisouSpider"
221.195.236.71 - - [29/Jan/2026:02:52:23 +0800] "GET /mouse-keyboard-test?_rsc=qax64 HTTP/1.1" 308 36 "https://www.shudaxia.com/" "YisouSpider"
221.195.236.56 - - [29/Jan/2026:02:52:23 +0800] "GET /api/latest-version?platform=3 HTTP/1.1" 200 167 "https://www.shudaxia.com/" "YisouSpider"
221.195.236.78 - - [29/Jan/2026:02:52:23 +0800] "GET /api/latest-version?platform=2 HTTP/1.1" 200 152 "https://www.shudaxia.com/" "YisouSpider"
221.195.236.89 - - [29/Jan/2026:02:52:23 +0800] "GET /api/latest-version?platform=2 HTTP/1.1" 200 152 "https://www.shudaxia.com/" "YisouSpider"
221.195.236.46 - - [29/Jan/2026:02:52:23 +0800] "GET /doc/p1.html HTTP/1.1" 200 167 "https://www.shudaxia.com/" "YisouSpider"
221.195.236.76 - - [29/Jan/2026:02:52:23 +0800] "GET /api/auth/session HTTP/1.1" 200 35 "https://www.shudaxia.com/" "YisouSpider"
221.195.236.16 - - [29/Jan/2026:02:52:23 +0800] "GET /mouse-click-train?_rsc=qax64 HTTP/1.1" 308 34 "https://www.shudaxia.com/" "YisouSpider"
221.195.236.97 - - [29/Jan/2026:02:52:23 +0800] "GET /feedback?_rsc=qax64 HTTP/1.1" 308 24 "https://www.shudaxia.com/" "YisouSpider"
221.195.236.71 - - [29/Jan/2026:02:53:11 +0800] "GET / HTTP/1.1" 200 24610 "-" "Mozilla/5.0 (iPhone; CPU iPhone OS 16_3 like Mac OS X) AppleWebKit/605.1.15 (KHTML, like Gecko) Version/16.2 Mobile/15E148 YisouSpider/5.0 Safari/604.1"
111.6.230.215 - - [29/Jan/2026:02:53:24 +0800] "GET / HTTP/1.1" 200 24804 "-" "Mozilla/5.0 (Linux; Android 5.0) AppleWebKit/537.36 (KHTML, like Gecko) Mobile Safari/537.36 (compatible; Bytespider; https://zhanzhang.toutiao.com/)"
111.6.230.164 - - [29/Jan/2026:02:53:25 +0800] "GET /api/latest-version?platform=2 HTTP/1.1" 200 152 "https://www.shudaxia.com/" "Mozilla/5.0 (Linux; Android 5.0) AppleWebKit/537.36 (KHTML, like Gecko) Mobile Safari/537.36 (compatible; Bytespider; https://zhanzhang.toutiao.com/)"
111.6.230.203 - - [29/Jan/2026:02:53:25 +0800] "GET /api/latest-version?platform=3 HTTP/1.1" 200 167 "https://www.shudaxia.com/" "Mozilla/5.0 (Linux; Android 5.0) AppleWebKit/537.36 (KHTML, like Gecko) Mobile Safari/537.36 (compatible; Bytespider; https://zhanzhang.toutiao.com/)"
111.6.230.165 - - [29/Jan/2026:02:53:25 +0800] "GET /api/footer-links HTTP/1.1" 200 535 "https://www.shudaxia.com/" "Mozilla/5.0 (Linux; Android 5.0) AppleWebKit/537.36 (KHTML, like Gecko) Mobile Safari/537.36 (compatible; Bytespider; https://zhanzhang.toutiao.com/)"
111.6.230.203 - - [29/Jan/2026:02:53:25 +0800] "GET /api/auth/session HTTP/1.1" 200 35 "https://www.shudaxia.com/" "Mozilla/5.0 (Linux; Android 5.0) AppleWebKit/537.36 (KHTML, like Gecko) Mobile Safari/537.36 (compatible; Bytespider; https://zhanzhang.toutiao.com/)"
111.6.230.164 - - [29/Jan/2026:02:53:25 +0800] "GET /api/latest-version?platform=2 HTTP/1.1" 200 152 "https://www.shudaxia.com/" "Mozilla/5.0 (Linux; Android 5.0) AppleWebKit/537.36 (KHTML, like Gecko) Mobile Safari/537.36 (compatible; Bytespider; https://zhanzhang.toutiao.com/)"
111.6.230.203 - - [29/Jan/2026:02:53:25 +0800] "GET /api/latest-version?platform=3 HTTP/1.1" 200 167 "https://www.shudaxia.com/" "Mozilla/5.0 (Linux; Android 5.0) AppleWebKit/537.36 (KHTML, like Gecko) Mobile Safari/537.36 (compatible; Bytespider; https://zhanzhang.toutiao.com/)"
111.6.230.203 - - [29/Jan/2026:02:53:25 +0800] "GET /api/auth/session HTTP/1.1" 200 35 "https://www.shudaxia.com/" "Mozilla/5.0 (Linux; Android 5.0) AppleWebKit/537.36 (KHTML, like Gecko) Mobile Safari/537.36 (compatible; Bytespider; https://zhanzhang.toutiao.com/)"
111.6.230.164 - - [29/Jan/2026:02:53:25 +0800] "GET /api/latest-version?platform=2 HTTP/1.1" 200 152 "https://www.shudaxia.com/" "Mozilla/5.0 (Linux; Android 5.0) AppleWebKit/537.36 (KHTML, like Gecko) Mobile Safari/537.36 (compatible; Bytespider; https://zhanzhang.toutiao.com/)"
111.6.230.203 - - [29/Jan/2026:02:53:25 +0800] "GET /api/latest-version?platform=3 HTTP/1.1" 200 167 "https://www.shudaxia.com/" "Mozilla/5.0 (Linux; Android 5.0) AppleWebKit/537.36 (KHTML, like Gecko) Mobile Safari/537.36 (compatible; Bytespider; https://zhanzhang.toutiao.com/)"
111.6.230.164 - - [29/Jan/2026:02:53:25 +0800] "GET /api/latest-version?platform=2 HTTP/1.1" 200 152 "https://www.shudaxia.com/" "Mozilla/5.0 (Linux; Android 5.0) AppleWebKit/537.36 (KHTML, like Gecko) Mobile Safari/537.36 (compatible; Bytespider; https://zhanzhang.toutiao.com/)"
111.6.230.203 - - [29/Jan/2026:02:53:25 +0800] "GET /api/latest-version?platform=3 HTTP/1.1" 200 167 "https://www.shudaxia.com/" "Mozilla/5.0 (Linux; Android 5.0) AppleWebKit/537.36 (KHTML, like Gecko) Mobile Safari/537.36 (compatible; Bytespider; https://zhanzhang.toutiao.com/)"
111.6.230.203 - - [29/Jan/2026:02:53:25 +0800] "GET /api/latest-version?platform=3 HTTP/1.1" 200 167 "https://www.shudaxia.com/" "Mozilla/5.0 (Linux; Android 5.0) AppleWebKit/537.36 (KHTML, like Gecko) Mobile Safari/537.36 (compatible; Bytespider; https://zhanzhang.toutiao.com/)"
111.6.230.150 - - [29/Jan/2026:02:55:20 +0800] "GET /news/shu-biao-zi-dong-dian-ji.html HTTP/1.1" 200 20313 "-" "Mozilla/5.0 (compatible; Bytespider; https://zhanzhang.toutiao.com/) AppleWebKit/537.36 (KHTML, like Gecko) Chrome/70.0.0.0 Safari/537.36"
111.6.230.203 - - [29/Jan/2026:02:55:21 +0800] "GET /api/latest-version?platform=3 HTTP/1.1" 200 167 "https://www.shudaxia.com/news/shu-biao-zi-dong-dian-ji.html" "Mozilla/5.0 (compatible; Bytespider; https://zhanzhang.toutiao.com/) AppleWebKit/537.36 (KHTML, like Gecko) Chrome/70.0.0.0 Safari/537.36"
111.6.230.164 - - [29/Jan/2026:02:55:21 +0800] "GET /api/latest-version?platform=2 HTTP/1.1" 200 152 "https://www.shudaxia.com/news/shu-biao-zi-dong-dian-ji.html" "Mozilla/5.0 (compatible; Bytespider; https://zhanzhang.toutiao.com/) AppleWebKit/537.36 (KHTML, like Gecko) Chrome/70.0.0.0 Safari/537.36"
111.6.230.187 - - [29/Jan/2026:02:55:21 +0800] "POST /api/articles/59/view HTTP/1.1" 200 3198 "https://www.shudaxia.com/news/shu-biao-zi-dong-dian-ji.html" "Mozilla/5.0 (compatible; Bytespider; https://zhanzhang.toutiao.com/) AppleWebKit/537.36 (KHTML, like Gecko) Chrome/70.0.0.0 Safari/537.36"
111.6.230.203 - - [29/Jan/2026:02:55:21 +0800] "GET /api/auth/session HTTP/1.1" 200 35 "https://www.shudaxia.com/news/shu-biao-zi-dong-dian-ji.html" "Mozilla/5.0 (compatible; Bytespider; https://zhanzhang.toutiao.com/) AppleWebKit/537.36 (KHTML, like Gecko) Chrome/70.0.0.0 Safari/537.36"
111.6.230.165 - - [29/Jan/2026:02:55:21 +0800] "GET /api/footer-links HTTP/1.1" 200 535 "https://www.shudaxia.com/news/shu-biao-zi-dong-dian-ji.html" "Mozilla/5.0 (compatible; Bytespider; https://zhanzhang.toutiao.com/) AppleWebKit/537.36 (KHTML, like Gecko) Chrome/70.0.0.0 Safari/537.36"
111.6.230.203 - - [29/Jan/2026:02:55:21 +0800] "GET /api/latest-version?platform=3 HTTP/1.1" 200 167 "https://www.shudaxia.com/news/shu-biao-zi-dong-dian-ji.html" "Mozilla/5.0 (compatible; Bytespider; https://zhanzhang.toutiao.com/) AppleWebKit/537.36 (KHTML, like Gecko) Chrome/70.0.0.0 Safari/537.36"
111.6.230.164 - - [29/Jan/2026:02:55:21 +0800] "GET /api/latest-version?platform=2 HTTP/1.1" 200 152 "https://www.shudaxia.com/news/shu-biao-zi-dong-dian-ji.html" "Mozilla/5.0 (compatible; Bytespider; https://zhanzhang.toutiao.com/) AppleWebKit/537.36 (KHTML, like Gecko) Chrome/70.0.0.0 Safari/537.36"
111.6.230.211 - - [29/Jan/2026:02:55:22 +0800] "GET /mobile?_rsc=18inx HTTP/1.1" 308 22 "https://www.shudaxia.com/news/shu-biao-zi-dong-dian-ji.html" "Mozilla/5.0 (compatible; Bytespider; https://zhanzhang.toutiao.com/) AppleWebKit/537.36 (KHTML, like Gecko) Chrome/70.0.0.0 Safari/537.36"
111.6.230.155 - - [29/Jan/2026:02:55:22 +0800] "GET /doc/p1?_rsc=18inx HTTP/1.1" 308 22 "https://www.shudaxia.com/news/shu-biao-zi-dong-dian-ji.html" "Mozilla/5.0 (compatible; Bytespider; https://zhanzhang.toutiao.com/) AppleWebKit/537.36 (KHTML, like Gecko) Chrome/70.0.0.0 Safari/537.36"
111.6.230.219 - - [29/Jan/2026:02:55:22 +0800] "GET /?_rsc=18inx HTTP/1.1" 200 142 "https://www.shudaxia.com/news/shu-biao-zi-dong-dian-ji.html" "Mozilla/5.0 (compatible; Bytespider; https://zhanzhang.toutiao.com/) AppleWebKit/537.36 (KHTML, like Gecko) Chrome/70.0.0.0 Safari/537.36"
111.6.230.201 - - [29/Jan/2026:02:55:22 +0800] "GET /video?_rsc=18inx HTTP/1.1" 308 21 "https://www.shudaxia.com/news/shu-biao-zi-dong-dian-ji.html" "Mozilla/5.0 (compatible; Bytespider; https://zhanzhang.toutiao.com/) AppleWebKit/537.36 (KHTML, like Gecko) Chrome/70.0.0.0 Safari/537.36"
111.6.230.178 - - [29/Jan/2026:02:55:22 +0800] "GET /mouse-keyboard-test?_rsc=18inx HTTP/1.1" 308 36 "https://www.shudaxia.com/news/shu-biao-zi-dong-dian-ji.html" "Mozilla/5.0 (compatible; Bytespider; https://zhanzhang.toutiao.com/) AppleWebKit/537.36 (KHTML, like Gecko) Chrome/70.0.0.0 Safari/537.36"
111.6.230.203 - - [29/Jan/2026:02:55:22 +0800] "GET /api/auth/session HTTP/1.1" 200 35 "https://www.shudaxia.com/news/shu-biao-zi-dong-dian-ji.html" "Mozilla/5.0 (compatible; Bytespider; https://zhanzhang.toutiao.com/) AppleWebKit/537.36 (KHTML, like Gecko) Chrome/70.0.0.0 Safari/537.36"
111.6.230.213 - - [29/Jan/2026:02:55:22 +0800] "GET /doc/p1.html HTTP/1.1" 200 167 "https://www.shudaxia.com/news/shu-biao-zi-dong-dian-ji.html" "Mozilla/5.0 (compatible; Bytespider; https://zhanzhang.toutiao.com/) AppleWebKit/537.36 (KHTML, like Gecko) Chrome/70.0.0.0 Safari/537.36"
111.6.230.153 - - [29/Jan/2026:02:55:22 +0800] "GET /cpstest?_rsc=18inx HTTP/1.1" 308 23 "https://www.shudaxia.com/news/shu-biao-zi-dong-dian-ji.html" "Mozilla/5.0 (compatible; Bytespider; https://zhanzhang.toutiao.com/) AppleWebKit/537.36 (KHTML, like Gecko) Chrome/70.0.0.0 Safari/537.36"
111.6.230.150 - - [29/Jan/2026:02:55:23 +0800] "GET /mouse-click-train?_rsc=18inx HTTP/1.1" 308 34 "https://www.shudaxia.com/news/shu-biao-zi-dong-dian-ji.html" "Mozilla/5.0 (compatible; Bytespider; https://zhanzhang.toutiao.com/) AppleWebKit/537.36 (KHTML, like Gecko) Chrome/70.0.0.0 Safari/537.36"
111.6.230.150 - - [29/Jan/2026:02:55:23 +0800] "GET /feedback?_rsc=18inx HTTP/1.1" 308 24 "https://www.shudaxia.com/news/shu-biao-zi-dong-dian-ji.html" "Mozilla/5.0 (compatible; Bytespider; https://zhanzhang.toutiao.com/) AppleWebKit/537.36 (KHTML, like Gecko) Chrome/70.0.0.0 Safari/537.36"
111.6.230.198 - - [29/Jan/2026:02:55:23 +0800] "GET /scriptdiy?_rsc=18inx HTTP/1.1" 308 25 "https://www.shudaxia.com/news/shu-biao-zi-dong-dian-ji.html" "Mozilla/5.0 (compatible; Bytespider; https://zhanzhang.toutiao.com/) AppleWebKit/537.36 (KHTML, like Gecko) Chrome/70.0.0.0 Safari/537.36"
111.6.230.227 - - [29/Jan/2026:02:55:23 +0800] "GET /doc/quickstart/p1?_rsc=18inx HTTP/1.1" 308 34 "https://www.shudaxia.com/news/shu-biao-zi-dong-dian-ji.html" "Mozilla/5.0 (compatible; Bytespider; https://zhanzhang.toutiao.com/) AppleWebKit/537.36 (KHTML, like Gecko) Chrome/70.0.0.0 Safari/537.36"
111.6.230.170 - - [29/Jan/2026:02:55:23 +0800] "GET /doc/practice/p1?_rsc=18inx HTTP/1.1" 308 32 "https://www.shudaxia.com/news/shu-biao-zi-dong-dian-ji.html" "Mozilla/5.0 (compatible; Bytespider; https://zhanzhang.toutiao.com/) AppleWebKit/537.36 (KHTML, like Gecko) Chrome/70.0.0.0 Safari/537.36"
111.6.230.170 - - [29/Jan/2026:02:55:23 +0800] "GET /doc/quickstart/p1.html HTTP/1.1" 200 175 "https://www.shudaxia.com/news/shu-biao-zi-dong-dian-ji.html" "Mozilla/5.0 (compatible; Bytespider; https://zhanzhang.toutiao.com/) AppleWebKit/537.36 (KHTML, like Gecko) Chrome/70.0.0.0 Safari/537.36"
111.6.230.171 - - [29/Jan/2026:02:55:23 +0800] "GET /doc/advanced/p1?_rsc=18inx HTTP/1.1" 308 32 "https://www.shudaxia.com/news/shu-biao-zi-dong-dian-ji.html" "Mozilla/5.0 (compatible; Bytespider; https://zhanzhang.toutiao.com/) AppleWebKit/537.36 (KHTML, like Gecko) Chrome/70.0.0.0 Safari/537.36"
111.6.230.160 - - [29/Jan/2026:02:55:23 +0800] "GET /news/p1?_rsc=18inx HTTP/1.1" 308 23 "https://www.shudaxia.com/news/shu-biao-zi-dong-dian-ji.html" "Mozilla/5.0 (compatible; Bytespider; https://zhanzhang.toutiao.com/) AppleWebKit/537.36 (KHTML, like Gecko) Chrome/70.0.0.0 Safari/537.36"
111.6.230.161 - - [29/Jan/2026:02:55:23 +0800] "GET /news/tools/p1?_rsc=18inx HTTP/1.1" 308 30 "https://www.shudaxia.com/news/shu-biao-zi-dong-dian-ji.html" "Mozilla/5.0 (compatible; Bytespider; https://zhanzhang.toutiao.com/) AppleWebKit/537.36 (KHTML, like Gecko) Chrome/70.0.0.0 Safari/537.36"
111.6.230.165 - - [29/Jan/2026:02:55:24 +0800] "GET /news/tutorial/p1?_rsc=18inx HTTP/1.1" 308 33 "https://www.shudaxia.com/news/shu-biao-zi-dong-dian-ji.html" "Mozilla/5.0 (compatible; Bytespider; https://zhanzhang.toutiao.com/) AppleWebKit/537.36 (KHTML, like Gecko) Chrome/70.0.0.0 Safari/537.36"
111.6.230.177 - - [29/Jan/2026:02:55:24 +0800] "GET /doc/practice/p1.html HTTP/1.1" 200 174 "https://www.shudaxia.com/news/shu-biao-zi-dong-dian-ji.html" "Mozilla/5.0 (compatible; Bytespider; https://zhanzhang.toutiao.com/) AppleWebKit/537.36 (KHTML, like Gecko) Chrome/70.0.0.0 Safari/537.36"
111.6.230.155 - - [29/Jan/2026:02:55:24 +0800] "GET /doc/advanced/p1.html HTTP/1.1" 200 173 "https://www.shudaxia.com/news/shu-biao-zi-dong-dian-ji.html" "Mozilla/5.0 (compatible; Bytespider; https://zhanzhang.toutiao.com/) AppleWebKit/537.36 (KHTML, like Gecko) Chrome/70.0.0.0 Safari/537.36"
111.6.230.158 - - [29/Jan/2026:02:55:24 +0800] "GET /news/p1.html HTTP/1.1" 200 167 "https://www.shudaxia.com/news/shu-biao-zi-dong-dian-ji.html" "Mozilla/5.0 (compatible; Bytespider; https://zhanzhang.toutiao.com/) AppleWebKit/537.36 (KHTML, like Gecko) Chrome/70.0.0.0 Safari/537.36"
111.6.230.223 - - [29/Jan/2026:02:55:24 +0800] "GET /news/tools/p1.html HTTP/1.1" 200 172 "https://www.shudaxia.com/news/shu-biao-zi-dong-dian-ji.html" "Mozilla/5.0 (compatible; Bytespider; https://zhanzhang.toutiao.com/) AppleWebKit/537.36 (KHTML, like Gecko) Chrome/70.0.0.0 Safari/537.36"
111.6.230.207 - - [29/Jan/2026:02:55:24 +0800] "GET /news/tutorial/p1.html HTTP/1.1" 200 174 "https://www.shudaxia.com/news/shu-biao-zi-dong-dian-ji.html" "Mozilla/5.0 (compatible; Bytespider; https://zhanzhang.toutiao.com/) AppleWebKit/537.36 (KHTML, like Gecko) Chrome/70.0.0.0 Safari/537.36"
111.6.230.153 - - [29/Jan/2026:02:55:24 +0800] "GET /news/version/p1?_rsc=18inx HTTP/1.1" 308 32 "https://www.shudaxia.com/news/shu-biao-zi-dong-dian-ji.html" "Mozilla/5.0 (compatible; Bytespider; https://zhanzhang.toutiao.com/) AppleWebKit/537.36 (KHTML, like Gecko) Chrome/70.0.0.0 Safari/537.36"
111.6.230.209 - - [29/Jan/2026:02:55:24 +0800] "GET /faq/version/p1?_rsc=18inx HTTP/1.1" 308 31 "https://www.shudaxia.com/news/shu-biao-zi-dong-dian-ji.html" "Mozilla/5.0 (compatible; Bytespider; https://zhanzhang.toutiao.com/) AppleWebKit/537.36 (KHTML, like Gecko) Chrome/70.0.0.0 Safari/537.36"
111.6.230.172 - - [29/Jan/2026:02:55:24 +0800] "GET /faq/usage/p1?_rsc=18inx HTTP/1.1" 308 29 "https://www.shudaxia.com/news/shu-biao-zi-dong-dian-ji.html" "Mozilla/5.0 (compatible; Bytespider; https://zhanzhang.toutiao.com/) AppleWebKit/537.36 (KHTML, like Gecko) Chrome/70.0.0.0 Safari/537.36"
111.6.230.178 - - [29/Jan/2026:02:55:24 +0800] "GET /news/version/p1.html HTTP/1.1" 200 173 "https://www.shudaxia.com/news/shu-biao-zi-dong-dian-ji.html" "Mozilla/5.0 (compatible; Bytespider; https://zhanzhang.toutiao.com/) AppleWebKit/537.36 (KHTML, like Gecko) Chrome/70.0.0.0 Safari/537.36"
111.6.230.209 - - [29/Jan/2026:02:55:24 +0800] "GET /faq/troubleshooting/p1?_rsc=18inx HTTP/1.1" 308 39 "https://www.shudaxia.com/news/shu-biao-zi-dong-dian-ji.html" "Mozilla/5.0 (compatible; Bytespider; https://zhanzhang.toutiao.com/) AppleWebKit/537.36 (KHTML, like Gecko) Chrome/70.0.0.0 Safari/537.36"
111.6.230.197 - - [29/Jan/2026:02:55:24 +0800] "GET /faq/p1?_rsc=18inx HTTP/1.1" 308 22 "https://www.shudaxia.com/news/shu-biao-zi-dong-dian-ji.html" "Mozilla/5.0 (compatible; Bytespider; https://zhanzhang.toutiao.com/) AppleWebKit/537.36 (KHTML, like Gecko) Chrome/70.0.0.0 Safari/537.36"
111.6.230.215 - - [29/Jan/2026:02:55:24 +0800] "GET /faq/usage/p1.html HTTP/1.1" 200 170 "https://www.shudaxia.com/news/shu-biao-zi-dong-dian-ji.html" "Mozilla/5.0 (compatible; Bytespider; https://zhanzhang.toutiao.com/) AppleWebKit/537.36 (KHTML, like Gecko) Chrome/70.0.0.0 Safari/537.36"
111.6.230.194 - - [29/Jan/2026:02:55:24 +0800] "GET /news?_rsc=18inx HTTP/1.1" 308 20 "https://www.shudaxia.com/news/shu-biao-zi-dong-dian-ji.html" "Mozilla/5.0 (compatible; Bytespider; https://zhanzhang.toutiao.com/) AppleWebKit/537.36 (KHTML, like Gecko) Chrome/70.0.0.0 Safari/537.36"
111.6.230.157 - - [29/Jan/2026:02:55:24 +0800] "GET /faq/version/p1.html HTTP/1.1" 200 172 "https://www.shudaxia.com/news/shu-biao-zi-dong-dian-ji.html" "Mozilla/5.0 (compatible; Bytespider; https://zhanzhang.toutiao.com/) AppleWebKit/537.36 (KHTML, like Gecko) Chrome/70.0.0.0 Safari/537.36"
111.6.230.178 - - [29/Jan/2026:02:55:24 +0800] "GET /faq/troubleshooting/p1.html HTTP/1.1" 200 178 "https://www.shudaxia.com/news/shu-biao-zi-dong-dian-ji.html" "Mozilla/5.0 (compatible; Bytespider; https://zhanzhang.toutiao.com/) AppleWebKit/537.36 (KHTML, like Gecko) Chrome/70.0.0.0 Safari/537.36"
111.6.230.155 - - [29/Jan/2026:02:55:24 +0800] "GET /faq/p1.html HTTP/1.1" 200 166 "https://www.shudaxia.com/news/shu-biao-zi-dong-dian-ji.html" "Mozilla/5.0 (compatible; Bytespider; https://zhanzhang.toutiao.com/) AppleWebKit/537.36 (KHTML, like Gecko) Chrome/70.0.0.0 Safari/537.36"
111.6.230.230 - - [29/Jan/2026:02:55:24 +0800] "GET /news.html HTTP/1.1" 200 164 "https://www.shudaxia.com/news/shu-biao-zi-dong-dian-ji.html" "Mozilla/5.0 (compatible; Bytespider; https://zhanzhang.toutiao.com/) AppleWebKit/537.36 (KHTML, like Gecko) Chrome/70.0.0.0 Safari/537.36"
111.6.230.191 - - [29/Jan/2026:02:57:32 +0800] "GET /index.html HTTP/1.1" 301 162 "-" "Mozilla/5.0 (Linux; Android 5.0) AppleWebKit/537.36 (KHTML, like Gecko) Mobile Safari/537.36 (compatible; Bytespider; https://zhanzhang.toutiao.com/)"
111.6.230.215 - - [29/Jan/2026:02:57:32 +0800] "GET / HTTP/1.1" 200 24610 "-" "Mozilla/5.0 (Linux; Android 5.0) AppleWebKit/537.36 (KHTML, like Gecko) Mobile Safari/537.36 (compatible; Bytespider; https://zhanzhang.toutiao.com/)"
111.6.230.203 - - [29/Jan/2026:02:57:33 +0800] "GET /api/latest-version?platform=3 HTTP/1.1" 200 167 "https://www.shudaxia.com/" "Mozilla/5.0 (Linux; Android 5.0) AppleWebKit/537.36 (KHTML, like Gecko) Mobile Safari/537.36 (compatible; Bytespider; https://zhanzhang.toutiao.com/)"
111.6.230.203 - - [29/Jan/2026:02:57:33 +0800] "GET /api/auth/session HTTP/1.1" 200 35 "https://www.shudaxia.com/" "Mozilla/5.0 (Linux; Android 5.0) AppleWebKit/537.36 (KHTML, like Gecko) Mobile Safari/537.36 (compatible; Bytespider; https://zhanzhang.toutiao.com/)"
111.6.230.164 - - [29/Jan/2026:02:57:33 +0800] "GET /api/latest-version?platform=2 HTTP/1.1" 200 152 "https://www.shudaxia.com/" "Mozilla/5.0 (Linux; Android 5.0) AppleWebKit/537.36 (KHTML, like Gecko) Mobile Safari/537.36 (compatible; Bytespider; https://zhanzhang.toutiao.com/)"
111.6.230.165 - - [29/Jan/2026:02:57:33 +0800] "GET /api/footer-links HTTP/1.1" 200 535 "https://www.shudaxia.com/" "Mozilla/5.0 (Linux; Android 5.0) AppleWebKit/537.36 (KHTML, like Gecko) Mobile Safari/537.36 (compatible; Bytespider; https://zhanzhang.toutiao.com/)"
111.6.230.203 - - [29/Jan/2026:02:57:33 +0800] "GET /api/latest-version?platform=3 HTTP/1.1" 200 167 "https://www.shudaxia.com/" "Mozilla/5.0 (Linux; Android 5.0) AppleWebKit/537.36 (KHTML, like Gecko) Mobile Safari/537.36 (compatible; Bytespider; https://zhanzhang.toutiao.com/)"
111.6.230.164 - - [29/Jan/2026:02:57:33 +0800] "GET /api/latest-version?platform=2 HTTP/1.1" 200 152 "https://www.shudaxia.com/" "Mozilla/5.0 (Linux; Android 5.0) AppleWebKit/537.36 (KHTML, like Gecko) Mobile Safari/537.36 (compatible; Bytespider; https://zhanzhang.toutiao.com/)"
111.6.230.203 - - [29/Jan/2026:02:57:33 +0800] "GET /api/auth/session HTTP/1.1" 200 35 "https://www.shudaxia.com/" "Mozilla/5.0 (Linux; Android 5.0) AppleWebKit/537.36 (KHTML, like Gecko) Mobile Safari/537.36 (compatible; Bytespider; https://zhanzhang.toutiao.com/)"
111.6.230.164 - - [29/Jan/2026:02:57:33 +0800] "GET /api/latest-version?platform=2 HTTP/1.1" 200 152 "https://www.shudaxia.com/" "Mozilla/5.0 (Linux; Android 5.0) AppleWebKit/537.36 (KHTML, like Gecko) Mobile Safari/537.36 (compatible; Bytespider; https://zhanzhang.toutiao.com/)"
111.6.230.203 - - [29/Jan/2026:02:57:33 +0800] "GET /api/latest-version?platform=3 HTTP/1.1" 200 167 "https://www.shudaxia.com/" "Mozilla/5.0 (Linux; Android 5.0) AppleWebKit/537.36 (KHTML, like Gecko) Mobile Safari/537.36 (compatible; Bytespider; https://zhanzhang.toutiao.com/)"
111.6.230.164 - - [29/Jan/2026:02:57:33 +0800] "GET /api/latest-version?platform=2 HTTP/1.1" 200 152 "https://www.shudaxia.com/" "Mozilla/5.0 (Linux; Android 5.0) AppleWebKit/537.36 (KHTML, like Gecko) Mobile Safari/537.36 (compatible; Bytespider; https://zhanzhang.toutiao.com/)"
111.6.230.203 - - [29/Jan/2026:02:57:33 +0800] "GET /api/latest-version?platform=3 HTTP/1.1" 200 167 "https://www.shudaxia.com/" "Mozilla/5.0 (Linux; Android 5.0) AppleWebKit/537.36 (KHTML, like Gecko) Mobile Safari/537.36 (compatible; Bytespider; https://zhanzhang.toutiao.com/)"
111.6.230.203 - - [29/Jan/2026:02:57:34 +0800] "GET /api/latest-version?platform=3 HTTP/1.1" 200 167 "https://www.shudaxia.com/" "Mozilla/5.0 (Linux; Android 5.0) AppleWebKit/537.36 (KHTML, like Gecko) Mobile Safari/537.36 (compatible; Bytespider; https://zhanzhang.toutiao.com/)"
111.6.230.221 - - [29/Jan/2026:02:59:12 +0800] "GET /news/yuanchengshenfang.html HTTP/1.1" 200 18661 "-" "Mozilla/5.0 (Linux; Android 5.0) AppleWebKit/537.36 (KHTML, like Gecko) Mobile Safari/537.36 (compatible; Bytespider; https://zhanzhang.toutiao.com/)"
111.6.230.203 - - [29/Jan/2026:02:59:13 +0800] "GET /api/latest-version?platform=3 HTTP/1.1" 200 167 "https://www.shudaxia.com/news/yuanchengshenfang.html" "Mozilla/5.0 (Linux; Android 5.0) AppleWebKit/537.36 (KHTML, like Gecko) Mobile Safari/537.36 (compatible; Bytespider; https://zhanzhang.toutiao.com/)"
111.6.230.164 - - [29/Jan/2026:02:59:13 +0800] "GET /api/latest-version?platform=2 HTTP/1.1" 200 152 "https://www.shudaxia.com/news/yuanchengshenfang.html" "Mozilla/5.0 (Linux; Android 5.0) AppleWebKit/537.36 (KHTML, like Gecko) Mobile Safari/537.36 (compatible; Bytespider; https://zhanzhang.toutiao.com/)"
111.6.230.192 - - [29/Jan/2026:02:59:13 +0800] "POST /api/articles/42/view HTTP/1.1" 200 2361 "https://www.shudaxia.com/news/yuanchengshenfang.html" "Mozilla/5.0 (Linux; Android 5.0) AppleWebKit/537.36 (KHTML, like Gecko) Mobile Safari/537.36 (compatible; Bytespider; https://zhanzhang.toutiao.com/)"
111.6.230.203 - - [29/Jan/2026:02:59:13 +0800] "GET /api/auth/session HTTP/1.1" 200 35 "https://www.shudaxia.com/news/yuanchengshenfang.html" "Mozilla/5.0 (Linux; Android 5.0) AppleWebKit/537.36 (KHTML, like Gecko) Mobile Safari/537.36 (compatible; Bytespider; https://zhanzhang.toutiao.com/)"
111.6.230.165 - - [29/Jan/2026:02:59:13 +0800] "GET /api/footer-links HTTP/1.1" 200 535 "https://www.shudaxia.com/news/yuanchengshenfang.html" "Mozilla/5.0 (Linux; Android 5.0) AppleWebKit/537.36 (KHTML, like Gecko) Mobile Safari/537.36 (compatible; Bytespider; https://zhanzhang.toutiao.com/)"
111.6.230.195 - - [29/Jan/2026:02:59:13 +0800] "GET /doc/p1?_rsc=7pugx HTTP/1.1" 308 22 "https://www.shudaxia.com/news/yuanchengshenfang.html" "Mozilla/5.0 (Linux; Android 5.0) AppleWebKit/537.36 (KHTML, like Gecko) Mobile Safari/537.36 (compatible; Bytespider; https://zhanzhang.toutiao.com/)"
111.6.230.203 - - [29/Jan/2026:02:59:13 +0800] "GET /api/latest-version?platform=3 HTTP/1.1" 200 167 "https://www.shudaxia.com/news/yuanchengshenfang.html" "Mozilla/5.0 (Linux; Android 5.0) AppleWebKit/537.36 (KHTML, like Gecko) Mobile Safari/537.36 (compatible; Bytespider; https://zhanzhang.toutiao.com/)"
111.6.230.164 - - [29/Jan/2026:02:59:13 +0800] "GET /api/latest-version?platform=2 HTTP/1.1" 200 152 "https://www.shudaxia.com/news/yuanchengshenfang.html" "Mozilla/5.0 (Linux; Android 5.0) AppleWebKit/537.36 (KHTML, like Gecko) Mobile Safari/537.36 (compatible; Bytespider; https://zhanzhang.toutiao.com/)"
111.6.230.156 - - [29/Jan/2026:02:59:13 +0800] "GET /news/p1?_rsc=7pugx HTTP/1.1" 308 23 "https://www.shudaxia.com/news/yuanchengshenfang.html" "Mozilla/5.0 (Linux; Android 5.0) AppleWebKit/537.36 (KHTML, like Gecko) Mobile Safari/537.36 (compatible; Bytespider; https://zhanzhang.toutiao.com/)"
111.6.230.199 - - [29/Jan/2026:02:59:13 +0800] "GET /?_rsc=7pugx HTTP/1.1" 200 142 "https://www.shudaxia.com/news/yuanchengshenfang.html" "Mozilla/5.0 (Linux; Android 5.0) AppleWebKit/537.36 (KHTML, like Gecko) Mobile Safari/537.36 (compatible; Bytespider; https://zhanzhang.toutiao.com/)"
111.6.230.171 - - [29/Jan/2026:02:59:13 +0800] "GET /faq/p1?_rsc=7pugx HTTP/1.1" 308 22 "https://www.shudaxia.com/news/yuanchengshenfang.html" "Mozilla/5.0 (Linux; Android 5.0) AppleWebKit/537.36 (KHTML, like Gecko) Mobile Safari/537.36 (compatible; Bytespider; https://zhanzhang.toutiao.com/)"
111.6.230.203 - - [29/Jan/2026:02:59:13 +0800] "GET /api/auth/session HTTP/1.1" 200 35 "https://www.shudaxia.com/news/yuanchengshenfang.html" "Mozilla/5.0 (Linux; Android 5.0) AppleWebKit/537.36 (KHTML, like Gecko) Mobile Safari/537.36 (compatible; Bytespider; https://zhanzhang.toutiao.com/)"
111.6.230.213 - - [29/Jan/2026:02:59:13 +0800] "GET /news?_rsc=7pugx HTTP/1.1" 308 20 "https://www.shudaxia.com/news/yuanchengshenfang.html" "Mozilla/5.0 (Linux; Android 5.0) AppleWebKit/537.36 (KHTML, like Gecko) Mobile Safari/537.36 (compatible; Bytespider; https://zhanzhang.toutiao.com/)"
111.6.230.158 - - [29/Jan/2026:02:59:14 +0800] "GET /news/p1.html HTTP/1.1" 200 167 "https://www.shudaxia.com/news/yuanchengshenfang.html" "Mozilla/5.0 (Linux; Android 5.0) AppleWebKit/537.36 (KHTML, like Gecko) Mobile Safari/537.36 (compatible; Bytespider; https://zhanzhang.toutiao.com/)"
111.6.230.213 - - [29/Jan/2026:02:59:14 +0800] "GET /doc/p1.html HTTP/1.1" 200 167 "https://www.shudaxia.com/news/yuanchengshenfang.html" "Mozilla/5.0 (Linux; Android 5.0) AppleWebKit/537.36 (KHTML, like Gecko) Mobile Safari/537.36 (compatible; Bytespider; https://zhanzhang.toutiao.com/)"
111.6.230.155 - - [29/Jan/2026:02:59:14 +0800] "GET /faq/p1.html HTTP/1.1" 200 166 "https://www.shudaxia.com/news/yuanchengshenfang.html" "Mozilla/5.0 (Linux; Android 5.0) AppleWebKit/537.36 (KHTML, like Gecko) Mobile Safari/537.36 (compatible; Bytespider; https://zhanzhang.toutiao.com/)"
111.6.230.230 - - [29/Jan/2026:02:59:14 +0800] "GET /news.html HTTP/1.1" 200 164 "https://www.shudaxia.com/news/yuanchengshenfang.html" "Mozilla/5.0 (Linux; Android 5.0) AppleWebKit/537.36 (KHTML, like Gecko) Mobile Safari/537.36 (compatible; Bytespider; https://zhanzhang.toutiao.com/)"
111.6.230.231 - - [29/Jan/2026:03:02:04 +0800] "GET / HTTP/1.1" 200 24530 "-" "Mozilla/5.0 (compatible; Baiduspider/2.0; +http://www.baidu.com/search/spider.html)"
111.6.230.203 - - [29/Jan/2026:03:04:42 +0800] "GET /api/auth/session HTTP/1.1" 200 35 "https://www.shudaxia.com/" "Mozilla/5.0 (compatible; Baiduspider-render/2.0; +http://www.baidu.com/search/spider.html)"
111.6.230.165 - - [29/Jan/2026:03:04:42 +0800] "GET /api/footer-links HTTP/1.1" 200 535 "https://www.shudaxia.com/" "Mozilla/5.0 (compatible; Baiduspider-render/2.0; +http://www.baidu.com/search/spider.html)"
111.6.230.203 - - [29/Jan/2026:03:04:42 +0800] "GET /api/latest-version?platform=3 HTTP/1.1" 200 167 "https://www.shudaxia.com/" "Mozilla/5.0 (compatible; Baiduspider-render/2.0; +http://www.baidu.com/search/spider.html)"
111.6.230.203 - - [29/Jan/2026:03:04:42 +0800] "GET /api/latest-version?platform=3 HTTP/1.1" 200 167 "https://www.shudaxia.com/" "Mozilla/5.0 (compatible; Baiduspider-render/2.0; +http://www.baidu.com/search/spider.html)"
111.6.230.164 - - [29/Jan/2026:03:04:42 +0800] "GET /api/latest-version?platform=2 HTTP/1.1" 200 152 "https://www.shudaxia.com/" "Mozilla/5.0 (compatible; Baiduspider-render/2.0; +http://www.baidu.com/search/spider.html)"
111.6.230.164 - - [29/Jan/2026:03:04:42 +0800] "GET /api/latest-version?platform=2 HTTP/1.1" 200 152 "https://www.shudaxia.com/" "Mozilla/5.0 (compatible; Baiduspider-render/2.0; +http://www.baidu.com/search/spider.html)"
111.6.230.203 - - [29/Jan/2026:03:04:42 +0800] "GET /api/latest-version?platform=3 HTTP/1.1" 200 167 "https://www.shudaxia.com/" "Mozilla/5.0 (compatible; Baiduspider-render/2.0; +http://www.baidu.com/search/spider.html)"
111.6.230.203 - - [29/Jan/2026:03:04:42 +0800] "GET /api/latest-version?platform=3 HTTP/1.1" 200 167 "https://www.shudaxia.com/" "Mozilla/5.0 (compatible; Baiduspider-render/2.0; +http://www.baidu.com/search/spider.html)"
111.6.230.203 - - [29/Jan/2026:03:04:42 +0800] "GET /api/latest-version?platform=3 HTTP/1.1" 200 167 "https://www.shudaxia.com/" "Mozilla/5.0 (compatible; Baiduspider-render/2.0; +http://www.baidu.com/search/spider.html)"
111.6.230.164 - - [29/Jan/2026:03:04:42 +0800] "GET /api/latest-version?platform=2 HTTP/1.1" 200 152 "https://www.shudaxia.com/" "Mozilla/5.0 (compatible; Baiduspider-render/2.0; +http://www.baidu.com/search/spider.html)"
111.6.230.164 - - [29/Jan/2026:03:04:42 +0800] "GET /api/latest-version?platform=2 HTTP/1.1" 200 152 "https://www.shudaxia.com/" "Mozilla/5.0 (compatible; Baiduspider-render/2.0; +http://www.baidu.com/search/spider.html)"
111.6.230.203 - - [29/Jan/2026:03:04:42 +0800] "GET /api/auth/session HTTP/1.1" 200 35 "https://www.shudaxia.com/" "Mozilla/5.0 (compatible; Baiduspider-render/2.0; +http://www.baidu.com/search/spider.html)"
111.6.230.164 - - [29/Jan/2026:03:06:41 +0800] "GET /api/latest-version?platform=2 HTTP/1.1" 200 152 "https://www.shudaxia.com/mobile.html" "Mozilla/5.0 (iPhone; CPU iPhone OS 9_1 like Mac OS X) AppleWebKit/601.1.46 (KHTML, like Gecko) Version/9.0 Mobile/13B143 Safari/601.1 (compatible; Baiduspider-render/2.0; +http://www.baidu.com/search/spider.html)"
111.6.230.165 - - [29/Jan/2026:03:06:41 +0800] "GET /api/footer-links HTTP/1.1" 200 535 "https://www.shudaxia.com/mobile.html" "Mozilla/5.0 (iPhone; CPU iPhone OS 9_1 like Mac OS X) AppleWebKit/601.1.46 (KHTML, like Gecko) Version/9.0 Mobile/13B143 Safari/601.1 (compatible; Baiduspider-render/2.0; +http://www.baidu.com/search/spider.html)"
111.6.230.164 - - [29/Jan/2026:03:06:41 +0800] "GET /api/latest-version?platform=2 HTTP/1.1" 200 152 "https://www.shudaxia.com/mobile.html" "Mozilla/5.0 (iPhone; CPU iPhone OS 9_1 like Mac OS X) AppleWebKit/601.1.46 (KHTML, like Gecko) Version/9.0 Mobile/13B143 Safari/601.1 (compatible; Baiduspider-render/2.0; +http://www.baidu.com/search/spider.html)"
111.6.230.203 - - [29/Jan/2026:03:06:41 +0800] "GET /api/latest-version?platform=3 HTTP/1.1" 200 167 "https://www.shudaxia.com/mobile.html" "Mozilla/5.0 (iPhone; CPU iPhone OS 9_1 like Mac OS X) AppleWebKit/601.1.46 (KHTML, like Gecko) Version/9.0 Mobile/13B143 Safari/601.1 (compatible; Baiduspider-render/2.0; +http://www.baidu.com/search/spider.html)"
111.6.230.203 - - [29/Jan/2026:03:06:41 +0800] "GET /api/auth/session HTTP/1.1" 200 35 "https://www.shudaxia.com/mobile.html" "Mozilla/5.0 (iPhone; CPU iPhone OS 9_1 like Mac OS X) AppleWebKit/601.1.46 (KHTML, like Gecko) Version/9.0 Mobile/13B143 Safari/601.1 (compatible; Baiduspider-render/2.0; +http://www.baidu.com/search/spider.html)"
111.6.230.164 - - [29/Jan/2026:03:06:41 +0800] "GET /api/latest-version?platform=2 HTTP/1.1" 200 152 "https://www.shudaxia.com/mobile.html" "Mozilla/5.0 (iPhone; CPU iPhone OS 9_1 like Mac OS X) AppleWebKit/601.1.46 (KHTML, like Gecko) Version/9.0 Mobile/13B143 Safari/601.1 (compatible; Baiduspider-render/2.0; +http://www.baidu.com/search/spider.html)"
111.6.230.203 - - [29/Jan/2026:03:06:41 +0800] "GET /api/latest-version?platform=3 HTTP/1.1" 200 167 "https://www.shudaxia.com/mobile.html" "Mozilla/5.0 (iPhone; CPU iPhone OS 9_1 like Mac OS X) AppleWebKit/601.1.46 (KHTML, like Gecko) Version/9.0 Mobile/13B143 Safari/601.1 (compatible; Baiduspider-render/2.0; +http://www.baidu.com/search/spider.html)"
111.6.230.203 - - [29/Jan/2026:03:06:41 +0800] "GET /api/auth/session HTTP/1.1" 200 35 "https://www.shudaxia.com/mobile.html" "Mozilla/5.0 (iPhone; CPU iPhone OS 9_1 like Mac OS X) AppleWebKit/601.1.46 (KHTML, like Gecko) Version/9.0 Mobile/13B143 Safari/601.1 (compatible; Baiduspider-render/2.0; +http://www.baidu.com/search/spider.html)"
111.6.230.202 - - [29/Jan/2026:03:14:56 +0800] "GET / HTTP/1.1" 200 24770 "-" "Mozilla/5.0 (iPhone; CPU iPhone OS 16_3 like Mac OS X) AppleWebKit/605.1.15 (KHTML, like Gecko) Version/16.2 Mobile/15E148 YisouSpider/5.0 Safari/604.1"
111.6.230.207 - - [29/Jan/2026:03:15:16 +0800] "GET / HTTP/1.1" 200 24484 "-" "YisouSpider"
111.6.230.164 - - [29/Jan/2026:03:15:17 +0800] "GET /api/latest-version?platform=2 HTTP/1.1" 200 152 "https://www.shudaxia.com/" "YisouSpider"
111.6.230.203 - - [29/Jan/2026:03:15:17 +0800] "GET /api/latest-version?platform=3 HTTP/1.1" 200 167 "https://www.shudaxia.com/" "YisouSpider"
111.6.230.203 - - [29/Jan/2026:03:15:17 +0800] "GET /api/auth/session HTTP/1.1" 200 35 "https://www.shudaxia.com/" "YisouSpider"
111.6.230.165 - - [29/Jan/2026:03:15:17 +0800] "GET /api/footer-links HTTP/1.1" 200 535 "https://www.shudaxia.com/" "YisouSpider"
111.6.230.164 - - [29/Jan/2026:03:15:17 +0800] "GET /api/latest-version?platform=2 HTTP/1.1" 200 152 "https://www.shudaxia.com/" "YisouSpider"
111.6.230.203 - - [29/Jan/2026:03:15:17 +0800] "GET /api/latest-version?platform=3 HTTP/1.1" 200 167 "https://www.shudaxia.com/" "YisouSpider"
111.6.230.164 - - [29/Jan/2026:03:15:17 +0800] "GET /api/latest-version?platform=2 HTTP/1.1" 200 152 "https://www.shudaxia.com/" "YisouSpider"
111.6.230.164 - - [29/Jan/2026:03:15:17 +0800] "GET /api/latest-version?platform=2 HTTP/1.1" 200 152 "https://www.shudaxia.com/" "YisouSpider"
111.6.230.203 - - [29/Jan/2026:03:15:17 +0800] "GET /api/latest-version?platform=3 HTTP/1.1" 200 167 "https://www.shudaxia.com/" "YisouSpider"
111.6.230.219 - - [29/Jan/2026:03:15:17 +0800] "GET /mobile?_rsc=qax64 HTTP/1.1" 308 22 "https://www.shudaxia.com/" "YisouSpider"
111.6.230.203 - - [29/Jan/2026:03:15:17 +0800] "GET /api/latest-version?platform=3 HTTP/1.1" 200 167 "https://www.shudaxia.com/" "YisouSpider"
111.6.230.203 - - [29/Jan/2026:03:15:17 +0800] "GET /api/latest-version?platform=3 HTTP/1.1" 200 167 "https://www.shudaxia.com/" "YisouSpider"
111.6.230.183 - - [29/Jan/2026:03:15:17 +0800] "GET /video?_rsc=qax64 HTTP/1.1" 308 21 "https://www.shudaxia.com/" "YisouSpider"
111.6.230.224 - - [29/Jan/2026:03:15:17 +0800] "GET /cpstest?_rsc=qax64 HTTP/1.1" 308 23 "https://www.shudaxia.com/" "YisouSpider"
111.6.230.203 - - [29/Jan/2026:03:15:17 +0800] "GET /api/auth/session HTTP/1.1" 200 35 "https://www.shudaxia.com/" "YisouSpider"
111.6.230.165 - - [29/Jan/2026:03:15:17 +0800] "GET /mouse-keyboard-test?_rsc=qax64 HTTP/1.1" 308 36 "https://www.shudaxia.com/" "YisouSpider"
111.6.230.158 - - [29/Jan/2026:03:15:17 +0800] "GET /doc/p1?_rsc=qax64 HTTP/1.1" 308 22 "https://www.shudaxia.com/" "YisouSpider"
111.6.230.190 - - [29/Jan/2026:03:15:17 +0800] "GET /mouse-click-train?_rsc=qax64 HTTP/1.1" 308 34 "https://www.shudaxia.com/" "YisouSpider"
111.6.230.213 - - [29/Jan/2026:03:15:17 +0800] "GET /doc/p1.html HTTP/1.1" 200 167 "https://www.shudaxia.com/" "YisouSpider"
111.6.230.192 - - [29/Jan/2026:03:15:17 +0800] "GET /scriptdiy?_rsc=qax64 HTTP/1.1" 308 25 "https://www.shudaxia.com/" "YisouSpider"
111.6.230.163 - - [29/Jan/2026:03:15:17 +0800] "GET /feedback?_rsc=qax64 HTTP/1.1" 308 24 "https://www.shudaxia.com/" "YisouSpider"
111.6.230.191 - - [29/Jan/2026:03:23:06 +0800] "GET /index.html HTTP/1.1" 301 162 "-" "Mozilla/5.0 (Linux; Android 5.0) AppleWebKit/537.36 (KHTML, like Gecko) Mobile Safari/537.36 (compatible; Bytespider; https://zhanzhang.toutiao.com/)"
111.6.230.215 - - [29/Jan/2026:03:23:06 +0800] "GET / HTTP/1.1" 200 24928 "-" "Mozilla/5.0 (Linux; Android 5.0) AppleWebKit/537.36 (KHTML, like Gecko) Mobile Safari/537.36 (compatible; Bytespider; https://zhanzhang.toutiao.com/)"
111.6.230.203 - - [29/Jan/2026:03:23:07 +0800] "GET /api/latest-version?platform=3 HTTP/1.1" 200 167 "https://www.shudaxia.com/" "Mozilla/5.0 (Linux; Android 5.0) AppleWebKit/537.36 (KHTML, like Gecko) Mobile Safari/537.36 (compatible; Bytespider; https://zhanzhang.toutiao.com/)"
111.6.230.164 - - [29/Jan/2026:03:23:07 +0800] "GET /api/latest-version?platform=2 HTTP/1.1" 200 152 "https://www.shudaxia.com/" "Mozilla/5.0 (Linux; Android 5.0) AppleWebKit/537.36 (KHTML, like Gecko) Mobile Safari/537.36 (compatible; Bytespider; https://zhanzhang.toutiao.com/)"
111.6.230.165 - - [29/Jan/2026:03:23:07 +0800] "GET /api/footer-links HTTP/1.1" 200 535 "https://www.shudaxia.com/" "Mozilla/5.0 (Linux; Android 5.0) AppleWebKit/537.36 (KHTML, like Gecko) Mobile Safari/537.36 (compatible; Bytespider; https://zhanzhang.toutiao.com/)"
111.6.230.203 - - [29/Jan/2026:03:23:07 +0800] "GET /api/auth/session HTTP/1.1" 200 35 "https://www.shudaxia.com/" "Mozilla/5.0 (Linux; Android 5.0) AppleWebKit/537.36 (KHTML, like Gecko) Mobile Safari/537.36 (compatible; Bytespider; https://zhanzhang.toutiao.com/)"
111.6.230.203 - - [29/Jan/2026:03:23:07 +0800] "GET /api/latest-version?platform=3 HTTP/1.1" 200 167 "https://www.shudaxia.com/" "Mozilla/5.0 (Linux; Android 5.0) AppleWebKit/537.36 (KHTML, like Gecko) Mobile Safari/537.36 (compatible; Bytespider; https://zhanzhang.toutiao.com/)"
111.6.230.164 - - [29/Jan/2026:03:23:07 +0800] "GET /api/latest-version?platform=2 HTTP/1.1" 200 152 "https://www.shudaxia.com/" "Mozilla/5.0 (Linux; Android 5.0) AppleWebKit/537.36 (KHTML, like Gecko) Mobile Safari/537.36 (compatible; Bytespider; https://zhanzhang.toutiao.com/)"
111.6.230.203 - - [29/Jan/2026:03:23:07 +0800] "GET /api/latest-version?platform=3 HTTP/1.1" 200 167 "https://www.shudaxia.com/" "Mozilla/5.0 (Linux; Android 5.0) AppleWebKit/537.36 (KHTML, like Gecko) Mobile Safari/537.36 (compatible; Bytespider; https://zhanzhang.toutiao.com/)"
111.6.230.203 - - [29/Jan/2026:03:23:07 +0800] "GET /api/auth/session HTTP/1.1" 200 35 "https://www.shudaxia.com/" "Mozilla/5.0 (Linux; Android 5.0) AppleWebKit/537.36 (KHTML, like Gecko) Mobile Safari/537.36 (compatible; Bytespider; https://zhanzhang.toutiao.com/)"
111.6.230.164 - - [29/Jan/2026:03:23:07 +0800] "GET /api/latest-version?platform=2 HTTP/1.1" 200 152 "https://www.shudaxia.com/" "Mozilla/5.0 (Linux; Android 5.0) AppleWebKit/537.36 (KHTML, like Gecko) Mobile Safari/537.36 (compatible; Bytespider; https://zhanzhang.toutiao.com/)"
111.6.230.203 - - [29/Jan/2026:03:23:07 +0800] "GET /api/latest-version?platform=3 HTTP/1.1" 200 167 "https://www.shudaxia.com/" "Mozilla/5.0 (Linux; Android 5.0) AppleWebKit/537.36 (KHTML, like Gecko) Mobile Safari/537.36 (compatible; Bytespider; https://zhanzhang.toutiao.com/)"
111.6.230.164 - - [29/Jan/2026:03:23:07 +0800] "GET /api/latest-version?platform=2 HTTP/1.1" 200 152 "https://www.shudaxia.com/" "Mozilla/5.0 (Linux; Android 5.0) AppleWebKit/537.36 (KHTML, like Gecko) Mobile Safari/537.36 (compatible; Bytespider; https://zhanzhang.toutiao.com/)"
111.6.230.203 - - [29/Jan/2026:03:23:07 +0800] "GET /api/latest-version?platform=3 HTTP/1.1" 200 167 "https://www.shudaxia.com/" "Mozilla/5.0 (Linux; Android 5.0) AppleWebKit/537.36 (KHTML, like Gecko) Mobile Safari/537.36 (compatible; Bytespider; https://zhanzhang.toutiao.com/)"
111.6.230.170 - - [29/Jan/2026:03:25:38 +0800] "GET / HTTP/1.1" 200 24370 "-" "Mozilla/5.0 (compatible; Baiduspider/2.0; +http://www.baidu.com/search/spider.html)"
111.6.230.164 - - [29/Jan/2026:03:25:40 +0800] "GET /api/latest-version?platform=2 HTTP/1.1" 200 152 "https://www.shudaxia.com/" "Mozilla/5.0 (compatible; Baiduspider-render/2.0; +http://www.baidu.com/search/spider.html)"
111.6.230.203 - - [29/Jan/2026:03:25:40 +0800] "GET /api/auth/session HTTP/1.1" 200 35 "https://www.shudaxia.com/" "Mozilla/5.0 (compatible; Baiduspider-render/2.0; +http://www.baidu.com/search/spider.html)"
111.6.230.203 - - [29/Jan/2026:03:25:40 +0800] "GET /api/latest-version?platform=3 HTTP/1.1" 200 167 "https://www.shudaxia.com/" "Mozilla/5.0 (compatible; Baiduspider-render/2.0; +http://www.baidu.com/search/spider.html)"
111.6.230.164 - - [29/Jan/2026:03:25:40 +0800] "GET /api/latest-version?platform=2 HTTP/1.1" 200 152 "https://www.shudaxia.com/" "Mozilla/5.0 (compatible; Baiduspider-render/2.0; +http://www.baidu.com/search/spider.html)"
111.6.230.203 - - [29/Jan/2026:03:25:40 +0800] "GET /api/latest-version?platform=3 HTTP/1.1" 200 167 "https://www.shudaxia.com/" "Mozilla/5.0 (compatible; Baiduspider-render/2.0; +http://www.baidu.com/search/spider.html)"
111.6.230.202 - - [29/Jan/2026:03:25:40 +0800] "GET /api/latest-version?platform=3 HTTP/1.1" 200 167 "https://www.shudaxia.com/" "Mozilla/5.0 (compatible; Baiduspider-render/2.0; +http://www.baidu.com/search/spider.html)"
111.6.230.164 - - [29/Jan/2026:03:25:40 +0800] "GET /api/latest-version?platform=2 HTTP/1.1" 200 152 "https://www.shudaxia.com/" "Mozilla/5.0 (compatible; Baiduspider-render/2.0; +http://www.baidu.com/search/spider.html)"
111.6.230.203 - - [29/Jan/2026:03:25:40 +0800] "GET /api/latest-version?platform=3 HTTP/1.1" 200 167 "https://www.shudaxia.com/" "Mozilla/5.0 (compatible; Baiduspider-render/2.0; +http://www.baidu.com/search/spider.html)"
111.6.230.203 - - [29/Jan/2026:03:25:40 +0800] "GET /api/latest-version?platform=3 HTTP/1.1" 200 167 "https://www.shudaxia.com/" "Mozilla/5.0 (compatible; Baiduspider-render/2.0; +http://www.baidu.com/search/spider.html)"
111.6.230.164 - - [29/Jan/2026:03:25:40 +0800] "GET /api/latest-version?platform=2 HTTP/1.1" 200 152 "https://www.shudaxia.com/" "Mozilla/5.0 (compatible; Baiduspider-render/2.0; +http://www.baidu.com/search/spider.html)"
