124.95.162.198 - - [02/Feb/2026:01:29:27 +0800] "GET /faq/p1?_rsc=1rplb HTTP/1.1" 308 22 "https://www.shudaxia.com/news/yijiandingshiqianggou.html" "Mozilla/5.0 (Linux; Android 5.0) AppleWebKit/537.36 (KHTML, like Gecko) Mobile Safari/537.36 (compatible; Bytespider; https://zhanzhang.toutiao.com/)"
124.95.162.149 - - [02/Feb/2026:01:29:27 +0800] "GET /api/auth/session HTTP/1.1" 200 35 "https://www.shudaxia.com/news/yijiandingshiqianggou.html" "Mozilla/5.0 (Linux; Android 5.0) AppleWebKit/537.36 (KHTML, like Gecko) Mobile Safari/537.36 (compatible; Bytespider; https://zhanzhang.toutiao.com/)"
124.95.162.207 - - [02/Feb/2026:01:29:27 +0800] "GET /news?_rsc=1rplb HTTP/1.1" 308 20 "https://www.shudaxia.com/news/yijiandingshiqianggou.html" "Mozilla/5.0 (Linux; Android 5.0) AppleWebKit/537.36 (KHTML, like Gecko) Mobile Safari/537.36 (compatible; Bytespider; https://zhanzhang.toutiao.com/)"
124.95.162.199 - - [02/Feb/2026:01:29:27 +0800] "GET /doc/p1?_rsc=1rplb HTTP/1.1" 308 22 "https://www.shudaxia.com/news/yijiandingshiqianggou.html" "Mozilla/5.0 (Linux; Android 5.0) AppleWebKit/537.36 (KHTML, like Gecko) Mobile Safari/537.36 (compatible; Bytespider; https://zhanzhang.toutiao.com/)"
124.95.162.163 - - [02/Feb/2026:01:29:27 +0800] "GET /news/p1.html HTTP/1.1" 200 168 "https://www.shudaxia.com/news/yijiandingshiqianggou.html" "Mozilla/5.0 (Linux; Android 5.0) AppleWebKit/537.36 (KHTML, like Gecko) Mobile Safari/537.36 (compatible; Bytespider; https://zhanzhang.toutiao.com/)"
124.95.162.135 - - [02/Feb/2026:01:29:27 +0800] "GET /faq/p1.html HTTP/1.1" 200 168 "https://www.shudaxia.com/news/yijiandingshiqianggou.html" "Mozilla/5.0 (Linux; Android 5.0) AppleWebKit/537.36 (KHTML, like Gecko) Mobile Safari/537.36 (compatible; Bytespider; https://zhanzhang.toutiao.com/)"
124.95.162.170 - - [02/Feb/2026:01:29:27 +0800] "GET /doc/p1.html HTTP/1.1" 200 168 "https://www.shudaxia.com/news/yijiandingshiqianggou.html" "Mozilla/5.0 (Linux; Android 5.0) AppleWebKit/537.36 (KHTML, like Gecko) Mobile Safari/537.36 (compatible; Bytespider; https://zhanzhang.toutiao.com/)"
124.95.162.190 - - [02/Feb/2026:01:29:27 +0800] "GET /news.html HTTP/1.1" 200 165 "https://www.shudaxia.com/news/yijiandingshiqianggou.html" "Mozilla/5.0 (Linux; Android 5.0) AppleWebKit/537.36 (KHTML, like Gecko) Mobile Safari/537.36 (compatible; Bytespider; https://zhanzhang.toutiao.com/)"
124.95.162.144 - - [02/Feb/2026:01:35:40 +0800] "GET / HTTP/1.1" 200 24620 "-" "Mozilla/5.0 (Linux; Android 5.0) AppleWebKit/537.36 (KHTML, like Gecko) Mobile Safari/537.36 (compatible; Bytespider; https://zhanzhang.toutiao.com/)"
124.95.162.195 - - [02/Feb/2026:01:35:40 +0800] "GET /api/latest-version?platform=2 HTTP/1.1" 200 152 "https://www.shudaxia.com/" "Mozilla/5.0 (Linux; Android 5.0) AppleWebKit/537.36 (KHTML, like Gecko) Mobile Safari/537.36 (compatible; Bytespider; https://zhanzhang.toutiao.com/)"
124.95.162.156 - - [02/Feb/2026:01:35:41 +0800] "GET /api/latest-version?platform=3 HTTP/1.1" 200 166 "https://www.shudaxia.com/" "Mozilla/5.0 (Linux; Android 5.0) AppleWebKit/537.36 (KHTML, like Gecko) Mobile Safari/537.36 (compatible; Bytespider; https://zhanzhang.toutiao.com/)"
124.95.162.153 - - [02/Feb/2026:01:35:41 +0800] "GET /api/footer-links HTTP/1.1" 200 535 "https://www.shudaxia.com/" "Mozilla/5.0 (Linux; Android 5.0) AppleWebKit/537.36 (KHTML, like Gecko) Mobile Safari/537.36 (compatible; Bytespider; https://zhanzhang.toutiao.com/)"
124.95.162.145 - - [02/Feb/2026:01:35:41 +0800] "GET /api/auth/session HTTP/1.1" 200 35 "https://www.shudaxia.com/" "Mozilla/5.0 (Linux; Android 5.0) AppleWebKit/537.36 (KHTML, like Gecko) Mobile Safari/537.36 (compatible; Bytespider; https://zhanzhang.toutiao.com/)"
124.95.162.189 - - [02/Feb/2026:01:35:41 +0800] "GET /api/latest-version?platform=2 HTTP/1.1" 200 152 "https://www.shudaxia.com/" "Mozilla/5.0 (Linux; Android 5.0) AppleWebKit/537.36 (KHTML, like Gecko) Mobile Safari/537.36 (compatible; Bytespider; https://zhanzhang.toutiao.com/)"
124.95.162.181 - - [02/Feb/2026:01:35:41 +0800] "GET /api/latest-version?platform=3 HTTP/1.1" 200 166 "https://www.shudaxia.com/" "Mozilla/5.0 (Linux; Android 5.0) AppleWebKit/537.36 (KHTML, like Gecko) Mobile Safari/537.36 (compatible; Bytespider; https://zhanzhang.toutiao.com/)"
124.95.162.211 - - [02/Feb/2026:01:35:41 +0800] "GET /api/auth/session HTTP/1.1" 200 35 "https://www.shudaxia.com/" "Mozilla/5.0 (Linux; Android 5.0) AppleWebKit/537.36 (KHTML, like Gecko) Mobile Safari/537.36 (compatible; Bytespider; https://zhanzhang.toutiao.com/)"
124.95.162.188 - - [02/Feb/2026:01:35:41 +0800] "GET /api/latest-version?platform=2 HTTP/1.1" 200 152 "https://www.shudaxia.com/" "Mozilla/5.0 (Linux; Android 5.0) AppleWebKit/537.36 (KHTML, like Gecko) Mobile Safari/537.36 (compatible; Bytespider; https://zhanzhang.toutiao.com/)"
124.95.162.190 - - [02/Feb/2026:01:35:41 +0800] "GET /api/latest-version?platform=3 HTTP/1.1" 200 166 "https://www.shudaxia.com/" "Mozilla/5.0 (Linux; Android 5.0) AppleWebKit/537.36 (KHTML, like Gecko) Mobile Safari/537.36 (compatible; Bytespider; https://zhanzhang.toutiao.com/)"
124.95.162.205 - - [02/Feb/2026:01:35:41 +0800] "GET /api/latest-version?platform=2 HTTP/1.1" 200 152 "https://www.shudaxia.com/" "Mozilla/5.0 (Linux; Android 5.0) AppleWebKit/537.36 (KHTML, like Gecko) Mobile Safari/537.36 (compatible; Bytespider; https://zhanzhang.toutiao.com/)"
124.95.162.176 - - [02/Feb/2026:01:35:41 +0800] "GET /api/latest-version?platform=3 HTTP/1.1" 200 166 "https://www.shudaxia.com/" "Mozilla/5.0 (Linux; Android 5.0) AppleWebKit/537.36 (KHTML, like Gecko) Mobile Safari/537.36 (compatible; Bytespider; https://zhanzhang.toutiao.com/)"
124.95.162.206 - - [02/Feb/2026:01:35:41 +0800] "GET /api/latest-version?platform=3 HTTP/1.1" 200 166 "https://www.shudaxia.com/" "Mozilla/5.0 (Linux; Android 5.0) AppleWebKit/537.36 (KHTML, like Gecko) Mobile Safari/537.36 (compatible; Bytespider; https://zhanzhang.toutiao.com/)"
124.95.162.209 - - [02/Feb/2026:01:40:00 +0800] "GET /robots.txt HTTP/1.1" 200 31 "-" "Mozilla/5.0 (Linux; Android 5.0) AppleWebKit/537.36 (KHTML, like Gecko) Mobile Safari/537.36 (compatible; Bytespider; https://zhanzhang.toutiao.com/)"
183.136.137.37 - - [02/Feb/2026:01:41:27 +0800] "GET / HTTP/1.1" 200 94604 "-" "iaskspider/2.0(+http://iask.com/help/help_index.html\xA1\xB1)"
111.6.230.215 - - [02/Feb/2026:01:52:05 +0800] "GET / HTTP/1.1" 200 24656 "-" "Mozilla/5.0 (Linux; Android 5.0) AppleWebKit/537.36 (KHTML, like Gecko) Mobile Safari/537.36 (compatible; Bytespider; https://zhanzhang.toutiao.com/)"
111.6.230.203 - - [02/Feb/2026:01:52:06 +0800] "GET /api/latest-version?platform=3 HTTP/1.1" 200 166 "https://www.shudaxia.com/" "Mozilla/5.0 (Linux; Android 5.0) AppleWebKit/537.36 (KHTML, like Gecko) Mobile Safari/537.36 (compatible; Bytespider; https://zhanzhang.toutiao.com/)"
111.6.230.165 - - [02/Feb/2026:01:52:06 +0800] "GET /api/footer-links HTTP/1.1" 200 535 "https://www.shudaxia.com/" "Mozilla/5.0 (Linux; Android 5.0) AppleWebKit/537.36 (KHTML, like Gecko) Mobile Safari/537.36 (compatible; Bytespider; https://zhanzhang.toutiao.com/)"
111.6.230.203 - - [02/Feb/2026:01:52:06 +0800] "GET /api/latest-version?platform=3 HTTP/1.1" 200 166 "https://www.shudaxia.com/" "Mozilla/5.0 (Linux; Android 5.0) AppleWebKit/537.36 (KHTML, like Gecko) Mobile Safari/537.36 (compatible; Bytespider; https://zhanzhang.toutiao.com/)"
111.6.230.203 - - [02/Feb/2026:01:52:06 +0800] "GET /api/latest-version?platform=3 HTTP/1.1" 200 166 "https://www.shudaxia.com/" "Mozilla/5.0 (Linux; Android 5.0) AppleWebKit/537.36 (KHTML, like Gecko) Mobile Safari/537.36 (compatible; Bytespider; https://zhanzhang.toutiao.com/)"
111.6.230.203 - - [02/Feb/2026:01:52:06 +0800] "GET /api/latest-version?platform=3 HTTP/1.1" 200 166 "https://www.shudaxia.com/" "Mozilla/5.0 (Linux; Android 5.0) AppleWebKit/537.36 (KHTML, like Gecko) Mobile Safari/537.36 (compatible; Bytespider; https://zhanzhang.toutiao.com/)"
111.6.230.203 - - [02/Feb/2026:01:52:06 +0800] "GET /api/auth/session HTTP/1.1" 200 35 "https://www.shudaxia.com/" "Mozilla/5.0 (Linux; Android 5.0) AppleWebKit/537.36 (KHTML, like Gecko) Mobile Safari/537.36 (compatible; Bytespider; https://zhanzhang.toutiao.com/)"
111.6.230.164 - - [02/Feb/2026:01:52:06 +0800] "GET /api/latest-version?platform=2 HTTP/1.1" 200 152 "https://www.shudaxia.com/" "Mozilla/5.0 (Linux; Android 5.0) AppleWebKit/537.36 (KHTML, like Gecko) Mobile Safari/537.36 (compatible; Bytespider; https://zhanzhang.toutiao.com/)"
111.6.230.203 - - [02/Feb/2026:01:52:07 +0800] "GET /api/latest-version?platform=3 HTTP/1.1" 200 166 "https://www.shudaxia.com/" "Mozilla/5.0 (Linux; Android 5.0) AppleWebKit/537.36 (KHTML, like Gecko) Mobile Safari/537.36 (compatible; Bytespider; https://zhanzhang.toutiao.com/)"
111.6.230.164 - - [02/Feb/2026:01:52:07 +0800] "GET /api/latest-version?platform=2 HTTP/1.1" 200 152 "https://www.shudaxia.com/" "Mozilla/5.0 (Linux; Android 5.0) AppleWebKit/537.36 (KHTML, like Gecko) Mobile Safari/537.36 (compatible; Bytespider; https://zhanzhang.toutiao.com/)"
111.6.230.164 - - [02/Feb/2026:01:52:07 +0800] "GET /api/latest-version?platform=2 HTTP/1.1" 200 152 "https://www.shudaxia.com/" "Mozilla/5.0 (Linux; Android 5.0) AppleWebKit/537.36 (KHTML, like Gecko) Mobile Safari/537.36 (compatible; Bytespider; https://zhanzhang.toutiao.com/)"
111.6.230.203 - - [02/Feb/2026:01:52:07 +0800] "GET /api/auth/session HTTP/1.1" 200 35 "https://www.shudaxia.com/" "Mozilla/5.0 (Linux; Android 5.0) AppleWebKit/537.36 (KHTML, like Gecko) Mobile Safari/537.36 (compatible; Bytespider; https://zhanzhang.toutiao.com/)"
111.6.230.164 - - [02/Feb/2026:01:52:07 +0800] "GET /api/latest-version?platform=2 HTTP/1.1" 200 152 "https://www.shudaxia.com/" "Mozilla/5.0 (Linux; Android 5.0) AppleWebKit/537.36 (KHTML, like Gecko) Mobile Safari/537.36 (compatible; Bytespider; https://zhanzhang.toutiao.com/)"
111.6.230.215 - - [02/Feb/2026:01:56:47 +0800] "GET / HTTP/1.1" 200 24526 "-" "Mozilla/5.0 (Linux;u;Android 4.2.2;zh-cn;) AppleWebKit/534.46 (KHTML,like Gecko) Version/5.1 Mobile Safari/10600.6.3 (compatible; Baiduspider/2.0; +http://www.baidu.com/search/spider.html)"
111.6.230.203 - - [02/Feb/2026:01:56:51 +0800] "GET /api/auth/session HTTP/1.1" 200 35 "https://www.shudaxia.com/" "Mozilla/5.0 (iPhone; CPU iPhone OS 9_1 like Mac OS X) AppleWebKit/601.1.46 (KHTML, like Gecko) Version/9.0 Mobile/13B143 Safari/601.1 (compatible; Baiduspider-render/2.0; +http://www.baidu.com/search/spider.html)"
111.6.230.203 - - [02/Feb/2026:01:56:51 +0800] "GET /api/latest-version?platform=3 HTTP/1.1" 200 166 "https://www.shudaxia.com/" "Mozilla/5.0 (iPhone; CPU iPhone OS 9_1 like Mac OS X) AppleWebKit/601.1.46 (KHTML, like Gecko) Version/9.0 Mobile/13B143 Safari/601.1 (compatible; Baiduspider-render/2.0; +http://www.baidu.com/search/spider.html)"
111.6.230.165 - - [02/Feb/2026:01:56:51 +0800] "GET /api/footer-links HTTP/1.1" 200 535 "https://www.shudaxia.com/" "Mozilla/5.0 (iPhone; CPU iPhone OS 9_1 like Mac OS X) AppleWebKit/601.1.46 (KHTML, like Gecko) Version/9.0 Mobile/13B143 Safari/601.1 (compatible; Baiduspider-render/2.0; +http://www.baidu.com/search/spider.html)"
111.6.230.203 - - [02/Feb/2026:01:56:51 +0800] "GET /api/latest-version?platform=3 HTTP/1.1" 200 166 "https://www.shudaxia.com/" "Mozilla/5.0 (iPhone; CPU iPhone OS 9_1 like Mac OS X) AppleWebKit/601.1.46 (KHTML, like Gecko) Version/9.0 Mobile/13B143 Safari/601.1 (compatible; Baiduspider-render/2.0; +http://www.baidu.com/search/spider.html)"
111.6.230.164 - - [02/Feb/2026:01:56:51 +0800] "GET /api/latest-version?platform=2 HTTP/1.1" 200 152 "https://www.shudaxia.com/" "Mozilla/5.0 (iPhone; CPU iPhone OS 9_1 like Mac OS X) AppleWebKit/601.1.46 (KHTML, like Gecko) Version/9.0 Mobile/13B143 Safari/601.1 (compatible; Baiduspider-render/2.0; +http://www.baidu.com/search/spider.html)"
111.6.230.203 - - [02/Feb/2026:01:56:51 +0800] "GET /api/latest-version?platform=3 HTTP/1.1" 200 166 "https://www.shudaxia.com/" "Mozilla/5.0 (iPhone; CPU iPhone OS 9_1 like Mac OS X) AppleWebKit/601.1.46 (KHTML, like Gecko) Version/9.0 Mobile/13B143 Safari/601.1 (compatible; Baiduspider-render/2.0; +http://www.baidu.com/search/spider.html)"
111.6.230.203 - - [02/Feb/2026:01:56:51 +0800] "GET /api/latest-version?platform=3 HTTP/1.1" 200 166 "https://www.shudaxia.com/" "Mozilla/5.0 (iPhone; CPU iPhone OS 9_1 like Mac OS X) AppleWebKit/601.1.46 (KHTML, like Gecko) Version/9.0 Mobile/13B143 Safari/601.1 (compatible; Baiduspider-render/2.0; +http://www.baidu.com/search/spider.html)"
111.6.230.203 - - [02/Feb/2026:01:56:51 +0800] "GET /api/latest-version?platform=3 HTTP/1.1" 200 166 "https://www.shudaxia.com/" "Mozilla/5.0 (iPhone; CPU iPhone OS 9_1 like Mac OS X) AppleWebKit/601.1.46 (KHTML, like Gecko) Version/9.0 Mobile/13B143 Safari/601.1 (compatible; Baiduspider-render/2.0; +http://www.baidu.com/search/spider.html)"
111.6.230.203 - - [02/Feb/2026:01:56:51 +0800] "GET /api/auth/session HTTP/1.1" 200 35 "https://www.shudaxia.com/" "Mozilla/5.0 (iPhone; CPU iPhone OS 9_1 like Mac OS X) AppleWebKit/601.1.46 (KHTML, like Gecko) Version/9.0 Mobile/13B143 Safari/601.1 (compatible; Baiduspider-render/2.0; +http://www.baidu.com/search/spider.html)"
111.6.230.164 - - [02/Feb/2026:01:56:51 +0800] "GET /api/latest-version?platform=2 HTTP/1.1" 200 152 "https://www.shudaxia.com/" "Mozilla/5.0 (iPhone; CPU iPhone OS 9_1 like Mac OS X) AppleWebKit/601.1.46 (KHTML, like Gecko) Version/9.0 Mobile/13B143 Safari/601.1 (compatible; Baiduspider-render/2.0; +http://www.baidu.com/search/spider.html)"
111.6.230.164 - - [02/Feb/2026:01:56:51 +0800] "GET /api/latest-version?platform=2 HTTP/1.1" 200 152 "https://www.shudaxia.com/" "Mozilla/5.0 (iPhone; CPU iPhone OS 9_1 like Mac OS X) AppleWebKit/601.1.46 (KHTML, like Gecko) Version/9.0 Mobile/13B143 Safari/601.1 (compatible; Baiduspider-render/2.0; +http://www.baidu.com/search/spider.html)"
111.6.230.164 - - [02/Feb/2026:01:56:51 +0800] "GET /api/latest-version?platform=2 HTTP/1.1" 200 152 "https://www.shudaxia.com/" "Mozilla/5.0 (iPhone; CPU iPhone OS 9_1 like Mac OS X) AppleWebKit/601.1.46 (KHTML, like Gecko) Version/9.0 Mobile/13B143 Safari/601.1 (compatible; Baiduspider-render/2.0; +http://www.baidu.com/search/spider.html)"
180.101.204.214 - - [02/Feb/2026:01:56:58 +0800] "GET / HTTP/1.1" 200 24333 "-" "Sogou web spider/4.0(+http://www.sogou.com/docs/help/webmasters.htm#07)"
180.101.204.146 - - [02/Feb/2026:01:56:59 +0800] "GET /api/latest-version?platform=3 HTTP/1.1" 200 166 "https://www.shudaxia.com/" "Sogou web spider/4.0(+http://www.sogou.com/docs/help/webmasters.htm#07)"
180.101.204.204 - - [02/Feb/2026:01:56:59 +0800] "GET /api/latest-version?platform=2 HTTP/1.1" 200 152 "https://www.shudaxia.com/" "Sogou web spider/4.0(+http://www.sogou.com/docs/help/webmasters.htm#07)"
180.101.204.146 - - [02/Feb/2026:01:56:59 +0800] "GET /api/latest-version?platform=3 HTTP/1.1" 200 166 "https://www.shudaxia.com/" "Sogou web spider/4.0(+http://www.sogou.com/docs/help/webmasters.htm#07)"
180.101.204.131 - - [02/Feb/2026:01:56:59 +0800] "GET /api/footer-links HTTP/1.1" 200 535 "https://www.shudaxia.com/" "Sogou web spider/4.0(+http://www.sogou.com/docs/help/webmasters.htm#07)"
180.101.204.206 - - [02/Feb/2026:01:56:59 +0800] "GET /api/auth/session HTTP/1.1" 200 35 "https://www.shudaxia.com/" "Sogou web spider/4.0(+http://www.sogou.com/docs/help/webmasters.htm#07)"
180.101.204.204 - - [02/Feb/2026:01:56:59 +0800] "GET /api/latest-version?platform=2 HTTP/1.1" 200 152 "https://www.shudaxia.com/" "Sogou web spider/4.0(+http://www.sogou.com/docs/help/webmasters.htm#07)"
180.101.204.146 - - [02/Feb/2026:01:56:59 +0800] "GET /api/latest-version?platform=3 HTTP/1.1" 200 166 "https://www.shudaxia.com/" "Sogou web spider/4.0(+http://www.sogou.com/docs/help/webmasters.htm#07)"
180.101.204.146 - - [02/Feb/2026:01:56:59 +0800] "GET /api/latest-version?platform=3 HTTP/1.1" 200 166 "https://www.shudaxia.com/" "Sogou web spider/4.0(+http://www.sogou.com/docs/help/webmasters.htm#07)"
180.101.204.146 - - [02/Feb/2026:01:56:59 +0800] "GET /api/latest-version?platform=3 HTTP/1.1" 200 166 "https://www.shudaxia.com/" "Sogou web spider/4.0(+http://www.sogou.com/docs/help/webmasters.htm#07)"
180.101.204.204 - - [02/Feb/2026:01:56:59 +0800] "GET /api/latest-version?platform=2 HTTP/1.1" 200 152 "https://www.shudaxia.com/" "Sogou web spider/4.0(+http://www.sogou.com/docs/help/webmasters.htm#07)"
180.101.204.204 - - [02/Feb/2026:01:56:59 +0800] "GET /api/latest-version?platform=2 HTTP/1.1" 200 152 "https://www.shudaxia.com/" "Sogou web spider/4.0(+http://www.sogou.com/docs/help/webmasters.htm#07)"
180.101.204.206 - - [02/Feb/2026:01:56:59 +0800] "GET /api/auth/session HTTP/1.1" 200 35 "https://www.shudaxia.com/" "Sogou web spider/4.0(+http://www.sogou.com/docs/help/webmasters.htm#07)"
111.6.230.163 - - [02/Feb/2026:02:03:21 +0800] "GET /?eqid=a2f5c85d000084a300000005647369a8 HTTP/1.1" 200 24383 "-" "Mozilla/5.0 (compatible; Baiduspider/2.0; +http://www.baidu.com/search/spider.html)"
111.6.230.215 - - [02/Feb/2026:02:03:21 +0800] "GET / HTTP/1.1" 200 24367 "-" "Mozilla/5.0 (compatible; Baiduspider/2.0; +http://www.baidu.com/search/spider.html)"
111.6.230.164 - - [02/Feb/2026:02:03:24 +0800] "GET /api/latest-version?platform=2 HTTP/1.1" 200 152 "https://www.shudaxia.com/cpstest.html" "Mozilla/5.0 (iPhone; CPU iPhone OS 9_1 like Mac OS X) AppleWebKit/601.1.46 (KHTML, like Gecko) Version/9.0 Mobile/13B143 Safari/601.1 (compatible; Baiduspider-render/2.0; +http://www.baidu.com/search/spider.html)"
111.6.230.203 - - [02/Feb/2026:02:03:24 +0800] "GET /api/auth/session HTTP/1.1" 200 35 "https://www.shudaxia.com/cpstest.html" "Mozilla/5.0 (iPhone; CPU iPhone OS 9_1 like Mac OS X) AppleWebKit/601.1.46 (KHTML, like Gecko) Version/9.0 Mobile/13B143 Safari/601.1 (compatible; Baiduspider-render/2.0; +http://www.baidu.com/search/spider.html)"
111.6.230.165 - - [02/Feb/2026:02:03:24 +0800] "GET /api/footer-links HTTP/1.1" 200 535 "https://www.shudaxia.com/cpstest.html" "Mozilla/5.0 (iPhone; CPU iPhone OS 9_1 like Mac OS X) AppleWebKit/601.1.46 (KHTML, like Gecko) Version/9.0 Mobile/13B143 Safari/601.1 (compatible; Baiduspider-render/2.0; +http://www.baidu.com/search/spider.html)"
111.6.230.203 - - [02/Feb/2026:02:03:24 +0800] "GET /api/latest-version?platform=3 HTTP/1.1" 200 166 "https://www.shudaxia.com/cpstest.html" "Mozilla/5.0 (iPhone; CPU iPhone OS 9_1 like Mac OS X) AppleWebKit/601.1.46 (KHTML, like Gecko) Version/9.0 Mobile/13B143 Safari/601.1 (compatible; Baiduspider-render/2.0; +http://www.baidu.com/search/spider.html)"
111.6.230.203 - - [02/Feb/2026:02:03:24 +0800] "GET /api/latest-version?platform=3 HTTP/1.1" 200 166 "https://www.shudaxia.com/cpstest.html" "Mozilla/5.0 (iPhone; CPU iPhone OS 9_1 like Mac OS X) AppleWebKit/601.1.46 (KHTML, like Gecko) Version/9.0 Mobile/13B143 Safari/601.1 (compatible; Baiduspider-render/2.0; +http://www.baidu.com/search/spider.html)"
111.6.230.164 - - [02/Feb/2026:02:03:24 +0800] "GET /api/latest-version?platform=2 HTTP/1.1" 200 152 "https://www.shudaxia.com/cpstest.html" "Mozilla/5.0 (iPhone; CPU iPhone OS 9_1 like Mac OS X) AppleWebKit/601.1.46 (KHTML, like Gecko) Version/9.0 Mobile/13B143 Safari/601.1 (compatible; Baiduspider-render/2.0; +http://www.baidu.com/search/spider.html)"
111.6.230.203 - - [02/Feb/2026:02:03:24 +0800] "GET /api/auth/session HTTP/1.1" 200 35 "https://www.shudaxia.com/cpstest.html" "Mozilla/5.0 (iPhone; CPU iPhone OS 9_1 like Mac OS X) AppleWebKit/601.1.46 (KHTML, like Gecko) Version/9.0 Mobile/13B143 Safari/601.1 (compatible; Baiduspider-render/2.0; +http://www.baidu.com/search/spider.html)"
111.6.230.164 - - [02/Feb/2026:02:03:24 +0800] "GET /api/latest-version?platform=2 HTTP/1.1" 200 152 "https://www.shudaxia.com/" "Mozilla/5.0 (compatible; Baiduspider-render/2.0; +http://www.baidu.com/search/spider.html)"
111.6.230.203 - - [02/Feb/2026:02:03:24 +0800] "GET /api/latest-version?platform=3 HTTP/1.1" 200 166 "https://www.shudaxia.com/" "Mozilla/5.0 (compatible; Baiduspider-render/2.0; +http://www.baidu.com/search/spider.html)"
111.6.230.203 - - [02/Feb/2026:02:03:24 +0800] "GET /api/latest-version?platform=3 HTTP/1.1" 200 166 "https://www.shudaxia.com/" "Mozilla/5.0 (compatible; Baiduspider-render/2.0; +http://www.baidu.com/search/spider.html)"
111.6.230.164 - - [02/Feb/2026:02:03:24 +0800] "GET /api/latest-version?platform=2 HTTP/1.1" 200 152 "https://www.shudaxia.com/" "Mozilla/5.0 (compatible; Baiduspider-render/2.0; +http://www.baidu.com/search/spider.html)"
111.6.230.203 - - [02/Feb/2026:02:03:24 +0800] "GET /api/latest-version?platform=3 HTTP/1.1" 200 166 "https://www.shudaxia.com/" "Mozilla/5.0 (compatible; Baiduspider-render/2.0; +http://www.baidu.com/search/spider.html)"
111.6.230.164 - - [02/Feb/2026:02:03:24 +0800] "GET /api/latest-version?platform=2 HTTP/1.1" 200 152 "https://www.shudaxia.com/" "Mozilla/5.0 (compatible; Baiduspider-render/2.0; +http://www.baidu.com/search/spider.html)"
111.6.230.164 - - [02/Feb/2026:02:03:24 +0800] "GET /api/latest-version?platform=2 HTTP/1.1" 200 152 "https://www.shudaxia.com/" "Mozilla/5.0 (compatible; Baiduspider-render/2.0; +http://www.baidu.com/search/spider.html)"
111.6.230.203 - - [02/Feb/2026:02:03:24 +0800] "GET /api/auth/session HTTP/1.1" 200 35 "https://www.shudaxia.com/" "Mozilla/5.0 (compatible; Baiduspider-render/2.0; +http://www.baidu.com/search/spider.html)"
111.6.230.203 - - [02/Feb/2026:02:03:24 +0800] "GET /api/latest-version?platform=3 HTTP/1.1" 200 166 "https://www.shudaxia.com/" "Mozilla/5.0 (compatible; Baiduspider-render/2.0; +http://www.baidu.com/search/spider.html)"
111.6.230.203 - - [02/Feb/2026:02:03:24 +0800] "GET /api/latest-version?platform=3 HTTP/1.1" 200 166 "https://www.shudaxia.com/" "Mozilla/5.0 (compatible; Baiduspider-render/2.0; +http://www.baidu.com/search/spider.html)"
111.6.230.203 - - [02/Feb/2026:02:03:24 +0800] "GET /api/auth/session HTTP/1.1" 200 35 "https://www.shudaxia.com/" "Mozilla/5.0 (compatible; Baiduspider-render/2.0; +http://www.baidu.com/search/spider.html)"
111.6.230.165 - - [02/Feb/2026:02:03:27 +0800] "GET /api/footer-links HTTP/1.1" 200 535 "https://www.shudaxia.com/" "Mozilla/5.0 (compatible; Baiduspider-render/2.0; +http://www.baidu.com/search/spider.html)"
124.95.162.210 - - [02/Feb/2026:02:05:27 +0800] "GET /faq/kuai-su-dian-ji-qi.html HTTP/1.1" 200 16793 "-" "Mozilla/5.0 (Linux; Android 5.0) AppleWebKit/537.36 (KHTML, like Gecko) Mobile Safari/537.36 (compatible; Bytespider; https://zhanzhang.toutiao.com/)"
124.95.162.159 - - [02/Feb/2026:02:05:27 +0800] "GET /api/auth/session HTTP/1.1" 200 35 "https://www.shudaxia.com/faq/kuai-su-dian-ji-qi.html" "Mozilla/5.0 (Linux; Android 5.0) AppleWebKit/537.36 (KHTML, like Gecko) Mobile Safari/537.36 (compatible; Bytespider; https://zhanzhang.toutiao.com/)"
124.95.162.144 - - [02/Feb/2026:02:05:27 +0800] "POST /api/articles/61/view HTTP/1.1" 200 1780 "https://www.shudaxia.com/faq/kuai-su-dian-ji-qi.html" "Mozilla/5.0 (Linux; Android 5.0) AppleWebKit/537.36 (KHTML, like Gecko) Mobile Safari/537.36 (compatible; Bytespider; https://zhanzhang.toutiao.com/)"
124.95.162.176 - - [02/Feb/2026:02:05:27 +0800] "GET /api/latest-version?platform=2 HTTP/1.1" 200 152 "https://www.shudaxia.com/faq/kuai-su-dian-ji-qi.html" "Mozilla/5.0 (Linux; Android 5.0) AppleWebKit/537.36 (KHTML, like Gecko) Mobile Safari/537.36 (compatible; Bytespider; https://zhanzhang.toutiao.com/)"
124.95.162.153 - - [02/Feb/2026:02:05:27 +0800] "GET /api/latest-version?platform=3 HTTP/1.1" 200 166 "https://www.shudaxia.com/faq/kuai-su-dian-ji-qi.html" "Mozilla/5.0 (Linux; Android 5.0) AppleWebKit/537.36 (KHTML, like Gecko) Mobile Safari/537.36 (compatible; Bytespider; https://zhanzhang.toutiao.com/)"
124.95.162.158 - - [02/Feb/2026:02:05:27 +0800] "GET /api/footer-links HTTP/1.1" 200 535 "https://www.shudaxia.com/faq/kuai-su-dian-ji-qi.html" "Mozilla/5.0 (Linux; Android 5.0) AppleWebKit/537.36 (KHTML, like Gecko) Mobile Safari/537.36 (compatible; Bytespider; https://zhanzhang.toutiao.com/)"
124.95.162.206 - - [02/Feb/2026:02:05:27 +0800] "GET /?_rsc=orma1 HTTP/1.1" 200 144 "https://www.shudaxia.com/faq/kuai-su-dian-ji-qi.html" "Mozilla/5.0 (Linux; Android 5.0) AppleWebKit/537.36 (KHTML, like Gecko) Mobile Safari/537.36 (compatible; Bytespider; https://zhanzhang.toutiao.com/)"
124.95.162.213 - - [02/Feb/2026:02:05:27 +0800] "GET /news/p1?_rsc=orma1 HTTP/1.1" 308 23 "https://www.shudaxia.com/faq/kuai-su-dian-ji-qi.html" "Mozilla/5.0 (Linux; Android 5.0) AppleWebKit/537.36 (KHTML, like Gecko) Mobile Safari/537.36 (compatible; Bytespider; https://zhanzhang.toutiao.com/)"
124.95.162.200 - - [02/Feb/2026:02:05:27 +0800] "GET /doc/p1?_rsc=orma1 HTTP/1.1" 308 22 "https://www.shudaxia.com/faq/kuai-su-dian-ji-qi.html" "Mozilla/5.0 (Linux; Android 5.0) AppleWebKit/537.36 (KHTML, like Gecko) Mobile Safari/537.36 (compatible; Bytespider; https://zhanzhang.toutiao.com/)"
124.95.162.206 - - [02/Feb/2026:02:05:27 +0800] "GET /faq/p1?_rsc=orma1 HTTP/1.1" 308 22 "https://www.shudaxia.com/faq/kuai-su-dian-ji-qi.html" "Mozilla/5.0 (Linux; Android 5.0) AppleWebKit/537.36 (KHTML, like Gecko) Mobile Safari/537.36 (compatible; Bytespider; https://zhanzhang.toutiao.com/)"
124.95.162.180 - - [02/Feb/2026:02:05:27 +0800] "GET /faq?_rsc=orma1 HTTP/1.1" 308 19 "https://www.shudaxia.com/faq/kuai-su-dian-ji-qi.html" "Mozilla/5.0 (Linux; Android 5.0) AppleWebKit/537.36 (KHTML, like Gecko) Mobile Safari/537.36 (compatible; Bytespider; https://zhanzhang.toutiao.com/)"
124.95.162.211 - - [02/Feb/2026:02:05:27 +0800] "GET /api/auth/session HTTP/1.1" 200 35 "https://www.shudaxia.com/faq/kuai-su-dian-ji-qi.html" "Mozilla/5.0 (Linux; Android 5.0) AppleWebKit/537.36 (KHTML, like Gecko) Mobile Safari/537.36 (compatible; Bytespider; https://zhanzhang.toutiao.com/)"
124.95.162.149 - - [02/Feb/2026:02:05:27 +0800] "GET /api/latest-version?platform=3 HTTP/1.1" 200 166 "https://www.shudaxia.com/faq/kuai-su-dian-ji-qi.html" "Mozilla/5.0 (Linux; Android 5.0) AppleWebKit/537.36 (KHTML, like Gecko) Mobile Safari/537.36 (compatible; Bytespider; https://zhanzhang.toutiao.com/)"
124.95.162.185 - - [02/Feb/2026:02:05:27 +0800] "GET /api/latest-version?platform=2 HTTP/1.1" 200 152 "https://www.shudaxia.com/faq/kuai-su-dian-ji-qi.html" "Mozilla/5.0 (Linux; Android 5.0) AppleWebKit/537.36 (KHTML, like Gecko) Mobile Safari/537.36 (compatible; Bytespider; https://zhanzhang.toutiao.com/)"
124.95.162.135 - - [02/Feb/2026:02:05:28 +0800] "GET /news/p1.html HTTP/1.1" 200 168 "https://www.shudaxia.com/faq/kuai-su-dian-ji-qi.html" "Mozilla/5.0 (Linux; Android 5.0) AppleWebKit/537.36 (KHTML, like Gecko) Mobile Safari/537.36 (compatible; Bytespider; https://zhanzhang.toutiao.com/)"
124.95.162.188 - - [02/Feb/2026:02:05:28 +0800] "GET /doc/p1.html HTTP/1.1" 200 168 "https://www.shudaxia.com/faq/kuai-su-dian-ji-qi.html" "Mozilla/5.0 (Linux; Android 5.0) AppleWebKit/537.36 (KHTML, like Gecko) Mobile Safari/537.36 (compatible; Bytespider; https://zhanzhang.toutiao.com/)"
124.95.162.194 - - [02/Feb/2026:02:05:28 +0800] "GET /faq.html HTTP/1.1" 200 165 "https://www.shudaxia.com/faq/kuai-su-dian-ji-qi.html" "Mozilla/5.0 (Linux; Android 5.0) AppleWebKit/537.36 (KHTML, like Gecko) Mobile Safari/537.36 (compatible; Bytespider; https://zhanzhang.toutiao.com/)"
124.95.162.145 - - [02/Feb/2026:02:05:28 +0800] "GET /faq/p1.html HTTP/1.1" 200 168 "https://www.shudaxia.com/faq/kuai-su-dian-ji-qi.html" "Mozilla/5.0 (Linux; Android 5.0) AppleWebKit/537.36 (KHTML, like Gecko) Mobile Safari/537.36 (compatible; Bytespider; https://zhanzhang.toutiao.com/)"
111.6.230.203 - - [02/Feb/2026:02:06:51 +0800] "GET /api/latest-version?platform=3 HTTP/1.1" 200 166 "https://www.shudaxia.com/?eqid=a2f5c85d000084a300000005647369a8" "Mozilla/5.0 (compatible; Baiduspider-render/2.0; +http://www.baidu.com/search/spider.html)"
111.6.230.164 - - [02/Feb/2026:02:06:51 +0800] "GET /api/latest-version?platform=2 HTTP/1.1" 200 152 "https://www.shudaxia.com/?eqid=a2f5c85d000084a300000005647369a8" "Mozilla/5.0 (compatible; Baiduspider-render/2.0; +http://www.baidu.com/search/spider.html)"
111.6.230.165 - - [02/Feb/2026:02:06:51 +0800] "GET /api/footer-links HTTP/1.1" 200 535 "https://www.shudaxia.com/?eqid=a2f5c85d000084a300000005647369a8" "Mozilla/5.0 (compatible; Baiduspider-render/2.0; +http://www.baidu.com/search/spider.html)"
111.6.230.203 - - [02/Feb/2026:02:06:51 +0800] "GET /api/auth/session HTTP/1.1" 200 35 "https://www.shudaxia.com/?eqid=a2f5c85d000084a300000005647369a8" "Mozilla/5.0 (compatible; Baiduspider-render/2.0; +http://www.baidu.com/search/spider.html)"
111.6.230.203 - - [02/Feb/2026:02:06:51 +0800] "GET /api/latest-version?platform=3 HTTP/1.1" 200 166 "https://www.shudaxia.com/?eqid=a2f5c85d000084a300000005647369a8" "Mozilla/5.0 (compatible; Baiduspider-render/2.0; +http://www.baidu.com/search/spider.html)"
111.6.230.164 - - [02/Feb/2026:02:06:51 +0800] "GET /api/latest-version?platform=2 HTTP/1.1" 200 152 "https://www.shudaxia.com/?eqid=a2f5c85d000084a300000005647369a8" "Mozilla/5.0 (compatible; Baiduspider-render/2.0; +http://www.baidu.com/search/spider.html)"
111.6.230.203 - - [02/Feb/2026:02:06:51 +0800] "GET /api/latest-version?platform=3 HTTP/1.1" 200 166 "https://www.shudaxia.com/?eqid=a2f5c85d000084a300000005647369a8" "Mozilla/5.0 (compatible; Baiduspider-render/2.0; +http://www.baidu.com/search/spider.html)"
111.6.230.164 - - [02/Feb/2026:02:06:51 +0800] "GET /api/latest-version?platform=2 HTTP/1.1" 200 152 "https://www.shudaxia.com/?eqid=a2f5c85d000084a300000005647369a8" "Mozilla/5.0 (compatible; Baiduspider-render/2.0; +http://www.baidu.com/search/spider.html)"
111.6.230.203 - - [02/Feb/2026:02:06:51 +0800] "GET /api/latest-version?platform=3 HTTP/1.1" 200 166 "https://www.shudaxia.com/?eqid=a2f5c85d000084a300000005647369a8" "Mozilla/5.0 (compatible; Baiduspider-render/2.0; +http://www.baidu.com/search/spider.html)"
111.6.230.164 - - [02/Feb/2026:02:06:51 +0800] "GET /api/latest-version?platform=2 HTTP/1.1" 200 152 "https://www.shudaxia.com/?eqid=a2f5c85d000084a300000005647369a8" "Mozilla/5.0 (compatible; Baiduspider-render/2.0; +http://www.baidu.com/search/spider.html)"
111.6.230.203 - - [02/Feb/2026:02:06:51 +0800] "GET /api/latest-version?platform=3 HTTP/1.1" 200 166 "https://www.shudaxia.com/?eqid=a2f5c85d000084a300000005647369a8" "Mozilla/5.0 (compatible; Baiduspider-render/2.0; +http://www.baidu.com/search/spider.html)"
111.6.230.203 - - [02/Feb/2026:02:06:51 +0800] "GET /api/auth/session HTTP/1.1" 200 35 "https://www.shudaxia.com/?eqid=a2f5c85d000084a300000005647369a8" "Mozilla/5.0 (compatible; Baiduspider-render/2.0; +http://www.baidu.com/search/spider.html)"
111.6.230.163 - - [02/Feb/2026:02:32:03 +0800] "GET /?eqid=a2f5c85d000084a300000005647369a8 HTTP/1.1" 200 24541 "-" "Mozilla/5.0 (Linux;u;Android 4.2.2;zh-cn;) AppleWebKit/534.46 (KHTML,like Gecko) Version/5.1 Mobile Safari/10600.6.3 (compatible; Baiduspider/2.0; +http://www.baidu.com/search/spider.html)"
111.6.230.203 - - [02/Feb/2026:02:32:09 +0800] "GET /api/latest-version?platform=3 HTTP/1.1" 200 166 "https://www.shudaxia.com/?eqid=a2f5c85d000084a300000005647369a8" "Mozilla/5.0 (iPhone; CPU iPhone OS 9_1 like Mac OS X) AppleWebKit/601.1.46 (KHTML, like Gecko) Version/9.0 Mobile/13B143 Safari/601.1 (compatible; Baiduspider-render/2.0; +http://www.baidu.com/search/spider.html)"
111.6.230.165 - - [02/Feb/2026:02:32:09 +0800] "GET /api/footer-links HTTP/1.1" 200 535 "https://www.shudaxia.com/?eqid=a2f5c85d000084a300000005647369a8" "Mozilla/5.0 (iPhone; CPU iPhone OS 9_1 like Mac OS X) AppleWebKit/601.1.46 (KHTML, like Gecko) Version/9.0 Mobile/13B143 Safari/601.1 (compatible; Baiduspider-render/2.0; +http://www.baidu.com/search/spider.html)"
111.6.230.203 - - [02/Feb/2026:02:32:09 +0800] "GET /api/latest-version?platform=3 HTTP/1.1" 200 166 "https://www.shudaxia.com/?eqid=a2f5c85d000084a300000005647369a8" "Mozilla/5.0 (iPhone; CPU iPhone OS 9_1 like Mac OS X) AppleWebKit/601.1.46 (KHTML, like Gecko) Version/9.0 Mobile/13B143 Safari/601.1 (compatible; Baiduspider-render/2.0; +http://www.baidu.com/search/spider.html)"
111.6.230.164 - - [02/Feb/2026:02:32:09 +0800] "GET /api/latest-version?platform=2 HTTP/1.1" 200 152 "https://www.shudaxia.com/?eqid=a2f5c85d000084a300000005647369a8" "Mozilla/5.0 (iPhone; CPU iPhone OS 9_1 like Mac OS X) AppleWebKit/601.1.46 (KHTML, like Gecko) Version/9.0 Mobile/13B143 Safari/601.1 (compatible; Baiduspider-render/2.0; +http://www.baidu.com/search/spider.html)"
111.6.230.203 - - [02/Feb/2026:02:32:09 +0800] "GET /api/auth/session HTTP/1.1" 200 35 "https://www.shudaxia.com/?eqid=a2f5c85d000084a300000005647369a8" "Mozilla/5.0 (iPhone; CPU iPhone OS 9_1 like Mac OS X) AppleWebKit/601.1.46 (KHTML, like Gecko) Version/9.0 Mobile/13B143 Safari/601.1 (compatible; Baiduspider-render/2.0; +http://www.baidu.com/search/spider.html)"
111.6.230.203 - - [02/Feb/2026:02:32:09 +0800] "GET /api/latest-version?platform=3 HTTP/1.1" 200 166 "https://www.shudaxia.com/?eqid=a2f5c85d000084a300000005647369a8" "Mozilla/5.0 (iPhone; CPU iPhone OS 9_1 like Mac OS X) AppleWebKit/601.1.46 (KHTML, like Gecko) Version/9.0 Mobile/13B143 Safari/601.1 (compatible; Baiduspider-render/2.0; +http://www.baidu.com/search/spider.html)"
111.6.230.164 - - [02/Feb/2026:02:32:09 +0800] "GET /api/latest-version?platform=2 HTTP/1.1" 200 152 "https://www.shudaxia.com/?eqid=a2f5c85d000084a300000005647369a8" "Mozilla/5.0 (iPhone; CPU iPhone OS 9_1 like Mac OS X) AppleWebKit/601.1.46 (KHTML, like Gecko) Version/9.0 Mobile/13B143 Safari/601.1 (compatible; Baiduspider-render/2.0; +http://www.baidu.com/search/spider.html)"
111.6.230.164 - - [02/Feb/2026:02:32:09 +0800] "GET /api/latest-version?platform=2 HTTP/1.1" 200 152 "https://www.shudaxia.com/?eqid=a2f5c85d000084a300000005647369a8" "Mozilla/5.0 (iPhone; CPU iPhone OS 9_1 like Mac OS X) AppleWebKit/601.1.46 (KHTML, like Gecko) Version/9.0 Mobile/13B143 Safari/601.1 (compatible; Baiduspider-render/2.0; +http://www.baidu.com/search/spider.html)"
111.6.230.203 - - [02/Feb/2026:02:32:09 +0800] "GET /api/latest-version?platform=3 HTTP/1.1" 200 166 "https://www.shudaxia.com/?eqid=a2f5c85d000084a300000005647369a8" "Mozilla/5.0 (iPhone; CPU iPhone OS 9_1 like Mac OS X) AppleWebKit/601.1.46 (KHTML, like Gecko) Version/9.0 Mobile/13B143 Safari/601.1 (compatible; Baiduspider-render/2.0; +http://www.baidu.com/search/spider.html)"
111.6.230.164 - - [02/Feb/2026:02:32:09 +0800] "GET /api/latest-version?platform=2 HTTP/1.1" 200 152 "https://www.shudaxia.com/?eqid=a2f5c85d000084a300000005647369a8" "Mozilla/5.0 (iPhone; CPU iPhone OS 9_1 like Mac OS X) AppleWebKit/601.1.46 (KHTML, like Gecko) Version/9.0 Mobile/13B143 Safari/601.1 (compatible; Baiduspider-render/2.0; +http://www.baidu.com/search/spider.html)"
111.6.230.203 - - [02/Feb/2026:02:32:09 +0800] "GET /api/auth/session HTTP/1.1" 200 35 "https://www.shudaxia.com/?eqid=a2f5c85d000084a300000005647369a8" "Mozilla/5.0 (iPhone; CPU iPhone OS 9_1 like Mac OS X) AppleWebKit/601.1.46 (KHTML, like Gecko) Version/9.0 Mobile/13B143 Safari/601.1 (compatible; Baiduspider-render/2.0; +http://www.baidu.com/search/spider.html)"
111.6.230.203 - - [02/Feb/2026:02:32:09 +0800] "GET /api/latest-version?platform=3 HTTP/1.1" 200 166 "https://www.shudaxia.com/?eqid=a2f5c85d000084a300000005647369a8" "Mozilla/5.0 (iPhone; CPU iPhone OS 9_1 like Mac OS X) AppleWebKit/601.1.46 (KHTML, like Gecko) Version/9.0 Mobile/13B143 Safari/601.1 (compatible; Baiduspider-render/2.0; +http://www.baidu.com/search/spider.html)"
111.6.230.215 - - [02/Feb/2026:02:38:56 +0800] "GET / HTTP/1.1" 200 24620 "-" "Mozilla/5.0 (Linux; Android 5.0) AppleWebKit/537.36 (KHTML, like Gecko) Mobile Safari/537.36 (compatible; Bytespider; https://zhanzhang.toutiao.com/)"
111.6.230.203 - - [02/Feb/2026:02:38:57 +0800] "GET /api/latest-version?platform=3 HTTP/1.1" 200 166 "https://www.shudaxia.com/" "Mozilla/5.0 (Linux; Android 5.0) AppleWebKit/537.36 (KHTML, like Gecko) Mobile Safari/537.36 (compatible; Bytespider; https://zhanzhang.toutiao.com/)"
111.6.230.203 - - [02/Feb/2026:02:38:58 +0800] "GET /api/auth/session HTTP/1.1" 200 35 "https://www.shudaxia.com/" "Mozilla/5.0 (Linux; Android 5.0) AppleWebKit/537.36 (KHTML, like Gecko) Mobile Safari/537.36 (compatible; Bytespider; https://zhanzhang.toutiao.com/)"
111.6.230.203 - - [02/Feb/2026:02:38:58 +0800] "GET /api/latest-version?platform=3 HTTP/1.1" 200 166 "https://www.shudaxia.com/" "Mozilla/5.0 (Linux; Android 5.0) AppleWebKit/537.36 (KHTML, like Gecko) Mobile Safari/537.36 (compatible; Bytespider; https://zhanzhang.toutiao.com/)"
111.6.230.164 - - [02/Feb/2026:02:38:58 +0800] "GET /api/latest-version?platform=2 HTTP/1.1" 200 152 "https://www.shudaxia.com/" "Mozilla/5.0 (Linux; Android 5.0) AppleWebKit/537.36 (KHTML, like Gecko) Mobile Safari/537.36 (compatible; Bytespider; https://zhanzhang.toutiao.com/)"
111.6.230.165 - - [02/Feb/2026:02:38:58 +0800] "GET /api/footer-links HTTP/1.1" 200 535 "https://www.shudaxia.com/" "Mozilla/5.0 (Linux; Android 5.0) AppleWebKit/537.36 (KHTML, like Gecko) Mobile Safari/537.36 (compatible; Bytespider; https://zhanzhang.toutiao.com/)"
111.6.230.203 - - [02/Feb/2026:02:38:58 +0800] "GET /api/auth/session HTTP/1.1" 200 35 "https://www.shudaxia.com/" "Mozilla/5.0 (Linux; Android 5.0) AppleWebKit/537.36 (KHTML, like Gecko) Mobile Safari/537.36 (compatible; Bytespider; https://zhanzhang.toutiao.com/)"
111.6.230.203 - - [02/Feb/2026:02:38:58 +0800] "GET /api/latest-version?platform=3 HTTP/1.1" 200 166 "https://www.shudaxia.com/" "Mozilla/5.0 (Linux; Android 5.0) AppleWebKit/537.36 (KHTML, like Gecko) Mobile Safari/537.36 (compatible; Bytespider; https://zhanzhang.toutiao.com/)"
111.6.230.164 - - [02/Feb/2026:02:38:58 +0800] "GET /api/latest-version?platform=2 HTTP/1.1" 200 152 "https://www.shudaxia.com/" "Mozilla/5.0 (Linux; Android 5.0) AppleWebKit/537.36 (KHTML, like Gecko) Mobile Safari/537.36 (compatible; Bytespider; https://zhanzhang.toutiao.com/)"
111.6.230.203 - - [02/Feb/2026:02:38:58 +0800] "GET /api/latest-version?platform=3 HTTP/1.1" 200 166 "https://www.shudaxia.com/" "Mozilla/5.0 (Linux; Android 5.0) AppleWebKit/537.36 (KHTML, like Gecko) Mobile Safari/537.36 (compatible; Bytespider; https://zhanzhang.toutiao.com/)"
111.6.230.164 - - [02/Feb/2026:02:38:58 +0800] "GET /api/latest-version?platform=2 HTTP/1.1" 200 152 "https://www.shudaxia.com/" "Mozilla/5.0 (Linux; Android 5.0) AppleWebKit/537.36 (KHTML, like Gecko) Mobile Safari/537.36 (compatible; Bytespider; https://zhanzhang.toutiao.com/)"
111.6.230.203 - - [02/Feb/2026:02:38:58 +0800] "GET /api/latest-version?platform=3 HTTP/1.1" 200 166 "https://www.shudaxia.com/" "Mozilla/5.0 (Linux; Android 5.0) AppleWebKit/537.36 (KHTML, like Gecko) Mobile Safari/537.36 (compatible; Bytespider; https://zhanzhang.toutiao.com/)"
111.6.230.164 - - [02/Feb/2026:02:38:58 +0800] "GET /api/latest-version?platform=2 HTTP/1.1" 200 152 "https://www.shudaxia.com/" "Mozilla/5.0 (Linux; Android 5.0) AppleWebKit/537.36 (KHTML, like Gecko) Mobile Safari/537.36 (compatible; Bytespider; https://zhanzhang.toutiao.com/)"
111.6.230.176 - - [02/Feb/2026:02:40:51 +0800] "GET /faq/kuai-su-dian-ji-qi.html HTTP/1.1" 200 16792 "-" "Mozilla/5.0 (Linux; Android 5.0) AppleWebKit/537.36 (KHTML, like Gecko) Mobile Safari/537.36 (compatible; Bytespider; https://zhanzhang.toutiao.com/)"
111.6.230.164 - - [02/Feb/2026:02:40:51 +0800] "GET /api/latest-version?platform=2 HTTP/1.1" 200 152 "https://www.shudaxia.com/faq/kuai-su-dian-ji-qi.html" "Mozilla/5.0 (Linux; Android 5.0) AppleWebKit/537.36 (KHTML, like Gecko) Mobile Safari/537.36 (compatible; Bytespider; https://zhanzhang.toutiao.com/)"
111.6.230.203 - - [02/Feb/2026:02:40:51 +0800] "GET /api/latest-version?platform=3 HTTP/1.1" 200 166 "https://www.shudaxia.com/faq/kuai-su-dian-ji-qi.html" "Mozilla/5.0 (Linux; Android 5.0) AppleWebKit/537.36 (KHTML, like Gecko) Mobile Safari/537.36 (compatible; Bytespider; https://zhanzhang.toutiao.com/)"
111.6.230.165 - - [02/Feb/2026:02:40:52 +0800] "GET /api/footer-links HTTP/1.1" 200 535 "https://www.shudaxia.com/faq/kuai-su-dian-ji-qi.html" "Mozilla/5.0 (Linux; Android 5.0) AppleWebKit/537.36 (KHTML, like Gecko) Mobile Safari/537.36 (compatible; Bytespider; https://zhanzhang.toutiao.com/)"
111.6.230.203 - - [02/Feb/2026:02:40:52 +0800] "GET /api/auth/session HTTP/1.1" 200 35 "https://www.shudaxia.com/faq/kuai-su-dian-ji-qi.html" "Mozilla/5.0 (Linux; Android 5.0) AppleWebKit/537.36 (KHTML, like Gecko) Mobile Safari/537.36 (compatible; Bytespider; https://zhanzhang.toutiao.com/)"
111.6.230.149 - - [02/Feb/2026:02:40:52 +0800] "POST /api/articles/61/view HTTP/1.1" 200 1780 "https://www.shudaxia.com/faq/kuai-su-dian-ji-qi.html" "Mozilla/5.0 (Linux; Android 5.0) AppleWebKit/537.36 (KHTML, like Gecko) Mobile Safari/537.36 (compatible; Bytespider; https://zhanzhang.toutiao.com/)"
111.6.230.177 - - [02/Feb/2026:02:40:52 +0800] "GET /?_rsc=orma1 HTTP/1.1" 200 144 "https://www.shudaxia.com/faq/kuai-su-dian-ji-qi.html" "Mozilla/5.0 (Linux; Android 5.0) AppleWebKit/537.36 (KHTML, like Gecko) Mobile Safari/537.36 (compatible; Bytespider; https://zhanzhang.toutiao.com/)"
111.6.230.203 - - [02/Feb/2026:02:40:52 +0800] "GET /api/latest-version?platform=3 HTTP/1.1" 200 166 "https://www.shudaxia.com/faq/kuai-su-dian-ji-qi.html" "Mozilla/5.0 (Linux; Android 5.0) AppleWebKit/537.36 (KHTML, like Gecko) Mobile Safari/537.36 (compatible; Bytespider; https://zhanzhang.toutiao.com/)"
111.6.230.182 - - [02/Feb/2026:02:40:52 +0800] "GET /news/p1?_rsc=orma1 HTTP/1.1" 308 23 "https://www.shudaxia.com/faq/kuai-su-dian-ji-qi.html" "Mozilla/5.0 (Linux; Android 5.0) AppleWebKit/537.36 (KHTML, like Gecko) Mobile Safari/537.36 (compatible; Bytespider; https://zhanzhang.toutiao.com/)"
111.6.230.164 - - [02/Feb/2026:02:40:52 +0800] "GET /api/latest-version?platform=2 HTTP/1.1" 200 152 "https://www.shudaxia.com/faq/kuai-su-dian-ji-qi.html" "Mozilla/5.0 (Linux; Android 5.0) AppleWebKit/537.36 (KHTML, like Gecko) Mobile Safari/537.36 (compatible; Bytespider; https://zhanzhang.toutiao.com/)"
111.6.230.231 - - [02/Feb/2026:02:40:52 +0800] "GET /faq/p1?_rsc=orma1 HTTP/1.1" 308 22 "https://www.shudaxia.com/faq/kuai-su-dian-ji-qi.html" "Mozilla/5.0 (Linux; Android 5.0) AppleWebKit/537.36 (KHTML, like Gecko) Mobile Safari/537.36 (compatible; Bytespider; https://zhanzhang.toutiao.com/)"
111.6.230.196 - - [02/Feb/2026:02:40:52 +0800] "GET /faq?_rsc=orma1 HTTP/1.1" 308 19 "https://www.shudaxia.com/faq/kuai-su-dian-ji-qi.html" "Mozilla/5.0 (Linux; Android 5.0) AppleWebKit/537.36 (KHTML, like Gecko) Mobile Safari/537.36 (compatible; Bytespider; https://zhanzhang.toutiao.com/)"
111.6.230.213 - - [02/Feb/2026:02:40:52 +0800] "GET /doc/p1?_rsc=orma1 HTTP/1.1" 308 22 "https://www.shudaxia.com/faq/kuai-su-dian-ji-qi.html" "Mozilla/5.0 (Linux; Android 5.0) AppleWebKit/537.36 (KHTML, like Gecko) Mobile Safari/537.36 (compatible; Bytespider; https://zhanzhang.toutiao.com/)"
111.6.230.203 - - [02/Feb/2026:02:40:52 +0800] "GET /api/auth/session HTTP/1.1" 200 35 "https://www.shudaxia.com/faq/kuai-su-dian-ji-qi.html" "Mozilla/5.0 (Linux; Android 5.0) AppleWebKit/537.36 (KHTML, like Gecko) Mobile Safari/537.36 (compatible; Bytespider; https://zhanzhang.toutiao.com/)"
111.6.230.213 - - [02/Feb/2026:02:40:52 +0800] "GET /doc/p1.html HTTP/1.1" 200 168 "https://www.shudaxia.com/faq/kuai-su-dian-ji-qi.html" "Mozilla/5.0 (Linux; Android 5.0) AppleWebKit/537.36 (KHTML, like Gecko) Mobile Safari/537.36 (compatible; Bytespider; https://zhanzhang.toutiao.com/)"
111.6.230.155 - - [02/Feb/2026:02:40:52 +0800] "GET /faq/p1.html HTTP/1.1" 200 168 "https://www.shudaxia.com/faq/kuai-su-dian-ji-qi.html" "Mozilla/5.0 (Linux; Android 5.0) AppleWebKit/537.36 (KHTML, like Gecko) Mobile Safari/537.36 (compatible; Bytespider; https://zhanzhang.toutiao.com/)"
111.6.230.158 - - [02/Feb/2026:02:40:52 +0800] "GET /news/p1.html HTTP/1.1" 200 168 "https://www.shudaxia.com/faq/kuai-su-dian-ji-qi.html" "Mozilla/5.0 (Linux; Android 5.0) AppleWebKit/537.36 (KHTML, like Gecko) Mobile Safari/537.36 (compatible; Bytespider; https://zhanzhang.toutiao.com/)"
111.6.230.154 - - [02/Feb/2026:02:40:52 +0800] "GET /faq.html HTTP/1.1" 200 165 "https://www.shudaxia.com/faq/kuai-su-dian-ji-qi.html" "Mozilla/5.0 (Linux; Android 5.0) AppleWebKit/537.36 (KHTML, like Gecko) Mobile Safari/537.36 (compatible; Bytespider; https://zhanzhang.toutiao.com/)"
111.6.230.203 - - [02/Feb/2026:02:46:05 +0800] "GET /baidu HTTP/1.1" 308 21 "-" "YisouSpider"
111.6.230.215 - - [02/Feb/2026:02:52:04 +0800] "GET / HTTP/1.1" 200 24763 "-" "Mozilla/5.0 (Linux; Android 5.0) AppleWebKit/537.36 (KHTML, like Gecko) Mobile Safari/537.36 (compatible; Bytespider; https://zhanzhang.toutiao.com/)"
111.6.230.203 - - [02/Feb/2026:02:52:05 +0800] "GET /api/latest-version?platform=3 HTTP/1.1" 200 166 "https://www.shudaxia.com/" "Mozilla/5.0 (Linux; Android 5.0) AppleWebKit/537.36 (KHTML, like Gecko) Mobile Safari/537.36 (compatible; Bytespider; https://zhanzhang.toutiao.com/)"
111.6.230.203 - - [02/Feb/2026:02:52:05 +0800] "GET /api/auth/session HTTP/1.1" 200 35 "https://www.shudaxia.com/" "Mozilla/5.0 (Linux; Android 5.0) AppleWebKit/537.36 (KHTML, like Gecko) Mobile Safari/537.36 (compatible; Bytespider; https://zhanzhang.toutiao.com/)"
111.6.230.203 - - [02/Feb/2026:02:52:05 +0800] "GET /api/latest-version?platform=3 HTTP/1.1" 200 166 "https://www.shudaxia.com/" "Mozilla/5.0 (Linux; Android 5.0) AppleWebKit/537.36 (KHTML, like Gecko) Mobile Safari/537.36 (compatible; Bytespider; https://zhanzhang.toutiao.com/)"
111.6.230.165 - - [02/Feb/2026:02:52:05 +0800] "GET /api/footer-links HTTP/1.1" 200 535 "https://www.shudaxia.com/" "Mozilla/5.0 (Linux; Android 5.0) AppleWebKit/537.36 (KHTML, like Gecko) Mobile Safari/537.36 (compatible; Bytespider; https://zhanzhang.toutiao.com/)"
111.6.230.164 - - [02/Feb/2026:02:52:05 +0800] "GET /api/latest-version?platform=2 HTTP/1.1" 200 152 "https://www.shudaxia.com/" "Mozilla/5.0 (Linux; Android 5.0) AppleWebKit/537.36 (KHTML, like Gecko) Mobile Safari/537.36 (compatible; Bytespider; https://zhanzhang.toutiao.com/)"
111.6.230.203 - - [02/Feb/2026:02:52:05 +0800] "GET /api/auth/session HTTP/1.1" 200 35 "https://www.shudaxia.com/" "Mozilla/5.0 (Linux; Android 5.0) AppleWebKit/537.36 (KHTML, like Gecko) Mobile Safari/537.36 (compatible; Bytespider; https://zhanzhang.toutiao.com/)"
111.6.230.203 - - [02/Feb/2026:02:52:05 +0800] "GET /api/latest-version?platform=3 HTTP/1.1" 200 166 "https://www.shudaxia.com/" "Mozilla/5.0 (Linux; Android 5.0) AppleWebKit/537.36 (KHTML, like Gecko) Mobile Safari/537.36 (compatible; Bytespider; https://zhanzhang.toutiao.com/)"
111.6.230.164 - - [02/Feb/2026:02:52:05 +0800] "GET /api/latest-version?platform=2 HTTP/1.1" 200 152 "https://www.shudaxia.com/" "Mozilla/5.0 (Linux; Android 5.0) AppleWebKit/537.36 (KHTML, like Gecko) Mobile Safari/537.36 (compatible; Bytespider; https://zhanzhang.toutiao.com/)"
111.6.230.203 - - [02/Feb/2026:02:52:05 +0800] "GET /api/latest-version?platform=3 HTTP/1.1" 200 166 "https://www.shudaxia.com/" "Mozilla/5.0 (Linux; Android 5.0) AppleWebKit/537.36 (KHTML, like Gecko) Mobile Safari/537.36 (compatible; Bytespider; https://zhanzhang.toutiao.com/)"
111.6.230.164 - - [02/Feb/2026:02:52:05 +0800] "GET /api/latest-version?platform=2 HTTP/1.1" 200 152 "https://www.shudaxia.com/" "Mozilla/5.0 (Linux; Android 5.0) AppleWebKit/537.36 (KHTML, like Gecko) Mobile Safari/537.36 (compatible; Bytespider; https://zhanzhang.toutiao.com/)"
111.6.230.203 - - [02/Feb/2026:02:52:05 +0800] "GET /api/latest-version?platform=3 HTTP/1.1" 200 166 "https://www.shudaxia.com/" "Mozilla/5.0 (Linux; Android 5.0) AppleWebKit/537.36 (KHTML, like Gecko) Mobile Safari/537.36 (compatible; Bytespider; https://zhanzhang.toutiao.com/)"
111.6.230.164 - - [02/Feb/2026:02:52:05 +0800] "GET /api/latest-version?platform=2 HTTP/1.1" 200 152 "https://www.shudaxia.com/" "Mozilla/5.0 (Linux; Android 5.0) AppleWebKit/537.36 (KHTML, like Gecko) Mobile Safari/537.36 (compatible; Bytespider; https://zhanzhang.toutiao.com/)"
111.6.230.215 - - [02/Feb/2026:02:58:52 +0800] "GET / HTTP/1.1" 200 24645 "-" "Mozilla/5.0 (Linux; Android 5.0) AppleWebKit/537.36 (KHTML, like Gecko) Mobile Safari/537.36 (compatible; Bytespider; https://zhanzhang.toutiao.com/)"
111.6.230.164 - - [02/Feb/2026:02:58:53 +0800] "GET /api/latest-version?platform=2 HTTP/1.1" 200 152 "https://www.shudaxia.com/" "Mozilla/5.0 (Linux; Android 5.0) AppleWebKit/537.36 (KHTML, like Gecko) Mobile Safari/537.36 (compatible; Bytespider; https://zhanzhang.toutiao.com/)"
111.6.230.203 - - [02/Feb/2026:02:58:53 +0800] "GET /api/latest-version?platform=3 HTTP/1.1" 200 166 "https://www.shudaxia.com/" "Mozilla/5.0 (Linux; Android 5.0) AppleWebKit/537.36 (KHTML, like Gecko) Mobile Safari/537.36 (compatible; Bytespider; https://zhanzhang.toutiao.com/)"
111.6.230.165 - - [02/Feb/2026:02:58:53 +0800] "GET /api/footer-links HTTP/1.1" 200 535 "https://www.shudaxia.com/" "Mozilla/5.0 (Linux; Android 5.0) AppleWebKit/537.36 (KHTML, like Gecko) Mobile Safari/537.36 (compatible; Bytespider; https://zhanzhang.toutiao.com/)"
111.6.230.164 - - [02/Feb/2026:02:58:53 +0800] "GET /api/latest-version?platform=2 HTTP/1.1" 200 152 "https://www.shudaxia.com/" "Mozilla/5.0 (Linux; Android 5.0) AppleWebKit/537.36 (KHTML, like Gecko) Mobile Safari/537.36 (compatible; Bytespider; https://zhanzhang.toutiao.com/)"
111.6.230.203 - - [02/Feb/2026:02:58:53 +0800] "GET /api/latest-version?platform=3 HTTP/1.1" 200 166 "https://www.shudaxia.com/" "Mozilla/5.0 (Linux; Android 5.0) AppleWebKit/537.36 (KHTML, like Gecko) Mobile Safari/537.36 (compatible; Bytespider; https://zhanzhang.toutiao.com/)"
111.6.230.164 - - [02/Feb/2026:02:58:53 +0800] "GET /api/latest-version?platform=2 HTTP/1.1" 200 152 "https://www.shudaxia.com/" "Mozilla/5.0 (Linux; Android 5.0) AppleWebKit/537.36 (KHTML, like Gecko) Mobile Safari/537.36 (compatible; Bytespider; https://zhanzhang.toutiao.com/)"
