180.97.210.172 - - [24/Jan/2026:04:48:17 +0800] "GET /video?_rsc=1vgzo HTTP/1.1" 308 21 "https://www.shudaxia.com/news/yimiao-yibaixia-zidong-dianjiqi.html" "Mozilla/5.0 (Windows NT 10.0; Win64; x64) AppleWebKit/537.36 (KHTML, like Gecko) Chrome/140.0.0.0 Safari/537.36 Edg/140.0.0.0; 360Spider"
180.97.210.165 - - [24/Jan/2026:04:48:17 +0800] "GET /mouse-keyboard-test?_rsc=1vgzo HTTP/1.1" 308 36 "https://www.shudaxia.com/news/yimiao-yibaixia-zidong-dianjiqi.html" "Mozilla/5.0 (Windows NT 10.0; Win64; x64) AppleWebKit/537.36 (KHTML, like Gecko) Chrome/140.0.0.0 Safari/537.36 Edg/140.0.0.0; 360Spider"
180.97.210.186 - - [24/Jan/2026:04:48:17 +0800] "GET /mouse-click-train.html HTTP/1.1" 200 2715 "https://www.shudaxia.com/news/33.html" "Mozilla/5.0 (Windows NT 10.0; Win64; x64) AppleWebKit/537.36 (KHTML, like Gecko) Chrome/140.0.0.0 Safari/537.36 Edg/140.0.0.0; 360Spider"
180.97.210.156 - - [24/Jan/2026:04:48:17 +0800] "GET /scriptdiy.html HTTP/1.1" 200 4607 "https://www.shudaxia.com/news/33.html" "Mozilla/5.0 (Windows NT 10.0; Win64; x64) AppleWebKit/537.36 (KHTML, like Gecko) Chrome/140.0.0.0 Safari/537.36 Edg/140.0.0.0; 360Spider"
180.97.210.152 - - [24/Jan/2026:04:48:18 +0800] "GET /faq/p1.html HTTP/1.1" 200 26861 "-" "Mozilla/5.0 (Windows NT 10.0; Win64; x64) AppleWebKit/537.36 (KHTML, like Gecko) Chrome/140.0.0.0 Safari/537.36 Edg/140.0.0.0; 360Spider"
180.97.210.153 - - [24/Jan/2026:04:48:19 +0800] "GET /doc/advanced/p1?_rsc=1v7he HTTP/1.1" 308 32 "https://www.shudaxia.com/news/shu-da-xia-shu-biao-lian-dian-qi.html" "Mozilla/5.0 (Windows NT 10.0; Win64; x64) AppleWebKit/537.36 (KHTML, like Gecko) Chrome/140.0.0.0 Safari/537.36 Edg/140.0.0.0; 360Spider"
180.97.210.161 - - [24/Jan/2026:04:48:19 +0800] "GET /news/p1?_rsc=1v7he HTTP/1.1" 308 23 "https://www.shudaxia.com/news/shu-da-xia-shu-biao-lian-dian-qi.html" "Mozilla/5.0 (Windows NT 10.0; Win64; x64) AppleWebKit/537.36 (KHTML, like Gecko) Chrome/140.0.0.0 Safari/537.36 Edg/140.0.0.0; 360Spider"
180.97.210.192 - - [24/Jan/2026:04:48:19 +0800] "GET /api/auth/session HTTP/1.1" 200 35 "https://www.shudaxia.com/news/yimiao-yibaixia-zidong-dianjiqi.html" "Mozilla/5.0 (Windows NT 10.0; Win64; x64) AppleWebKit/537.36 (KHTML, like Gecko) Chrome/140.0.0.0 Safari/537.36 Edg/140.0.0.0; 360Spider"
180.97.210.206 - - [24/Jan/2026:04:48:19 +0800] "GET /doc/p1.html HTTP/1.1" 200 168 "https://www.shudaxia.com/news/yimiao-yibaixia-zidong-dianjiqi.html" "Mozilla/5.0 (Windows NT 10.0; Win64; x64) AppleWebKit/537.36 (KHTML, like Gecko) Chrome/140.0.0.0 Safari/537.36 Edg/140.0.0.0; 360Spider"
180.97.210.202 - - [24/Jan/2026:04:48:19 +0800] "GET /mobile.html HTTP/1.1" 200 2234 "https://www.shudaxia.com/news/yimiao-yibaixia-zidong-dianjiqi.html" "Mozilla/5.0 (Windows NT 10.0; Win64; x64) AppleWebKit/537.36 (KHTML, like Gecko) Chrome/140.0.0.0 Safari/537.36 Edg/140.0.0.0; 360Spider"
180.97.210.205 - - [24/Jan/2026:04:48:19 +0800] "GET /video.html HTTP/1.1" 200 3521 "https://www.shudaxia.com/news/yimiao-yibaixia-zidong-dianjiqi.html" "Mozilla/5.0 (Windows NT 10.0; Win64; x64) AppleWebKit/537.36 (KHTML, like Gecko) Chrome/140.0.0.0 Safari/537.36 Edg/140.0.0.0; 360Spider"
180.97.210.188 - - [24/Jan/2026:04:48:19 +0800] "GET /mouse-keyboard-test.html HTTP/1.1" 200 2413 "https://www.shudaxia.com/news/yimiao-yibaixia-zidong-dianjiqi.html" "Mozilla/5.0 (Windows NT 10.0; Win64; x64) AppleWebKit/537.36 (KHTML, like Gecko) Chrome/140.0.0.0 Safari/537.36 Edg/140.0.0.0; 360Spider"
180.97.210.206 - - [24/Jan/2026:04:48:19 +0800] "GET /cpstest?_rsc=1vgzo HTTP/1.1" 308 23 "https://www.shudaxia.com/news/yimiao-yibaixia-zidong-dianjiqi.html" "Mozilla/5.0 (Windows NT 10.0; Win64; x64) AppleWebKit/537.36 (KHTML, like Gecko) Chrome/140.0.0.0 Safari/537.36 Edg/140.0.0.0; 360Spider"
180.97.210.158 - - [24/Jan/2026:04:48:19 +0800] "GET /feedback.html HTTP/1.1" 200 2313 "https://www.shudaxia.com/news/33.html" "Mozilla/5.0 (Windows NT 10.0; Win64; x64) AppleWebKit/537.36 (KHTML, like Gecko) Chrome/140.0.0.0 Safari/537.36 Edg/140.0.0.0; 360Spider"
180.97.210.216 - - [24/Jan/2026:04:48:20 +0800] "GET /news/tools/p1?_rsc=1v7he HTTP/1.1" 308 30 "https://www.shudaxia.com/news/shu-da-xia-shu-biao-lian-dian-qi.html" "Mozilla/5.0 (Windows NT 10.0; Win64; x64) AppleWebKit/537.36 (KHTML, like Gecko) Chrome/140.0.0.0 Safari/537.36 Edg/140.0.0.0; 360Spider"
180.97.210.192 - - [24/Jan/2026:04:48:20 +0800] "GET /news/tutorial/p1?_rsc=1v7he HTTP/1.1" 308 33 "https://www.shudaxia.com/news/shu-da-xia-shu-biao-lian-dian-qi.html" "Mozilla/5.0 (Windows NT 10.0; Win64; x64) AppleWebKit/537.36 (KHTML, like Gecko) Chrome/140.0.0.0 Safari/537.36 Edg/140.0.0.0; 360Spider"
180.97.210.217 - - [24/Jan/2026:04:48:20 +0800] "GET /doc/practice/p1.html HTTP/1.1" 200 176 "https://www.shudaxia.com/news/shu-da-xia-shu-biao-lian-dian-qi.html" "Mozilla/5.0 (Windows NT 10.0; Win64; x64) AppleWebKit/537.36 (KHTML, like Gecko) Chrome/140.0.0.0 Safari/537.36 Edg/140.0.0.0; 360Spider"
180.97.210.175 - - [24/Jan/2026:04:48:20 +0800] "GET /doc.html HTTP/1.1" 200 165 "https://www.shudaxia.com/news/33.html" "Mozilla/5.0 (Windows NT 10.0; Win64; x64) AppleWebKit/537.36 (KHTML, like Gecko) Chrome/140.0.0.0 Safari/537.36 Edg/140.0.0.0; 360Spider"
180.97.210.156 - - [24/Jan/2026:04:48:20 +0800] "GET /doc/advanced/p1.html HTTP/1.1" 200 176 "https://www.shudaxia.com/news/shu-da-xia-shu-biao-lian-dian-qi.html" "Mozilla/5.0 (Windows NT 10.0; Win64; x64) AppleWebKit/537.36 (KHTML, like Gecko) Chrome/140.0.0.0 Safari/537.36 Edg/140.0.0.0; 360Spider"
180.97.210.202 - - [24/Jan/2026:04:48:20 +0800] "GET /news/p1.html HTTP/1.1" 200 169 "https://www.shudaxia.com/news/shu-da-xia-shu-biao-lian-dian-qi.html" "Mozilla/5.0 (Windows NT 10.0; Win64; x64) AppleWebKit/537.36 (KHTML, like Gecko) Chrome/140.0.0.0 Safari/537.36 Edg/140.0.0.0; 360Spider"
180.97.210.174 - - [24/Jan/2026:04:48:20 +0800] "GET /news/tools/p1.html HTTP/1.1" 200 174 "https://www.shudaxia.com/news/shu-da-xia-shu-biao-lian-dian-qi.html" "Mozilla/5.0 (Windows NT 10.0; Win64; x64) AppleWebKit/537.36 (KHTML, like Gecko) Chrome/140.0.0.0 Safari/537.36 Edg/140.0.0.0; 360Spider"
180.97.210.173 - - [24/Jan/2026:04:48:21 +0800] "GET /news/shu-biao-lian-dian-qi-lv-se-ban.html HTTP/1.1" 200 15092 "-" "Mozilla/5.0 (Windows NT 10.0; Win64; x64) AppleWebKit/537.36 (KHTML, like Gecko) Chrome/140.0.0.0 Safari/537.36 Edg/140.0.0.0; 360Spider"
180.97.210.187 - - [24/Jan/2026:04:48:21 +0800] "GET /news/doc?_rsc=46rh4 HTTP/1.1" 308 24 "https://www.shudaxia.com/news/33.html" "Mozilla/5.0 (Windows NT 10.0; Win64; x64) AppleWebKit/537.36 (KHTML, like Gecko) Chrome/140.0.0.0 Safari/537.36 Edg/140.0.0.0; 360Spider"
180.97.210.182 - - [24/Jan/2026:04:48:21 +0800] "GET /news/tutorial/p1.html HTTP/1.1" 200 176 "https://www.shudaxia.com/news/shu-da-xia-shu-biao-lian-dian-qi.html" "Mozilla/5.0 (Windows NT 10.0; Win64; x64) AppleWebKit/537.36 (KHTML, like Gecko) Chrome/140.0.0.0 Safari/537.36 Edg/140.0.0.0; 360Spider"
180.97.210.152 - - [24/Jan/2026:04:48:21 +0800] "GET /news/version/p1?_rsc=1v7he HTTP/1.1" 308 32 "https://www.shudaxia.com/news/shu-da-xia-shu-biao-lian-dian-qi.html" "Mozilla/5.0 (Windows NT 10.0; Win64; x64) AppleWebKit/537.36 (KHTML, like Gecko) Chrome/140.0.0.0 Safari/537.36 Edg/140.0.0.0; 360Spider"
180.97.210.185 - - [24/Jan/2026:04:48:21 +0800] "GET /news/news?_rsc=46rh4 HTTP/1.1" 308 25 "https://www.shudaxia.com/news/33.html" "Mozilla/5.0 (Windows NT 10.0; Win64; x64) AppleWebKit/537.36 (KHTML, like Gecko) Chrome/140.0.0.0 Safari/537.36 Edg/140.0.0.0; 360Spider"
180.97.210.168 - - [24/Jan/2026:04:48:21 +0800] "GET /faq/p1?_rsc=1v7he HTTP/1.1" 308 22 "https://www.shudaxia.com/news/shu-da-xia-shu-biao-lian-dian-qi.html" "Mozilla/5.0 (Windows NT 10.0; Win64; x64) AppleWebKit/537.36 (KHTML, like Gecko) Chrome/140.0.0.0 Safari/537.36 Edg/140.0.0.0; 360Spider"
180.97.210.156 - - [24/Jan/2026:04:48:21 +0800] "GET /faq/version/p1?_rsc=1v7he HTTP/1.1" 308 31 "https://www.shudaxia.com/news/shu-da-xia-shu-biao-lian-dian-qi.html" "Mozilla/5.0 (Windows NT 10.0; Win64; x64) AppleWebKit/537.36 (KHTML, like Gecko) Chrome/140.0.0.0 Safari/537.36 Edg/140.0.0.0; 360Spider"
180.97.210.152 - - [24/Jan/2026:04:48:21 +0800] "GET /faq/troubleshooting/p1?_rsc=1v7he HTTP/1.1" 308 39 "https://www.shudaxia.com/news/shu-da-xia-shu-biao-lian-dian-qi.html" "Mozilla/5.0 (Windows NT 10.0; Win64; x64) AppleWebKit/537.36 (KHTML, like Gecko) Chrome/140.0.0.0 Safari/537.36 Edg/140.0.0.0; 360Spider"
180.97.210.178 - - [24/Jan/2026:04:48:21 +0800] "GET /news/faq?_rsc=46rh4 HTTP/1.1" 308 24 "https://www.shudaxia.com/news/33.html" "Mozilla/5.0 (Windows NT 10.0; Win64; x64) AppleWebKit/537.36 (KHTML, like Gecko) Chrome/140.0.0.0 Safari/537.36 Edg/140.0.0.0; 360Spider"
180.97.210.205 - - [24/Jan/2026:04:48:21 +0800] "GET /mouse-click-train?_rsc=1vgzo HTTP/1.1" 308 34 "https://www.shudaxia.com/news/yimiao-yibaixia-zidong-dianjiqi.html" "Mozilla/5.0 (Windows NT 10.0; Win64; x64) AppleWebKit/537.36 (KHTML, like Gecko) Chrome/140.0.0.0 Safari/537.36 Edg/140.0.0.0; 360Spider"
180.97.210.194 - - [24/Jan/2026:04:48:21 +0800] "GET /api/latest-version?platform=3 HTTP/1.1" 200 167 "https://www.shudaxia.com/faq/p1.html" "Mozilla/5.0 (Windows NT 10.0; Win64; x64) AppleWebKit/537.36 (KHTML, like Gecko) Chrome/140.0.0.0 Safari/537.36 Edg/140.0.0.0; 360Spider"
180.97.210.164 - - [24/Jan/2026:04:48:21 +0800] "GET /api/latest-version?platform=2 HTTP/1.1" 200 152 "https://www.shudaxia.com/faq/p1.html" "Mozilla/5.0 (Windows NT 10.0; Win64; x64) AppleWebKit/537.36 (KHTML, like Gecko) Chrome/140.0.0.0 Safari/537.36 Edg/140.0.0.0; 360Spider"
180.97.210.161 - - [24/Jan/2026:04:48:21 +0800] "GET /api/footer-links HTTP/1.1" 200 535 "https://www.shudaxia.com/faq/p1.html" "Mozilla/5.0 (Windows NT 10.0; Win64; x64) AppleWebKit/537.36 (KHTML, like Gecko) Chrome/140.0.0.0 Safari/537.36 Edg/140.0.0.0; 360Spider"
180.97.210.194 - - [24/Jan/2026:04:48:21 +0800] "GET /api/latest-version?platform=3 HTTP/1.1" 200 167 "https://www.shudaxia.com/faq/p1.html" "Mozilla/5.0 (Windows NT 10.0; Win64; x64) AppleWebKit/537.36 (KHTML, like Gecko) Chrome/140.0.0.0 Safari/537.36 Edg/140.0.0.0; 360Spider"
180.97.210.164 - - [24/Jan/2026:04:48:21 +0800] "GET /api/latest-version?platform=2 HTTP/1.1" 200 152 "https://www.shudaxia.com/faq/p1.html" "Mozilla/5.0 (Windows NT 10.0; Win64; x64) AppleWebKit/537.36 (KHTML, like Gecko) Chrome/140.0.0.0 Safari/537.36 Edg/140.0.0.0; 360Spider"
180.97.210.192 - - [24/Jan/2026:04:48:22 +0800] "GET /api/auth/session HTTP/1.1" 200 35 "https://www.shudaxia.com/faq/p1.html" "Mozilla/5.0 (Windows NT 10.0; Win64; x64) AppleWebKit/537.36 (KHTML, like Gecko) Chrome/140.0.0.0 Safari/537.36 Edg/140.0.0.0; 360Spider"
180.97.210.157 - - [24/Jan/2026:04:48:22 +0800] "GET /news/doc.html HTTP/1.1" 200 169 "https://www.shudaxia.com/news/33.html" "Mozilla/5.0 (Windows NT 10.0; Win64; x64) AppleWebKit/537.36 (KHTML, like Gecko) Chrome/140.0.0.0 Safari/537.36 Edg/140.0.0.0; 360Spider"
180.97.210.172 - - [24/Jan/2026:04:48:22 +0800] "GET /?_rsc=ek2px HTTP/1.1" 200 144 "https://www.shudaxia.com/faq/p1.html" "Mozilla/5.0 (Windows NT 10.0; Win64; x64) AppleWebKit/537.36 (KHTML, like Gecko) Chrome/140.0.0.0 Safari/537.36 Edg/140.0.0.0; 360Spider"
180.97.210.160 - - [24/Jan/2026:04:48:22 +0800] "GET /mobile?_rsc=ek2px HTTP/1.1" 308 22 "https://www.shudaxia.com/faq/p1.html" "Mozilla/5.0 (Windows NT 10.0; Win64; x64) AppleWebKit/537.36 (KHTML, like Gecko) Chrome/140.0.0.0 Safari/537.36 Edg/140.0.0.0; 360Spider"
180.97.210.184 - - [24/Jan/2026:04:48:22 +0800] "GET /video?_rsc=ek2px HTTP/1.1" 308 21 "https://www.shudaxia.com/faq/p1.html" "Mozilla/5.0 (Windows NT 10.0; Win64; x64) AppleWebKit/537.36 (KHTML, like Gecko) Chrome/140.0.0.0 Safari/537.36 Edg/140.0.0.0; 360Spider"
180.97.210.152 - - [24/Jan/2026:04:48:22 +0800] "GET /doc/p1?_rsc=ek2px HTTP/1.1" 308 22 "https://www.shudaxia.com/faq/p1.html" "Mozilla/5.0 (Windows NT 10.0; Win64; x64) AppleWebKit/537.36 (KHTML, like Gecko) Chrome/140.0.0.0 Safari/537.36 Edg/140.0.0.0; 360Spider"
180.97.210.194 - - [24/Jan/2026:04:48:22 +0800] "GET /mouse-keyboard-test?_rsc=ek2px HTTP/1.1" 308 36 "https://www.shudaxia.com/faq/p1.html" "Mozilla/5.0 (Windows NT 10.0; Win64; x64) AppleWebKit/537.36 (KHTML, like Gecko) Chrome/140.0.0.0 Safari/537.36 Edg/140.0.0.0; 360Spider"
180.97.210.170 - - [24/Jan/2026:04:48:22 +0800] "GET /news/news.html HTTP/1.1" 200 169 "https://www.shudaxia.com/news/33.html" "Mozilla/5.0 (Windows NT 10.0; Win64; x64) AppleWebKit/537.36 (KHTML, like Gecko) Chrome/140.0.0.0 Safari/537.36 Edg/140.0.0.0; 360Spider"
180.97.210.160 - - [24/Jan/2026:04:48:22 +0800] "GET /faq/usage/p1?_rsc=1v7he HTTP/1.1" 308 29 "https://www.shudaxia.com/news/shu-da-xia-shu-biao-lian-dian-qi.html" "Mozilla/5.0 (Windows NT 10.0; Win64; x64) AppleWebKit/537.36 (KHTML, like Gecko) Chrome/140.0.0.0 Safari/537.36 Edg/140.0.0.0; 360Spider"
180.97.210.195 - - [24/Jan/2026:04:48:22 +0800] "GET /news/version/p1.html HTTP/1.1" 200 176 "https://www.shudaxia.com/news/shu-da-xia-shu-biao-lian-dian-qi.html" "Mozilla/5.0 (Windows NT 10.0; Win64; x64) AppleWebKit/537.36 (KHTML, like Gecko) Chrome/140.0.0.0 Safari/537.36 Edg/140.0.0.0; 360Spider"
180.97.210.152 - - [24/Jan/2026:04:48:22 +0800] "GET /faq/p1.html HTTP/1.1" 200 168 "https://www.shudaxia.com/news/shu-da-xia-shu-biao-lian-dian-qi.html" "Mozilla/5.0 (Windows NT 10.0; Win64; x64) AppleWebKit/537.36 (KHTML, like Gecko) Chrome/140.0.0.0 Safari/537.36 Edg/140.0.0.0; 360Spider"
180.97.210.175 - - [24/Jan/2026:04:48:22 +0800] "GET /faq/version/p1.html HTTP/1.1" 200 175 "https://www.shudaxia.com/news/shu-da-xia-shu-biao-lian-dian-qi.html" "Mozilla/5.0 (Windows NT 10.0; Win64; x64) AppleWebKit/537.36 (KHTML, like Gecko) Chrome/140.0.0.0 Safari/537.36 Edg/140.0.0.0; 360Spider"
180.97.210.149 - - [24/Jan/2026:04:48:22 +0800] "GET /faq/troubleshooting/p1.html HTTP/1.1" 200 181 "https://www.shudaxia.com/news/shu-da-xia-shu-biao-lian-dian-qi.html" "Mozilla/5.0 (Windows NT 10.0; Win64; x64) AppleWebKit/537.36 (KHTML, like Gecko) Chrome/140.0.0.0 Safari/537.36 Edg/140.0.0.0; 360Spider"
180.97.210.212 - - [24/Jan/2026:04:48:22 +0800] "GET /news/faq.html HTTP/1.1" 200 169 "https://www.shudaxia.com/news/33.html" "Mozilla/5.0 (Windows NT 10.0; Win64; x64) AppleWebKit/537.36 (KHTML, like Gecko) Chrome/140.0.0.0 Safari/537.36 Edg/140.0.0.0; 360Spider"
180.97.210.162 - - [24/Jan/2026:04:48:23 +0800] "GET /scriptdiy?_rsc=1vgzo HTTP/1.1" 308 25 "https://www.shudaxia.com/news/yimiao-yibaixia-zidong-dianjiqi.html" "Mozilla/5.0 (Windows NT 10.0; Win64; x64) AppleWebKit/537.36 (KHTML, like Gecko) Chrome/140.0.0.0 Safari/537.36 Edg/140.0.0.0; 360Spider"
180.97.210.205 - - [24/Jan/2026:04:48:23 +0800] "GET /feedback?_rsc=1vgzo HTTP/1.1" 308 24 "https://www.shudaxia.com/news/yimiao-yibaixia-zidong-dianjiqi.html" "Mozilla/5.0 (Windows NT 10.0; Win64; x64) AppleWebKit/537.36 (KHTML, like Gecko) Chrome/140.0.0.0 Safari/537.36 Edg/140.0.0.0; 360Spider"
180.97.210.216 - - [24/Jan/2026:04:48:23 +0800] "GET /faq/usage/p1.html HTTP/1.1" 200 173 "https://www.shudaxia.com/news/shu-da-xia-shu-biao-lian-dian-qi.html" "Mozilla/5.0 (Windows NT 10.0; Win64; x64) AppleWebKit/537.36 (KHTML, like Gecko) Chrome/140.0.0.0 Safari/537.36 Edg/140.0.0.0; 360Spider"
180.97.210.192 - - [24/Jan/2026:04:48:23 +0800] "GET /api/auth/session HTTP/1.1" 200 35 "https://www.shudaxia.com/faq/p1.html" "Mozilla/5.0 (Windows NT 10.0; Win64; x64) AppleWebKit/537.36 (KHTML, like Gecko) Chrome/140.0.0.0 Safari/537.36 Edg/140.0.0.0; 360Spider"
180.97.210.187 - - [24/Jan/2026:04:48:23 +0800] "GET /news?_rsc=1v7he HTTP/1.1" 308 20 "https://www.shudaxia.com/news/shu-da-xia-shu-biao-lian-dian-qi.html" "Mozilla/5.0 (Windows NT 10.0; Win64; x64) AppleWebKit/537.36 (KHTML, like Gecko) Chrome/140.0.0.0 Safari/537.36 Edg/140.0.0.0; 360Spider"
180.97.210.154 - - [24/Jan/2026:04:48:23 +0800] "GET /cpstest?_rsc=ek2px HTTP/1.1" 308 23 "https://www.shudaxia.com/faq/p1.html" "Mozilla/5.0 (Windows NT 10.0; Win64; x64) AppleWebKit/537.36 (KHTML, like Gecko) Chrome/140.0.0.0 Safari/537.36 Edg/140.0.0.0; 360Spider"
180.97.210.188 - - [24/Jan/2026:04:48:23 +0800] "GET /mouse-keyboard-test.html HTTP/1.1" 200 2413 "https://www.shudaxia.com/faq/p1.html" "Mozilla/5.0 (Windows NT 10.0; Win64; x64) AppleWebKit/537.36 (KHTML, like Gecko) Chrome/140.0.0.0 Safari/537.36 Edg/140.0.0.0; 360Spider"
180.97.210.205 - - [24/Jan/2026:04:48:23 +0800] "GET /video.html HTTP/1.1" 200 3521 "https://www.shudaxia.com/faq/p1.html" "Mozilla/5.0 (Windows NT 10.0; Win64; x64) AppleWebKit/537.36 (KHTML, like Gecko) Chrome/140.0.0.0 Safari/537.36 Edg/140.0.0.0; 360Spider"
180.97.210.206 - - [24/Jan/2026:04:48:23 +0800] "GET /doc/p1.html HTTP/1.1" 200 168 "https://www.shudaxia.com/faq/p1.html" "Mozilla/5.0 (Windows NT 10.0; Win64; x64) AppleWebKit/537.36 (KHTML, like Gecko) Chrome/140.0.0.0 Safari/537.36 Edg/140.0.0.0; 360Spider"
180.97.210.195 - - [24/Jan/2026:04:48:23 +0800] "GET /cpstest.html HTTP/1.1" 200 2347 "https://www.shudaxia.com/faq/p1.html" "Mozilla/5.0 (Windows NT 10.0; Win64; x64) AppleWebKit/537.36 (KHTML, like Gecko) Chrome/140.0.0.0 Safari/537.36 Edg/140.0.0.0; 360Spider"
180.97.210.167 - - [24/Jan/2026:04:48:23 +0800] "GET /news.html HTTP/1.1" 200 165 "https://www.shudaxia.com/news/shu-da-xia-shu-biao-lian-dian-qi.html" "Mozilla/5.0 (Windows NT 10.0; Win64; x64) AppleWebKit/537.36 (KHTML, like Gecko) Chrome/140.0.0.0 Safari/537.36 Edg/140.0.0.0; 360Spider"
180.97.210.168 - - [24/Jan/2026:04:48:24 +0800] "GET /doc/quickstart/p1?_rsc=1vgzo HTTP/1.1" 308 34 "https://www.shudaxia.com/news/yimiao-yibaixia-zidong-dianjiqi.html" "Mozilla/5.0 (Windows NT 10.0; Win64; x64) AppleWebKit/537.36 (KHTML, like Gecko) Chrome/140.0.0.0 Safari/537.36 Edg/140.0.0.0; 360Spider"
180.97.210.156 - - [24/Jan/2026:04:48:24 +0800] "GET /mouse-click-train?_rsc=ek2px HTTP/1.1" 308 34 "https://www.shudaxia.com/faq/p1.html" "Mozilla/5.0 (Windows NT 10.0; Win64; x64) AppleWebKit/537.36 (KHTML, like Gecko) Chrome/140.0.0.0 Safari/537.36 Edg/140.0.0.0; 360Spider"
180.97.210.195 - - [24/Jan/2026:04:48:24 +0800] "GET /cpstest.html HTTP/1.1" 200 2347 "https://www.shudaxia.com/news/yimiao-yibaixia-zidong-dianjiqi.html" "Mozilla/5.0 (Windows NT 10.0; Win64; x64) AppleWebKit/537.36 (KHTML, like Gecko) Chrome/140.0.0.0 Safari/537.36 Edg/140.0.0.0; 360Spider"
180.97.210.212 - - [24/Jan/2026:04:48:24 +0800] "GET /scriptdiy?_rsc=ek2px HTTP/1.1" 308 25 "https://www.shudaxia.com/faq/p1.html" "Mozilla/5.0 (Windows NT 10.0; Win64; x64) AppleWebKit/537.36 (KHTML, like Gecko) Chrome/140.0.0.0 Safari/537.36 Edg/140.0.0.0; 360Spider"
180.97.210.191 - - [24/Jan/2026:04:48:24 +0800] "GET /feedback?_rsc=ek2px HTTP/1.1" 308 24 "https://www.shudaxia.com/faq/p1.html" "Mozilla/5.0 (Windows NT 10.0; Win64; x64) AppleWebKit/537.36 (KHTML, like Gecko) Chrome/140.0.0.0 Safari/537.36 Edg/140.0.0.0; 360Spider"
180.97.210.215 - - [24/Jan/2026:04:48:24 +0800] "GET /doc/quickstart/p1?_rsc=ek2px HTTP/1.1" 308 34 "https://www.shudaxia.com/faq/p1.html" "Mozilla/5.0 (Windows NT 10.0; Win64; x64) AppleWebKit/537.36 (KHTML, like Gecko) Chrome/140.0.0.0 Safari/537.36 Edg/140.0.0.0; 360Spider"
180.97.210.151 - - [24/Jan/2026:04:48:24 +0800] "GET /doc/practice/p1?_rsc=ek2px HTTP/1.1" 308 32 "https://www.shudaxia.com/faq/p1.html" "Mozilla/5.0 (Windows NT 10.0; Win64; x64) AppleWebKit/537.36 (KHTML, like Gecko) Chrome/140.0.0.0 Safari/537.36 Edg/140.0.0.0; 360Spider"
180.97.210.202 - - [24/Jan/2026:04:48:25 +0800] "GET /news/p1.html HTTP/1.1" 200 36663 "-" "Mozilla/5.0 (Windows NT 10.0; Win64; x64) AppleWebKit/537.36 (KHTML, like Gecko) Chrome/140.0.0.0 Safari/537.36 Edg/140.0.0.0; 360Spider"
180.97.210.186 - - [24/Jan/2026:04:48:26 +0800] "GET /mouse-click-train.html HTTP/1.1" 200 2715 "https://www.shudaxia.com/faq/p1.html" "Mozilla/5.0 (Windows NT 10.0; Win64; x64) AppleWebKit/537.36 (KHTML, like Gecko) Chrome/140.0.0.0 Safari/537.36 Edg/140.0.0.0; 360Spider"
180.97.210.156 - - [24/Jan/2026:04:48:26 +0800] "GET /scriptdiy.html HTTP/1.1" 200 4607 "https://www.shudaxia.com/faq/p1.html" "Mozilla/5.0 (Windows NT 10.0; Win64; x64) AppleWebKit/537.36 (KHTML, like Gecko) Chrome/140.0.0.0 Safari/537.36 Edg/140.0.0.0; 360Spider"
180.97.210.158 - - [24/Jan/2026:04:48:26 +0800] "GET /feedback.html HTTP/1.1" 200 2313 "https://www.shudaxia.com/faq/p1.html" "Mozilla/5.0 (Windows NT 10.0; Win64; x64) AppleWebKit/537.36 (KHTML, like Gecko) Chrome/140.0.0.0 Safari/537.36 Edg/140.0.0.0; 360Spider"
180.97.210.185 - - [24/Jan/2026:04:48:26 +0800] "GET /doc/quickstart/p1.html HTTP/1.1" 200 177 "https://www.shudaxia.com/faq/p1.html" "Mozilla/5.0 (Windows NT 10.0; Win64; x64) AppleWebKit/537.36 (KHTML, like Gecko) Chrome/140.0.0.0 Safari/537.36 Edg/140.0.0.0; 360Spider"
180.97.210.194 - - [24/Jan/2026:04:48:27 +0800] "GET /api/latest-version?platform=3 HTTP/1.1" 200 167 "https://www.shudaxia.com/news/shu-biao-lian-dian-qi-lv-se-ban.html" "Mozilla/5.0 (Windows NT 10.0; Win64; x64) AppleWebKit/537.36 (KHTML, like Gecko) Chrome/140.0.0.0 Safari/537.36 Edg/140.0.0.0; 360Spider"
180.97.210.164 - - [24/Jan/2026:04:48:27 +0800] "GET /api/latest-version?platform=2 HTTP/1.1" 200 152 "https://www.shudaxia.com/news/shu-biao-lian-dian-qi-lv-se-ban.html" "Mozilla/5.0 (Windows NT 10.0; Win64; x64) AppleWebKit/537.36 (KHTML, like Gecko) Chrome/140.0.0.0 Safari/537.36 Edg/140.0.0.0; 360Spider"
180.97.210.194 - - [24/Jan/2026:04:48:27 +0800] "POST /api/articles/29/view HTTP/1.1" 200 1440 "https://www.shudaxia.com/news/shu-biao-lian-dian-qi-lv-se-ban.html" "Mozilla/5.0 (Windows NT 10.0; Win64; x64) AppleWebKit/537.36 (KHTML, like Gecko) Chrome/140.0.0.0 Safari/537.36 Edg/140.0.0.0; 360Spider"
180.97.210.194 - - [24/Jan/2026:04:48:27 +0800] "GET /api/latest-version?platform=3 HTTP/1.1" 200 167 "https://www.shudaxia.com/news/shu-biao-lian-dian-qi-lv-se-ban.html" "Mozilla/5.0 (Windows NT 10.0; Win64; x64) AppleWebKit/537.36 (KHTML, like Gecko) Chrome/140.0.0.0 Safari/537.36 Edg/140.0.0.0; 360Spider"
180.97.210.192 - - [24/Jan/2026:04:48:27 +0800] "GET /api/auth/session HTTP/1.1" 200 35 "https://www.shudaxia.com/news/shu-biao-lian-dian-qi-lv-se-ban.html" "Mozilla/5.0 (Windows NT 10.0; Win64; x64) AppleWebKit/537.36 (KHTML, like Gecko) Chrome/140.0.0.0 Safari/537.36 Edg/140.0.0.0; 360Spider"
180.97.210.161 - - [24/Jan/2026:04:48:27 +0800] "GET /api/footer-links HTTP/1.1" 200 535 "https://www.shudaxia.com/news/shu-biao-lian-dian-qi-lv-se-ban.html" "Mozilla/5.0 (Windows NT 10.0; Win64; x64) AppleWebKit/537.36 (KHTML, like Gecko) Chrome/140.0.0.0 Safari/537.36 Edg/140.0.0.0; 360Spider"
180.97.210.164 - - [24/Jan/2026:04:48:27 +0800] "GET /api/latest-version?platform=2 HTTP/1.1" 200 152 "https://www.shudaxia.com/news/shu-biao-lian-dian-qi-lv-se-ban.html" "Mozilla/5.0 (Windows NT 10.0; Win64; x64) AppleWebKit/537.36 (KHTML, like Gecko) Chrome/140.0.0.0 Safari/537.36 Edg/140.0.0.0; 360Spider"
180.97.210.156 - - [24/Jan/2026:04:48:27 +0800] "GET /?_rsc=wc2y2 HTTP/1.1" 200 144 "https://www.shudaxia.com/news/shu-biao-lian-dian-qi-lv-se-ban.html" "Mozilla/5.0 (Windows NT 10.0; Win64; x64) AppleWebKit/537.36 (KHTML, like Gecko) Chrome/140.0.0.0 Safari/537.36 Edg/140.0.0.0; 360Spider"
180.97.210.162 - - [24/Jan/2026:04:48:27 +0800] "GET /mobile?_rsc=wc2y2 HTTP/1.1" 308 22 "https://www.shudaxia.com/news/shu-biao-lian-dian-qi-lv-se-ban.html" "Mozilla/5.0 (Windows NT 10.0; Win64; x64) AppleWebKit/537.36 (KHTML, like Gecko) Chrome/140.0.0.0 Safari/537.36 Edg/140.0.0.0; 360Spider"
180.97.210.167 - - [24/Jan/2026:04:48:27 +0800] "GET /doc/p1?_rsc=wc2y2 HTTP/1.1" 308 22 "https://www.shudaxia.com/news/shu-biao-lian-dian-qi-lv-se-ban.html" "Mozilla/5.0 (Windows NT 10.0; Win64; x64) AppleWebKit/537.36 (KHTML, like Gecko) Chrome/140.0.0.0 Safari/537.36 Edg/140.0.0.0; 360Spider"
180.97.210.156 - - [24/Jan/2026:04:48:27 +0800] "GET /video?_rsc=wc2y2 HTTP/1.1" 308 21 "https://www.shudaxia.com/news/shu-biao-lian-dian-qi-lv-se-ban.html" "Mozilla/5.0 (Windows NT 10.0; Win64; x64) AppleWebKit/537.36 (KHTML, like Gecko) Chrome/140.0.0.0 Safari/537.36 Edg/140.0.0.0; 360Spider"
180.97.210.211 - - [24/Jan/2026:04:48:27 +0800] "GET /mouse-keyboard-test?_rsc=wc2y2 HTTP/1.1" 308 36 "https://www.shudaxia.com/news/shu-biao-lian-dian-qi-lv-se-ban.html" "Mozilla/5.0 (Windows NT 10.0; Win64; x64) AppleWebKit/537.36 (KHTML, like Gecko) Chrome/140.0.0.0 Safari/537.36 Edg/140.0.0.0; 360Spider"
180.97.210.217 - - [24/Jan/2026:04:48:27 +0800] "GET /doc/practice/p1.html HTTP/1.1" 200 176 "https://www.shudaxia.com/faq/p1.html" "Mozilla/5.0 (Windows NT 10.0; Win64; x64) AppleWebKit/537.36 (KHTML, like Gecko) Chrome/140.0.0.0 Safari/537.36 Edg/140.0.0.0; 360Spider"
180.97.210.186 - - [24/Jan/2026:04:48:28 +0800] "GET /mouse-click-train.html HTTP/1.1" 200 2720 "https://www.shudaxia.com/news/yimiao-yibaixia-zidong-dianjiqi.html" "Mozilla/5.0 (Windows NT 10.0; Win64; x64) AppleWebKit/537.36 (KHTML, like Gecko) Chrome/140.0.0.0 Safari/537.36 Edg/140.0.0.0; 360Spider"
180.97.210.197 - - [24/Jan/2026:04:48:28 +0800] "GET /doc/advanced/p1?_rsc=ek2px HTTP/1.1" 308 32 "https://www.shudaxia.com/faq/p1.html" "Mozilla/5.0 (Windows NT 10.0; Win64; x64) AppleWebKit/537.36 (KHTML, like Gecko) Chrome/140.0.0.0 Safari/537.36 Edg/140.0.0.0; 360Spider"
180.97.210.195 - - [24/Jan/2026:04:48:28 +0800] "GET /news/p1?_rsc=ek2px HTTP/1.1" 308 23 "https://www.shudaxia.com/faq/p1.html" "Mozilla/5.0 (Windows NT 10.0; Win64; x64) AppleWebKit/537.36 (KHTML, like Gecko) Chrome/140.0.0.0 Safari/537.36 Edg/140.0.0.0; 360Spider"
180.97.210.168 - - [24/Jan/2026:04:48:29 +0800] "GET /news/changan-zidong-liandianqi-shezhi.html HTTP/1.1" 200 16056 "-" "Mozilla/5.0 (Windows NT 10.0; Win64; x64) AppleWebKit/537.36 (KHTML, like Gecko) Chrome/140.0.0.0 Safari/537.36 Edg/140.0.0.0; 360Spider"
180.97.210.156 - - [24/Jan/2026:04:48:29 +0800] "GET /scriptdiy.html HTTP/1.1" 200 4607 "https://www.shudaxia.com/news/yimiao-yibaixia-zidong-dianjiqi.html" "Mozilla/5.0 (Windows NT 10.0; Win64; x64) AppleWebKit/537.36 (KHTML, like Gecko) Chrome/140.0.0.0 Safari/537.36 Edg/140.0.0.0; 360Spider"
180.97.210.158 - - [24/Jan/2026:04:48:29 +0800] "GET /feedback.html HTTP/1.1" 200 2313 "https://www.shudaxia.com/news/yimiao-yibaixia-zidong-dianjiqi.html" "Mozilla/5.0 (Windows NT 10.0; Win64; x64) AppleWebKit/537.36 (KHTML, like Gecko) Chrome/140.0.0.0 Safari/537.36 Edg/140.0.0.0; 360Spider"
180.97.210.185 - - [24/Jan/2026:04:48:29 +0800] "GET /doc/quickstart/p1.html HTTP/1.1" 200 177 "https://www.shudaxia.com/news/yimiao-yibaixia-zidong-dianjiqi.html" "Mozilla/5.0 (Windows NT 10.0; Win64; x64) AppleWebKit/537.36 (KHTML, like Gecko) Chrome/140.0.0.0 Safari/537.36 Edg/140.0.0.0; 360Spider"
180.97.210.192 - - [24/Jan/2026:04:48:29 +0800] "GET /api/auth/session HTTP/1.1" 200 35 "https://www.shudaxia.com/news/shu-biao-lian-dian-qi-lv-se-ban.html" "Mozilla/5.0 (Windows NT 10.0; Win64; x64) AppleWebKit/537.36 (KHTML, like Gecko) Chrome/140.0.0.0 Safari/537.36 Edg/140.0.0.0; 360Spider"
180.97.210.203 - - [24/Jan/2026:04:48:29 +0800] "GET /doc/practice/p1?_rsc=1vgzo HTTP/1.1" 308 32 "https://www.shudaxia.com/news/yimiao-yibaixia-zidong-dianjiqi.html" "Mozilla/5.0 (Windows NT 10.0; Win64; x64) AppleWebKit/537.36 (KHTML, like Gecko) Chrome/140.0.0.0 Safari/537.36 Edg/140.0.0.0; 360Spider"
180.97.210.206 - - [24/Jan/2026:04:48:29 +0800] "GET /doc/p1.html HTTP/1.1" 200 168 "https://www.shudaxia.com/news/shu-biao-lian-dian-qi-lv-se-ban.html" "Mozilla/5.0 (Windows NT 10.0; Win64; x64) AppleWebKit/537.36 (KHTML, like Gecko) Chrome/140.0.0.0 Safari/537.36 Edg/140.0.0.0; 360Spider"
180.97.210.213 - - [24/Jan/2026:04:48:29 +0800] "GET /news/tools/p1?_rsc=ek2px HTTP/1.1" 308 30 "https://www.shudaxia.com/faq/p1.html" "Mozilla/5.0 (Windows NT 10.0; Win64; x64) AppleWebKit/537.36 (KHTML, like Gecko) Chrome/140.0.0.0 Safari/537.36 Edg/140.0.0.0; 360Spider"
180.97.210.202 - - [24/Jan/2026:04:48:29 +0800] "GET /news/tutorial/p1?_rsc=ek2px HTTP/1.1" 308 33 "https://www.shudaxia.com/faq/p1.html" "Mozilla/5.0 (Windows NT 10.0; Win64; x64) AppleWebKit/537.36 (KHTML, like Gecko) Chrome/140.0.0.0 Safari/537.36 Edg/140.0.0.0; 360Spider"
180.97.210.223 - - [24/Jan/2026:04:48:29 +0800] "GET /news/version/p1?_rsc=ek2px HTTP/1.1" 308 32 "https://www.shudaxia.com/faq/p1.html" "Mozilla/5.0 (Windows NT 10.0; Win64; x64) AppleWebKit/537.36 (KHTML, like Gecko) Chrome/140.0.0.0 Safari/537.36 Edg/140.0.0.0; 360Spider"
180.97.210.214 - - [24/Jan/2026:04:48:30 +0800] "GET /cpstest?_rsc=wc2y2 HTTP/1.1" 308 23 "https://www.shudaxia.com/news/shu-biao-lian-dian-qi-lv-se-ban.html" "Mozilla/5.0 (Windows NT 10.0; Win64; x64) AppleWebKit/537.36 (KHTML, like Gecko) Chrome/140.0.0.0 Safari/537.36 Edg/140.0.0.0; 360Spider"
180.97.210.202 - - [24/Jan/2026:04:48:30 +0800] "GET /doc/advanced/p1?_rsc=1vgzo HTTP/1.1" 308 32 "https://www.shudaxia.com/news/yimiao-yibaixia-zidong-dianjiqi.html" "Mozilla/5.0 (Windows NT 10.0; Win64; x64) AppleWebKit/537.36 (KHTML, like Gecko) Chrome/140.0.0.0 Safari/537.36 Edg/140.0.0.0; 360Spider"
180.97.210.194 - - [24/Jan/2026:04:48:31 +0800] "GET /api/latest-version?platform=3 HTTP/1.1" 200 167 "https://www.shudaxia.com/news/p1.html" "Mozilla/5.0 (Windows NT 10.0; Win64; x64) AppleWebKit/537.36 (KHTML, like Gecko) Chrome/140.0.0.0 Safari/537.36 Edg/140.0.0.0; 360Spider"
180.97.210.164 - - [24/Jan/2026:04:48:31 +0800] "GET /api/latest-version?platform=2 HTTP/1.1" 200 152 "https://www.shudaxia.com/news/p1.html" "Mozilla/5.0 (Windows NT 10.0; Win64; x64) AppleWebKit/537.36 (KHTML, like Gecko) Chrome/140.0.0.0 Safari/537.36 Edg/140.0.0.0; 360Spider"
180.97.210.194 - - [24/Jan/2026:04:48:31 +0800] "GET /api/latest-version?platform=3 HTTP/1.1" 200 167 "https://www.shudaxia.com/news/p1.html" "Mozilla/5.0 (Windows NT 10.0; Win64; x64) AppleWebKit/537.36 (KHTML, like Gecko) Chrome/140.0.0.0 Safari/537.36 Edg/140.0.0.0; 360Spider"
180.97.210.164 - - [24/Jan/2026:04:48:31 +0800] "GET /api/latest-version?platform=2 HTTP/1.1" 200 152 "https://www.shudaxia.com/news/p1.html" "Mozilla/5.0 (Windows NT 10.0; Win64; x64) AppleWebKit/537.36 (KHTML, like Gecko) Chrome/140.0.0.0 Safari/537.36 Edg/140.0.0.0; 360Spider"
180.97.210.161 - - [24/Jan/2026:04:48:31 +0800] "GET /api/footer-links HTTP/1.1" 200 535 "https://www.shudaxia.com/news/p1.html" "Mozilla/5.0 (Windows NT 10.0; Win64; x64) AppleWebKit/537.36 (KHTML, like Gecko) Chrome/140.0.0.0 Safari/537.36 Edg/140.0.0.0; 360Spider"
180.97.210.192 - - [24/Jan/2026:04:48:31 +0800] "GET /api/auth/session HTTP/1.1" 200 35 "https://www.shudaxia.com/news/p1.html" "Mozilla/5.0 (Windows NT 10.0; Win64; x64) AppleWebKit/537.36 (KHTML, like Gecko) Chrome/140.0.0.0 Safari/537.36 Edg/140.0.0.0; 360Spider"
180.97.210.197 - - [24/Jan/2026:04:48:31 +0800] "GET /mobile?_rsc=fb6cu HTTP/1.1" 308 22 "https://www.shudaxia.com/news/p1.html" "Mozilla/5.0 (Windows NT 10.0; Win64; x64) AppleWebKit/537.36 (KHTML, like Gecko) Chrome/140.0.0.0 Safari/537.36 Edg/140.0.0.0; 360Spider"
180.97.210.202 - - [24/Jan/2026:04:48:31 +0800] "GET /?_rsc=fb6cu HTTP/1.1" 200 144 "https://www.shudaxia.com/news/p1.html" "Mozilla/5.0 (Windows NT 10.0; Win64; x64) AppleWebKit/537.36 (KHTML, like Gecko) Chrome/140.0.0.0 Safari/537.36 Edg/140.0.0.0; 360Spider"
180.97.210.186 - - [24/Jan/2026:04:48:31 +0800] "GET /news/p1?_rsc=1vgzo HTTP/1.1" 308 23 "https://www.shudaxia.com/news/yimiao-yibaixia-zidong-dianjiqi.html" "Mozilla/5.0 (Windows NT 10.0; Win64; x64) AppleWebKit/537.36 (KHTML, like Gecko) Chrome/140.0.0.0 Safari/537.36 Edg/140.0.0.0; 360Spider"
180.97.210.192 - - [24/Jan/2026:04:48:31 +0800] "GET /doc/p1?_rsc=fb6cu HTTP/1.1" 308 22 "https://www.shudaxia.com/news/p1.html" "Mozilla/5.0 (Windows NT 10.0; Win64; x64) AppleWebKit/537.36 (KHTML, like Gecko) Chrome/140.0.0.0 Safari/537.36 Edg/140.0.0.0; 360Spider"
180.97.210.154 - - [24/Jan/2026:04:48:31 +0800] "GET /video?_rsc=fb6cu HTTP/1.1" 308 21 "https://www.shudaxia.com/news/p1.html" "Mozilla/5.0 (Windows NT 10.0; Win64; x64) AppleWebKit/537.36 (KHTML, like Gecko) Chrome/140.0.0.0 Safari/537.36 Edg/140.0.0.0; 360Spider"
180.97.210.195 - - [24/Jan/2026:04:48:31 +0800] "GET /mouse-keyboard-test?_rsc=fb6cu HTTP/1.1" 308 36 "https://www.shudaxia.com/news/p1.html" "Mozilla/5.0 (Windows NT 10.0; Win64; x64) AppleWebKit/537.36 (KHTML, like Gecko) Chrome/140.0.0.0 Safari/537.36 Edg/140.0.0.0; 360Spider"
180.97.210.182 - - [24/Jan/2026:04:48:32 +0800] "GET /news/tools/p1?_rsc=1vgzo HTTP/1.1" 308 30 "https://www.shudaxia.com/news/yimiao-yibaixia-zidong-dianjiqi.html" "Mozilla/5.0 (Windows NT 10.0; Win64; x64) AppleWebKit/537.36 (KHTML, like Gecko) Chrome/140.0.0.0 Safari/537.36 Edg/140.0.0.0; 360Spider"
180.97.210.175 - - [24/Jan/2026:04:48:32 +0800] "GET /news/tutorial/p1?_rsc=1vgzo HTTP/1.1" 308 33 "https://www.shudaxia.com/news/yimiao-yibaixia-zidong-dianjiqi.html" "Mozilla/5.0 (Windows NT 10.0; Win64; x64) AppleWebKit/537.36 (KHTML, like Gecko) Chrome/140.0.0.0 Safari/537.36 Edg/140.0.0.0; 360Spider"
180.97.210.194 - - [24/Jan/2026:04:48:32 +0800] "GET /api/latest-version?platform=3 HTTP/1.1" 200 167 "https://www.shudaxia.com/news/changan-zidong-liandianqi-shezhi.html" "Mozilla/5.0 (Windows NT 10.0; Win64; x64) AppleWebKit/537.36 (KHTML, like Gecko) Chrome/140.0.0.0 Safari/537.36 Edg/140.0.0.0; 360Spider"
180.97.210.149 - - [24/Jan/2026:04:48:32 +0800] "GET /?_rsc=10ss7 HTTP/1.1" 200 144 "https://www.shudaxia.com/news/changan-zidong-liandianqi-shezhi.html" "Mozilla/5.0 (Windows NT 10.0; Win64; x64) AppleWebKit/537.36 (KHTML, like Gecko) Chrome/140.0.0.0 Safari/537.36 Edg/140.0.0.0; 360Spider"
180.97.210.164 - - [24/Jan/2026:04:48:32 +0800] "GET /api/latest-version?platform=2 HTTP/1.1" 200 152 "https://www.shudaxia.com/news/changan-zidong-liandianqi-shezhi.html" "Mozilla/5.0 (Windows NT 10.0; Win64; x64) AppleWebKit/537.36 (KHTML, like Gecko) Chrome/140.0.0.0 Safari/537.36 Edg/140.0.0.0; 360Spider"
180.97.210.205 - - [24/Jan/2026:04:48:32 +0800] "POST /api/articles/55/view HTTP/1.1" 200 1752 "https://www.shudaxia.com/news/changan-zidong-liandianqi-shezhi.html" "Mozilla/5.0 (Windows NT 10.0; Win64; x64) AppleWebKit/537.36 (KHTML, like Gecko) Chrome/140.0.0.0 Safari/537.36 Edg/140.0.0.0; 360Spider"
180.97.210.192 - - [24/Jan/2026:04:48:32 +0800] "GET /api/auth/session HTTP/1.1" 200 35 "https://www.shudaxia.com/news/changan-zidong-liandianqi-shezhi.html" "Mozilla/5.0 (Windows NT 10.0; Win64; x64) AppleWebKit/537.36 (KHTML, like Gecko) Chrome/140.0.0.0 Safari/537.36 Edg/140.0.0.0; 360Spider"
180.97.210.175 - - [24/Jan/2026:04:48:32 +0800] "GET /mobile?_rsc=10ss7 HTTP/1.1" 308 22 "https://www.shudaxia.com/news/changan-zidong-liandianqi-shezhi.html" "Mozilla/5.0 (Windows NT 10.0; Win64; x64) AppleWebKit/537.36 (KHTML, like Gecko) Chrome/140.0.0.0 Safari/537.36 Edg/140.0.0.0; 360Spider"
180.97.210.194 - - [24/Jan/2026:04:48:32 +0800] "GET /api/latest-version?platform=3 HTTP/1.1" 200 167 "https://www.shudaxia.com/news/changan-zidong-liandianqi-shezhi.html" "Mozilla/5.0 (Windows NT 10.0; Win64; x64) AppleWebKit/537.36 (KHTML, like Gecko) Chrome/140.0.0.0 Safari/537.36 Edg/140.0.0.0; 360Spider"
180.97.210.188 - - [24/Jan/2026:04:48:32 +0800] "GET /doc/p1?_rsc=10ss7 HTTP/1.1" 308 22 "https://www.shudaxia.com/news/changan-zidong-liandianqi-shezhi.html" "Mozilla/5.0 (Windows NT 10.0; Win64; x64) AppleWebKit/537.36 (KHTML, like Gecko) Chrome/140.0.0.0 Safari/537.36 Edg/140.0.0.0; 360Spider"
180.97.210.161 - - [24/Jan/2026:04:48:32 +0800] "GET /api/footer-links HTTP/1.1" 200 535 "https://www.shudaxia.com/news/changan-zidong-liandianqi-shezhi.html" "Mozilla/5.0 (Windows NT 10.0; Win64; x64) AppleWebKit/537.36 (KHTML, like Gecko) Chrome/140.0.0.0 Safari/537.36 Edg/140.0.0.0; 360Spider"
180.97.210.164 - - [24/Jan/2026:04:48:32 +0800] "GET /api/latest-version?platform=2 HTTP/1.1" 200 152 "https://www.shudaxia.com/news/changan-zidong-liandianqi-shezhi.html" "Mozilla/5.0 (Windows NT 10.0; Win64; x64) AppleWebKit/537.36 (KHTML, like Gecko) Chrome/140.0.0.0 Safari/537.36 Edg/140.0.0.0; 360Spider"
180.97.210.149 - - [24/Jan/2026:04:48:32 +0800] "GET /video?_rsc=10ss7 HTTP/1.1" 308 21 "https://www.shudaxia.com/news/changan-zidong-liandianqi-shezhi.html" "Mozilla/5.0 (Windows NT 10.0; Win64; x64) AppleWebKit/537.36 (KHTML, like Gecko) Chrome/140.0.0.0 Safari/537.36 Edg/140.0.0.0; 360Spider"
180.97.210.159 - - [24/Jan/2026:04:48:32 +0800] "GET /mouse-keyboard-test?_rsc=10ss7 HTTP/1.1" 308 36 "https://www.shudaxia.com/news/changan-zidong-liandianqi-shezhi.html" "Mozilla/5.0 (Windows NT 10.0; Win64; x64) AppleWebKit/537.36 (KHTML, like Gecko) Chrome/140.0.0.0 Safari/537.36 Edg/140.0.0.0; 360Spider"
180.97.210.155 - - [24/Jan/2026:04:48:32 +0800] "GET /cpstest?_rsc=10ss7 HTTP/1.1" 308 23 "https://www.shudaxia.com/news/changan-zidong-liandianqi-shezhi.html" "Mozilla/5.0 (Windows NT 10.0; Win64; x64) AppleWebKit/537.36 (KHTML, like Gecko) Chrome/140.0.0.0 Safari/537.36 Edg/140.0.0.0; 360Spider"
180.97.210.192 - - [24/Jan/2026:04:48:32 +0800] "GET /api/auth/session HTTP/1.1" 200 35 "https://www.shudaxia.com/news/changan-zidong-liandianqi-shezhi.html" "Mozilla/5.0 (Windows NT 10.0; Win64; x64) AppleWebKit/537.36 (KHTML, like Gecko) Chrome/140.0.0.0 Safari/537.36 Edg/140.0.0.0; 360Spider"
180.97.210.202 - - [24/Jan/2026:04:48:32 +0800] "GET /mobile.html HTTP/1.1" 200 2234 "https://www.shudaxia.com/news/changan-zidong-liandianqi-shezhi.html" "Mozilla/5.0 (Windows NT 10.0; Win64; x64) AppleWebKit/537.36 (KHTML, like Gecko) Chrome/140.0.0.0 Safari/537.36 Edg/140.0.0.0; 360Spider"
180.97.210.206 - - [24/Jan/2026:04:48:32 +0800] "GET /doc/p1.html HTTP/1.1" 200 168 "https://www.shudaxia.com/news/changan-zidong-liandianqi-shezhi.html" "Mozilla/5.0 (Windows NT 10.0; Win64; x64) AppleWebKit/537.36 (KHTML, like Gecko) Chrome/140.0.0.0 Safari/537.36 Edg/140.0.0.0; 360Spider"
180.97.210.217 - - [24/Jan/2026:04:48:32 +0800] "GET /doc/practice/p1.html HTTP/1.1" 200 176 "https://www.shudaxia.com/news/yimiao-yibaixia-zidong-dianjiqi.html" "Mozilla/5.0 (Windows NT 10.0; Win64; x64) AppleWebKit/537.36 (KHTML, like Gecko) Chrome/140.0.0.0 Safari/537.36 Edg/140.0.0.0; 360Spider"
180.97.210.205 - - [24/Jan/2026:04:48:32 +0800] "GET /video.html HTTP/1.1" 200 3521 "https://www.shudaxia.com/news/changan-zidong-liandianqi-shezhi.html" "Mozilla/5.0 (Windows NT 10.0; Win64; x64) AppleWebKit/537.36 (KHTML, like Gecko) Chrome/140.0.0.0 Safari/537.36 Edg/140.0.0.0; 360Spider"
180.97.210.195 - - [24/Jan/2026:04:48:32 +0800] "GET /cpstest.html HTTP/1.1" 200 2347 "https://www.shudaxia.com/news/changan-zidong-liandianqi-shezhi.html" "Mozilla/5.0 (Windows NT 10.0; Win64; x64) AppleWebKit/537.36 (KHTML, like Gecko) Chrome/140.0.0.0 Safari/537.36 Edg/140.0.0.0; 360Spider"
180.97.210.200 - - [24/Jan/2026:04:48:32 +0800] "GET /mouse-click-train?_rsc=10ss7 HTTP/1.1" 308 34 "https://www.shudaxia.com/news/changan-zidong-liandianqi-shezhi.html" "Mozilla/5.0 (Windows NT 10.0; Win64; x64) AppleWebKit/537.36 (KHTML, like Gecko) Chrome/140.0.0.0 Safari/537.36 Edg/140.0.0.0; 360Spider"
180.97.210.198 - - [24/Jan/2026:04:48:32 +0800] "GET /scriptdiy?_rsc=10ss7 HTTP/1.1" 308 25 "https://www.shudaxia.com/news/changan-zidong-liandianqi-shezhi.html" "Mozilla/5.0 (Windows NT 10.0; Win64; x64) AppleWebKit/537.36 (KHTML, like Gecko) Chrome/140.0.0.0 Safari/537.36 Edg/140.0.0.0; 360Spider"
180.97.210.149 - - [24/Jan/2026:04:48:32 +0800] "GET /feedback?_rsc=10ss7 HTTP/1.1" 308 24 "https://www.shudaxia.com/news/changan-zidong-liandianqi-shezhi.html" "Mozilla/5.0 (Windows NT 10.0; Win64; x64) AppleWebKit/537.36 (KHTML, like Gecko) Chrome/140.0.0.0 Safari/537.36 Edg/140.0.0.0; 360Spider"
180.97.210.153 - - [24/Jan/2026:04:48:32 +0800] "GET /doc/quickstart/p1?_rsc=10ss7 HTTP/1.1" 308 34 "https://www.shudaxia.com/news/changan-zidong-liandianqi-shezhi.html" "Mozilla/5.0 (Windows NT 10.0; Win64; x64) AppleWebKit/537.36 (KHTML, like Gecko) Chrome/140.0.0.0 Safari/537.36 Edg/140.0.0.0; 360Spider"
180.97.210.192 - - [24/Jan/2026:04:48:32 +0800] "GET /mouse-click-train?_rsc=wc2y2 HTTP/1.1" 308 34 "https://www.shudaxia.com/news/shu-biao-lian-dian-qi-lv-se-ban.html" "Mozilla/5.0 (Windows NT 10.0; Win64; x64) AppleWebKit/537.36 (KHTML, like Gecko) Chrome/140.0.0.0 Safari/537.36 Edg/140.0.0.0; 360Spider"
180.97.210.149 - - [24/Jan/2026:04:48:32 +0800] "GET /doc/practice/p1?_rsc=10ss7 HTTP/1.1" 308 32 "https://www.shudaxia.com/news/changan-zidong-liandianqi-shezhi.html" "Mozilla/5.0 (Windows NT 10.0; Win64; x64) AppleWebKit/537.36 (KHTML, like Gecko) Chrome/140.0.0.0 Safari/537.36 Edg/140.0.0.0; 360Spider"
180.97.210.156 - - [24/Jan/2026:04:48:32 +0800] "GET /doc/advanced/p1.html HTTP/1.1" 200 176 "https://www.shudaxia.com/news/yimiao-yibaixia-zidong-dianjiqi.html" "Mozilla/5.0 (Windows NT 10.0; Win64; x64) AppleWebKit/537.36 (KHTML, like Gecko) Chrome/140.0.0.0 Safari/537.36 Edg/140.0.0.0; 360Spider"
180.97.210.158 - - [24/Jan/2026:04:48:32 +0800] "GET /feedback.html HTTP/1.1" 200 2313 "https://www.shudaxia.com/news/changan-zidong-liandianqi-shezhi.html" "Mozilla/5.0 (Windows NT 10.0; Win64; x64) AppleWebKit/537.36 (KHTML, like Gecko) Chrome/140.0.0.0 Safari/537.36 Edg/140.0.0.0; 360Spider"
180.97.210.185 - - [24/Jan/2026:04:48:32 +0800] "GET /doc/quickstart/p1.html HTTP/1.1" 200 177 "https://www.shudaxia.com/news/changan-zidong-liandianqi-shezhi.html" "Mozilla/5.0 (Windows NT 10.0; Win64; x64) AppleWebKit/537.36 (KHTML, like Gecko) Chrome/140.0.0.0 Safari/537.36 Edg/140.0.0.0; 360Spider"
180.97.210.217 - - [24/Jan/2026:04:48:33 +0800] "GET /doc/practice/p1.html HTTP/1.1" 200 176 "https://www.shudaxia.com/news/changan-zidong-liandianqi-shezhi.html" "Mozilla/5.0 (Windows NT 10.0; Win64; x64) AppleWebKit/537.36 (KHTML, like Gecko) Chrome/140.0.0.0 Safari/537.36 Edg/140.0.0.0; 360Spider"
180.97.210.202 - - [24/Jan/2026:04:48:33 +0800] "GET /news/p1.html HTTP/1.1" 200 169 "https://www.shudaxia.com/news/yimiao-yibaixia-zidong-dianjiqi.html" "Mozilla/5.0 (Windows NT 10.0; Win64; x64) AppleWebKit/537.36 (KHTML, like Gecko) Chrome/140.0.0.0 Safari/537.36 Edg/140.0.0.0; 360Spider"
180.97.210.156 - - [24/Jan/2026:04:48:33 +0800] "GET /doc/advanced/p1.html HTTP/1.1" 200 176 "https://www.shudaxia.com/faq/p1.html" "Mozilla/5.0 (Windows NT 10.0; Win64; x64) AppleWebKit/537.36 (KHTML, like Gecko) Chrome/140.0.0.0 Safari/537.36 Edg/140.0.0.0; 360Spider"
180.97.210.202 - - [24/Jan/2026:04:48:33 +0800] "GET /news/p1.html HTTP/1.1" 200 169 "https://www.shudaxia.com/faq/p1.html" "Mozilla/5.0 (Windows NT 10.0; Win64; x64) AppleWebKit/537.36 (KHTML, like Gecko) Chrome/140.0.0.0 Safari/537.36 Edg/140.0.0.0; 360Spider"
180.97.210.167 - - [24/Jan/2026:04:48:33 +0800] "GET /doc/advanced/p1?_rsc=10ss7 HTTP/1.1" 308 32 "https://www.shudaxia.com/news/changan-zidong-liandianqi-shezhi.html" "Mozilla/5.0 (Windows NT 10.0; Win64; x64) AppleWebKit/537.36 (KHTML, like Gecko) Chrome/140.0.0.0 Safari/537.36 Edg/140.0.0.0; 360Spider"
180.97.210.195 - - [24/Jan/2026:04:48:33 +0800] "GET /news/version/p1.html HTTP/1.1" 200 176 "https://www.shudaxia.com/faq/p1.html" "Mozilla/5.0 (Windows NT 10.0; Win64; x64) AppleWebKit/537.36 (KHTML, like Gecko) Chrome/140.0.0.0 Safari/537.36 Edg/140.0.0.0; 360Spider"
180.97.210.174 - - [24/Jan/2026:04:48:33 +0800] "GET /news/tools/p1.html HTTP/1.1" 200 174 "https://www.shudaxia.com/faq/p1.html" "Mozilla/5.0 (Windows NT 10.0; Win64; x64) AppleWebKit/537.36 (KHTML, like Gecko) Chrome/140.0.0.0 Safari/537.36 Edg/140.0.0.0; 360Spider"
180.97.210.182 - - [24/Jan/2026:04:48:33 +0800] "GET /news/tutorial/p1.html HTTP/1.1" 200 176 "https://www.shudaxia.com/faq/p1.html" "Mozilla/5.0 (Windows NT 10.0; Win64; x64) AppleWebKit/537.36 (KHTML, like Gecko) Chrome/140.0.0.0 Safari/537.36 Edg/140.0.0.0; 360Spider"
180.97.210.156 - - [24/Jan/2026:04:48:33 +0800] "GET /scriptdiy?_rsc=wc2y2 HTTP/1.1" 308 25 "https://www.shudaxia.com/news/shu-biao-lian-dian-qi-lv-se-ban.html" "Mozilla/5.0 (Windows NT 10.0; Win64; x64) AppleWebKit/537.36 (KHTML, like Gecko) Chrome/140.0.0.0 Safari/537.36 Edg/140.0.0.0; 360Spider"
180.97.210.212 - - [24/Jan/2026:04:48:33 +0800] "GET /news/p1?_rsc=10ss7 HTTP/1.1" 308 23 "https://www.shudaxia.com/news/changan-zidong-liandianqi-shezhi.html" "Mozilla/5.0 (Windows NT 10.0; Win64; x64) AppleWebKit/537.36 (KHTML, like Gecko) Chrome/140.0.0.0 Safari/537.36 Edg/140.0.0.0; 360Spider"
180.97.210.156 - - [24/Jan/2026:04:48:33 +0800] "GET /doc/advanced/p1.html HTTP/1.1" 200 176 "https://www.shudaxia.com/news/changan-zidong-liandianqi-shezhi.html" "Mozilla/5.0 (Windows NT 10.0; Win64; x64) AppleWebKit/537.36 (KHTML, like Gecko) Chrome/140.0.0.0 Safari/537.36 Edg/140.0.0.0; 360Spider"
180.97.210.198 - - [24/Jan/2026:04:48:33 +0800] "GET /feedback?_rsc=wc2y2 HTTP/1.1" 308 24 "https://www.shudaxia.com/news/shu-biao-lian-dian-qi-lv-se-ban.html" "Mozilla/5.0 (Windows NT 10.0; Win64; x64) AppleWebKit/537.36 (KHTML, like Gecko) Chrome/140.0.0.0 Safari/537.36 Edg/140.0.0.0; 360Spider"
180.97.210.193 - - [24/Jan/2026:04:48:33 +0800] "GET /news/tutorial/p1?_rsc=10ss7 HTTP/1.1" 308 33 "https://www.shudaxia.com/news/changan-zidong-liandianqi-shezhi.html" "Mozilla/5.0 (Windows NT 10.0; Win64; x64) AppleWebKit/537.36 (KHTML, like Gecko) Chrome/140.0.0.0 Safari/537.36 Edg/140.0.0.0; 360Spider"
180.97.210.177 - - [24/Jan/2026:04:48:33 +0800] "GET /news/tools/p1?_rsc=10ss7 HTTP/1.1" 308 30 "https://www.shudaxia.com/news/changan-zidong-liandianqi-shezhi.html" "Mozilla/5.0 (Windows NT 10.0; Win64; x64) AppleWebKit/537.36 (KHTML, like Gecko) Chrome/140.0.0.0 Safari/537.36 Edg/140.0.0.0; 360Spider"
180.97.210.180 - - [24/Jan/2026:04:48:33 +0800] "GET /news/version/p1?_rsc=10ss7 HTTP/1.1" 308 32 "https://www.shudaxia.com/news/changan-zidong-liandianqi-shezhi.html" "Mozilla/5.0 (Windows NT 10.0; Win64; x64) AppleWebKit/537.36 (KHTML, like Gecko) Chrome/140.0.0.0 Safari/537.36 Edg/140.0.0.0; 360Spider"
180.97.210.202 - - [24/Jan/2026:04:48:33 +0800] "GET /news/p1.html HTTP/1.1" 200 169 "https://www.shudaxia.com/news/changan-zidong-liandianqi-shezhi.html" "Mozilla/5.0 (Windows NT 10.0; Win64; x64) AppleWebKit/537.36 (KHTML, like Gecko) Chrome/140.0.0.0 Safari/537.36 Edg/140.0.0.0; 360Spider"
180.97.210.182 - - [24/Jan/2026:04:48:33 +0800] "GET /news/tutorial/p1.html HTTP/1.1" 200 176 "https://www.shudaxia.com/news/yimiao-yibaixia-zidong-dianjiqi.html" "Mozilla/5.0 (Windows NT 10.0; Win64; x64) AppleWebKit/537.36 (KHTML, like Gecko) Chrome/140.0.0.0 Safari/537.36 Edg/140.0.0.0; 360Spider"
180.97.210.174 - - [24/Jan/2026:04:48:33 +0800] "GET /news/tools/p1.html HTTP/1.1" 200 174 "https://www.shudaxia.com/news/yimiao-yibaixia-zidong-dianjiqi.html" "Mozilla/5.0 (Windows NT 10.0; Win64; x64) AppleWebKit/537.36 (KHTML, like Gecko) Chrome/140.0.0.0 Safari/537.36 Edg/140.0.0.0; 360Spider"
180.97.210.178 - - [24/Jan/2026:04:48:33 +0800] "GET /news/version/p1?_rsc=1vgzo HTTP/1.1" 308 32 "https://www.shudaxia.com/news/yimiao-yibaixia-zidong-dianjiqi.html" "Mozilla/5.0 (Windows NT 10.0; Win64; x64) AppleWebKit/537.36 (KHTML, like Gecko) Chrome/140.0.0.0 Safari/537.36 Edg/140.0.0.0; 360Spider"
180.97.210.194 - - [24/Jan/2026:04:48:33 +0800] "GET /faq/troubleshooting/p1?_rsc=ek2px HTTP/1.1" 308 39 "https://www.shudaxia.com/faq/p1.html" "Mozilla/5.0 (Windows NT 10.0; Win64; x64) AppleWebKit/537.36 (KHTML, like Gecko) Chrome/140.0.0.0 Safari/537.36 Edg/140.0.0.0; 360Spider"
180.97.210.199 - - [24/Jan/2026:04:48:33 +0800] "GET /faq/p1?_rsc=ek2px HTTP/1.1" 308 22 "https://www.shudaxia.com/faq/p1.html" "Mozilla/5.0 (Windows NT 10.0; Win64; x64) AppleWebKit/537.36 (KHTML, like Gecko) Chrome/140.0.0.0 Safari/537.36 Edg/140.0.0.0; 360Spider"
180.97.210.180 - - [24/Jan/2026:04:48:33 +0800] "GET /faq/version/p1?_rsc=ek2px HTTP/1.1" 308 31 "https://www.shudaxia.com/faq/p1.html" "Mozilla/5.0 (Windows NT 10.0; Win64; x64) AppleWebKit/537.36 (KHTML, like Gecko) Chrome/140.0.0.0 Safari/537.36 Edg/140.0.0.0; 360Spider"
180.97.210.222 - - [24/Jan/2026:04:48:33 +0800] "GET /faq/usage/p1?_rsc=ek2px HTTP/1.1" 308 29 "https://www.shudaxia.com/faq/p1.html" "Mozilla/5.0 (Windows NT 10.0; Win64; x64) AppleWebKit/537.36 (KHTML, like Gecko) Chrome/140.0.0.0 Safari/537.36 Edg/140.0.0.0; 360Spider"
180.97.210.160 - - [24/Jan/2026:04:48:33 +0800] "GET /faq/shu-biao-lian-dian-qi-zui-xin-wen-ti-hui-zong?_rsc=ek2px HTTP/1.1" 308 66 "https://www.shudaxia.com/faq/p1.html" "Mozilla/5.0 (Windows NT 10.0; Win64; x64) AppleWebKit/537.36 (KHTML, like Gecko) Chrome/140.0.0.0 Safari/537.36 Edg/140.0.0.0; 360Spider"
180.97.210.205 - - [24/Jan/2026:04:48:33 +0800] "GET /doc/quickstart/p1?_rsc=wc2y2 HTTP/1.1" 308 34 "https://www.shudaxia.com/news/shu-biao-lian-dian-qi-lv-se-ban.html" "Mozilla/5.0 (Windows NT 10.0; Win64; x64) AppleWebKit/537.36 (KHTML, like Gecko) Chrome/140.0.0.0 Safari/537.36 Edg/140.0.0.0; 360Spider"
180.97.210.149 - - [24/Jan/2026:04:48:34 +0800] "GET /faq/troubleshooting/p1.html HTTP/1.1" 200 181 "https://www.shudaxia.com/faq/p1.html" "Mozilla/5.0 (Windows NT 10.0; Win64; x64) AppleWebKit/537.36 (KHTML, like Gecko) Chrome/140.0.0.0 Safari/537.36 Edg/140.0.0.0; 360Spider"
180.97.210.152 - - [24/Jan/2026:04:48:34 +0800] "GET /faq/p1.html HTTP/1.1" 200 163 "https://www.shudaxia.com/faq/p1.html" "Mozilla/5.0 (Windows NT 10.0; Win64; x64) AppleWebKit/537.36 (KHTML, like Gecko) Chrome/140.0.0.0 Safari/537.36 Edg/140.0.0.0; 360Spider"
180.97.210.175 - - [24/Jan/2026:04:48:34 +0800] "GET /faq/version/p1.html HTTP/1.1" 200 175 "https://www.shudaxia.com/faq/p1.html" "Mozilla/5.0 (Windows NT 10.0; Win64; x64) AppleWebKit/537.36 (KHTML, like Gecko) Chrome/140.0.0.0 Safari/537.36 Edg/140.0.0.0; 360Spider"
180.97.210.216 - - [24/Jan/2026:04:48:34 +0800] "GET /faq/usage/p1.html HTTP/1.1" 200 173 "https://www.shudaxia.com/faq/p1.html" "Mozilla/5.0 (Windows NT 10.0; Win64; x64) AppleWebKit/537.36 (KHTML, like Gecko) Chrome/140.0.0.0 Safari/537.36 Edg/140.0.0.0; 360Spider"
180.97.210.158 - - [24/Jan/2026:04:48:34 +0800] "GET /faq/shu-biao-lian-dian-qi-zui-xin-wen-ti-hui-zong.html HTTP/1.1" 200 199 "https://www.shudaxia.com/faq/p1.html" "Mozilla/5.0 (Windows NT 10.0; Win64; x64) AppleWebKit/537.36 (KHTML, like Gecko) Chrome/140.0.0.0 Safari/537.36 Edg/140.0.0.0; 360Spider"
