111.6.230.165 - - [31/Jan/2026:04:42:47 +0800] "GET /api/footer-links HTTP/1.1" 200 535 "https://www.shudaxia.com/news/p1.html" "Mozilla/5.0 (Windows NT 10.0; Win64; x64) AppleWebKit/537.36 (KHTML, like Gecko) Chrome/140.0.0.0 Safari/537.36 Edg/140.0.0.0; 360Spider"
111.6.230.164 - - [31/Jan/2026:04:42:47 +0800] "GET /api/latest-version?platform=2 HTTP/1.1" 200 152 "https://www.shudaxia.com/news/p1.html" "Mozilla/5.0 (Windows NT 10.0; Win64; x64) AppleWebKit/537.36 (KHTML, like Gecko) Chrome/140.0.0.0 Safari/537.36 Edg/140.0.0.0; 360Spider"
111.6.230.203 - - [31/Jan/2026:04:42:47 +0800] "GET /api/latest-version?platform=3 HTTP/1.1" 200 166 "https://www.shudaxia.com/news/p1.html" "Mozilla/5.0 (Windows NT 10.0; Win64; x64) AppleWebKit/537.36 (KHTML, like Gecko) Chrome/140.0.0.0 Safari/537.36 Edg/140.0.0.0; 360Spider"
111.6.230.213 - - [31/Jan/2026:04:42:47 +0800] "GET /doc/p1?_rsc=fb6cu HTTP/1.1" 308 22 "https://www.shudaxia.com/news/p1.html" "Mozilla/5.0 (Windows NT 10.0; Win64; x64) AppleWebKit/537.36 (KHTML, like Gecko) Chrome/140.0.0.0 Safari/537.36 Edg/140.0.0.0; 360Spider"
111.6.230.215 - - [31/Jan/2026:04:42:47 +0800] "GET /mouse-keyboard-test?_rsc=fb6cu HTTP/1.1" 308 36 "https://www.shudaxia.com/news/p1.html" "Mozilla/5.0 (Windows NT 10.0; Win64; x64) AppleWebKit/537.36 (KHTML, like Gecko) Chrome/140.0.0.0 Safari/537.36 Edg/140.0.0.0; 360Spider"
111.6.230.209 - - [31/Jan/2026:04:42:47 +0800] "GET /?_rsc=fb6cu HTTP/1.1" 200 144 "https://www.shudaxia.com/news/p1.html" "Mozilla/5.0 (Windows NT 10.0; Win64; x64) AppleWebKit/537.36 (KHTML, like Gecko) Chrome/140.0.0.0 Safari/537.36 Edg/140.0.0.0; 360Spider"
111.6.230.154 - - [31/Jan/2026:04:42:47 +0800] "GET /mobile?_rsc=fb6cu HTTP/1.1" 308 22 "https://www.shudaxia.com/news/p1.html" "Mozilla/5.0 (Windows NT 10.0; Win64; x64) AppleWebKit/537.36 (KHTML, like Gecko) Chrome/140.0.0.0 Safari/537.36 Edg/140.0.0.0; 360Spider"
111.6.230.202 - - [31/Jan/2026:04:42:47 +0800] "GET /video?_rsc=fb6cu HTTP/1.1" 308 21 "https://www.shudaxia.com/news/p1.html" "Mozilla/5.0 (Windows NT 10.0; Win64; x64) AppleWebKit/537.36 (KHTML, like Gecko) Chrome/140.0.0.0 Safari/537.36 Edg/140.0.0.0; 360Spider"
111.6.230.203 - - [31/Jan/2026:04:42:48 +0800] "GET /api/auth/session HTTP/1.1" 200 35 "https://www.shudaxia.com/news/p1.html" "Mozilla/5.0 (Windows NT 10.0; Win64; x64) AppleWebKit/537.36 (KHTML, like Gecko) Chrome/140.0.0.0 Safari/537.36 Edg/140.0.0.0; 360Spider"
111.6.230.213 - - [31/Jan/2026:04:42:48 +0800] "GET /doc/p1.html HTTP/1.1" 200 168 "https://www.shudaxia.com/news/p1.html" "Mozilla/5.0 (Windows NT 10.0; Win64; x64) AppleWebKit/537.36 (KHTML, like Gecko) Chrome/140.0.0.0 Safari/537.36 Edg/140.0.0.0; 360Spider"
111.6.230.211 - - [31/Jan/2026:04:42:48 +0800] "GET /cpstest?_rsc=fb6cu HTTP/1.1" 308 23 "https://www.shudaxia.com/news/p1.html" "Mozilla/5.0 (Windows NT 10.0; Win64; x64) AppleWebKit/537.36 (KHTML, like Gecko) Chrome/140.0.0.0 Safari/537.36 Edg/140.0.0.0; 360Spider"
111.6.230.159 - - [31/Jan/2026:04:42:49 +0800] "GET /mouse-click-train?_rsc=fb6cu HTTP/1.1" 308 34 "https://www.shudaxia.com/news/p1.html" "Mozilla/5.0 (Windows NT 10.0; Win64; x64) AppleWebKit/537.36 (KHTML, like Gecko) Chrome/140.0.0.0 Safari/537.36 Edg/140.0.0.0; 360Spider"
111.6.230.182 - - [31/Jan/2026:04:42:49 +0800] "GET /feedback?_rsc=fb6cu HTTP/1.1" 308 24 "https://www.shudaxia.com/news/p1.html" "Mozilla/5.0 (Windows NT 10.0; Win64; x64) AppleWebKit/537.36 (KHTML, like Gecko) Chrome/140.0.0.0 Safari/537.36 Edg/140.0.0.0; 360Spider"
111.6.230.165 - - [31/Jan/2026:04:42:49 +0800] "GET /scriptdiy?_rsc=fb6cu HTTP/1.1" 308 25 "https://www.shudaxia.com/news/p1.html" "Mozilla/5.0 (Windows NT 10.0; Win64; x64) AppleWebKit/537.36 (KHTML, like Gecko) Chrome/140.0.0.0 Safari/537.36 Edg/140.0.0.0; 360Spider"
111.6.230.182 - - [31/Jan/2026:04:42:49 +0800] "GET /doc/quickstart/p1?_rsc=fb6cu HTTP/1.1" 308 34 "https://www.shudaxia.com/news/p1.html" "Mozilla/5.0 (Windows NT 10.0; Win64; x64) AppleWebKit/537.36 (KHTML, like Gecko) Chrome/140.0.0.0 Safari/537.36 Edg/140.0.0.0; 360Spider"
111.6.230.165 - - [31/Jan/2026:04:42:49 +0800] "GET /doc/practice/p1?_rsc=fb6cu HTTP/1.1" 308 32 "https://www.shudaxia.com/news/p1.html" "Mozilla/5.0 (Windows NT 10.0; Win64; x64) AppleWebKit/537.36 (KHTML, like Gecko) Chrome/140.0.0.0 Safari/537.36 Edg/140.0.0.0; 360Spider"
111.6.230.170 - - [31/Jan/2026:04:42:49 +0800] "GET /doc/quickstart/p1.html HTTP/1.1" 200 177 "https://www.shudaxia.com/news/p1.html" "Mozilla/5.0 (Windows NT 10.0; Win64; x64) AppleWebKit/537.36 (KHTML, like Gecko) Chrome/140.0.0.0 Safari/537.36 Edg/140.0.0.0; 360Spider"
111.6.230.177 - - [31/Jan/2026:04:42:49 +0800] "GET /doc/practice/p1.html HTTP/1.1" 200 176 "https://www.shudaxia.com/news/p1.html" "Mozilla/5.0 (Windows NT 10.0; Win64; x64) AppleWebKit/537.36 (KHTML, like Gecko) Chrome/140.0.0.0 Safari/537.36 Edg/140.0.0.0; 360Spider"
111.6.230.157 - - [31/Jan/2026:04:42:49 +0800] "GET /doc/advanced/p1?_rsc=fb6cu HTTP/1.1" 308 32 "https://www.shudaxia.com/news/p1.html" "Mozilla/5.0 (Windows NT 10.0; Win64; x64) AppleWebKit/537.36 (KHTML, like Gecko) Chrome/140.0.0.0 Safari/537.36 Edg/140.0.0.0; 360Spider"
111.6.230.208 - - [31/Jan/2026:04:42:49 +0800] "GET /news/p1?_rsc=fb6cu HTTP/1.1" 308 23 "https://www.shudaxia.com/news/p1.html" "Mozilla/5.0 (Windows NT 10.0; Win64; x64) AppleWebKit/537.36 (KHTML, like Gecko) Chrome/140.0.0.0 Safari/537.36 Edg/140.0.0.0; 360Spider"
111.6.230.158 - - [31/Jan/2026:04:42:49 +0800] "GET /news/tools/p1?_rsc=fb6cu HTTP/1.1" 308 30 "https://www.shudaxia.com/news/p1.html" "Mozilla/5.0 (Windows NT 10.0; Win64; x64) AppleWebKit/537.36 (KHTML, like Gecko) Chrome/140.0.0.0 Safari/537.36 Edg/140.0.0.0; 360Spider"
111.6.230.194 - - [31/Jan/2026:04:42:49 +0800] "GET /news/tutorial/p1?_rsc=fb6cu HTTP/1.1" 308 33 "https://www.shudaxia.com/news/p1.html" "Mozilla/5.0 (Windows NT 10.0; Win64; x64) AppleWebKit/537.36 (KHTML, like Gecko) Chrome/140.0.0.0 Safari/537.36 Edg/140.0.0.0; 360Spider"
111.6.230.178 - - [31/Jan/2026:04:42:49 +0800] "GET /news/version/p1?_rsc=fb6cu HTTP/1.1" 308 32 "https://www.shudaxia.com/news/p1.html" "Mozilla/5.0 (Windows NT 10.0; Win64; x64) AppleWebKit/537.36 (KHTML, like Gecko) Chrome/140.0.0.0 Safari/537.36 Edg/140.0.0.0; 360Spider"
111.6.230.155 - - [31/Jan/2026:04:42:49 +0800] "GET /doc/advanced/p1.html HTTP/1.1" 200 175 "https://www.shudaxia.com/news/p1.html" "Mozilla/5.0 (Windows NT 10.0; Win64; x64) AppleWebKit/537.36 (KHTML, like Gecko) Chrome/140.0.0.0 Safari/537.36 Edg/140.0.0.0; 360Spider"
111.6.230.223 - - [31/Jan/2026:04:42:49 +0800] "GET /news/tools/p1.html HTTP/1.1" 200 174 "https://www.shudaxia.com/news/p1.html" "Mozilla/5.0 (Windows NT 10.0; Win64; x64) AppleWebKit/537.36 (KHTML, like Gecko) Chrome/140.0.0.0 Safari/537.36 Edg/140.0.0.0; 360Spider"
111.6.230.158 - - [31/Jan/2026:04:42:49 +0800] "GET /news/p1.html HTTP/1.1" 200 164 "https://www.shudaxia.com/news/p1.html" "Mozilla/5.0 (Windows NT 10.0; Win64; x64) AppleWebKit/537.36 (KHTML, like Gecko) Chrome/140.0.0.0 Safari/537.36 Edg/140.0.0.0; 360Spider"
111.6.230.207 - - [31/Jan/2026:04:42:49 +0800] "GET /news/tutorial/p1.html HTTP/1.1" 200 176 "https://www.shudaxia.com/news/p1.html" "Mozilla/5.0 (Windows NT 10.0; Win64; x64) AppleWebKit/537.36 (KHTML, like Gecko) Chrome/140.0.0.0 Safari/537.36 Edg/140.0.0.0; 360Spider"
111.6.230.178 - - [31/Jan/2026:04:42:49 +0800] "GET /news/version/p1.html HTTP/1.1" 200 176 "https://www.shudaxia.com/news/p1.html" "Mozilla/5.0 (Windows NT 10.0; Win64; x64) AppleWebKit/537.36 (KHTML, like Gecko) Chrome/140.0.0.0 Safari/537.36 Edg/140.0.0.0; 360Spider"
111.6.230.166 - - [31/Jan/2026:04:42:50 +0800] "GET /faq/p1?_rsc=fb6cu HTTP/1.1" 308 22 "https://www.shudaxia.com/news/p1.html" "Mozilla/5.0 (Windows NT 10.0; Win64; x64) AppleWebKit/537.36 (KHTML, like Gecko) Chrome/140.0.0.0 Safari/537.36 Edg/140.0.0.0; 360Spider"
111.6.230.199 - - [31/Jan/2026:04:42:50 +0800] "GET /faq/version/p1?_rsc=fb6cu HTTP/1.1" 308 31 "https://www.shudaxia.com/news/p1.html" "Mozilla/5.0 (Windows NT 10.0; Win64; x64) AppleWebKit/537.36 (KHTML, like Gecko) Chrome/140.0.0.0 Safari/537.36 Edg/140.0.0.0; 360Spider"
111.6.230.157 - - [31/Jan/2026:04:42:50 +0800] "GET /faq/troubleshooting/p1?_rsc=fb6cu HTTP/1.1" 308 39 "https://www.shudaxia.com/news/p1.html" "Mozilla/5.0 (Windows NT 10.0; Win64; x64) AppleWebKit/537.36 (KHTML, like Gecko) Chrome/140.0.0.0 Safari/537.36 Edg/140.0.0.0; 360Spider"
111.6.230.173 - - [31/Jan/2026:04:42:50 +0800] "GET /news/shu-biao-lian-dian-qi-zui-xin-ban-xia-zai?_rsc=fb6cu HTTP/1.1" 308 63 "https://www.shudaxia.com/news/p1.html" "Mozilla/5.0 (Windows NT 10.0; Win64; x64) AppleWebKit/537.36 (KHTML, like Gecko) Chrome/140.0.0.0 Safari/537.36 Edg/140.0.0.0; 360Spider"
111.6.230.192 - - [31/Jan/2026:04:42:50 +0800] "GET /faq/usage/p1?_rsc=fb6cu HTTP/1.1" 308 29 "https://www.shudaxia.com/news/p1.html" "Mozilla/5.0 (Windows NT 10.0; Win64; x64) AppleWebKit/537.36 (KHTML, like Gecko) Chrome/140.0.0.0 Safari/537.36 Edg/140.0.0.0; 360Spider"
111.6.230.155 - - [31/Jan/2026:04:42:50 +0800] "GET /faq/p1.html HTTP/1.1" 200 168 "https://www.shudaxia.com/news/p1.html" "Mozilla/5.0 (Windows NT 10.0; Win64; x64) AppleWebKit/537.36 (KHTML, like Gecko) Chrome/140.0.0.0 Safari/537.36 Edg/140.0.0.0; 360Spider"
111.6.230.157 - - [31/Jan/2026:04:42:50 +0800] "GET /faq/version/p1.html HTTP/1.1" 200 175 "https://www.shudaxia.com/news/p1.html" "Mozilla/5.0 (Windows NT 10.0; Win64; x64) AppleWebKit/537.36 (KHTML, like Gecko) Chrome/140.0.0.0 Safari/537.36 Edg/140.0.0.0; 360Spider"
111.6.230.178 - - [31/Jan/2026:04:42:50 +0800] "GET /faq/troubleshooting/p1.html HTTP/1.1" 200 181 "https://www.shudaxia.com/news/p1.html" "Mozilla/5.0 (Windows NT 10.0; Win64; x64) AppleWebKit/537.36 (KHTML, like Gecko) Chrome/140.0.0.0 Safari/537.36 Edg/140.0.0.0; 360Spider"
111.6.230.215 - - [31/Jan/2026:04:42:50 +0800] "GET /faq/usage/p1.html HTTP/1.1" 200 173 "https://www.shudaxia.com/news/p1.html" "Mozilla/5.0 (Windows NT 10.0; Win64; x64) AppleWebKit/537.36 (KHTML, like Gecko) Chrome/140.0.0.0 Safari/537.36 Edg/140.0.0.0; 360Spider"
111.6.230.223 - - [31/Jan/2026:04:42:50 +0800] "GET /news/shu-biao-lian-dian-qi-zui-xin-ban-xia-zai.html HTTP/1.1" 200 197 "https://www.shudaxia.com/news/p1.html" "Mozilla/5.0 (Windows NT 10.0; Win64; x64) AppleWebKit/537.36 (KHTML, like Gecko) Chrome/140.0.0.0 Safari/537.36 Edg/140.0.0.0; 360Spider"
111.6.230.180 - - [31/Jan/2026:04:42:50 +0800] "GET /news/new-features-schedule-text-launch?_rsc=fb6cu HTTP/1.1" 308 55 "https://www.shudaxia.com/news/p1.html" "Mozilla/5.0 (Windows NT 10.0; Win64; x64) AppleWebKit/537.36 (KHTML, like Gecko) Chrome/140.0.0.0 Safari/537.36 Edg/140.0.0.0; 360Spider"
111.6.230.151 - - [31/Jan/2026:04:42:50 +0800] "GET /news/jian-pan-lian-dian-qi-an-quan-ban-xia-zai?_rsc=fb6cu HTTP/1.1" 308 63 "https://www.shudaxia.com/news/p1.html" "Mozilla/5.0 (Windows NT 10.0; Win64; x64) AppleWebKit/537.36 (KHTML, like Gecko) Chrome/140.0.0.0 Safari/537.36 Edg/140.0.0.0; 360Spider"
111.6.230.183 - - [31/Jan/2026:04:42:50 +0800] "GET /news/shu-biao-zi-dong-dian-ji?_rsc=fb6cu HTTP/1.1" 308 46 "https://www.shudaxia.com/news/p1.html" "Mozilla/5.0 (Windows NT 10.0; Win64; x64) AppleWebKit/537.36 (KHTML, like Gecko) Chrome/140.0.0.0 Safari/537.36 Edg/140.0.0.0; 360Spider"
111.6.230.177 - - [31/Jan/2026:04:42:50 +0800] "GET /news/yimiao-yibaixia-zidong-dianjiqi?_rsc=fb6cu HTTP/1.1" 308 53 "https://www.shudaxia.com/news/p1.html" "Mozilla/5.0 (Windows NT 10.0; Win64; x64) AppleWebKit/537.36 (KHTML, like Gecko) Chrome/140.0.0.0 Safari/537.36 Edg/140.0.0.0; 360Spider"
111.6.230.207 - - [31/Jan/2026:04:42:51 +0800] "GET /news/new-features-schedule-text-launch.html HTTP/1.1" 200 189 "https://www.shudaxia.com/news/p1.html" "Mozilla/5.0 (Windows NT 10.0; Win64; x64) AppleWebKit/537.36 (KHTML, like Gecko) Chrome/140.0.0.0 Safari/537.36 Edg/140.0.0.0; 360Spider"
111.6.230.150 - - [31/Jan/2026:04:42:51 +0800] "GET /news/shu-biao-zi-dong-dian-ji.html HTTP/1.1" 200 186 "https://www.shudaxia.com/news/p1.html" "Mozilla/5.0 (Windows NT 10.0; Win64; x64) AppleWebKit/537.36 (KHTML, like Gecko) Chrome/140.0.0.0 Safari/537.36 Edg/140.0.0.0; 360Spider"
111.6.230.201 - - [31/Jan/2026:04:42:51 +0800] "GET /news/jian-pan-lian-dian-qi-an-quan-ban-xia-zai.html HTTP/1.1" 200 194 "https://www.shudaxia.com/news/p1.html" "Mozilla/5.0 (Windows NT 10.0; Win64; x64) AppleWebKit/537.36 (KHTML, like Gecko) Chrome/140.0.0.0 Safari/537.36 Edg/140.0.0.0; 360Spider"
111.6.230.192 - - [31/Jan/2026:04:42:51 +0800] "GET /news/yimiao-yibaixia-zidong-dianjiqi.html HTTP/1.1" 200 191 "https://www.shudaxia.com/news/p1.html" "Mozilla/5.0 (Windows NT 10.0; Win64; x64) AppleWebKit/537.36 (KHTML, like Gecko) Chrome/140.0.0.0 Safari/537.36 Edg/140.0.0.0; 360Spider"
111.6.230.215 - - [31/Jan/2026:04:48:31 +0800] "GET / HTTP/1.1" 200 24528 "-" "Mozilla/5.0 (Linux; Android 5.0) AppleWebKit/537.36 (KHTML, like Gecko) Mobile Safari/537.36 (compatible; Bytespider; https://zhanzhang.toutiao.com/)"
111.6.230.164 - - [31/Jan/2026:04:48:33 +0800] "GET /api/latest-version?platform=2 HTTP/1.1" 200 152 "https://www.shudaxia.com/" "Mozilla/5.0 (Linux; Android 5.0) AppleWebKit/537.36 (KHTML, like Gecko) Mobile Safari/537.36 (compatible; Bytespider; https://zhanzhang.toutiao.com/)"
111.6.230.203 - - [31/Jan/2026:04:48:33 +0800] "GET /api/latest-version?platform=3 HTTP/1.1" 200 166 "https://www.shudaxia.com/" "Mozilla/5.0 (Linux; Android 5.0) AppleWebKit/537.36 (KHTML, like Gecko) Mobile Safari/537.36 (compatible; Bytespider; https://zhanzhang.toutiao.com/)"
111.6.230.203 - - [31/Jan/2026:04:48:33 +0800] "GET /api/latest-version?platform=3 HTTP/1.1" 200 166 "https://www.shudaxia.com/" "Mozilla/5.0 (Linux; Android 5.0) AppleWebKit/537.36 (KHTML, like Gecko) Mobile Safari/537.36 (compatible; Bytespider; https://zhanzhang.toutiao.com/)"
111.6.230.164 - - [31/Jan/2026:04:48:33 +0800] "GET /api/latest-version?platform=2 HTTP/1.1" 200 152 "https://www.shudaxia.com/" "Mozilla/5.0 (Linux; Android 5.0) AppleWebKit/537.36 (KHTML, like Gecko) Mobile Safari/537.36 (compatible; Bytespider; https://zhanzhang.toutiao.com/)"
111.6.230.165 - - [31/Jan/2026:04:48:33 +0800] "GET /api/footer-links HTTP/1.1" 200 535 "https://www.shudaxia.com/" "Mozilla/5.0 (Linux; Android 5.0) AppleWebKit/537.36 (KHTML, like Gecko) Mobile Safari/537.36 (compatible; Bytespider; https://zhanzhang.toutiao.com/)"
111.6.230.203 - - [31/Jan/2026:04:48:33 +0800] "GET /api/latest-version?platform=3 HTTP/1.1" 200 166 "https://www.shudaxia.com/" "Mozilla/5.0 (Linux; Android 5.0) AppleWebKit/537.36 (KHTML, like Gecko) Mobile Safari/537.36 (compatible; Bytespider; https://zhanzhang.toutiao.com/)"
111.6.230.203 - - [31/Jan/2026:04:48:33 +0800] "GET /api/auth/session HTTP/1.1" 200 35 "https://www.shudaxia.com/" "Mozilla/5.0 (Linux; Android 5.0) AppleWebKit/537.36 (KHTML, like Gecko) Mobile Safari/537.36 (compatible; Bytespider; https://zhanzhang.toutiao.com/)"
111.6.230.164 - - [31/Jan/2026:04:48:33 +0800] "GET /api/latest-version?platform=2 HTTP/1.1" 200 152 "https://www.shudaxia.com/" "Mozilla/5.0 (Linux; Android 5.0) AppleWebKit/537.36 (KHTML, like Gecko) Mobile Safari/537.36 (compatible; Bytespider; https://zhanzhang.toutiao.com/)"
111.6.230.203 - - [31/Jan/2026:04:48:33 +0800] "GET /api/latest-version?platform=3 HTTP/1.1" 200 166 "https://www.shudaxia.com/" "Mozilla/5.0 (Linux; Android 5.0) AppleWebKit/537.36 (KHTML, like Gecko) Mobile Safari/537.36 (compatible; Bytespider; https://zhanzhang.toutiao.com/)"
111.6.230.203 - - [31/Jan/2026:04:48:33 +0800] "GET /api/auth/session HTTP/1.1" 200 35 "https://www.shudaxia.com/" "Mozilla/5.0 (Linux; Android 5.0) AppleWebKit/537.36 (KHTML, like Gecko) Mobile Safari/537.36 (compatible; Bytespider; https://zhanzhang.toutiao.com/)"
111.6.230.164 - - [31/Jan/2026:04:48:33 +0800] "GET /api/latest-version?platform=2 HTTP/1.1" 200 152 "https://www.shudaxia.com/" "Mozilla/5.0 (Linux; Android 5.0) AppleWebKit/537.36 (KHTML, like Gecko) Mobile Safari/537.36 (compatible; Bytespider; https://zhanzhang.toutiao.com/)"
111.6.230.203 - - [31/Jan/2026:04:48:33 +0800] "GET /api/latest-version?platform=3 HTTP/1.1" 200 166 "https://www.shudaxia.com/" "Mozilla/5.0 (Linux; Android 5.0) AppleWebKit/537.36 (KHTML, like Gecko) Mobile Safari/537.36 (compatible; Bytespider; https://zhanzhang.toutiao.com/)"
111.6.230.215 - - [31/Jan/2026:04:52:11 +0800] "GET / HTTP/1.1" 200 24784 "-" "Mozilla/5.0 (Linux; Android 5.0) AppleWebKit/537.36 (KHTML, like Gecko) Mobile Safari/537.36 (compatible; Bytespider; https://zhanzhang.toutiao.com/)"
111.6.230.164 - - [31/Jan/2026:04:52:11 +0800] "GET /api/latest-version?platform=2 HTTP/1.1" 200 152 "https://www.shudaxia.com/" "Mozilla/5.0 (Linux; Android 5.0) AppleWebKit/537.36 (KHTML, like Gecko) Mobile Safari/537.36 (compatible; Bytespider; https://zhanzhang.toutiao.com/)"
111.6.230.203 - - [31/Jan/2026:04:52:12 +0800] "GET /api/latest-version?platform=3 HTTP/1.1" 200 166 "https://www.shudaxia.com/" "Mozilla/5.0 (Linux; Android 5.0) AppleWebKit/537.36 (KHTML, like Gecko) Mobile Safari/537.36 (compatible; Bytespider; https://zhanzhang.toutiao.com/)"
111.6.230.164 - - [31/Jan/2026:04:52:12 +0800] "GET /api/latest-version?platform=2 HTTP/1.1" 200 152 "https://www.shudaxia.com/" "Mozilla/5.0 (Linux; Android 5.0) AppleWebKit/537.36 (KHTML, like Gecko) Mobile Safari/537.36 (compatible; Bytespider; https://zhanzhang.toutiao.com/)"
111.6.230.203 - - [31/Jan/2026:04:52:12 +0800] "GET /api/latest-version?platform=3 HTTP/1.1" 200 166 "https://www.shudaxia.com/" "Mozilla/5.0 (Linux; Android 5.0) AppleWebKit/537.36 (KHTML, like Gecko) Mobile Safari/537.36 (compatible; Bytespider; https://zhanzhang.toutiao.com/)"
111.6.230.203 - - [31/Jan/2026:04:52:12 +0800] "GET /api/latest-version?platform=3 HTTP/1.1" 200 166 "https://www.shudaxia.com/" "Mozilla/5.0 (Linux; Android 5.0) AppleWebKit/537.36 (KHTML, like Gecko) Mobile Safari/537.36 (compatible; Bytespider; https://zhanzhang.toutiao.com/)"
111.6.230.165 - - [31/Jan/2026:04:52:12 +0800] "GET /api/footer-links HTTP/1.1" 200 535 "https://www.shudaxia.com/" "Mozilla/5.0 (Linux; Android 5.0) AppleWebKit/537.36 (KHTML, like Gecko) Mobile Safari/537.36 (compatible; Bytespider; https://zhanzhang.toutiao.com/)"
111.6.230.164 - - [31/Jan/2026:04:52:12 +0800] "GET /api/latest-version?platform=2 HTTP/1.1" 200 152 "https://www.shudaxia.com/" "Mozilla/5.0 (Linux; Android 5.0) AppleWebKit/537.36 (KHTML, like Gecko) Mobile Safari/537.36 (compatible; Bytespider; https://zhanzhang.toutiao.com/)"
111.6.230.203 - - [31/Jan/2026:04:52:12 +0800] "GET /api/auth/session HTTP/1.1" 200 35 "https://www.shudaxia.com/" "Mozilla/5.0 (Linux; Android 5.0) AppleWebKit/537.36 (KHTML, like Gecko) Mobile Safari/537.36 (compatible; Bytespider; https://zhanzhang.toutiao.com/)"
111.6.230.203 - - [31/Jan/2026:04:52:12 +0800] "GET /api/latest-version?platform=3 HTTP/1.1" 200 166 "https://www.shudaxia.com/" "Mozilla/5.0 (Linux; Android 5.0) AppleWebKit/537.36 (KHTML, like Gecko) Mobile Safari/537.36 (compatible; Bytespider; https://zhanzhang.toutiao.com/)"
111.6.230.164 - - [31/Jan/2026:04:52:12 +0800] "GET /api/latest-version?platform=2 HTTP/1.1" 200 152 "https://www.shudaxia.com/" "Mozilla/5.0 (Linux; Android 5.0) AppleWebKit/537.36 (KHTML, like Gecko) Mobile Safari/537.36 (compatible; Bytespider; https://zhanzhang.toutiao.com/)"
111.6.230.203 - - [31/Jan/2026:04:52:12 +0800] "GET /api/auth/session HTTP/1.1" 200 35 "https://www.shudaxia.com/" "Mozilla/5.0 (Linux; Android 5.0) AppleWebKit/537.36 (KHTML, like Gecko) Mobile Safari/537.36 (compatible; Bytespider; https://zhanzhang.toutiao.com/)"
111.6.230.203 - - [31/Jan/2026:04:52:12 +0800] "GET /api/latest-version?platform=3 HTTP/1.1" 200 166 "https://www.shudaxia.com/" "Mozilla/5.0 (Linux; Android 5.0) AppleWebKit/537.36 (KHTML, like Gecko) Mobile Safari/537.36 (compatible; Bytespider; https://zhanzhang.toutiao.com/)"
221.195.236.19 - - [31/Jan/2026:05:00:09 +0800] "GET / HTTP/1.1" 200 24626 "-" "MQQBrowser/26 Mozilla/5.0 (Linux; U; Android 4.4.2; zh-cn; MB200 Build/GRJ22; CyanogenMod-7) AppleWebKit/533.1 (KHTML, like Gecko) Version/4.0 Mobile Safari/533.1 (compatible; Sogou web spider/4.0; +http://www.sogou.com/docs/help/webmasters.htm#07)"
221.195.236.41 - - [31/Jan/2026:05:00:10 +0800] "GET /api/latest-version?platform=3 HTTP/1.1" 200 166 "https://www.shudaxia.com/" "MQQBrowser/26 Mozilla/5.0 (Linux; U; Android 4.4.2; zh-cn; MB200 Build/GRJ22; CyanogenMod-7) AppleWebKit/533.1 (KHTML, like Gecko) Version/4.0 Mobile Safari/533.1 (compatible; Sogou web spider/4.0; +http://www.sogou.com/docs/help/webmasters.htm#07)"
221.195.236.51 - - [31/Jan/2026:05:00:10 +0800] "GET /api/latest-version?platform=2 HTTP/1.1" 200 152 "https://www.shudaxia.com/" "MQQBrowser/26 Mozilla/5.0 (Linux; U; Android 4.4.2; zh-cn; MB200 Build/GRJ22; CyanogenMod-7) AppleWebKit/533.1 (KHTML, like Gecko) Version/4.0 Mobile Safari/533.1 (compatible; Sogou web spider/4.0; +http://www.sogou.com/docs/help/webmasters.htm#07)"
221.195.236.87 - - [31/Jan/2026:05:00:10 +0800] "GET /api/auth/session HTTP/1.1" 200 35 "https://www.shudaxia.com/" "MQQBrowser/26 Mozilla/5.0 (Linux; U; Android 4.4.2; zh-cn; MB200 Build/GRJ22; CyanogenMod-7) AppleWebKit/533.1 (KHTML, like Gecko) Version/4.0 Mobile Safari/533.1 (compatible; Sogou web spider/4.0; +http://www.sogou.com/docs/help/webmasters.htm#07)"
221.195.236.45 - - [31/Jan/2026:05:00:10 +0800] "GET /api/footer-links HTTP/1.1" 200 535 "https://www.shudaxia.com/" "MQQBrowser/26 Mozilla/5.0 (Linux; U; Android 4.4.2; zh-cn; MB200 Build/GRJ22; CyanogenMod-7) AppleWebKit/533.1 (KHTML, like Gecko) Version/4.0 Mobile Safari/533.1 (compatible; Sogou web spider/4.0; +http://www.sogou.com/docs/help/webmasters.htm#07)"
221.195.236.14 - - [31/Jan/2026:05:00:10 +0800] "GET /api/latest-version?platform=3 HTTP/1.1" 200 166 "https://www.shudaxia.com/" "MQQBrowser/26 Mozilla/5.0 (Linux; U; Android 4.4.2; zh-cn; MB200 Build/GRJ22; CyanogenMod-7) AppleWebKit/533.1 (KHTML, like Gecko) Version/4.0 Mobile Safari/533.1 (compatible; Sogou web spider/4.0; +http://www.sogou.com/docs/help/webmasters.htm#07)"
221.195.236.78 - - [31/Jan/2026:05:00:10 +0800] "GET /api/latest-version?platform=2 HTTP/1.1" 200 152 "https://www.shudaxia.com/" "MQQBrowser/26 Mozilla/5.0 (Linux; U; Android 4.4.2; zh-cn; MB200 Build/GRJ22; CyanogenMod-7) AppleWebKit/533.1 (KHTML, like Gecko) Version/4.0 Mobile Safari/533.1 (compatible; Sogou web spider/4.0; +http://www.sogou.com/docs/help/webmasters.htm#07)"
221.195.236.96 - - [31/Jan/2026:05:00:10 +0800] "GET /api/latest-version?platform=3 HTTP/1.1" 200 166 "https://www.shudaxia.com/" "MQQBrowser/26 Mozilla/5.0 (Linux; U; Android 4.4.2; zh-cn; MB200 Build/GRJ22; CyanogenMod-7) AppleWebKit/533.1 (KHTML, like Gecko) Version/4.0 Mobile Safari/533.1 (compatible; Sogou web spider/4.0; +http://www.sogou.com/docs/help/webmasters.htm#07)"
221.195.236.48 - - [31/Jan/2026:05:00:10 +0800] "GET /api/latest-version?platform=2 HTTP/1.1" 200 152 "https://www.shudaxia.com/" "MQQBrowser/26 Mozilla/5.0 (Linux; U; Android 4.4.2; zh-cn; MB200 Build/GRJ22; CyanogenMod-7) AppleWebKit/533.1 (KHTML, like Gecko) Version/4.0 Mobile Safari/533.1 (compatible; Sogou web spider/4.0; +http://www.sogou.com/docs/help/webmasters.htm#07)"
221.195.236.47 - - [31/Jan/2026:05:00:10 +0800] "GET /api/latest-version?platform=3 HTTP/1.1" 200 166 "https://www.shudaxia.com/" "MQQBrowser/26 Mozilla/5.0 (Linux; U; Android 4.4.2; zh-cn; MB200 Build/GRJ22; CyanogenMod-7) AppleWebKit/533.1 (KHTML, like Gecko) Version/4.0 Mobile Safari/533.1 (compatible; Sogou web spider/4.0; +http://www.sogou.com/docs/help/webmasters.htm#07)"
221.195.236.72 - - [31/Jan/2026:05:00:10 +0800] "GET /api/latest-version?platform=3 HTTP/1.1" 200 166 "https://www.shudaxia.com/" "MQQBrowser/26 Mozilla/5.0 (Linux; U; Android 4.4.2; zh-cn; MB200 Build/GRJ22; CyanogenMod-7) AppleWebKit/533.1 (KHTML, like Gecko) Version/4.0 Mobile Safari/533.1 (compatible; Sogou web spider/4.0; +http://www.sogou.com/docs/help/webmasters.htm#07)"
221.195.236.21 - - [31/Jan/2026:05:00:10 +0800] "GET /api/latest-version?platform=2 HTTP/1.1" 200 152 "https://www.shudaxia.com/" "MQQBrowser/26 Mozilla/5.0 (Linux; U; Android 4.4.2; zh-cn; MB200 Build/GRJ22; CyanogenMod-7) AppleWebKit/533.1 (KHTML, like Gecko) Version/4.0 Mobile Safari/533.1 (compatible; Sogou web spider/4.0; +http://www.sogou.com/docs/help/webmasters.htm#07)"
221.195.236.100 - - [31/Jan/2026:05:00:10 +0800] "GET /api/auth/session HTTP/1.1" 200 35 "https://www.shudaxia.com/" "MQQBrowser/26 Mozilla/5.0 (Linux; U; Android 4.4.2; zh-cn; MB200 Build/GRJ22; CyanogenMod-7) AppleWebKit/533.1 (KHTML, like Gecko) Version/4.0 Mobile Safari/533.1 (compatible; Sogou web spider/4.0; +http://www.sogou.com/docs/help/webmasters.htm#07)"
180.101.204.145 - - [31/Jan/2026:05:01:41 +0800] "GET /news/p3.html HTTP/1.1" 200 27012 "-" "Sogou web spider/4.0(+http://www.sogou.com/docs/help/webmasters.htm#07)"
180.101.204.165 - - [31/Jan/2026:05:19:10 +0800] "GET / HTTP/1.1" 200 24333 "-" "Sogou web spider/4.0(+http://www.sogou.com/docs/help/webmasters.htm#07)"
180.101.204.204 - - [31/Jan/2026:05:19:11 +0800] "GET /api/latest-version?platform=2 HTTP/1.1" 200 152 "https://www.shudaxia.com/" "Sogou web spider/4.0(+http://www.sogou.com/docs/help/webmasters.htm#07)"
180.101.204.206 - - [31/Jan/2026:05:19:11 +0800] "GET /api/auth/session HTTP/1.1" 200 35 "https://www.shudaxia.com/" "Sogou web spider/4.0(+http://www.sogou.com/docs/help/webmasters.htm#07)"
180.101.204.204 - - [31/Jan/2026:05:19:11 +0800] "GET /api/latest-version?platform=2 HTTP/1.1" 200 152 "https://www.shudaxia.com/" "Sogou web spider/4.0(+http://www.sogou.com/docs/help/webmasters.htm#07)"
180.101.204.204 - - [31/Jan/2026:05:19:11 +0800] "GET /api/latest-version?platform=2 HTTP/1.1" 200 152 "https://www.shudaxia.com/" "Sogou web spider/4.0(+http://www.sogou.com/docs/help/webmasters.htm#07)"
180.101.204.146 - - [31/Jan/2026:05:19:11 +0800] "GET /api/latest-version?platform=3 HTTP/1.1" 200 166 "https://www.shudaxia.com/" "Sogou web spider/4.0(+http://www.sogou.com/docs/help/webmasters.htm#07)"
180.101.204.131 - - [31/Jan/2026:05:19:11 +0800] "GET /api/footer-links HTTP/1.1" 200 535 "https://www.shudaxia.com/" "Sogou web spider/4.0(+http://www.sogou.com/docs/help/webmasters.htm#07)"
180.101.204.206 - - [31/Jan/2026:05:19:11 +0800] "GET /api/auth/session HTTP/1.1" 200 35 "https://www.shudaxia.com/" "Sogou web spider/4.0(+http://www.sogou.com/docs/help/webmasters.htm#07)"
180.101.204.204 - - [31/Jan/2026:05:19:11 +0800] "GET /api/latest-version?platform=2 HTTP/1.1" 200 152 "https://www.shudaxia.com/" "Sogou web spider/4.0(+http://www.sogou.com/docs/help/webmasters.htm#07)"
180.101.204.146 - - [31/Jan/2026:05:19:11 +0800] "GET /api/latest-version?platform=3 HTTP/1.1" 200 166 "https://www.shudaxia.com/" "Sogou web spider/4.0(+http://www.sogou.com/docs/help/webmasters.htm#07)"
180.101.204.146 - - [31/Jan/2026:05:19:11 +0800] "GET /api/latest-version?platform=3 HTTP/1.1" 200 166 "https://www.shudaxia.com/" "Sogou web spider/4.0(+http://www.sogou.com/docs/help/webmasters.htm#07)"
180.101.204.146 - - [31/Jan/2026:05:19:11 +0800] "GET /api/latest-version?platform=3 HTTP/1.1" 200 166 "https://www.shudaxia.com/" "Sogou web spider/4.0(+http://www.sogou.com/docs/help/webmasters.htm#07)"
180.101.204.146 - - [31/Jan/2026:05:19:11 +0800] "GET /api/latest-version?platform=3 HTTP/1.1" 200 166 "https://www.shudaxia.com/" "Sogou web spider/4.0(+http://www.sogou.com/docs/help/webmasters.htm#07)"
180.101.204.214 - - [31/Jan/2026:05:19:39 +0800] "GET / HTTP/1.1" 200 24691 "-" "MQQBrowser/26 Mozilla/5.0 (Linux; U; Android 4.4.2; zh-cn; MB200 Build/GRJ22; CyanogenMod-7) AppleWebKit/533.1 (KHTML, like Gecko) Version/4.0 Mobile Safari/533.1 (compatible; Sogou web spider/4.0; +http://www.sogou.com/docs/help/webmasters.htm#07)"
180.101.204.204 - - [31/Jan/2026:05:19:39 +0800] "GET /api/latest-version?platform=2 HTTP/1.1" 200 152 "https://www.shudaxia.com/" "MQQBrowser/26 Mozilla/5.0 (Linux; U; Android 4.4.2; zh-cn; MB200 Build/GRJ22; CyanogenMod-7) AppleWebKit/533.1 (KHTML, like Gecko) Version/4.0 Mobile Safari/533.1 (compatible; Sogou web spider/4.0; +http://www.sogou.com/docs/help/webmasters.htm#07)"
180.101.204.206 - - [31/Jan/2026:05:19:39 +0800] "GET /api/auth/session HTTP/1.1" 200 35 "https://www.shudaxia.com/" "MQQBrowser/26 Mozilla/5.0 (Linux; U; Android 4.4.2; zh-cn; MB200 Build/GRJ22; CyanogenMod-7) AppleWebKit/533.1 (KHTML, like Gecko) Version/4.0 Mobile Safari/533.1 (compatible; Sogou web spider/4.0; +http://www.sogou.com/docs/help/webmasters.htm#07)"
180.101.204.146 - - [31/Jan/2026:05:19:39 +0800] "GET /api/latest-version?platform=3 HTTP/1.1" 200 166 "https://www.shudaxia.com/" "MQQBrowser/26 Mozilla/5.0 (Linux; U; Android 4.4.2; zh-cn; MB200 Build/GRJ22; CyanogenMod-7) AppleWebKit/533.1 (KHTML, like Gecko) Version/4.0 Mobile Safari/533.1 (compatible; Sogou web spider/4.0; +http://www.sogou.com/docs/help/webmasters.htm#07)"
180.101.204.131 - - [31/Jan/2026:05:19:39 +0800] "GET /api/footer-links HTTP/1.1" 200 535 "https://www.shudaxia.com/" "MQQBrowser/26 Mozilla/5.0 (Linux; U; Android 4.4.2; zh-cn; MB200 Build/GRJ22; CyanogenMod-7) AppleWebKit/533.1 (KHTML, like Gecko) Version/4.0 Mobile Safari/533.1 (compatible; Sogou web spider/4.0; +http://www.sogou.com/docs/help/webmasters.htm#07)"
180.101.204.204 - - [31/Jan/2026:05:19:40 +0800] "GET /api/latest-version?platform=2 HTTP/1.1" 200 152 "https://www.shudaxia.com/" "MQQBrowser/26 Mozilla/5.0 (Linux; U; Android 4.4.2; zh-cn; MB200 Build/GRJ22; CyanogenMod-7) AppleWebKit/533.1 (KHTML, like Gecko) Version/4.0 Mobile Safari/533.1 (compatible; Sogou web spider/4.0; +http://www.sogou.com/docs/help/webmasters.htm#07)"
180.101.204.146 - - [31/Jan/2026:05:19:40 +0800] "GET /api/latest-version?platform=3 HTTP/1.1" 200 166 "https://www.shudaxia.com/" "MQQBrowser/26 Mozilla/5.0 (Linux; U; Android 4.4.2; zh-cn; MB200 Build/GRJ22; CyanogenMod-7) AppleWebKit/533.1 (KHTML, like Gecko) Version/4.0 Mobile Safari/533.1 (compatible; Sogou web spider/4.0; +http://www.sogou.com/docs/help/webmasters.htm#07)"
180.101.204.204 - - [31/Jan/2026:05:19:40 +0800] "GET /api/latest-version?platform=2 HTTP/1.1" 200 152 "https://www.shudaxia.com/" "MQQBrowser/26 Mozilla/5.0 (Linux; U; Android 4.4.2; zh-cn; MB200 Build/GRJ22; CyanogenMod-7) AppleWebKit/533.1 (KHTML, like Gecko) Version/4.0 Mobile Safari/533.1 (compatible; Sogou web spider/4.0; +http://www.sogou.com/docs/help/webmasters.htm#07)"
180.101.204.146 - - [31/Jan/2026:05:19:40 +0800] "GET /api/latest-version?platform=3 HTTP/1.1" 200 166 "https://www.shudaxia.com/" "MQQBrowser/26 Mozilla/5.0 (Linux; U; Android 4.4.2; zh-cn; MB200 Build/GRJ22; CyanogenMod-7) AppleWebKit/533.1 (KHTML, like Gecko) Version/4.0 Mobile Safari/533.1 (compatible; Sogou web spider/4.0; +http://www.sogou.com/docs/help/webmasters.htm#07)"
180.101.204.146 - - [31/Jan/2026:05:19:40 +0800] "GET /api/latest-version?platform=3 HTTP/1.1" 200 166 "https://www.shudaxia.com/" "MQQBrowser/26 Mozilla/5.0 (Linux; U; Android 4.4.2; zh-cn; MB200 Build/GRJ22; CyanogenMod-7) AppleWebKit/533.1 (KHTML, like Gecko) Version/4.0 Mobile Safari/533.1 (compatible; Sogou web spider/4.0; +http://www.sogou.com/docs/help/webmasters.htm#07)"
180.101.204.146 - - [31/Jan/2026:05:19:40 +0800] "GET /api/latest-version?platform=3 HTTP/1.1" 200 166 "https://www.shudaxia.com/" "MQQBrowser/26 Mozilla/5.0 (Linux; U; Android 4.4.2; zh-cn; MB200 Build/GRJ22; CyanogenMod-7) AppleWebKit/533.1 (KHTML, like Gecko) Version/4.0 Mobile Safari/533.1 (compatible; Sogou web spider/4.0; +http://www.sogou.com/docs/help/webmasters.htm#07)"
180.101.204.206 - - [31/Jan/2026:05:19:40 +0800] "GET /api/auth/session HTTP/1.1" 200 35 "https://www.shudaxia.com/" "MQQBrowser/26 Mozilla/5.0 (Linux; U; Android 4.4.2; zh-cn; MB200 Build/GRJ22; CyanogenMod-7) AppleWebKit/533.1 (KHTML, like Gecko) Version/4.0 Mobile Safari/533.1 (compatible; Sogou web spider/4.0; +http://www.sogou.com/docs/help/webmasters.htm#07)"
180.101.204.204 - - [31/Jan/2026:05:19:40 +0800] "GET /api/latest-version?platform=2 HTTP/1.1" 200 152 "https://www.shudaxia.com/" "MQQBrowser/26 Mozilla/5.0 (Linux; U; Android 4.4.2; zh-cn; MB200 Build/GRJ22; CyanogenMod-7) AppleWebKit/533.1 (KHTML, like Gecko) Version/4.0 Mobile Safari/533.1 (compatible; Sogou web spider/4.0; +http://www.sogou.com/docs/help/webmasters.htm#07)"
111.6.230.215 - - [31/Jan/2026:05:46:27 +0800] "GET / HTTP/1.1" 200 24467 "-" "Mozilla/5.0 (compatible; Baiduspider/2.0; +http://www.baidu.com/search/spider.html)"
111.6.230.217 - - [31/Jan/2026:05:47:52 +0800] "GET /robots.txt HTTP/1.1" 200 31 "-" "Mozilla/5.0 (Linux; Android 5.0) AppleWebKit/537.36 (KHTML, like Gecko) Mobile Safari/537.36 (compatible; Bytespider; https://zhanzhang.toutiao.com/)"
111.6.230.203 - - [31/Jan/2026:05:49:01 +0800] "GET /api/latest-version?platform=3 HTTP/1.1" 200 166 "https://www.shudaxia.com/" "Mozilla/5.0 (compatible; Baiduspider-render/2.0; +http://www.baidu.com/search/spider.html)"
111.6.230.165 - - [31/Jan/2026:05:49:01 +0800] "GET /api/footer-links HTTP/1.1" 200 535 "https://www.shudaxia.com/" "Mozilla/5.0 (compatible; Baiduspider-render/2.0; +http://www.baidu.com/search/spider.html)"
111.6.230.203 - - [31/Jan/2026:05:49:01 +0800] "GET /api/auth/session HTTP/1.1" 200 35 "https://www.shudaxia.com/" "Mozilla/5.0 (compatible; Baiduspider-render/2.0; +http://www.baidu.com/search/spider.html)"
111.6.230.203 - - [31/Jan/2026:05:49:01 +0800] "GET /api/latest-version?platform=3 HTTP/1.1" 200 166 "https://www.shudaxia.com/" "Mozilla/5.0 (compatible; Baiduspider-render/2.0; +http://www.baidu.com/search/spider.html)"
111.6.230.203 - - [31/Jan/2026:05:49:01 +0800] "GET /api/latest-version?platform=3 HTTP/1.1" 200 166 "https://www.shudaxia.com/" "Mozilla/5.0 (compatible; Baiduspider-render/2.0; +http://www.baidu.com/search/spider.html)"
111.6.230.203 - - [31/Jan/2026:05:49:01 +0800] "GET /api/latest-version?platform=3 HTTP/1.1" 200 166 "https://www.shudaxia.com/" "Mozilla/5.0 (compatible; Baiduspider-render/2.0; +http://www.baidu.com/search/spider.html)"
111.6.230.164 - - [31/Jan/2026:05:49:01 +0800] "GET /api/latest-version?platform=2 HTTP/1.1" 200 152 "https://www.shudaxia.com/" "Mozilla/5.0 (compatible; Baiduspider-render/2.0; +http://www.baidu.com/search/spider.html)"
111.6.230.164 - - [31/Jan/2026:05:49:01 +0800] "GET /api/latest-version?platform=2 HTTP/1.1" 200 152 "https://www.shudaxia.com/" "Mozilla/5.0 (compatible; Baiduspider-render/2.0; +http://www.baidu.com/search/spider.html)"
111.6.230.203 - - [31/Jan/2026:05:49:01 +0800] "GET /api/auth/session HTTP/1.1" 200 35 "https://www.shudaxia.com/" "Mozilla/5.0 (compatible; Baiduspider-render/2.0; +http://www.baidu.com/search/spider.html)"
111.6.230.164 - - [31/Jan/2026:05:49:01 +0800] "GET /api/latest-version?platform=2 HTTP/1.1" 200 152 "https://www.shudaxia.com/" "Mozilla/5.0 (compatible; Baiduspider-render/2.0; +http://www.baidu.com/search/spider.html)"
111.6.230.164 - - [31/Jan/2026:05:49:01 +0800] "GET /api/latest-version?platform=2 HTTP/1.1" 200 152 "https://www.shudaxia.com/" "Mozilla/5.0 (compatible; Baiduspider-render/2.0; +http://www.baidu.com/search/spider.html)"
111.6.230.203 - - [31/Jan/2026:05:49:03 +0800] "GET /api/latest-version?platform=3 HTTP/1.1" 200 166 "https://www.shudaxia.com/" "Mozilla/5.0 (compatible; Baiduspider-render/2.0; +http://www.baidu.com/search/spider.html)"
111.6.230.215 - - [31/Jan/2026:05:52:10 +0800] "GET / HTTP/1.1" 200 24611 "-" "Mozilla/5.0 (Linux; Android 5.0) AppleWebKit/537.36 (KHTML, like Gecko) Mobile Safari/537.36 (compatible; Bytespider; https://zhanzhang.toutiao.com/)"
111.6.230.203 - - [31/Jan/2026:05:52:11 +0800] "GET /api/latest-version?platform=3 HTTP/1.1" 200 166 "https://www.shudaxia.com/" "Mozilla/5.0 (Linux; Android 5.0) AppleWebKit/537.36 (KHTML, like Gecko) Mobile Safari/537.36 (compatible; Bytespider; https://zhanzhang.toutiao.com/)"
111.6.230.164 - - [31/Jan/2026:05:52:11 +0800] "GET /api/latest-version?platform=2 HTTP/1.1" 200 152 "https://www.shudaxia.com/" "Mozilla/5.0 (Linux; Android 5.0) AppleWebKit/537.36 (KHTML, like Gecko) Mobile Safari/537.36 (compatible; Bytespider; https://zhanzhang.toutiao.com/)"
111.6.230.165 - - [31/Jan/2026:05:52:11 +0800] "GET /api/footer-links HTTP/1.1" 200 535 "https://www.shudaxia.com/" "Mozilla/5.0 (Linux; Android 5.0) AppleWebKit/537.36 (KHTML, like Gecko) Mobile Safari/537.36 (compatible; Bytespider; https://zhanzhang.toutiao.com/)"
111.6.230.203 - - [31/Jan/2026:05:52:11 +0800] "GET /api/auth/session HTTP/1.1" 200 35 "https://www.shudaxia.com/" "Mozilla/5.0 (Linux; Android 5.0) AppleWebKit/537.36 (KHTML, like Gecko) Mobile Safari/537.36 (compatible; Bytespider; https://zhanzhang.toutiao.com/)"
111.6.230.203 - - [31/Jan/2026:05:52:11 +0800] "GET /api/latest-version?platform=3 HTTP/1.1" 200 166 "https://www.shudaxia.com/" "Mozilla/5.0 (Linux; Android 5.0) AppleWebKit/537.36 (KHTML, like Gecko) Mobile Safari/537.36 (compatible; Bytespider; https://zhanzhang.toutiao.com/)"
111.6.230.164 - - [31/Jan/2026:05:52:11 +0800] "GET /api/latest-version?platform=2 HTTP/1.1" 200 152 "https://www.shudaxia.com/" "Mozilla/5.0 (Linux; Android 5.0) AppleWebKit/537.36 (KHTML, like Gecko) Mobile Safari/537.36 (compatible; Bytespider; https://zhanzhang.toutiao.com/)"
111.6.230.203 - - [31/Jan/2026:05:52:11 +0800] "GET /api/latest-version?platform=3 HTTP/1.1" 200 166 "https://www.shudaxia.com/" "Mozilla/5.0 (Linux; Android 5.0) AppleWebKit/537.36 (KHTML, like Gecko) Mobile Safari/537.36 (compatible; Bytespider; https://zhanzhang.toutiao.com/)"
111.6.230.164 - - [31/Jan/2026:05:52:11 +0800] "GET /api/latest-version?platform=2 HTTP/1.1" 200 152 "https://www.shudaxia.com/" "Mozilla/5.0 (Linux; Android 5.0) AppleWebKit/537.36 (KHTML, like Gecko) Mobile Safari/537.36 (compatible; Bytespider; https://zhanzhang.toutiao.com/)"
111.6.230.203 - - [31/Jan/2026:05:52:11 +0800] "GET /api/auth/session HTTP/1.1" 200 35 "https://www.shudaxia.com/" "Mozilla/5.0 (Linux; Android 5.0) AppleWebKit/537.36 (KHTML, like Gecko) Mobile Safari/537.36 (compatible; Bytespider; https://zhanzhang.toutiao.com/)"
111.6.230.203 - - [31/Jan/2026:05:52:11 +0800] "GET /api/latest-version?platform=3 HTTP/1.1" 200 166 "https://www.shudaxia.com/" "Mozilla/5.0 (Linux; Android 5.0) AppleWebKit/537.36 (KHTML, like Gecko) Mobile Safari/537.36 (compatible; Bytespider; https://zhanzhang.toutiao.com/)"
111.6.230.164 - - [31/Jan/2026:05:52:11 +0800] "GET /api/latest-version?platform=2 HTTP/1.1" 200 152 "https://www.shudaxia.com/" "Mozilla/5.0 (Linux; Android 5.0) AppleWebKit/537.36 (KHTML, like Gecko) Mobile Safari/537.36 (compatible; Bytespider; https://zhanzhang.toutiao.com/)"
111.6.230.203 - - [31/Jan/2026:05:52:11 +0800] "GET /api/latest-version?platform=3 HTTP/1.1" 200 166 "https://www.shudaxia.com/" "Mozilla/5.0 (Linux; Android 5.0) AppleWebKit/537.36 (KHTML, like Gecko) Mobile Safari/537.36 (compatible; Bytespider; https://zhanzhang.toutiao.com/)"
111.6.230.215 - - [31/Jan/2026:06:08:05 +0800] "GET /?lan=cn&lan=cn HTTP/1.1" 200 24679 "-" "YisouSpider"
111.6.230.150 - - [31/Jan/2026:06:38:25 +0800] "GET / HTTP/1.1" 200 24687 "-" "Mozilla/5.0 (Linux;u;Android 4.2.2;zh-cn;) AppleWebKit/534.46 (KHTML,like Gecko) Version/5.1 Mobile Safari/10600.6.3 (compatible; Baiduspider/2.0; +http://www.baidu.com/search/spider.html)"
111.6.230.165 - - [31/Jan/2026:06:38:28 +0800] "GET /api/footer-links HTTP/1.1" 200 535 "https://www.shudaxia.com/" "Mozilla/5.0 (iPhone; CPU iPhone OS 9_1 like Mac OS X) AppleWebKit/601.1.46 (KHTML, like Gecko) Version/9.0 Mobile/13B143 Safari/601.1 (compatible; Baiduspider-render/2.0; +http://www.baidu.com/search/spider.html)"
111.6.230.203 - - [31/Jan/2026:06:38:28 +0800] "GET /api/auth/session HTTP/1.1" 200 35 "https://www.shudaxia.com/" "Mozilla/5.0 (iPhone; CPU iPhone OS 9_1 like Mac OS X) AppleWebKit/601.1.46 (KHTML, like Gecko) Version/9.0 Mobile/13B143 Safari/601.1 (compatible; Baiduspider-render/2.0; +http://www.baidu.com/search/spider.html)"
111.6.230.164 - - [31/Jan/2026:06:38:28 +0800] "GET /api/latest-version?platform=2 HTTP/1.1" 200 152 "https://www.shudaxia.com/" "Mozilla/5.0 (iPhone; CPU iPhone OS 9_1 like Mac OS X) AppleWebKit/601.1.46 (KHTML, like Gecko) Version/9.0 Mobile/13B143 Safari/601.1 (compatible; Baiduspider-render/2.0; +http://www.baidu.com/search/spider.html)"
111.6.230.203 - - [31/Jan/2026:06:38:28 +0800] "GET /api/latest-version?platform=3 HTTP/1.1" 200 166 "https://www.shudaxia.com/" "Mozilla/5.0 (iPhone; CPU iPhone OS 9_1 like Mac OS X) AppleWebKit/601.1.46 (KHTML, like Gecko) Version/9.0 Mobile/13B143 Safari/601.1 (compatible; Baiduspider-render/2.0; +http://www.baidu.com/search/spider.html)"
111.6.230.203 - - [31/Jan/2026:06:38:28 +0800] "GET /api/latest-version?platform=3 HTTP/1.1" 200 166 "https://www.shudaxia.com/" "Mozilla/5.0 (iPhone; CPU iPhone OS 9_1 like Mac OS X) AppleWebKit/601.1.46 (KHTML, like Gecko) Version/9.0 Mobile/13B143 Safari/601.1 (compatible; Baiduspider-render/2.0; +http://www.baidu.com/search/spider.html)"
111.6.230.164 - - [31/Jan/2026:06:38:28 +0800] "GET /api/latest-version?platform=2 HTTP/1.1" 200 152 "https://www.shudaxia.com/" "Mozilla/5.0 (iPhone; CPU iPhone OS 9_1 like Mac OS X) AppleWebKit/601.1.46 (KHTML, like Gecko) Version/9.0 Mobile/13B143 Safari/601.1 (compatible; Baiduspider-render/2.0; +http://www.baidu.com/search/spider.html)"
111.6.230.203 - - [31/Jan/2026:06:38:28 +0800] "GET /api/latest-version?platform=3 HTTP/1.1" 200 166 "https://www.shudaxia.com/" "Mozilla/5.0 (iPhone; CPU iPhone OS 9_1 like Mac OS X) AppleWebKit/601.1.46 (KHTML, like Gecko) Version/9.0 Mobile/13B143 Safari/601.1 (compatible; Baiduspider-render/2.0; +http://www.baidu.com/search/spider.html)"
111.6.230.164 - - [31/Jan/2026:06:38:28 +0800] "GET /api/latest-version?platform=2 HTTP/1.1" 200 152 "https://www.shudaxia.com/" "Mozilla/5.0 (iPhone; CPU iPhone OS 9_1 like Mac OS X) AppleWebKit/601.1.46 (KHTML, like Gecko) Version/9.0 Mobile/13B143 Safari/601.1 (compatible; Baiduspider-render/2.0; +http://www.baidu.com/search/spider.html)"
111.6.230.164 - - [31/Jan/2026:06:38:28 +0800] "GET /api/latest-version?platform=2 HTTP/1.1" 200 152 "https://www.shudaxia.com/" "Mozilla/5.0 (iPhone; CPU iPhone OS 9_1 like Mac OS X) AppleWebKit/601.1.46 (KHTML, like Gecko) Version/9.0 Mobile/13B143 Safari/601.1 (compatible; Baiduspider-render/2.0; +http://www.baidu.com/search/spider.html)"
111.6.230.203 - - [31/Jan/2026:06:38:28 +0800] "GET /api/auth/session HTTP/1.1" 200 35 "https://www.shudaxia.com/" "Mozilla/5.0 (iPhone; CPU iPhone OS 9_1 like Mac OS X) AppleWebKit/601.1.46 (KHTML, like Gecko) Version/9.0 Mobile/13B143 Safari/601.1 (compatible; Baiduspider-render/2.0; +http://www.baidu.com/search/spider.html)"
111.6.230.203 - - [31/Jan/2026:06:38:28 +0800] "GET /api/latest-version?platform=3 HTTP/1.1" 200 166 "https://www.shudaxia.com/" "Mozilla/5.0 (iPhone; CPU iPhone OS 9_1 like Mac OS X) AppleWebKit/601.1.46 (KHTML, like Gecko) Version/9.0 Mobile/13B143 Safari/601.1 (compatible; Baiduspider-render/2.0; +http://www.baidu.com/search/spider.html)"
111.6.230.203 - - [31/Jan/2026:06:38:28 +0800] "GET /api/latest-version?platform=3 HTTP/1.1" 200 166 "https://www.shudaxia.com/" "Mozilla/5.0 (iPhone; CPU iPhone OS 9_1 like Mac OS X) AppleWebKit/601.1.46 (KHTML, like Gecko) Version/9.0 Mobile/13B143 Safari/601.1 (compatible; Baiduspider-render/2.0; +http://www.baidu.com/search/spider.html)"
111.6.230.215 - - [31/Jan/2026:06:52:08 +0800] "GET / HTTP/1.1" 200 24771 "-" "Mozilla/5.0 (Linux; Android 5.0) AppleWebKit/537.36 (KHTML, like Gecko) Mobile Safari/537.36 (compatible; Bytespider; https://zhanzhang.toutiao.com/)"
111.6.230.164 - - [31/Jan/2026:06:52:09 +0800] "GET /api/latest-version?platform=2 HTTP/1.1" 200 152 "https://www.shudaxia.com/" "Mozilla/5.0 (Linux; Android 5.0) AppleWebKit/537.36 (KHTML, like Gecko) Mobile Safari/537.36 (compatible; Bytespider; https://zhanzhang.toutiao.com/)"
111.6.230.165 - - [31/Jan/2026:06:52:09 +0800] "GET /api/footer-links HTTP/1.1" 200 535 "https://www.shudaxia.com/" "Mozilla/5.0 (Linux; Android 5.0) AppleWebKit/537.36 (KHTML, like Gecko) Mobile Safari/537.36 (compatible; Bytespider; https://zhanzhang.toutiao.com/)"
111.6.230.203 - - [31/Jan/2026:06:52:09 +0800] "GET /api/latest-version?platform=3 HTTP/1.1" 200 166 "https://www.shudaxia.com/" "Mozilla/5.0 (Linux; Android 5.0) AppleWebKit/537.36 (KHTML, like Gecko) Mobile Safari/537.36 (compatible; Bytespider; https://zhanzhang.toutiao.com/)"
111.6.230.203 - - [31/Jan/2026:06:52:09 +0800] "GET /api/auth/session HTTP/1.1" 200 35 "https://www.shudaxia.com/" "Mozilla/5.0 (Linux; Android 5.0) AppleWebKit/537.36 (KHTML, like Gecko) Mobile Safari/537.36 (compatible; Bytespider; https://zhanzhang.toutiao.com/)"
111.6.230.164 - - [31/Jan/2026:06:52:09 +0800] "GET /api/latest-version?platform=2 HTTP/1.1" 200 152 "https://www.shudaxia.com/" "Mozilla/5.0 (Linux; Android 5.0) AppleWebKit/537.36 (KHTML, like Gecko) Mobile Safari/537.36 (compatible; Bytespider; https://zhanzhang.toutiao.com/)"
111.6.230.203 - - [31/Jan/2026:06:52:09 +0800] "GET /api/latest-version?platform=3 HTTP/1.1" 200 166 "https://www.shudaxia.com/" "Mozilla/5.0 (Linux; Android 5.0) AppleWebKit/537.36 (KHTML, like Gecko) Mobile Safari/537.36 (compatible; Bytespider; https://zhanzhang.toutiao.com/)"
111.6.230.203 - - [31/Jan/2026:06:52:09 +0800] "GET /api/auth/session HTTP/1.1" 200 35 "https://www.shudaxia.com/" "Mozilla/5.0 (Linux; Android 5.0) AppleWebKit/537.36 (KHTML, like Gecko) Mobile Safari/537.36 (compatible; Bytespider; https://zhanzhang.toutiao.com/)"
111.6.230.164 - - [31/Jan/2026:06:52:09 +0800] "GET /api/latest-version?platform=2 HTTP/1.1" 200 152 "https://www.shudaxia.com/" "Mozilla/5.0 (Linux; Android 5.0) AppleWebKit/537.36 (KHTML, like Gecko) Mobile Safari/537.36 (compatible; Bytespider; https://zhanzhang.toutiao.com/)"
111.6.230.203 - - [31/Jan/2026:06:52:09 +0800] "GET /api/latest-version?platform=3 HTTP/1.1" 200 166 "https://www.shudaxia.com/" "Mozilla/5.0 (Linux; Android 5.0) AppleWebKit/537.36 (KHTML, like Gecko) Mobile Safari/537.36 (compatible; Bytespider; https://zhanzhang.toutiao.com/)"
111.6.230.164 - - [31/Jan/2026:06:52:09 +0800] "GET /api/latest-version?platform=2 HTTP/1.1" 200 152 "https://www.shudaxia.com/" "Mozilla/5.0 (Linux; Android 5.0) AppleWebKit/537.36 (KHTML, like Gecko) Mobile Safari/537.36 (compatible; Bytespider; https://zhanzhang.toutiao.com/)"
111.6.230.203 - - [31/Jan/2026:06:52:09 +0800] "GET /api/latest-version?platform=3 HTTP/1.1" 200 166 "https://www.shudaxia.com/" "Mozilla/5.0 (Linux; Android 5.0) AppleWebKit/537.36 (KHTML, like Gecko) Mobile Safari/537.36 (compatible; Bytespider; https://zhanzhang.toutiao.com/)"
111.6.230.203 - - [31/Jan/2026:06:52:09 +0800] "GET /api/latest-version?platform=3 HTTP/1.1" 200 166 "https://www.shudaxia.com/" "Mozilla/5.0 (Linux; Android 5.0) AppleWebKit/537.36 (KHTML, like Gecko) Mobile Safari/537.36 (compatible; Bytespider; https://zhanzhang.toutiao.com/)"
111.6.230.205 - - [31/Jan/2026:06:53:53 +0800] "GET /mouse-keyboard-test.html HTTP/1.1" 200 67638 "-" "Mozilla/5.0 (compatible; Baiduspider/2.0; +http://www.baidu.com/search/spider.html)"
111.6.230.203 - - [31/Jan/2026:06:54:21 +0800] "GET /api/auth/session HTTP/1.1" 200 35 "https://www.shudaxia.com/mouse-keyboard-test.html" "Mozilla/5.0 (compatible; Baiduspider-render/2.0; +http://www.baidu.com/search/spider.html)"
111.6.230.164 - - [31/Jan/2026:06:54:21 +0800] "GET /api/latest-version?platform=2 HTTP/1.1" 200 152 "https://www.shudaxia.com/mouse-keyboard-test.html" "Mozilla/5.0 (compatible; Baiduspider-render/2.0; +http://www.baidu.com/search/spider.html)"
111.6.230.203 - - [31/Jan/2026:06:54:21 +0800] "GET /api/latest-version?platform=3 HTTP/1.1" 200 166 "https://www.shudaxia.com/mouse-keyboard-test.html" "Mozilla/5.0 (compatible; Baiduspider-render/2.0; +http://www.baidu.com/search/spider.html)"
111.6.230.165 - - [31/Jan/2026:06:54:21 +0800] "GET /api/footer-links HTTP/1.1" 200 535 "https://www.shudaxia.com/mouse-keyboard-test.html" "Mozilla/5.0 (compatible; Baiduspider-render/2.0; +http://www.baidu.com/search/spider.html)"
111.6.230.203 - - [31/Jan/2026:06:54:21 +0800] "GET /api/latest-version?platform=3 HTTP/1.1" 200 166 "https://www.shudaxia.com/mouse-keyboard-test.html" "Mozilla/5.0 (compatible; Baiduspider-render/2.0; +http://www.baidu.com/search/spider.html)"
111.6.230.164 - - [31/Jan/2026:06:54:21 +0800] "GET /api/latest-version?platform=2 HTTP/1.1" 200 152 "https://www.shudaxia.com/mouse-keyboard-test.html" "Mozilla/5.0 (compatible; Baiduspider-render/2.0; +http://www.baidu.com/search/spider.html)"
111.6.230.203 - - [31/Jan/2026:06:54:21 +0800] "GET /api/auth/session HTTP/1.1" 200 35 "https://www.shudaxia.com/mouse-keyboard-test.html" "Mozilla/5.0 (compatible; Baiduspider-render/2.0; +http://www.baidu.com/search/spider.html)"
111.6.230.191 - - [31/Jan/2026:06:57:42 +0800] "GET /index.html HTTP/1.1" 301 162 "-" "Mozilla/5.0 (Windows NT 10.0; Win64; x64) AppleWebKit/537.36 (KHTML, like Gecko) Chrome/140.0.0.0 Safari/537.36 Edg/140.0.0.0; 360Spider"
111.6.230.215 - - [31/Jan/2026:06:57:42 +0800] "GET / HTTP/1.1" 200 24451 "-" "Mozilla/5.0 (Windows NT 10.0; Win64; x64) AppleWebKit/537.36 (KHTML, like Gecko) Chrome/140.0.0.0 Safari/537.36 Edg/140.0.0.0; 360Spider"
111.6.230.203 - - [31/Jan/2026:06:57:44 +0800] "GET /api/latest-version?platform=3 HTTP/1.1" 200 166 "https://www.shudaxia.com/" "Mozilla/5.0 (Windows NT 10.0; Win64; x64) AppleWebKit/537.36 (KHTML, like Gecko) Chrome/140.0.0.0 Safari/537.36 Edg/140.0.0.0; 360Spider"
111.6.230.203 - - [31/Jan/2026:06:57:44 +0800] "GET /api/latest-version?platform=3 HTTP/1.1" 200 166 "https://www.shudaxia.com/" "Mozilla/5.0 (Windows NT 10.0; Win64; x64) AppleWebKit/537.36 (KHTML, like Gecko) Chrome/140.0.0.0 Safari/537.36 Edg/140.0.0.0; 360Spider"
