117.92.155.177 - - [22/Jan/2026:09:49:07 +0800] "GET /api/auth/session HTTP/1.1" 200 35 "https://www.shudaxia.com/faq/houtaidianji.html" "Mozilla/5.0 (iPhone; CPU iPhone OS 10_3 like Mac OS X) AppleWebKit/602.1.50 (KHTML, like Gecko) CriOS/56.0.2924.75 Mobile/14E5239e YisouSpider/5.0 Safari/602.1"
36.156.89.160 - - [22/Jan/2026:09:49:07 +0800] "GET /?_rsc=1g2l1 HTTP/1.1" 200 144 "https://www.shudaxia.com/faq/houtaidianji.html" "Mozilla/5.0 (iPhone; CPU iPhone OS 10_3 like Mac OS X) AppleWebKit/602.1.50 (KHTML, like Gecko) CriOS/56.0.2924.75 Mobile/14E5239e YisouSpider/5.0 Safari/602.1"
117.92.155.171 - - [22/Jan/2026:09:49:07 +0800] "GET /api/latest-version?platform=3 HTTP/1.1" 200 167 "https://www.shudaxia.com/faq/shudaxia-android-app-faq.html" "Mozilla/5.0 (iPhone; CPU iPhone OS 10_3 like Mac OS X) AppleWebKit/602.1.50 (KHTML, like Gecko) CriOS/56.0.2924.75 Mobile/14E5239e YisouSpider/5.0 Safari/602.1"
117.92.155.171 - - [22/Jan/2026:09:49:07 +0800] "GET /api/latest-version?platform=2 HTTP/1.1" 200 152 "https://www.shudaxia.com/faq/houtaidianji.html" "Mozilla/5.0 (iPhone; CPU iPhone OS 10_3 like Mac OS X) AppleWebKit/602.1.50 (KHTML, like Gecko) CriOS/56.0.2924.75 Mobile/14E5239e YisouSpider/5.0 Safari/602.1"
117.92.155.179 - - [22/Jan/2026:09:49:07 +0800] "GET /faq.html HTTP/1.1" 200 160 "https://www.shudaxia.com/faq/na-li-ke-yi-xia-zai-shudaxia.html" "Mozilla/5.0 (iPhone; CPU iPhone OS 10_3 like Mac OS X) AppleWebKit/602.1.50 (KHTML, like Gecko) CriOS/56.0.2924.75 Mobile/14E5239e YisouSpider/5.0 Safari/602.1"
36.156.89.161 - - [22/Jan/2026:09:49:07 +0800] "GET /api/footer-links HTTP/1.1" 200 535 "https://www.shudaxia.com/faq/houtaidianji.html" "Mozilla/5.0 (iPhone; CPU iPhone OS 10_3 like Mac OS X) AppleWebKit/602.1.50 (KHTML, like Gecko) CriOS/56.0.2924.75 Mobile/14E5239e YisouSpider/5.0 Safari/602.1"
117.92.155.177 - - [22/Jan/2026:09:49:07 +0800] "GET /doc/p1.html HTTP/1.1" 200 168 "https://www.shudaxia.com/faq/na-li-ke-yi-xia-zai-shudaxia.html" "Mozilla/5.0 (iPhone; CPU iPhone OS 10_3 like Mac OS X) AppleWebKit/602.1.50 (KHTML, like Gecko) CriOS/56.0.2924.75 Mobile/14E5239e YisouSpider/5.0 Safari/602.1"
117.92.155.193 - - [22/Jan/2026:09:49:07 +0800] "GET /news/p1?_rsc=1g2l1 HTTP/1.1" 308 23 "https://www.shudaxia.com/faq/houtaidianji.html" "Mozilla/5.0 (iPhone; CPU iPhone OS 10_3 like Mac OS X) AppleWebKit/602.1.50 (KHTML, like Gecko) CriOS/56.0.2924.75 Mobile/14E5239e YisouSpider/5.0 Safari/602.1"
117.92.155.171 - - [22/Jan/2026:09:49:07 +0800] "GET /api/latest-version?platform=3 HTTP/1.1" 200 167 "https://www.shudaxia.com/faq/shudaxia-android-app-faq.html" "Mozilla/5.0 (iPhone; CPU iPhone OS 10_3 like Mac OS X) AppleWebKit/602.1.50 (KHTML, like Gecko) CriOS/56.0.2924.75 Mobile/14E5239e YisouSpider/5.0 Safari/602.1"
117.92.155.171 - - [22/Jan/2026:09:49:07 +0800] "GET /api/latest-version?platform=3 HTTP/1.1" 200 167 "https://www.shudaxia.com/faq/p1.html" "Mozilla/5.0 (iPhone; CPU iPhone OS 10_3 like Mac OS X) AppleWebKit/602.1.50 (KHTML, like Gecko) CriOS/56.0.2924.75 Mobile/14E5239e YisouSpider/5.0 Safari/602.1"
117.92.155.195 - - [22/Jan/2026:09:49:07 +0800] "GET /faq?_rsc=zix5x HTTP/1.1" 308 19 "https://www.shudaxia.com/faq/shudaxia-android-app-faq.html" "Mozilla/5.0 (iPhone; CPU iPhone OS 10_3 like Mac OS X) AppleWebKit/602.1.50 (KHTML, like Gecko) CriOS/56.0.2924.75 Mobile/14E5239e YisouSpider/5.0 Safari/602.1"
117.92.155.180 - - [22/Jan/2026:09:49:07 +0800] "GET /api/latest-version?platform=2 HTTP/1.1" 200 152 "https://www.shudaxia.com/faq/p1.html" "Mozilla/5.0 (iPhone; CPU iPhone OS 10_3 like Mac OS X) AppleWebKit/602.1.50 (KHTML, like Gecko) CriOS/56.0.2924.75 Mobile/14E5239e YisouSpider/5.0 Safari/602.1"
117.92.155.179 - - [22/Jan/2026:09:49:07 +0800] "POST /api/articles/33/view HTTP/1.1" 200 1079 "https://www.shudaxia.com/faq/shudaxia-android-app-faq.html" "Mozilla/5.0 (iPhone; CPU iPhone OS 10_3 like Mac OS X) AppleWebKit/602.1.50 (KHTML, like Gecko) CriOS/56.0.2924.75 Mobile/14E5239e YisouSpider/5.0 Safari/602.1"
117.92.155.171 - - [22/Jan/2026:09:49:07 +0800] "GET /api/latest-version?platform=3 HTTP/1.1" 200 167 "https://www.shudaxia.com/faq/houtaidianji.html" "Mozilla/5.0 (iPhone; CPU iPhone OS 10_3 like Mac OS X) AppleWebKit/602.1.50 (KHTML, like Gecko) CriOS/56.0.2924.75 Mobile/14E5239e YisouSpider/5.0 Safari/602.1"
117.92.155.191 - - [22/Jan/2026:09:49:08 +0800] "GET /?_rsc=zix5x HTTP/1.1" 200 144 "https://www.shudaxia.com/faq/shudaxia-android-app-faq.html" "Mozilla/5.0 (iPhone; CPU iPhone OS 10_3 like Mac OS X) AppleWebKit/602.1.50 (KHTML, like Gecko) CriOS/56.0.2924.75 Mobile/14E5239e YisouSpider/5.0 Safari/602.1"
117.92.155.190 - - [22/Jan/2026:09:49:08 +0800] "GET /doc/p1?_rsc=zix5x HTTP/1.1" 308 22 "https://www.shudaxia.com/faq/shudaxia-android-app-faq.html" "Mozilla/5.0 (iPhone; CPU iPhone OS 10_3 like Mac OS X) AppleWebKit/602.1.50 (KHTML, like Gecko) CriOS/56.0.2924.75 Mobile/14E5239e YisouSpider/5.0 Safari/602.1"
117.92.155.171 - - [22/Jan/2026:09:49:08 +0800] "GET /api/latest-version?platform=2 HTTP/1.1" 200 152 "https://www.shudaxia.com/faq/shudaxia-android-app-faq.html" "Mozilla/5.0 (iPhone; CPU iPhone OS 10_3 like Mac OS X) AppleWebKit/602.1.50 (KHTML, like Gecko) CriOS/56.0.2924.75 Mobile/14E5239e YisouSpider/5.0 Safari/602.1"
36.156.89.161 - - [22/Jan/2026:09:49:08 +0800] "GET /api/footer-links HTTP/1.1" 200 535 "https://www.shudaxia.com/faq/shudaxia-android-app-faq.html" "Mozilla/5.0 (iPhone; CPU iPhone OS 10_3 like Mac OS X) AppleWebKit/602.1.50 (KHTML, like Gecko) CriOS/56.0.2924.75 Mobile/14E5239e YisouSpider/5.0 Safari/602.1"
117.92.155.177 - - [22/Jan/2026:09:49:08 +0800] "GET /api/auth/session HTTP/1.1" 200 35 "https://www.shudaxia.com/faq/shudaxia-android-app-faq.html" "Mozilla/5.0 (iPhone; CPU iPhone OS 10_3 like Mac OS X) AppleWebKit/602.1.50 (KHTML, like Gecko) CriOS/56.0.2924.75 Mobile/14E5239e YisouSpider/5.0 Safari/602.1"
117.92.155.176 - - [22/Jan/2026:09:49:08 +0800] "GET /faq/p1?_rsc=zix5x HTTP/1.1" 308 22 "https://www.shudaxia.com/faq/shudaxia-android-app-faq.html" "Mozilla/5.0 (iPhone; CPU iPhone OS 10_3 like Mac OS X) AppleWebKit/602.1.50 (KHTML, like Gecko) CriOS/56.0.2924.75 Mobile/14E5239e YisouSpider/5.0 Safari/602.1"
117.92.155.189 - - [22/Jan/2026:09:49:08 +0800] "GET /faq/p1?_rsc=ek2px HTTP/1.1" 308 22 "https://www.shudaxia.com/faq/p1.html" "Mozilla/5.0 (iPhone; CPU iPhone OS 10_3 like Mac OS X) AppleWebKit/602.1.50 (KHTML, like Gecko) CriOS/56.0.2924.75 Mobile/14E5239e YisouSpider/5.0 Safari/602.1"
117.92.155.162 - - [22/Jan/2026:09:49:08 +0800] "GET /news/p1?_rsc=ek2px HTTP/1.1" 308 23 "https://www.shudaxia.com/faq/p1.html" "Mozilla/5.0 (iPhone; CPU iPhone OS 10_3 like Mac OS X) AppleWebKit/602.1.50 (KHTML, like Gecko) CriOS/56.0.2924.75 Mobile/14E5239e YisouSpider/5.0 Safari/602.1"
117.92.155.169 - - [22/Jan/2026:09:49:08 +0800] "GET /?_rsc=ek2px HTTP/1.1" 200 144 "https://www.shudaxia.com/faq/p1.html" "Mozilla/5.0 (iPhone; CPU iPhone OS 10_3 like Mac OS X) AppleWebKit/602.1.50 (KHTML, like Gecko) CriOS/56.0.2924.75 Mobile/14E5239e YisouSpider/5.0 Safari/602.1"
117.92.155.189 - - [22/Jan/2026:09:49:08 +0800] "GET /news/p1?_rsc=zix5x HTTP/1.1" 308 23 "https://www.shudaxia.com/faq/shudaxia-android-app-faq.html" "Mozilla/5.0 (iPhone; CPU iPhone OS 10_3 like Mac OS X) AppleWebKit/602.1.50 (KHTML, like Gecko) CriOS/56.0.2924.75 Mobile/14E5239e YisouSpider/5.0 Safari/602.1"
117.92.155.168 - - [22/Jan/2026:09:49:08 +0800] "GET /faq/version/p1?_rsc=ek2px HTTP/1.1" 308 31 "https://www.shudaxia.com/faq/p1.html" "Mozilla/5.0 (iPhone; CPU iPhone OS 10_3 like Mac OS X) AppleWebKit/602.1.50 (KHTML, like Gecko) CriOS/56.0.2924.75 Mobile/14E5239e YisouSpider/5.0 Safari/602.1"
117.92.155.171 - - [22/Jan/2026:09:49:08 +0800] "GET /api/latest-version?platform=3 HTTP/1.1" 200 167 "https://www.shudaxia.com/faq/p1.html" "Mozilla/5.0 (iPhone; CPU iPhone OS 10_3 like Mac OS X) AppleWebKit/602.1.50 (KHTML, like Gecko) CriOS/56.0.2924.75 Mobile/14E5239e YisouSpider/5.0 Safari/602.1"
117.92.155.177 - - [22/Jan/2026:09:49:08 +0800] "GET /api/auth/session HTTP/1.1" 200 35 "https://www.shudaxia.com/faq/na-li-ke-yi-xia-zai-shudaxia.html" "Mozilla/5.0 (iPhone; CPU iPhone OS 10_3 like Mac OS X) AppleWebKit/602.1.50 (KHTML, like Gecko) CriOS/56.0.2924.75 Mobile/14E5239e YisouSpider/5.0 Safari/602.1"
117.92.155.177 - - [22/Jan/2026:09:49:08 +0800] "GET /doc/p1.html HTTP/1.1" 200 168 "https://www.shudaxia.com/faq/houtaidianji.html" "Mozilla/5.0 (iPhone; CPU iPhone OS 10_3 like Mac OS X) AppleWebKit/602.1.50 (KHTML, like Gecko) CriOS/56.0.2924.75 Mobile/14E5239e YisouSpider/5.0 Safari/602.1"
117.92.155.171 - - [22/Jan/2026:09:49:08 +0800] "GET /api/latest-version?platform=2 HTTP/1.1" 200 152 "https://www.shudaxia.com/faq/shudaxia-she-zhi-liao-mei-fan-ying.html" "Mozilla/5.0 (iPhone; CPU iPhone OS 10_3 like Mac OS X) AppleWebKit/602.1.50 (KHTML, like Gecko) CriOS/56.0.2924.75 Mobile/14E5239e YisouSpider/5.0 Safari/602.1"
117.92.155.177 - - [22/Jan/2026:09:49:08 +0800] "GET /api/auth/session HTTP/1.1" 200 35 "https://www.shudaxia.com/faq/p1.html" "Mozilla/5.0 (iPhone; CPU iPhone OS 10_3 like Mac OS X) AppleWebKit/602.1.50 (KHTML, like Gecko) CriOS/56.0.2924.75 Mobile/14E5239e YisouSpider/5.0 Safari/602.1"
117.92.155.185 - - [22/Jan/2026:09:49:08 +0800] "GET /news/p1?_rsc=cg4cb HTTP/1.1" 308 23 "https://www.shudaxia.com/faq/shudaxia-she-zhi-liao-mei-fan-ying.html" "Mozilla/5.0 (iPhone; CPU iPhone OS 10_3 like Mac OS X) AppleWebKit/602.1.50 (KHTML, like Gecko) CriOS/56.0.2924.75 Mobile/14E5239e YisouSpider/5.0 Safari/602.1"
117.92.155.172 - - [22/Jan/2026:09:49:08 +0800] "GET /doc/p1?_rsc=ek2px HTTP/1.1" 308 22 "https://www.shudaxia.com/faq/p1.html" "Mozilla/5.0 (iPhone; CPU iPhone OS 10_3 like Mac OS X) AppleWebKit/602.1.50 (KHTML, like Gecko) CriOS/56.0.2924.75 Mobile/14E5239e YisouSpider/5.0 Safari/602.1"
117.92.155.171 - - [22/Jan/2026:09:49:08 +0800] "GET /api/latest-version?platform=2 HTTP/1.1" 200 152 "https://www.shudaxia.com/faq/shudaxia-android-app-faq.html" "Mozilla/5.0 (iPhone; CPU iPhone OS 10_3 like Mac OS X) AppleWebKit/602.1.50 (KHTML, like Gecko) CriOS/56.0.2924.75 Mobile/14E5239e YisouSpider/5.0 Safari/602.1"
117.92.155.171 - - [22/Jan/2026:09:49:08 +0800] "GET /api/latest-version?platform=2 HTTP/1.1" 200 152 "https://www.shudaxia.com/faq/p1.html" "Mozilla/5.0 (iPhone; CPU iPhone OS 10_3 like Mac OS X) AppleWebKit/602.1.50 (KHTML, like Gecko) CriOS/56.0.2924.75 Mobile/14E5239e YisouSpider/5.0 Safari/602.1"
117.92.155.179 - - [22/Jan/2026:09:49:08 +0800] "GET /faq.html HTTP/1.1" 200 165 "https://www.shudaxia.com/faq/houtaidianji.html" "Mozilla/5.0 (iPhone; CPU iPhone OS 10_3 like Mac OS X) AppleWebKit/602.1.50 (KHTML, like Gecko) CriOS/56.0.2924.75 Mobile/14E5239e YisouSpider/5.0 Safari/602.1"
117.92.155.171 - - [22/Jan/2026:09:49:08 +0800] "GET /api/latest-version?platform=3 HTTP/1.1" 200 167 "https://www.shudaxia.com/faq/shudaxia-she-zhi-liao-mei-fan-ying.html" "Mozilla/5.0 (iPhone; CPU iPhone OS 10_3 like Mac OS X) AppleWebKit/602.1.50 (KHTML, like Gecko) CriOS/56.0.2924.75 Mobile/14E5239e YisouSpider/5.0 Safari/602.1"
117.92.155.177 - - [22/Jan/2026:09:49:08 +0800] "POST /api/articles/3/view HTTP/1.1" 200 1126 "https://www.shudaxia.com/faq/shudaxia-she-zhi-liao-mei-fan-ying.html" "Mozilla/5.0 (iPhone; CPU iPhone OS 10_3 like Mac OS X) AppleWebKit/602.1.50 (KHTML, like Gecko) CriOS/56.0.2924.75 Mobile/14E5239e YisouSpider/5.0 Safari/602.1"
117.92.155.197 - - [22/Jan/2026:09:49:08 +0800] "GET /faq/p1?_rsc=cg4cb HTTP/1.1" 308 22 "https://www.shudaxia.com/faq/shudaxia-she-zhi-liao-mei-fan-ying.html" "Mozilla/5.0 (iPhone; CPU iPhone OS 10_3 like Mac OS X) AppleWebKit/602.1.50 (KHTML, like Gecko) CriOS/56.0.2924.75 Mobile/14E5239e YisouSpider/5.0 Safari/602.1"
36.156.89.161 - - [22/Jan/2026:09:49:08 +0800] "GET /api/footer-links HTTP/1.1" 200 535 "https://www.shudaxia.com/faq/shudaxia-she-zhi-liao-mei-fan-ying.html" "Mozilla/5.0 (iPhone; CPU iPhone OS 10_3 like Mac OS X) AppleWebKit/602.1.50 (KHTML, like Gecko) CriOS/56.0.2924.75 Mobile/14E5239e YisouSpider/5.0 Safari/602.1"
117.92.155.155 - - [22/Jan/2026:09:49:08 +0800] "GET /news/p1?_rsc=68z2a HTTP/1.1" 308 23 "https://www.shudaxia.com/faq/change-startup-hotkey.html" "Mozilla/5.0 (iPhone; CPU iPhone OS 10_3 like Mac OS X) AppleWebKit/602.1.50 (KHTML, like Gecko) CriOS/56.0.2924.75 Mobile/14E5239e YisouSpider/5.0 Safari/602.1"
36.156.89.156 - - [22/Jan/2026:09:49:08 +0800] "GET /faq/p1.html HTTP/1.1" 200 168 "https://www.shudaxia.com/faq/houtaidianji.html" "Mozilla/5.0 (iPhone; CPU iPhone OS 10_3 like Mac OS X) AppleWebKit/602.1.50 (KHTML, like Gecko) CriOS/56.0.2924.75 Mobile/14E5239e YisouSpider/5.0 Safari/602.1"
117.92.155.153 - - [22/Jan/2026:09:49:08 +0800] "GET /faq/p1?_rsc=68z2a HTTP/1.1" 308 22 "https://www.shudaxia.com/faq/change-startup-hotkey.html" "Mozilla/5.0 (iPhone; CPU iPhone OS 10_3 like Mac OS X) AppleWebKit/602.1.50 (KHTML, like Gecko) CriOS/56.0.2924.75 Mobile/14E5239e YisouSpider/5.0 Safari/602.1"
117.92.155.196 - - [22/Jan/2026:09:49:08 +0800] "POST /api/articles/36/view HTTP/1.1" 200 692 "https://www.shudaxia.com/faq/change-startup-hotkey.html" "Mozilla/5.0 (iPhone; CPU iPhone OS 10_3 like Mac OS X) AppleWebKit/602.1.50 (KHTML, like Gecko) CriOS/56.0.2924.75 Mobile/14E5239e YisouSpider/5.0 Safari/602.1"
117.92.155.171 - - [22/Jan/2026:09:49:08 +0800] "GET /api/latest-version?platform=2 HTTP/1.1" 200 152 "https://www.shudaxia.com/faq/change-startup-hotkey.html" "Mozilla/5.0 (iPhone; CPU iPhone OS 10_3 like Mac OS X) AppleWebKit/602.1.50 (KHTML, like Gecko) CriOS/56.0.2924.75 Mobile/14E5239e YisouSpider/5.0 Safari/602.1"
117.92.155.154 - - [22/Jan/2026:09:49:08 +0800] "GET /?_rsc=68z2a HTTP/1.1" 200 144 "https://www.shudaxia.com/faq/change-startup-hotkey.html" "Mozilla/5.0 (iPhone; CPU iPhone OS 10_3 like Mac OS X) AppleWebKit/602.1.50 (KHTML, like Gecko) CriOS/56.0.2924.75 Mobile/14E5239e YisouSpider/5.0 Safari/602.1"
117.92.155.162 - - [22/Jan/2026:09:49:08 +0800] "GET /faq?_rsc=cg4cb HTTP/1.1" 308 19 "https://www.shudaxia.com/faq/shudaxia-she-zhi-liao-mei-fan-ying.html" "Mozilla/5.0 (iPhone; CPU iPhone OS 10_3 like Mac OS X) AppleWebKit/602.1.50 (KHTML, like Gecko) CriOS/56.0.2924.75 Mobile/14E5239e YisouSpider/5.0 Safari/602.1"
117.92.155.179 - - [22/Jan/2026:09:49:08 +0800] "GET /news/p1.html HTTP/1.1" 200 168 "https://www.shudaxia.com/faq/houtaidianji.html" "Mozilla/5.0 (iPhone; CPU iPhone OS 10_3 like Mac OS X) AppleWebKit/602.1.50 (KHTML, like Gecko) CriOS/56.0.2924.75 Mobile/14E5239e YisouSpider/5.0 Safari/602.1"
117.92.155.177 - - [22/Jan/2026:09:49:08 +0800] "GET /api/auth/session HTTP/1.1" 200 35 "https://www.shudaxia.com/faq/shudaxia-she-zhi-liao-mei-fan-ying.html" "Mozilla/5.0 (iPhone; CPU iPhone OS 10_3 like Mac OS X) AppleWebKit/602.1.50 (KHTML, like Gecko) CriOS/56.0.2924.75 Mobile/14E5239e YisouSpider/5.0 Safari/602.1"
117.92.155.174 - - [22/Jan/2026:09:49:08 +0800] "GET /?_rsc=cg4cb HTTP/1.1" 200 144 "https://www.shudaxia.com/faq/shudaxia-she-zhi-liao-mei-fan-ying.html" "Mozilla/5.0 (iPhone; CPU iPhone OS 10_3 like Mac OS X) AppleWebKit/602.1.50 (KHTML, like Gecko) CriOS/56.0.2924.75 Mobile/14E5239e YisouSpider/5.0 Safari/602.1"
36.156.89.161 - - [22/Jan/2026:09:49:08 +0800] "GET /api/footer-links HTTP/1.1" 200 535 "https://www.shudaxia.com/faq/p1.html" "Mozilla/5.0 (iPhone; CPU iPhone OS 10_3 like Mac OS X) AppleWebKit/602.1.50 (KHTML, like Gecko) CriOS/56.0.2924.75 Mobile/14E5239e YisouSpider/5.0 Safari/602.1"
117.92.155.171 - - [22/Jan/2026:09:49:08 +0800] "GET /api/latest-version?platform=3 HTTP/1.1" 200 167 "https://www.shudaxia.com/faq/change-startup-hotkey.html" "Mozilla/5.0 (iPhone; CPU iPhone OS 10_3 like Mac OS X) AppleWebKit/602.1.50 (KHTML, like Gecko) CriOS/56.0.2924.75 Mobile/14E5239e YisouSpider/5.0 Safari/602.1"
117.92.155.167 - - [22/Jan/2026:09:49:08 +0800] "GET /doc/p1?_rsc=cg4cb HTTP/1.1" 308 22 "https://www.shudaxia.com/faq/shudaxia-she-zhi-liao-mei-fan-ying.html" "Mozilla/5.0 (iPhone; CPU iPhone OS 10_3 like Mac OS X) AppleWebKit/602.1.50 (KHTML, like Gecko) CriOS/56.0.2924.75 Mobile/14E5239e YisouSpider/5.0 Safari/602.1"
36.156.89.161 - - [22/Jan/2026:09:49:08 +0800] "GET /api/footer-links HTTP/1.1" 200 535 "https://www.shudaxia.com/faq/change-startup-hotkey.html" "Mozilla/5.0 (iPhone; CPU iPhone OS 10_3 like Mac OS X) AppleWebKit/602.1.50 (KHTML, like Gecko) CriOS/56.0.2924.75 Mobile/14E5239e YisouSpider/5.0 Safari/602.1"
117.92.155.177 - - [22/Jan/2026:09:49:08 +0800] "GET /doc/p1.html HTTP/1.1" 200 168 "https://www.shudaxia.com/faq/shudaxia-android-app-faq.html" "Mozilla/5.0 (iPhone; CPU iPhone OS 10_3 like Mac OS X) AppleWebKit/602.1.50 (KHTML, like Gecko) CriOS/56.0.2924.75 Mobile/14E5239e YisouSpider/5.0 Safari/602.1"
36.156.89.156 - - [22/Jan/2026:09:49:08 +0800] "GET /faq/p1.html HTTP/1.1" 200 168 "https://www.shudaxia.com/faq/shudaxia-android-app-faq.html" "Mozilla/5.0 (iPhone; CPU iPhone OS 10_3 like Mac OS X) AppleWebKit/602.1.50 (KHTML, like Gecko) CriOS/56.0.2924.75 Mobile/14E5239e YisouSpider/5.0 Safari/602.1"
117.92.155.177 - - [22/Jan/2026:09:49:08 +0800] "GET /api/auth/session HTTP/1.1" 200 35 "https://www.shudaxia.com/faq/houtaidianji.html" "Mozilla/5.0 (iPhone; CPU iPhone OS 10_3 like Mac OS X) AppleWebKit/602.1.50 (KHTML, like Gecko) CriOS/56.0.2924.75 Mobile/14E5239e YisouSpider/5.0 Safari/602.1"
117.92.155.183 - - [22/Jan/2026:09:49:08 +0800] "GET /doc/p1?_rsc=68z2a HTTP/1.1" 308 22 "https://www.shudaxia.com/faq/change-startup-hotkey.html" "Mozilla/5.0 (iPhone; CPU iPhone OS 10_3 like Mac OS X) AppleWebKit/602.1.50 (KHTML, like Gecko) CriOS/56.0.2924.75 Mobile/14E5239e YisouSpider/5.0 Safari/602.1"
117.92.155.171 - - [22/Jan/2026:09:49:08 +0800] "GET /api/latest-version?platform=3 HTTP/1.1" 200 167 "https://www.shudaxia.com/faq/shudaxia-she-zhi-liao-mei-fan-ying.html" "Mozilla/5.0 (iPhone; CPU iPhone OS 10_3 like Mac OS X) AppleWebKit/602.1.50 (KHTML, like Gecko) CriOS/56.0.2924.75 Mobile/14E5239e YisouSpider/5.0 Safari/602.1"
117.92.155.171 - - [22/Jan/2026:09:49:08 +0800] "GET /api/latest-version?platform=2 HTTP/1.1" 200 152 "https://www.shudaxia.com/faq/shudaxia-she-zhi-liao-mei-fan-ying.html" "Mozilla/5.0 (iPhone; CPU iPhone OS 10_3 like Mac OS X) AppleWebKit/602.1.50 (KHTML, like Gecko) CriOS/56.0.2924.75 Mobile/14E5239e YisouSpider/5.0 Safari/602.1"
117.92.155.177 - - [22/Jan/2026:09:49:08 +0800] "GET /api/auth/session HTTP/1.1" 200 35 "https://www.shudaxia.com/faq/change-startup-hotkey.html" "Mozilla/5.0 (iPhone; CPU iPhone OS 10_3 like Mac OS X) AppleWebKit/602.1.50 (KHTML, like Gecko) CriOS/56.0.2924.75 Mobile/14E5239e YisouSpider/5.0 Safari/602.1"
117.92.155.173 - - [22/Jan/2026:09:49:08 +0800] "GET /faq/version/p1.html HTTP/1.1" 200 175 "https://www.shudaxia.com/faq/p1.html" "Mozilla/5.0 (iPhone; CPU iPhone OS 10_3 like Mac OS X) AppleWebKit/602.1.50 (KHTML, like Gecko) CriOS/56.0.2924.75 Mobile/14E5239e YisouSpider/5.0 Safari/602.1"
117.92.155.171 - - [22/Jan/2026:09:49:08 +0800] "GET /api/latest-version?platform=2 HTTP/1.1" 200 152 "https://www.shudaxia.com/faq/change-startup-hotkey.html" "Mozilla/5.0 (iPhone; CPU iPhone OS 10_3 like Mac OS X) AppleWebKit/602.1.50 (KHTML, like Gecko) CriOS/56.0.2924.75 Mobile/14E5239e YisouSpider/5.0 Safari/602.1"
117.92.155.176 - - [22/Jan/2026:09:49:08 +0800] "GET /faq?_rsc=68z2a HTTP/1.1" 308 19 "https://www.shudaxia.com/faq/change-startup-hotkey.html" "Mozilla/5.0 (iPhone; CPU iPhone OS 10_3 like Mac OS X) AppleWebKit/602.1.50 (KHTML, like Gecko) CriOS/56.0.2924.75 Mobile/14E5239e YisouSpider/5.0 Safari/602.1"
117.92.155.171 - - [22/Jan/2026:09:49:08 +0800] "GET /api/latest-version?platform=3 HTTP/1.1" 200 167 "https://www.shudaxia.com/faq/change-startup-hotkey.html" "Mozilla/5.0 (iPhone; CPU iPhone OS 10_3 like Mac OS X) AppleWebKit/602.1.50 (KHTML, like Gecko) CriOS/56.0.2924.75 Mobile/14E5239e YisouSpider/5.0 Safari/602.1"
117.92.155.177 - - [22/Jan/2026:09:49:08 +0800] "GET /api/auth/session HTTP/1.1" 200 35 "https://www.shudaxia.com/faq/shudaxia-android-app-faq.html" "Mozilla/5.0 (iPhone; CPU iPhone OS 10_3 like Mac OS X) AppleWebKit/602.1.50 (KHTML, like Gecko) CriOS/56.0.2924.75 Mobile/14E5239e YisouSpider/5.0 Safari/602.1"
117.92.155.179 - - [22/Jan/2026:09:49:08 +0800] "GET /faq.html HTTP/1.1" 200 165 "https://www.shudaxia.com/faq/shudaxia-android-app-faq.html" "Mozilla/5.0 (iPhone; CPU iPhone OS 10_3 like Mac OS X) AppleWebKit/602.1.50 (KHTML, like Gecko) CriOS/56.0.2924.75 Mobile/14E5239e YisouSpider/5.0 Safari/602.1"
117.92.155.179 - - [22/Jan/2026:09:49:08 +0800] "GET /news/p1.html HTTP/1.1" 200 168 "https://www.shudaxia.com/faq/shudaxia-android-app-faq.html" "Mozilla/5.0 (iPhone; CPU iPhone OS 10_3 like Mac OS X) AppleWebKit/602.1.50 (KHTML, like Gecko) CriOS/56.0.2924.75 Mobile/14E5239e YisouSpider/5.0 Safari/602.1"
117.92.155.177 - - [22/Jan/2026:09:49:08 +0800] "GET /doc/p1.html HTTP/1.1" 200 168 "https://www.shudaxia.com/faq/p1.html" "Mozilla/5.0 (iPhone; CPU iPhone OS 10_3 like Mac OS X) AppleWebKit/602.1.50 (KHTML, like Gecko) CriOS/56.0.2924.75 Mobile/14E5239e YisouSpider/5.0 Safari/602.1"
36.156.89.156 - - [22/Jan/2026:09:49:08 +0800] "GET /faq/p1.html HTTP/1.1" 200 163 "https://www.shudaxia.com/faq/p1.html" "Mozilla/5.0 (iPhone; CPU iPhone OS 10_3 like Mac OS X) AppleWebKit/602.1.50 (KHTML, like Gecko) CriOS/56.0.2924.75 Mobile/14E5239e YisouSpider/5.0 Safari/602.1"
117.92.155.179 - - [22/Jan/2026:09:49:08 +0800] "GET /news/p1.html HTTP/1.1" 200 168 "https://www.shudaxia.com/faq/p1.html" "Mozilla/5.0 (iPhone; CPU iPhone OS 10_3 like Mac OS X) AppleWebKit/602.1.50 (KHTML, like Gecko) CriOS/56.0.2924.75 Mobile/14E5239e YisouSpider/5.0 Safari/602.1"
117.92.155.179 - - [22/Jan/2026:09:49:08 +0800] "GET /faq.html HTTP/1.1" 200 165 "https://www.shudaxia.com/faq/shudaxia-she-zhi-liao-mei-fan-ying.html" "Mozilla/5.0 (iPhone; CPU iPhone OS 10_3 like Mac OS X) AppleWebKit/602.1.50 (KHTML, like Gecko) CriOS/56.0.2924.75 Mobile/14E5239e YisouSpider/5.0 Safari/602.1"
117.92.155.171 - - [22/Jan/2026:09:49:08 +0800] "GET /api/latest-version?platform=2 HTTP/1.1" 200 152 "https://www.shudaxia.com/faq/kuai-su-dian-ji-qi.html" "Mozilla/5.0 (iPhone; CPU iPhone OS 10_3 like Mac OS X) AppleWebKit/602.1.50 (KHTML, like Gecko) CriOS/56.0.2924.75 Mobile/14E5239e YisouSpider/5.0 Safari/602.1"
117.92.155.177 - - [22/Jan/2026:09:49:08 +0800] "GET /api/auth/session HTTP/1.1" 200 35 "https://www.shudaxia.com/faq/p1.html" "Mozilla/5.0 (iPhone; CPU iPhone OS 10_3 like Mac OS X) AppleWebKit/602.1.50 (KHTML, like Gecko) CriOS/56.0.2924.75 Mobile/14E5239e YisouSpider/5.0 Safari/602.1"
117.92.155.174 - - [22/Jan/2026:09:49:08 +0800] "GET /doc/p1?_rsc=orma1 HTTP/1.1" 308 22 "https://www.shudaxia.com/faq/kuai-su-dian-ji-qi.html" "Mozilla/5.0 (iPhone; CPU iPhone OS 10_3 like Mac OS X) AppleWebKit/602.1.50 (KHTML, like Gecko) CriOS/56.0.2924.75 Mobile/14E5239e YisouSpider/5.0 Safari/602.1"
117.92.155.156 - - [22/Jan/2026:09:49:08 +0800] "GET /?_rsc=orma1 HTTP/1.1" 200 144 "https://www.shudaxia.com/faq/kuai-su-dian-ji-qi.html" "Mozilla/5.0 (iPhone; CPU iPhone OS 10_3 like Mac OS X) AppleWebKit/602.1.50 (KHTML, like Gecko) CriOS/56.0.2924.75 Mobile/14E5239e YisouSpider/5.0 Safari/602.1"
117.92.155.179 - - [22/Jan/2026:09:49:08 +0800] "GET /news/p1.html HTTP/1.1" 200 168 "https://www.shudaxia.com/faq/change-startup-hotkey.html" "Mozilla/5.0 (iPhone; CPU iPhone OS 10_3 like Mac OS X) AppleWebKit/602.1.50 (KHTML, like Gecko) CriOS/56.0.2924.75 Mobile/14E5239e YisouSpider/5.0 Safari/602.1"
117.92.155.181 - - [22/Jan/2026:09:49:08 +0800] "GET /faq/troubleshooting/p1?_rsc=ek2px HTTP/1.1" 308 39 "https://www.shudaxia.com/faq/p1.html" "Mozilla/5.0 (iPhone; CPU iPhone OS 10_3 like Mac OS X) AppleWebKit/602.1.50 (KHTML, like Gecko) CriOS/56.0.2924.75 Mobile/14E5239e YisouSpider/5.0 Safari/602.1"
117.92.155.171 - - [22/Jan/2026:09:49:08 +0800] "GET /news/p1.html HTTP/1.1" 200 168 "https://www.shudaxia.com/faq/shudaxia-she-zhi-liao-mei-fan-ying.html" "Mozilla/5.0 (iPhone; CPU iPhone OS 10_3 like Mac OS X) AppleWebKit/602.1.50 (KHTML, like Gecko) CriOS/56.0.2924.75 Mobile/14E5239e YisouSpider/5.0 Safari/602.1"
117.92.155.171 - - [22/Jan/2026:09:49:08 +0800] "GET /api/latest-version?platform=3 HTTP/1.1" 200 167 "https://www.shudaxia.com/faq/kuai-su-dian-ji-qi.html" "Mozilla/5.0 (iPhone; CPU iPhone OS 10_3 like Mac OS X) AppleWebKit/602.1.50 (KHTML, like Gecko) CriOS/56.0.2924.75 Mobile/14E5239e YisouSpider/5.0 Safari/602.1"
117.92.155.165 - - [22/Jan/2026:09:49:08 +0800] "GET /faq/p2.html HTTP/1.1" 200 18644 "-" "Mozilla/5.0 (iPhone; CPU iPhone OS 10_3 like Mac OS X) AppleWebKit/602.1.50 (KHTML, like Gecko) CriOS/56.0.2924.75 Mobile/14E5239e YisouSpider/5.0 Safari/602.1"
117.92.155.177 - - [22/Jan/2026:09:49:08 +0800] "GET /faq/p1?_rsc=orma1 HTTP/1.1" 308 22 "https://www.shudaxia.com/faq/kuai-su-dian-ji-qi.html" "Mozilla/5.0 (iPhone; CPU iPhone OS 10_3 like Mac OS X) AppleWebKit/602.1.50 (KHTML, like Gecko) CriOS/56.0.2924.75 Mobile/14E5239e YisouSpider/5.0 Safari/602.1"
117.92.155.189 - - [22/Jan/2026:09:49:08 +0800] "POST /api/articles/61/view HTTP/1.1" 200 1634 "https://www.shudaxia.com/faq/kuai-su-dian-ji-qi.html" "Mozilla/5.0 (iPhone; CPU iPhone OS 10_3 like Mac OS X) AppleWebKit/602.1.50 (KHTML, like Gecko) CriOS/56.0.2924.75 Mobile/14E5239e YisouSpider/5.0 Safari/602.1"
117.92.155.177 - - [22/Jan/2026:09:49:08 +0800] "GET /doc/p1.html HTTP/1.1" 200 168 "https://www.shudaxia.com/faq/change-startup-hotkey.html" "Mozilla/5.0 (iPhone; CPU iPhone OS 10_3 like Mac OS X) AppleWebKit/602.1.50 (KHTML, like Gecko) CriOS/56.0.2924.75 Mobile/14E5239e YisouSpider/5.0 Safari/602.1"
117.92.155.171 - - [22/Jan/2026:09:49:08 +0800] "GET /api/latest-version?platform=2 HTTP/1.1" 200 152 "https://www.shudaxia.com/faq/kuai-su-dian-ji-qi.html" "Mozilla/5.0 (iPhone; CPU iPhone OS 10_3 like Mac OS X) AppleWebKit/602.1.50 (KHTML, like Gecko) CriOS/56.0.2924.75 Mobile/14E5239e YisouSpider/5.0 Safari/602.1"
117.92.155.149 - - [22/Jan/2026:09:49:08 +0800] "GET /faq?_rsc=orma1 HTTP/1.1" 308 19 "https://www.shudaxia.com/faq/kuai-su-dian-ji-qi.html" "Mozilla/5.0 (iPhone; CPU iPhone OS 10_3 like Mac OS X) AppleWebKit/602.1.50 (KHTML, like Gecko) CriOS/56.0.2924.75 Mobile/14E5239e YisouSpider/5.0 Safari/602.1"
117.92.155.185 - - [22/Jan/2026:09:49:08 +0800] "GET /news/p1?_rsc=orma1 HTTP/1.1" 308 23 "https://www.shudaxia.com/faq/kuai-su-dian-ji-qi.html" "Mozilla/5.0 (iPhone; CPU iPhone OS 10_3 like Mac OS X) AppleWebKit/602.1.50 (KHTML, like Gecko) CriOS/56.0.2924.75 Mobile/14E5239e YisouSpider/5.0 Safari/602.1"
117.92.155.177 - - [22/Jan/2026:09:49:08 +0800] "GET /api/auth/session HTTP/1.1" 200 35 "https://www.shudaxia.com/faq/shudaxia-she-zhi-liao-mei-fan-ying.html" "Mozilla/5.0 (iPhone; CPU iPhone OS 10_3 like Mac OS X) AppleWebKit/602.1.50 (KHTML, like Gecko) CriOS/56.0.2924.75 Mobile/14E5239e YisouSpider/5.0 Safari/602.1"
117.92.155.171 - - [22/Jan/2026:09:49:08 +0800] "GET /api/latest-version?platform=3 HTTP/1.1" 200 167 "https://www.shudaxia.com/faq/kuai-su-dian-ji-qi.html" "Mozilla/5.0 (iPhone; CPU iPhone OS 10_3 like Mac OS X) AppleWebKit/602.1.50 (KHTML, like Gecko) CriOS/56.0.2924.75 Mobile/14E5239e YisouSpider/5.0 Safari/602.1"
36.156.89.156 - - [22/Jan/2026:09:49:08 +0800] "GET /faq/p1.html HTTP/1.1" 200 168 "https://www.shudaxia.com/faq/shudaxia-she-zhi-liao-mei-fan-ying.html" "Mozilla/5.0 (iPhone; CPU iPhone OS 10_3 like Mac OS X) AppleWebKit/602.1.50 (KHTML, like Gecko) CriOS/56.0.2924.75 Mobile/14E5239e YisouSpider/5.0 Safari/602.1"
117.92.155.197 - - [22/Jan/2026:09:49:08 +0800] "GET /faq/p1?_rsc=cg4cb HTTP/1.1" 308 22 "https://www.shudaxia.com/faq/shudaxia-she-zhi-liao-mei-fan-ying.html" "Mozilla/5.0 (iPhone; CPU iPhone OS 10_3 like Mac OS X) AppleWebKit/602.1.50 (KHTML, like Gecko) CriOS/56.0.2924.75 Mobile/14E5239e YisouSpider/5.0 Safari/602.1"
117.92.155.171 - - [22/Jan/2026:09:49:08 +0800] "GET /api/latest-version?platform=2 HTTP/1.1" 200 152 "https://www.shudaxia.com/faq/shudaxia-she-zhi-liao-mei-fan-ying.html" "Mozilla/5.0 (iPhone; CPU iPhone OS 10_3 like Mac OS X) AppleWebKit/602.1.50 (KHTML, like Gecko) CriOS/56.0.2924.75 Mobile/14E5239e YisouSpider/5.0 Safari/602.1"
117.92.155.177 - - [22/Jan/2026:09:49:08 +0800] "GET /doc/p1.html HTTP/1.1" 200 168 "https://www.shudaxia.com/faq/shudaxia-she-zhi-liao-mei-fan-ying.html" "Mozilla/5.0 (iPhone; CPU iPhone OS 10_3 like Mac OS X) AppleWebKit/602.1.50 (KHTML, like Gecko) CriOS/56.0.2924.75 Mobile/14E5239e YisouSpider/5.0 Safari/602.1"
117.92.155.152 - - [22/Jan/2026:09:49:08 +0800] "GET /faq/shezhi-shubiao-liandianqi-xunhuan-dianji?_rsc=ek2px HTTP/1.1" 308 61 "https://www.shudaxia.com/faq/p1.html" "Mozilla/5.0 (iPhone; CPU iPhone OS 10_3 like Mac OS X) AppleWebKit/602.1.50 (KHTML, like Gecko) CriOS/56.0.2924.75 Mobile/14E5239e YisouSpider/5.0 Safari/602.1"
117.92.155.179 - - [22/Jan/2026:09:49:08 +0800] "GET /faq.html HTTP/1.1" 200 165 "https://www.shudaxia.com/faq/change-startup-hotkey.html" "Mozilla/5.0 (iPhone; CPU iPhone OS 10_3 like Mac OS X) AppleWebKit/602.1.50 (KHTML, like Gecko) CriOS/56.0.2924.75 Mobile/14E5239e YisouSpider/5.0 Safari/602.1"
117.92.155.171 - - [22/Jan/2026:09:49:08 +0800] "GET /api/latest-version?platform=3 HTTP/1.1" 200 167 "https://www.shudaxia.com/faq/shudaxia-she-zhi-liao-mei-fan-ying.html" "Mozilla/5.0 (iPhone; CPU iPhone OS 10_3 like Mac OS X) AppleWebKit/602.1.50 (KHTML, like Gecko) CriOS/56.0.2924.75 Mobile/14E5239e YisouSpider/5.0 Safari/602.1"
117.92.155.177 - - [22/Jan/2026:09:49:08 +0800] "GET /api/auth/session HTTP/1.1" 200 35 "https://www.shudaxia.com/faq/kuai-su-dian-ji-qi.html" "Mozilla/5.0 (iPhone; CPU iPhone OS 10_3 like Mac OS X) AppleWebKit/602.1.50 (KHTML, like Gecko) CriOS/56.0.2924.75 Mobile/14E5239e YisouSpider/5.0 Safari/602.1"
117.92.155.153 - - [22/Jan/2026:09:49:08 +0800] "GET /faq/kuai-su-dian-ji-qi?_rsc=ek2px HTTP/1.1" 308 39 "https://www.shudaxia.com/faq/p1.html" "Mozilla/5.0 (iPhone; CPU iPhone OS 10_3 like Mac OS X) AppleWebKit/602.1.50 (KHTML, like Gecko) CriOS/56.0.2924.75 Mobile/14E5239e YisouSpider/5.0 Safari/602.1"
117.92.155.162 - - [22/Jan/2026:09:49:08 +0800] "GET /faq?_rsc=cg4cb HTTP/1.1" 308 19 "https://www.shudaxia.com/faq/shudaxia-she-zhi-liao-mei-fan-ying.html" "Mozilla/5.0 (iPhone; CPU iPhone OS 10_3 like Mac OS X) AppleWebKit/602.1.50 (KHTML, like Gecko) CriOS/56.0.2924.75 Mobile/14E5239e YisouSpider/5.0 Safari/602.1"
36.156.89.161 - - [22/Jan/2026:09:49:08 +0800] "GET /api/footer-links HTTP/1.1" 200 535 "https://www.shudaxia.com/faq/kuai-su-dian-ji-qi.html" "Mozilla/5.0 (iPhone; CPU iPhone OS 10_3 like Mac OS X) AppleWebKit/602.1.50 (KHTML, like Gecko) CriOS/56.0.2924.75 Mobile/14E5239e YisouSpider/5.0 Safari/602.1"
36.156.89.156 - - [22/Jan/2026:09:49:08 +0800] "GET /faq/p1.html HTTP/1.1" 200 168 "https://www.shudaxia.com/faq/change-startup-hotkey.html" "Mozilla/5.0 (iPhone; CPU iPhone OS 10_3 like Mac OS X) AppleWebKit/602.1.50 (KHTML, like Gecko) CriOS/56.0.2924.75 Mobile/14E5239e YisouSpider/5.0 Safari/602.1"
117.92.155.185 - - [22/Jan/2026:09:49:08 +0800] "GET /news/p1?_rsc=cg4cb HTTP/1.1" 308 23 "https://www.shudaxia.com/faq/shudaxia-she-zhi-liao-mei-fan-ying.html" "Mozilla/5.0 (iPhone; CPU iPhone OS 10_3 like Mac OS X) AppleWebKit/602.1.50 (KHTML, like Gecko) CriOS/56.0.2924.75 Mobile/14E5239e YisouSpider/5.0 Safari/602.1"
117.92.155.167 - - [22/Jan/2026:09:49:08 +0800] "GET /doc/p1?_rsc=cg4cb HTTP/1.1" 308 22 "https://www.shudaxia.com/faq/shudaxia-she-zhi-liao-mei-fan-ying.html" "Mozilla/5.0 (iPhone; CPU iPhone OS 10_3 like Mac OS X) AppleWebKit/602.1.50 (KHTML, like Gecko) CriOS/56.0.2924.75 Mobile/14E5239e YisouSpider/5.0 Safari/602.1"
117.92.155.177 - - [22/Jan/2026:09:49:08 +0800] "GET /api/auth/session HTTP/1.1" 200 35 "https://www.shudaxia.com/faq/shudaxia-she-zhi-liao-mei-fan-ying.html" "Mozilla/5.0 (iPhone; CPU iPhone OS 10_3 like Mac OS X) AppleWebKit/602.1.50 (KHTML, like Gecko) CriOS/56.0.2924.75 Mobile/14E5239e YisouSpider/5.0 Safari/602.1"
36.156.89.176 - - [22/Jan/2026:09:49:08 +0800] "GET /faq/usage/p1?_rsc=ek2px HTTP/1.1" 308 29 "https://www.shudaxia.com/faq/p1.html" "Mozilla/5.0 (iPhone; CPU iPhone OS 10_3 like Mac OS X) AppleWebKit/602.1.50 (KHTML, like Gecko) CriOS/56.0.2924.75 Mobile/14E5239e YisouSpider/5.0 Safari/602.1"
117.92.155.177 - - [22/Jan/2026:09:49:08 +0800] "GET /doc/p1.html HTTP/1.1" 200 168 "https://www.shudaxia.com/faq/kuai-su-dian-ji-qi.html" "Mozilla/5.0 (iPhone; CPU iPhone OS 10_3 like Mac OS X) AppleWebKit/602.1.50 (KHTML, like Gecko) CriOS/56.0.2924.75 Mobile/14E5239e YisouSpider/5.0 Safari/602.1"
117.92.155.177 - - [22/Jan/2026:09:49:08 +0800] "GET /api/auth/session HTTP/1.1" 200 35 "https://www.shudaxia.com/faq/change-startup-hotkey.html" "Mozilla/5.0 (iPhone; CPU iPhone OS 10_3 like Mac OS X) AppleWebKit/602.1.50 (KHTML, like Gecko) CriOS/56.0.2924.75 Mobile/14E5239e YisouSpider/5.0 Safari/602.1"
117.92.155.179 - - [22/Jan/2026:09:49:08 +0800] "GET /faq.html HTTP/1.1" 200 165 "https://www.shudaxia.com/faq/kuai-su-dian-ji-qi.html" "Mozilla/5.0 (iPhone; CPU iPhone OS 10_3 like Mac OS X) AppleWebKit/602.1.50 (KHTML, like Gecko) CriOS/56.0.2924.75 Mobile/14E5239e YisouSpider/5.0 Safari/602.1"
117.92.155.171 - - [22/Jan/2026:09:49:08 +0800] "GET /api/latest-version?platform=3 HTTP/1.1" 200 167 "https://www.shudaxia.com/faq/p1.html" "Mozilla/5.0 (iPhone; CPU iPhone OS 10_3 like Mac OS X) AppleWebKit/602.1.50 (KHTML, like Gecko) CriOS/56.0.2924.75 Mobile/14E5239e YisouSpider/5.0 Safari/602.1"
117.92.155.174 - - [22/Jan/2026:09:49:08 +0800] "GET /?_rsc=cg4cb HTTP/1.1" 200 144 "https://www.shudaxia.com/faq/shudaxia-she-zhi-liao-mei-fan-ying.html" "Mozilla/5.0 (iPhone; CPU iPhone OS 10_3 like Mac OS X) AppleWebKit/602.1.50 (KHTML, like Gecko) CriOS/56.0.2924.75 Mobile/14E5239e YisouSpider/5.0 Safari/602.1"
117.92.155.171 - - [22/Jan/2026:09:49:08 +0800] "GET /api/latest-version?platform=2 HTTP/1.1" 200 152 "https://www.shudaxia.com/faq/shudaxia-she-zhi-liao-mei-fan-ying.html" "Mozilla/5.0 (iPhone; CPU iPhone OS 10_3 like Mac OS X) AppleWebKit/602.1.50 (KHTML, like Gecko) CriOS/56.0.2924.75 Mobile/14E5239e YisouSpider/5.0 Safari/602.1"
36.156.89.168 - - [22/Jan/2026:09:49:08 +0800] "GET /faq/shu-biao-lian-dian-qi-zui-xin-wen-ti-hui-zong?_rsc=ek2px HTTP/1.1" 308 66 "https://www.shudaxia.com/faq/p1.html" "Mozilla/5.0 (iPhone; CPU iPhone OS 10_3 like Mac OS X) AppleWebKit/602.1.50 (KHTML, like Gecko) CriOS/56.0.2924.75 Mobile/14E5239e YisouSpider/5.0 Safari/602.1"
117.92.155.168 - - [22/Jan/2026:09:49:08 +0800] "GET /faq/version/p1?_rsc=ek2px HTTP/1.1" 308 31 "https://www.shudaxia.com/faq/p1.html" "Mozilla/5.0 (iPhone; CPU iPhone OS 10_3 like Mac OS X) AppleWebKit/602.1.50 (KHTML, like Gecko) CriOS/56.0.2924.75 Mobile/14E5239e YisouSpider/5.0 Safari/602.1"
117.92.155.169 - - [22/Jan/2026:09:49:08 +0800] "GET /?_rsc=ek2px HTTP/1.1" 200 144 "https://www.shudaxia.com/faq/p1.html" "Mozilla/5.0 (iPhone; CPU iPhone OS 10_3 like Mac OS X) AppleWebKit/602.1.50 (KHTML, like Gecko) CriOS/56.0.2924.75 Mobile/14E5239e YisouSpider/5.0 Safari/602.1"
36.156.89.161 - - [22/Jan/2026:09:49:08 +0800] "GET /api/footer-links HTTP/1.1" 200 535 "https://www.shudaxia.com/faq/p1.html" "Mozilla/5.0 (iPhone; CPU iPhone OS 10_3 like Mac OS X) AppleWebKit/602.1.50 (KHTML, like Gecko) CriOS/56.0.2924.75 Mobile/14E5239e YisouSpider/5.0 Safari/602.1"
117.92.155.179 - - [22/Jan/2026:09:49:08 +0800] "GET /news/p1.html HTTP/1.1" 200 168 "https://www.shudaxia.com/faq/kuai-su-dian-ji-qi.html" "Mozilla/5.0 (iPhone; CPU iPhone OS 10_3 like Mac OS X) AppleWebKit/602.1.50 (KHTML, like Gecko) CriOS/56.0.2924.75 Mobile/14E5239e YisouSpider/5.0 Safari/602.1"
117.92.155.189 - - [22/Jan/2026:09:49:08 +0800] "GET /faq/p1?_rsc=ek2px HTTP/1.1" 308 22 "https://www.shudaxia.com/faq/p1.html" "Mozilla/5.0 (iPhone; CPU iPhone OS 10_3 like Mac OS X) AppleWebKit/602.1.50 (KHTML, like Gecko) CriOS/56.0.2924.75 Mobile/14E5239e YisouSpider/5.0 Safari/602.1"
117.92.155.171 - - [22/Jan/2026:09:49:08 +0800] "GET /api/latest-version?platform=3 HTTP/1.1" 200 167 "https://www.shudaxia.com/faq/shudaxia-she-zhi-liao-mei-fan-ying.html" "Mozilla/5.0 (iPhone; CPU iPhone OS 10_3 like Mac OS X) AppleWebKit/602.1.50 (KHTML, like Gecko) CriOS/56.0.2924.75 Mobile/14E5239e YisouSpider/5.0 Safari/602.1"
117.92.155.171 - - [22/Jan/2026:09:49:08 +0800] "GET /api/latest-version?platform=2 HTTP/1.1" 200 152 "https://www.shudaxia.com/faq/p1.html" "Mozilla/5.0 (iPhone; CPU iPhone OS 10_3 like Mac OS X) AppleWebKit/602.1.50 (KHTML, like Gecko) CriOS/56.0.2924.75 Mobile/14E5239e YisouSpider/5.0 Safari/602.1"
117.92.155.162 - - [22/Jan/2026:09:49:08 +0800] "GET /news/p1?_rsc=ek2px HTTP/1.1" 308 23 "https://www.shudaxia.com/faq/p1.html" "Mozilla/5.0 (iPhone; CPU iPhone OS 10_3 like Mac OS X) AppleWebKit/602.1.50 (KHTML, like Gecko) CriOS/56.0.2924.75 Mobile/14E5239e YisouSpider/5.0 Safari/602.1"
36.156.89.166 - - [22/Jan/2026:09:49:08 +0800] "POST /api/articles/3/view HTTP/1.1" 200 1126 "https://www.shudaxia.com/faq/shudaxia-she-zhi-liao-mei-fan-ying.html" "Mozilla/5.0 (iPhone; CPU iPhone OS 10_3 like Mac OS X) AppleWebKit/602.1.50 (KHTML, like Gecko) CriOS/56.0.2924.75 Mobile/14E5239e YisouSpider/5.0 Safari/602.1"
117.92.155.183 - - [22/Jan/2026:09:49:08 +0800] "GET /faq/troubleshooting/p1.html HTTP/1.1" 200 182 "https://www.shudaxia.com/faq/p1.html" "Mozilla/5.0 (iPhone; CPU iPhone OS 10_3 like Mac OS X) AppleWebKit/602.1.50 (KHTML, like Gecko) CriOS/56.0.2924.75 Mobile/14E5239e YisouSpider/5.0 Safari/602.1"
117.92.155.171 - - [22/Jan/2026:09:49:08 +0800] "GET /api/latest-version?platform=3 HTTP/1.1" 200 167 "https://www.shudaxia.com/faq/p1.html" "Mozilla/5.0 (iPhone; CPU iPhone OS 10_3 like Mac OS X) AppleWebKit/602.1.50 (KHTML, like Gecko) CriOS/56.0.2924.75 Mobile/14E5239e YisouSpider/5.0 Safari/602.1"
117.92.155.177 - - [22/Jan/2026:09:49:08 +0800] "GET /api/auth/session HTTP/1.1" 200 35 "https://www.shudaxia.com/faq/p1.html" "Mozilla/5.0 (iPhone; CPU iPhone OS 10_3 like Mac OS X) AppleWebKit/602.1.50 (KHTML, like Gecko) CriOS/56.0.2924.75 Mobile/14E5239e YisouSpider/5.0 Safari/602.1"
117.92.155.172 - - [22/Jan/2026:09:49:08 +0800] "GET /doc/p1?_rsc=ek2px HTTP/1.1" 308 22 "https://www.shudaxia.com/faq/p1.html" "Mozilla/5.0 (iPhone; CPU iPhone OS 10_3 like Mac OS X) AppleWebKit/602.1.50 (KHTML, like Gecko) CriOS/56.0.2924.75 Mobile/14E5239e YisouSpider/5.0 Safari/602.1"
117.92.155.171 - - [22/Jan/2026:09:49:08 +0800] "GET /api/latest-version?platform=2 HTTP/1.1" 200 152 "https://www.shudaxia.com/faq/p1.html" "Mozilla/5.0 (iPhone; CPU iPhone OS 10_3 like Mac OS X) AppleWebKit/602.1.50 (KHTML, like Gecko) CriOS/56.0.2924.75 Mobile/14E5239e YisouSpider/5.0 Safari/602.1"
36.156.89.161 - - [22/Jan/2026:09:49:08 +0800] "GET /api/footer-links HTTP/1.1" 200 535 "https://www.shudaxia.com/faq/shudaxia-she-zhi-liao-mei-fan-ying.html" "Mozilla/5.0 (iPhone; CPU iPhone OS 10_3 like Mac OS X) AppleWebKit/602.1.50 (KHTML, like Gecko) CriOS/56.0.2924.75 Mobile/14E5239e YisouSpider/5.0 Safari/602.1"
117.92.155.154 - - [22/Jan/2026:09:49:08 +0800] "GET /faq/shezhi-shubiao-liandianqi-xunhuan-dianji.html HTTP/1.1" 200 196 "https://www.shudaxia.com/faq/p1.html" "Mozilla/5.0 (iPhone; CPU iPhone OS 10_3 like Mac OS X) AppleWebKit/602.1.50 (KHTML, like Gecko) CriOS/56.0.2924.75 Mobile/14E5239e YisouSpider/5.0 Safari/602.1"
36.156.89.156 - - [22/Jan/2026:09:49:08 +0800] "GET /faq/p1.html HTTP/1.1" 200 168 "https://www.shudaxia.com/faq/kuai-su-dian-ji-qi.html" "Mozilla/5.0 (iPhone; CPU iPhone OS 10_3 like Mac OS X) AppleWebKit/602.1.50 (KHTML, like Gecko) CriOS/56.0.2924.75 Mobile/14E5239e YisouSpider/5.0 Safari/602.1"
117.92.155.151 - - [22/Jan/2026:09:49:08 +0800] "GET /faq/kuai-su-dian-ji-qi.html HTTP/1.1" 200 181 "https://www.shudaxia.com/faq/p1.html" "Mozilla/5.0 (iPhone; CPU iPhone OS 10_3 like Mac OS X) AppleWebKit/602.1.50 (KHTML, like Gecko) CriOS/56.0.2924.75 Mobile/14E5239e YisouSpider/5.0 Safari/602.1"
117.92.155.177 - - [22/Jan/2026:09:49:08 +0800] "GET /api/auth/session HTTP/1.1" 200 35 "https://www.shudaxia.com/faq/kuai-su-dian-ji-qi.html" "Mozilla/5.0 (iPhone; CPU iPhone OS 10_3 like Mac OS X) AppleWebKit/602.1.50 (KHTML, like Gecko) CriOS/56.0.2924.75 Mobile/14E5239e YisouSpider/5.0 Safari/602.1"
117.92.155.179 - - [22/Jan/2026:09:49:08 +0800] "GET /faq.html HTTP/1.1" 200 165 "https://www.shudaxia.com/faq/shudaxia-she-zhi-liao-mei-fan-ying.html" "Mozilla/5.0 (iPhone; CPU iPhone OS 10_3 like Mac OS X) AppleWebKit/602.1.50 (KHTML, like Gecko) CriOS/56.0.2924.75 Mobile/14E5239e YisouSpider/5.0 Safari/602.1"
36.156.89.156 - - [22/Jan/2026:09:49:08 +0800] "GET /faq/p1.html HTTP/1.1" 200 168 "https://www.shudaxia.com/faq/shudaxia-she-zhi-liao-mei-fan-ying.html" "Mozilla/5.0 (iPhone; CPU iPhone OS 10_3 like Mac OS X) AppleWebKit/602.1.50 (KHTML, like Gecko) CriOS/56.0.2924.75 Mobile/14E5239e YisouSpider/5.0 Safari/602.1"
117.92.155.177 - - [22/Jan/2026:09:49:08 +0800] "GET /doc/p1.html HTTP/1.1" 200 168 "https://www.shudaxia.com/faq/shudaxia-she-zhi-liao-mei-fan-ying.html" "Mozilla/5.0 (iPhone; CPU iPhone OS 10_3 like Mac OS X) AppleWebKit/602.1.50 (KHTML, like Gecko) CriOS/56.0.2924.75 Mobile/14E5239e YisouSpider/5.0 Safari/602.1"
117.92.155.173 - - [22/Jan/2026:09:49:08 +0800] "GET /faq/version/p1.html HTTP/1.1" 200 175 "https://www.shudaxia.com/faq/p1.html" "Mozilla/5.0 (iPhone; CPU iPhone OS 10_3 like Mac OS X) AppleWebKit/602.1.50 (KHTML, like Gecko) CriOS/56.0.2924.75 Mobile/14E5239e YisouSpider/5.0 Safari/602.1"
36.156.89.164 - - [22/Jan/2026:09:49:08 +0800] "GET /faq/shu-biao-lian-dian-qi-zui-xin-wen-ti-hui-zong.html HTTP/1.1" 200 199 "https://www.shudaxia.com/faq/p1.html" "Mozilla/5.0 (iPhone; CPU iPhone OS 10_3 like Mac OS X) AppleWebKit/602.1.50 (KHTML, like Gecko) CriOS/56.0.2924.75 Mobile/14E5239e YisouSpider/5.0 Safari/602.1"
117.92.155.179 - - [22/Jan/2026:09:49:08 +0800] "GET /news/p1.html HTTP/1.1" 200 168 "https://www.shudaxia.com/faq/shudaxia-she-zhi-liao-mei-fan-ying.html" "Mozilla/5.0 (iPhone; CPU iPhone OS 10_3 like Mac OS X) AppleWebKit/602.1.50 (KHTML, like Gecko) CriOS/56.0.2924.75 Mobile/14E5239e YisouSpider/5.0 Safari/602.1"
117.92.155.195 - - [22/Jan/2026:09:49:08 +0800] "GET /faq/usage/p1.html HTTP/1.1" 200 173 "https://www.shudaxia.com/faq/p1.html" "Mozilla/5.0 (iPhone; CPU iPhone OS 10_3 like Mac OS X) AppleWebKit/602.1.50 (KHTML, like Gecko) CriOS/56.0.2924.75 Mobile/14E5239e YisouSpider/5.0 Safari/602.1"
36.156.89.156 - - [22/Jan/2026:09:49:08 +0800] "GET /faq/p1.html HTTP/1.1" 200 163 "https://www.shudaxia.com/faq/p1.html" "Mozilla/5.0 (iPhone; CPU iPhone OS 10_3 like Mac OS X) AppleWebKit/602.1.50 (KHTML, like Gecko) CriOS/56.0.2924.75 Mobile/14E5239e YisouSpider/5.0 Safari/602.1"
117.92.155.177 - - [22/Jan/2026:09:49:08 +0800] "GET /api/auth/session HTTP/1.1" 200 35 "https://www.shudaxia.com/faq/shudaxia-she-zhi-liao-mei-fan-ying.html" "Mozilla/5.0 (iPhone; CPU iPhone OS 10_3 like Mac OS X) AppleWebKit/602.1.50 (KHTML, like Gecko) CriOS/56.0.2924.75 Mobile/14E5239e YisouSpider/5.0 Safari/602.1"
117.92.155.171 - - [22/Jan/2026:09:49:08 +0800] "GET /api/latest-version?platform=2 HTTP/1.1" 200 152 "https://www.shudaxia.com/faq/p2.html" "Mozilla/5.0 (iPhone; CPU iPhone OS 10_3 like Mac OS X) AppleWebKit/602.1.50 (KHTML, like Gecko) CriOS/56.0.2924.75 Mobile/14E5239e YisouSpider/5.0 Safari/602.1"
117.92.155.179 - - [22/Jan/2026:09:49:08 +0800] "GET /news/p1.html HTTP/1.1" 200 168 "https://www.shudaxia.com/faq/p1.html" "Mozilla/5.0 (iPhone; CPU iPhone OS 10_3 like Mac OS X) AppleWebKit/602.1.50 (KHTML, like Gecko) CriOS/56.0.2924.75 Mobile/14E5239e YisouSpider/5.0 Safari/602.1"
117.92.155.177 - - [22/Jan/2026:09:49:08 +0800] "GET /doc/p1.html HTTP/1.1" 200 168 "https://www.shudaxia.com/faq/p1.html" "Mozilla/5.0 (iPhone; CPU iPhone OS 10_3 like Mac OS X) AppleWebKit/602.1.50 (KHTML, like Gecko) CriOS/56.0.2924.75 Mobile/14E5239e YisouSpider/5.0 Safari/602.1"
117.92.155.191 - - [22/Jan/2026:09:49:08 +0800] "GET /faq/zhaotu?_rsc=ek2px HTTP/1.1" 308 27 "https://www.shudaxia.com/faq/p1.html" "Mozilla/5.0 (iPhone; CPU iPhone OS 10_3 like Mac OS X) AppleWebKit/602.1.50 (KHTML, like Gecko) CriOS/56.0.2924.75 Mobile/14E5239e YisouSpider/5.0 Safari/602.1"
117.92.155.181 - - [22/Jan/2026:09:49:08 +0800] "GET /faq/troubleshooting/p1?_rsc=ek2px HTTP/1.1" 308 39 "https://www.shudaxia.com/faq/p1.html" "Mozilla/5.0 (iPhone; CPU iPhone OS 10_3 like Mac OS X) AppleWebKit/602.1.50 (KHTML, like Gecko) CriOS/56.0.2924.75 Mobile/14E5239e YisouSpider/5.0 Safari/602.1"
36.156.89.161 - - [22/Jan/2026:09:49:08 +0800] "GET /faq/version/p1?_rsc=1b085 HTTP/1.1" 308 31 "https://www.shudaxia.com/faq/p2.html" "Mozilla/5.0 (iPhone; CPU iPhone OS 10_3 like Mac OS X) AppleWebKit/602.1.50 (KHTML, like Gecko) CriOS/56.0.2924.75 Mobile/14E5239e YisouSpider/5.0 Safari/602.1"
117.92.155.149 - - [22/Jan/2026:09:49:08 +0800] "GET /faq/houtaidianji?_rsc=ek2px HTTP/1.1" 308 33 "https://www.shudaxia.com/faq/p1.html" "Mozilla/5.0 (iPhone; CPU iPhone OS 10_3 like Mac OS X) AppleWebKit/602.1.50 (KHTML, like Gecko) CriOS/56.0.2924.75 Mobile/14E5239e YisouSpider/5.0 Safari/602.1"
117.92.155.177 - - [22/Jan/2026:09:49:08 +0800] "GET /api/auth/session HTTP/1.1" 200 35 "https://www.shudaxia.com/faq/p2.html" "Mozilla/5.0 (iPhone; CPU iPhone OS 10_3 like Mac OS X) AppleWebKit/602.1.50 (KHTML, like Gecko) CriOS/56.0.2924.75 Mobile/14E5239e YisouSpider/5.0 Safari/602.1"
117.92.155.171 - - [22/Jan/2026:09:49:08 +0800] "GET /api/latest-version?platform=2 HTTP/1.1" 200 152 "https://www.shudaxia.com/faq/p2.html" "Mozilla/5.0 (iPhone; CPU iPhone OS 10_3 like Mac OS X) AppleWebKit/602.1.50 (KHTML, like Gecko) CriOS/56.0.2924.75 Mobile/14E5239e YisouSpider/5.0 Safari/602.1"
117.92.155.159 - - [22/Jan/2026:09:49:08 +0800] "GET /faq/p1?_rsc=1b085 HTTP/1.1" 308 22 "https://www.shudaxia.com/faq/p2.html" "Mozilla/5.0 (iPhone; CPU iPhone OS 10_3 like Mac OS X) AppleWebKit/602.1.50 (KHTML, like Gecko) CriOS/56.0.2924.75 Mobile/14E5239e YisouSpider/5.0 Safari/602.1"
117.92.155.196 - - [22/Jan/2026:09:49:08 +0800] "GET /doc/p1?_rsc=1b085 HTTP/1.1" 308 22 "https://www.shudaxia.com/faq/p2.html" "Mozilla/5.0 (iPhone; CPU iPhone OS 10_3 like Mac OS X) AppleWebKit/602.1.50 (KHTML, like Gecko) CriOS/56.0.2924.75 Mobile/14E5239e YisouSpider/5.0 Safari/602.1"
117.92.155.177 - - [22/Jan/2026:09:49:08 +0800] "GET /api/auth/session HTTP/1.1" 200 35 "https://www.shudaxia.com/faq/p1.html" "Mozilla/5.0 (iPhone; CPU iPhone OS 10_3 like Mac OS X) AppleWebKit/602.1.50 (KHTML, like Gecko) CriOS/56.0.2924.75 Mobile/14E5239e YisouSpider/5.0 Safari/602.1"
117.92.155.171 - - [22/Jan/2026:09:49:08 +0800] "GET /api/latest-version?platform=3 HTTP/1.1" 200 167 "https://www.shudaxia.com/faq/p2.html" "Mozilla/5.0 (iPhone; CPU iPhone OS 10_3 like Mac OS X) AppleWebKit/602.1.50 (KHTML, like Gecko) CriOS/56.0.2924.75 Mobile/14E5239e YisouSpider/5.0 Safari/602.1"
36.156.89.161 - - [22/Jan/2026:09:49:08 +0800] "GET /api/footer-links HTTP/1.1" 200 535 "https://www.shudaxia.com/faq/p2.html" "Mozilla/5.0 (iPhone; CPU iPhone OS 10_3 like Mac OS X) AppleWebKit/602.1.50 (KHTML, like Gecko) CriOS/56.0.2924.75 Mobile/14E5239e YisouSpider/5.0 Safari/602.1"
117.92.155.192 - - [22/Jan/2026:09:49:08 +0800] "GET /news/p1?_rsc=1b085 HTTP/1.1" 308 23 "https://www.shudaxia.com/faq/p2.html" "Mozilla/5.0 (iPhone; CPU iPhone OS 10_3 like Mac OS X) AppleWebKit/602.1.50 (KHTML, like Gecko) CriOS/56.0.2924.75 Mobile/14E5239e YisouSpider/5.0 Safari/602.1"
117.92.155.171 - - [22/Jan/2026:09:49:08 +0800] "GET /api/latest-version?platform=2 HTTP/1.1" 200 152 "https://www.shudaxia.com/faq/luping.html" "Mozilla/5.0 (iPhone; CPU iPhone OS 10_3 like Mac OS X) AppleWebKit/602.1.50 (KHTML, like Gecko) CriOS/56.0.2924.75 Mobile/14E5239e YisouSpider/5.0 Safari/602.1"
117.92.155.160 - - [22/Jan/2026:09:49:08 +0800] "GET /?_rsc=1b085 HTTP/1.1" 200 144 "https://www.shudaxia.com/faq/p2.html" "Mozilla/5.0 (iPhone; CPU iPhone OS 10_3 like Mac OS X) AppleWebKit/602.1.50 (KHTML, like Gecko) CriOS/56.0.2924.75 Mobile/14E5239e YisouSpider/5.0 Safari/602.1"
117.92.155.163 - - [22/Jan/2026:09:49:08 +0800] "GET /?_rsc=1h1mk HTTP/1.1" 200 144 "https://www.shudaxia.com/faq/luping.html" "Mozilla/5.0 (iPhone; CPU iPhone OS 10_3 like Mac OS X) AppleWebKit/602.1.50 (KHTML, like Gecko) CriOS/56.0.2924.75 Mobile/14E5239e YisouSpider/5.0 Safari/602.1"
117.92.155.171 - - [22/Jan/2026:09:49:08 +0800] "GET /api/latest-version?platform=3 HTTP/1.1" 200 167 "https://www.shudaxia.com/faq/luping.html" "Mozilla/5.0 (iPhone; CPU iPhone OS 10_3 like Mac OS X) AppleWebKit/602.1.50 (KHTML, like Gecko) CriOS/56.0.2924.75 Mobile/14E5239e YisouSpider/5.0 Safari/602.1"
117.92.155.172 - - [22/Jan/2026:09:49:08 +0800] "GET /faq/p1?_rsc=1h1mk HTTP/1.1" 308 22 "https://www.shudaxia.com/faq/luping.html" "Mozilla/5.0 (iPhone; CPU iPhone OS 10_3 like Mac OS X) AppleWebKit/602.1.50 (KHTML, like Gecko) CriOS/56.0.2924.75 Mobile/14E5239e YisouSpider/5.0 Safari/602.1"
36.156.89.171 - - [22/Jan/2026:09:49:08 +0800] "GET /news/p1?_rsc=nip61 HTTP/1.1" 308 23 "https://www.shudaxia.com/faq/shezhi-shubiao-liandianqi-xunhuan-dianji.html" "Mozilla/5.0 (iPhone; CPU iPhone OS 10_3 like Mac OS X) AppleWebKit/602.1.50 (KHTML, like Gecko) CriOS/56.0.2924.75 Mobile/14E5239e YisouSpider/5.0 Safari/602.1"
36.156.89.161 - - [22/Jan/2026:09:49:08 +0800] "GET /api/footer-links HTTP/1.1" 200 535 "https://www.shudaxia.com/faq/luping.html" "Mozilla/5.0 (iPhone; CPU iPhone OS 10_3 like Mac OS X) AppleWebKit/602.1.50 (KHTML, like Gecko) CriOS/56.0.2924.75 Mobile/14E5239e YisouSpider/5.0 Safari/602.1"
117.92.155.177 - - [22/Jan/2026:09:49:08 +0800] "GET /api/auth/session HTTP/1.1" 200 35 "https://www.shudaxia.com/faq/shezhi-shubiao-liandianqi-xunhuan-dianji.html" "Mozilla/5.0 (iPhone; CPU iPhone OS 10_3 like Mac OS X) AppleWebKit/602.1.50 (KHTML, like Gecko) CriOS/56.0.2924.75 Mobile/14E5239e YisouSpider/5.0 Safari/602.1"
