111.6.230.164 - - [02/Feb/2026:04:54:26 +0800] "GET /api/latest-version?platform=2 HTTP/1.1" 200 152 "https://www.shudaxia.com/" "Mozilla/5.0 (compatible; Bytespider; https://zhanzhang.toutiao.com/) AppleWebKit/537.36 (KHTML, like Gecko) Chrome/70.0.0.0 Safari/537.36"
111.6.230.203 - - [02/Feb/2026:04:54:26 +0800] "GET /api/latest-version?platform=3 HTTP/1.1" 200 166 "https://www.shudaxia.com/" "Mozilla/5.0 (compatible; Bytespider; https://zhanzhang.toutiao.com/) AppleWebKit/537.36 (KHTML, like Gecko) Chrome/70.0.0.0 Safari/537.36"
111.6.230.203 - - [02/Feb/2026:04:54:26 +0800] "GET /api/latest-version?platform=3 HTTP/1.1" 200 166 "https://www.shudaxia.com/" "Mozilla/5.0 (compatible; Bytespider; https://zhanzhang.toutiao.com/) AppleWebKit/537.36 (KHTML, like Gecko) Chrome/70.0.0.0 Safari/537.36"
111.6.230.164 - - [02/Feb/2026:04:54:26 +0800] "GET /api/latest-version?platform=2 HTTP/1.1" 200 152 "https://www.shudaxia.com/" "Mozilla/5.0 (compatible; Bytespider; https://zhanzhang.toutiao.com/) AppleWebKit/537.36 (KHTML, like Gecko) Chrome/70.0.0.0 Safari/537.36"
111.6.230.203 - - [02/Feb/2026:04:54:26 +0800] "GET /api/latest-version?platform=3 HTTP/1.1" 200 166 "https://www.shudaxia.com/" "Mozilla/5.0 (compatible; Bytespider; https://zhanzhang.toutiao.com/) AppleWebKit/537.36 (KHTML, like Gecko) Chrome/70.0.0.0 Safari/537.36"
111.6.230.165 - - [02/Feb/2026:04:54:26 +0800] "GET /api/footer-links HTTP/1.1" 200 535 "https://www.shudaxia.com/" "Mozilla/5.0 (compatible; Bytespider; https://zhanzhang.toutiao.com/) AppleWebKit/537.36 (KHTML, like Gecko) Chrome/70.0.0.0 Safari/537.36"
111.6.230.164 - - [02/Feb/2026:04:54:26 +0800] "GET /api/latest-version?platform=2 HTTP/1.1" 200 152 "https://www.shudaxia.com/" "Mozilla/5.0 (compatible; Bytespider; https://zhanzhang.toutiao.com/) AppleWebKit/537.36 (KHTML, like Gecko) Chrome/70.0.0.0 Safari/537.36"
111.6.230.203 - - [02/Feb/2026:04:54:26 +0800] "GET /api/latest-version?platform=3 HTTP/1.1" 200 166 "https://www.shudaxia.com/" "Mozilla/5.0 (compatible; Bytespider; https://zhanzhang.toutiao.com/) AppleWebKit/537.36 (KHTML, like Gecko) Chrome/70.0.0.0 Safari/537.36"
111.6.230.164 - - [02/Feb/2026:04:54:26 +0800] "GET /api/latest-version?platform=2 HTTP/1.1" 200 152 "https://www.shudaxia.com/" "Mozilla/5.0 (compatible; Bytespider; https://zhanzhang.toutiao.com/) AppleWebKit/537.36 (KHTML, like Gecko) Chrome/70.0.0.0 Safari/537.36"
111.6.230.203 - - [02/Feb/2026:04:54:26 +0800] "GET /api/latest-version?platform=3 HTTP/1.1" 200 166 "https://www.shudaxia.com/" "Mozilla/5.0 (compatible; Bytespider; https://zhanzhang.toutiao.com/) AppleWebKit/537.36 (KHTML, like Gecko) Chrome/70.0.0.0 Safari/537.36"
111.6.230.203 - - [02/Feb/2026:04:54:26 +0800] "GET /api/auth/session HTTP/1.1" 200 35 "https://www.shudaxia.com/" "Mozilla/5.0 (compatible; Bytespider; https://zhanzhang.toutiao.com/) AppleWebKit/537.36 (KHTML, like Gecko) Chrome/70.0.0.0 Safari/537.36"
111.6.230.224 - - [02/Feb/2026:04:54:26 +0800] "GET /cpstest?_rsc=qax64 HTTP/1.1" 308 23 "https://www.shudaxia.com/" "Mozilla/5.0 (compatible; Bytespider; https://zhanzhang.toutiao.com/) AppleWebKit/537.36 (KHTML, like Gecko) Chrome/70.0.0.0 Safari/537.36"
111.6.230.158 - - [02/Feb/2026:04:54:26 +0800] "GET /doc/p1?_rsc=qax64 HTTP/1.1" 308 22 "https://www.shudaxia.com/" "Mozilla/5.0 (compatible; Bytespider; https://zhanzhang.toutiao.com/) AppleWebKit/537.36 (KHTML, like Gecko) Chrome/70.0.0.0 Safari/537.36"
111.6.230.183 - - [02/Feb/2026:04:54:26 +0800] "GET /video?_rsc=qax64 HTTP/1.1" 308 21 "https://www.shudaxia.com/" "Mozilla/5.0 (compatible; Bytespider; https://zhanzhang.toutiao.com/) AppleWebKit/537.36 (KHTML, like Gecko) Chrome/70.0.0.0 Safari/537.36"
111.6.230.219 - - [02/Feb/2026:04:54:26 +0800] "GET /mobile?_rsc=qax64 HTTP/1.1" 308 22 "https://www.shudaxia.com/" "Mozilla/5.0 (compatible; Bytespider; https://zhanzhang.toutiao.com/) AppleWebKit/537.36 (KHTML, like Gecko) Chrome/70.0.0.0 Safari/537.36"
111.6.230.165 - - [02/Feb/2026:04:54:26 +0800] "GET /mouse-keyboard-test?_rsc=qax64 HTTP/1.1" 308 36 "https://www.shudaxia.com/" "Mozilla/5.0 (compatible; Bytespider; https://zhanzhang.toutiao.com/) AppleWebKit/537.36 (KHTML, like Gecko) Chrome/70.0.0.0 Safari/537.36"
111.6.230.203 - - [02/Feb/2026:04:54:26 +0800] "GET /api/auth/session HTTP/1.1" 200 35 "https://www.shudaxia.com/" "Mozilla/5.0 (compatible; Bytespider; https://zhanzhang.toutiao.com/) AppleWebKit/537.36 (KHTML, like Gecko) Chrome/70.0.0.0 Safari/537.36"
111.6.230.213 - - [02/Feb/2026:04:54:26 +0800] "GET /doc/p1.html HTTP/1.1" 200 168 "https://www.shudaxia.com/" "Mozilla/5.0 (compatible; Bytespider; https://zhanzhang.toutiao.com/) AppleWebKit/537.36 (KHTML, like Gecko) Chrome/70.0.0.0 Safari/537.36"
111.6.230.190 - - [02/Feb/2026:04:54:27 +0800] "GET /mouse-click-train?_rsc=qax64 HTTP/1.1" 308 34 "https://www.shudaxia.com/" "Mozilla/5.0 (compatible; Bytespider; https://zhanzhang.toutiao.com/) AppleWebKit/537.36 (KHTML, like Gecko) Chrome/70.0.0.0 Safari/537.36"
111.6.230.192 - - [02/Feb/2026:04:54:27 +0800] "GET /scriptdiy?_rsc=qax64 HTTP/1.1" 308 25 "https://www.shudaxia.com/" "Mozilla/5.0 (compatible; Bytespider; https://zhanzhang.toutiao.com/) AppleWebKit/537.36 (KHTML, like Gecko) Chrome/70.0.0.0 Safari/537.36"
111.6.230.163 - - [02/Feb/2026:04:54:27 +0800] "GET /feedback?_rsc=qax64 HTTP/1.1" 308 24 "https://www.shudaxia.com/" "Mozilla/5.0 (compatible; Bytespider; https://zhanzhang.toutiao.com/) AppleWebKit/537.36 (KHTML, like Gecko) Chrome/70.0.0.0 Safari/537.36"
111.6.230.150 - - [02/Feb/2026:04:59:16 +0800] "GET /doc/shu-da-xia-ru-men.html HTTP/1.1" 200 21734 "-" "Mozilla/5.0 (Linux; Android 5.0) AppleWebKit/537.36 (KHTML, like Gecko) Mobile Safari/537.36 (compatible; Bytespider; https://zhanzhang.toutiao.com/)"
111.6.230.164 - - [02/Feb/2026:04:59:17 +0800] "GET /api/latest-version?platform=2 HTTP/1.1" 200 152 "https://www.shudaxia.com/doc/shu-da-xia-ru-men.html" "Mozilla/5.0 (Linux; Android 5.0) AppleWebKit/537.36 (KHTML, like Gecko) Mobile Safari/537.36 (compatible; Bytespider; https://zhanzhang.toutiao.com/)"
111.6.230.203 - - [02/Feb/2026:04:59:17 +0800] "GET /api/latest-version?platform=3 HTTP/1.1" 200 166 "https://www.shudaxia.com/doc/shu-da-xia-ru-men.html" "Mozilla/5.0 (Linux; Android 5.0) AppleWebKit/537.36 (KHTML, like Gecko) Mobile Safari/537.36 (compatible; Bytespider; https://zhanzhang.toutiao.com/)"
111.6.230.165 - - [02/Feb/2026:04:59:17 +0800] "GET /api/footer-links HTTP/1.1" 200 535 "https://www.shudaxia.com/doc/shu-da-xia-ru-men.html" "Mozilla/5.0 (Linux; Android 5.0) AppleWebKit/537.36 (KHTML, like Gecko) Mobile Safari/537.36 (compatible; Bytespider; https://zhanzhang.toutiao.com/)"
111.6.230.168 - - [02/Feb/2026:04:59:17 +0800] "POST /api/articles/65/view HTTP/1.1" 200 3830 "https://www.shudaxia.com/doc/shu-da-xia-ru-men.html" "Mozilla/5.0 (Linux; Android 5.0) AppleWebKit/537.36 (KHTML, like Gecko) Mobile Safari/537.36 (compatible; Bytespider; https://zhanzhang.toutiao.com/)"
111.6.230.203 - - [02/Feb/2026:04:59:17 +0800] "GET /api/auth/session HTTP/1.1" 200 35 "https://www.shudaxia.com/doc/shu-da-xia-ru-men.html" "Mozilla/5.0 (Linux; Android 5.0) AppleWebKit/537.36 (KHTML, like Gecko) Mobile Safari/537.36 (compatible; Bytespider; https://zhanzhang.toutiao.com/)"
111.6.230.207 - - [02/Feb/2026:04:59:17 +0800] "GET /?_rsc=iq27j HTTP/1.1" 200 144 "https://www.shudaxia.com/doc/shu-da-xia-ru-men.html" "Mozilla/5.0 (Linux; Android 5.0) AppleWebKit/537.36 (KHTML, like Gecko) Mobile Safari/537.36 (compatible; Bytespider; https://zhanzhang.toutiao.com/)"
111.6.230.164 - - [02/Feb/2026:04:59:17 +0800] "GET /api/latest-version?platform=2 HTTP/1.1" 200 152 "https://www.shudaxia.com/doc/shu-da-xia-ru-men.html" "Mozilla/5.0 (Linux; Android 5.0) AppleWebKit/537.36 (KHTML, like Gecko) Mobile Safari/537.36 (compatible; Bytespider; https://zhanzhang.toutiao.com/)"
111.6.230.203 - - [02/Feb/2026:04:59:17 +0800] "GET /api/latest-version?platform=3 HTTP/1.1" 200 166 "https://www.shudaxia.com/doc/shu-da-xia-ru-men.html" "Mozilla/5.0 (Linux; Android 5.0) AppleWebKit/537.36 (KHTML, like Gecko) Mobile Safari/537.36 (compatible; Bytespider; https://zhanzhang.toutiao.com/)"
111.6.230.175 - - [02/Feb/2026:04:59:17 +0800] "GET /faq/p1?_rsc=iq27j HTTP/1.1" 308 22 "https://www.shudaxia.com/doc/shu-da-xia-ru-men.html" "Mozilla/5.0 (Linux; Android 5.0) AppleWebKit/537.36 (KHTML, like Gecko) Mobile Safari/537.36 (compatible; Bytespider; https://zhanzhang.toutiao.com/)"
111.6.230.220 - - [02/Feb/2026:04:59:17 +0800] "GET /news/p1?_rsc=iq27j HTTP/1.1" 308 23 "https://www.shudaxia.com/doc/shu-da-xia-ru-men.html" "Mozilla/5.0 (Linux; Android 5.0) AppleWebKit/537.36 (KHTML, like Gecko) Mobile Safari/537.36 (compatible; Bytespider; https://zhanzhang.toutiao.com/)"
111.6.230.209 - - [02/Feb/2026:04:59:17 +0800] "GET /doc?_rsc=iq27j HTTP/1.1" 308 19 "https://www.shudaxia.com/doc/shu-da-xia-ru-men.html" "Mozilla/5.0 (Linux; Android 5.0) AppleWebKit/537.36 (KHTML, like Gecko) Mobile Safari/537.36 (compatible; Bytespider; https://zhanzhang.toutiao.com/)"
111.6.230.187 - - [02/Feb/2026:04:59:17 +0800] "GET /doc/p1?_rsc=iq27j HTTP/1.1" 308 22 "https://www.shudaxia.com/doc/shu-da-xia-ru-men.html" "Mozilla/5.0 (Linux; Android 5.0) AppleWebKit/537.36 (KHTML, like Gecko) Mobile Safari/537.36 (compatible; Bytespider; https://zhanzhang.toutiao.com/)"
111.6.230.203 - - [02/Feb/2026:04:59:17 +0800] "GET /api/auth/session HTTP/1.1" 200 35 "https://www.shudaxia.com/doc/shu-da-xia-ru-men.html" "Mozilla/5.0 (Linux; Android 5.0) AppleWebKit/537.36 (KHTML, like Gecko) Mobile Safari/537.36 (compatible; Bytespider; https://zhanzhang.toutiao.com/)"
111.6.230.213 - - [02/Feb/2026:04:59:17 +0800] "GET /doc/p1.html HTTP/1.1" 200 168 "https://www.shudaxia.com/doc/shu-da-xia-ru-men.html" "Mozilla/5.0 (Linux; Android 5.0) AppleWebKit/537.36 (KHTML, like Gecko) Mobile Safari/537.36 (compatible; Bytespider; https://zhanzhang.toutiao.com/)"
111.6.230.155 - - [02/Feb/2026:04:59:17 +0800] "GET /faq/p1.html HTTP/1.1" 200 168 "https://www.shudaxia.com/doc/shu-da-xia-ru-men.html" "Mozilla/5.0 (Linux; Android 5.0) AppleWebKit/537.36 (KHTML, like Gecko) Mobile Safari/537.36 (compatible; Bytespider; https://zhanzhang.toutiao.com/)"
111.6.230.162 - - [02/Feb/2026:04:59:17 +0800] "GET /doc.html HTTP/1.1" 200 164 "https://www.shudaxia.com/doc/shu-da-xia-ru-men.html" "Mozilla/5.0 (Linux; Android 5.0) AppleWebKit/537.36 (KHTML, like Gecko) Mobile Safari/537.36 (compatible; Bytespider; https://zhanzhang.toutiao.com/)"
111.6.230.158 - - [02/Feb/2026:04:59:17 +0800] "GET /news/p1.html HTTP/1.1" 200 168 "https://www.shudaxia.com/doc/shu-da-xia-ru-men.html" "Mozilla/5.0 (Linux; Android 5.0) AppleWebKit/537.36 (KHTML, like Gecko) Mobile Safari/537.36 (compatible; Bytespider; https://zhanzhang.toutiao.com/)"
111.6.230.162 - - [02/Feb/2026:04:59:33 +0800] "GET /news/duo-dian-fen-bie-dian-ji-de-lian-dian-qi.html HTTP/1.1" 200 18020 "-" "Mozilla/5.0 (Linux; Android 5.0) AppleWebKit/537.36 (KHTML, like Gecko) Mobile Safari/537.36 (compatible; Bytespider; https://zhanzhang.toutiao.com/)"
111.6.230.203 - - [02/Feb/2026:04:59:33 +0800] "GET /api/latest-version?platform=3 HTTP/1.1" 200 166 "https://www.shudaxia.com/news/duo-dian-fen-bie-dian-ji-de-lian-dian-qi.html" "Mozilla/5.0 (Linux; Android 5.0) AppleWebKit/537.36 (KHTML, like Gecko) Mobile Safari/537.36 (compatible; Bytespider; https://zhanzhang.toutiao.com/)"
111.6.230.164 - - [02/Feb/2026:04:59:33 +0800] "GET /api/latest-version?platform=2 HTTP/1.1" 200 152 "https://www.shudaxia.com/news/duo-dian-fen-bie-dian-ji-de-lian-dian-qi.html" "Mozilla/5.0 (Linux; Android 5.0) AppleWebKit/537.36 (KHTML, like Gecko) Mobile Safari/537.36 (compatible; Bytespider; https://zhanzhang.toutiao.com/)"
111.6.230.188 - - [02/Feb/2026:04:59:33 +0800] "POST /api/articles/49/view HTTP/1.1" 200 2064 "https://www.shudaxia.com/news/duo-dian-fen-bie-dian-ji-de-lian-dian-qi.html" "Mozilla/5.0 (Linux; Android 5.0) AppleWebKit/537.36 (KHTML, like Gecko) Mobile Safari/537.36 (compatible; Bytespider; https://zhanzhang.toutiao.com/)"
111.6.230.203 - - [02/Feb/2026:04:59:33 +0800] "GET /api/auth/session HTTP/1.1" 200 35 "https://www.shudaxia.com/news/duo-dian-fen-bie-dian-ji-de-lian-dian-qi.html" "Mozilla/5.0 (Linux; Android 5.0) AppleWebKit/537.36 (KHTML, like Gecko) Mobile Safari/537.36 (compatible; Bytespider; https://zhanzhang.toutiao.com/)"
111.6.230.165 - - [02/Feb/2026:04:59:33 +0800] "GET /api/footer-links HTTP/1.1" 200 535 "https://www.shudaxia.com/news/duo-dian-fen-bie-dian-ji-de-lian-dian-qi.html" "Mozilla/5.0 (Linux; Android 5.0) AppleWebKit/537.36 (KHTML, like Gecko) Mobile Safari/537.36 (compatible; Bytespider; https://zhanzhang.toutiao.com/)"
111.6.230.203 - - [02/Feb/2026:04:59:33 +0800] "GET /api/latest-version?platform=3 HTTP/1.1" 200 166 "https://www.shudaxia.com/news/duo-dian-fen-bie-dian-ji-de-lian-dian-qi.html" "Mozilla/5.0 (Linux; Android 5.0) AppleWebKit/537.36 (KHTML, like Gecko) Mobile Safari/537.36 (compatible; Bytespider; https://zhanzhang.toutiao.com/)"
111.6.230.232 - - [02/Feb/2026:04:59:33 +0800] "GET /doc/p1?_rsc=10khg HTTP/1.1" 308 22 "https://www.shudaxia.com/news/duo-dian-fen-bie-dian-ji-de-lian-dian-qi.html" "Mozilla/5.0 (Linux; Android 5.0) AppleWebKit/537.36 (KHTML, like Gecko) Mobile Safari/537.36 (compatible; Bytespider; https://zhanzhang.toutiao.com/)"
111.6.230.194 - - [02/Feb/2026:04:59:33 +0800] "GET /?_rsc=10khg HTTP/1.1" 200 144 "https://www.shudaxia.com/news/duo-dian-fen-bie-dian-ji-de-lian-dian-qi.html" "Mozilla/5.0 (Linux; Android 5.0) AppleWebKit/537.36 (KHTML, like Gecko) Mobile Safari/537.36 (compatible; Bytespider; https://zhanzhang.toutiao.com/)"
111.6.230.157 - - [02/Feb/2026:04:59:33 +0800] "GET /news?_rsc=10khg HTTP/1.1" 308 20 "https://www.shudaxia.com/news/duo-dian-fen-bie-dian-ji-de-lian-dian-qi.html" "Mozilla/5.0 (Linux; Android 5.0) AppleWebKit/537.36 (KHTML, like Gecko) Mobile Safari/537.36 (compatible; Bytespider; https://zhanzhang.toutiao.com/)"
111.6.230.164 - - [02/Feb/2026:04:59:33 +0800] "GET /api/latest-version?platform=2 HTTP/1.1" 200 152 "https://www.shudaxia.com/news/duo-dian-fen-bie-dian-ji-de-lian-dian-qi.html" "Mozilla/5.0 (Linux; Android 5.0) AppleWebKit/537.36 (KHTML, like Gecko) Mobile Safari/537.36 (compatible; Bytespider; https://zhanzhang.toutiao.com/)"
111.6.230.209 - - [02/Feb/2026:04:59:33 +0800] "GET /news/p1?_rsc=10khg HTTP/1.1" 308 23 "https://www.shudaxia.com/news/duo-dian-fen-bie-dian-ji-de-lian-dian-qi.html" "Mozilla/5.0 (Linux; Android 5.0) AppleWebKit/537.36 (KHTML, like Gecko) Mobile Safari/537.36 (compatible; Bytespider; https://zhanzhang.toutiao.com/)"
111.6.230.199 - - [02/Feb/2026:04:59:33 +0800] "GET /faq/p1?_rsc=10khg HTTP/1.1" 308 22 "https://www.shudaxia.com/news/duo-dian-fen-bie-dian-ji-de-lian-dian-qi.html" "Mozilla/5.0 (Linux; Android 5.0) AppleWebKit/537.36 (KHTML, like Gecko) Mobile Safari/537.36 (compatible; Bytespider; https://zhanzhang.toutiao.com/)"
111.6.230.203 - - [02/Feb/2026:04:59:33 +0800] "GET /api/auth/session HTTP/1.1" 200 35 "https://www.shudaxia.com/news/duo-dian-fen-bie-dian-ji-de-lian-dian-qi.html" "Mozilla/5.0 (Linux; Android 5.0) AppleWebKit/537.36 (KHTML, like Gecko) Mobile Safari/537.36 (compatible; Bytespider; https://zhanzhang.toutiao.com/)"
111.6.230.155 - - [02/Feb/2026:04:59:33 +0800] "GET /faq/p1.html HTTP/1.1" 200 168 "https://www.shudaxia.com/news/duo-dian-fen-bie-dian-ji-de-lian-dian-qi.html" "Mozilla/5.0 (Linux; Android 5.0) AppleWebKit/537.36 (KHTML, like Gecko) Mobile Safari/537.36 (compatible; Bytespider; https://zhanzhang.toutiao.com/)"
111.6.230.213 - - [02/Feb/2026:04:59:33 +0800] "GET /doc/p1.html HTTP/1.1" 200 168 "https://www.shudaxia.com/news/duo-dian-fen-bie-dian-ji-de-lian-dian-qi.html" "Mozilla/5.0 (Linux; Android 5.0) AppleWebKit/537.36 (KHTML, like Gecko) Mobile Safari/537.36 (compatible; Bytespider; https://zhanzhang.toutiao.com/)"
111.6.230.230 - - [02/Feb/2026:04:59:33 +0800] "GET /news.html HTTP/1.1" 200 165 "https://www.shudaxia.com/news/duo-dian-fen-bie-dian-ji-de-lian-dian-qi.html" "Mozilla/5.0 (Linux; Android 5.0) AppleWebKit/537.36 (KHTML, like Gecko) Mobile Safari/537.36 (compatible; Bytespider; https://zhanzhang.toutiao.com/)"
111.6.230.158 - - [02/Feb/2026:04:59:33 +0800] "GET /news/p1.html HTTP/1.1" 200 168 "https://www.shudaxia.com/news/duo-dian-fen-bie-dian-ji-de-lian-dian-qi.html" "Mozilla/5.0 (Linux; Android 5.0) AppleWebKit/537.36 (KHTML, like Gecko) Mobile Safari/537.36 (compatible; Bytespider; https://zhanzhang.toutiao.com/)"
111.6.230.194 - - [02/Feb/2026:05:00:15 +0800] "GET / HTTP/1.1" 200 24805 "-" "Mozilla/5.0 (iPhone; CPU iPhone OS 16_3 like Mac OS X) AppleWebKit/605.1.15 (KHTML, like Gecko) Version/16.2 Mobile/15E148 YisouSpider/5.0 Safari/604.1"
124.95.162.156 - - [02/Feb/2026:05:00:39 +0800] "GET /index.html HTTP/1.1" 301 162 "-" "Mozilla/5.0 (Linux; Android 5.0) AppleWebKit/537.36 (KHTML, like Gecko) Mobile Safari/537.36 (compatible; Bytespider; https://zhanzhang.toutiao.com/)"
124.95.162.158 - - [02/Feb/2026:05:00:39 +0800] "GET / HTTP/1.1" 200 24805 "-" "Mozilla/5.0 (Linux; Android 5.0) AppleWebKit/537.36 (KHTML, like Gecko) Mobile Safari/537.36 (compatible; Bytespider; https://zhanzhang.toutiao.com/)"
124.95.162.147 - - [02/Feb/2026:05:00:40 +0800] "GET /api/latest-version?platform=3 HTTP/1.1" 200 166 "https://www.shudaxia.com/" "Mozilla/5.0 (Linux; Android 5.0) AppleWebKit/537.36 (KHTML, like Gecko) Mobile Safari/537.36 (compatible; Bytespider; https://zhanzhang.toutiao.com/)"
124.95.162.197 - - [02/Feb/2026:05:00:40 +0800] "GET /api/footer-links HTTP/1.1" 200 535 "https://www.shudaxia.com/" "Mozilla/5.0 (Linux; Android 5.0) AppleWebKit/537.36 (KHTML, like Gecko) Mobile Safari/537.36 (compatible; Bytespider; https://zhanzhang.toutiao.com/)"
124.95.162.153 - - [02/Feb/2026:05:00:40 +0800] "GET /api/auth/session HTTP/1.1" 200 35 "https://www.shudaxia.com/" "Mozilla/5.0 (Linux; Android 5.0) AppleWebKit/537.36 (KHTML, like Gecko) Mobile Safari/537.36 (compatible; Bytespider; https://zhanzhang.toutiao.com/)"
124.95.162.156 - - [02/Feb/2026:05:00:40 +0800] "GET /api/latest-version?platform=2 HTTP/1.1" 200 152 "https://www.shudaxia.com/" "Mozilla/5.0 (Linux; Android 5.0) AppleWebKit/537.36 (KHTML, like Gecko) Mobile Safari/537.36 (compatible; Bytespider; https://zhanzhang.toutiao.com/)"
124.95.162.150 - - [02/Feb/2026:05:00:40 +0800] "GET /api/latest-version?platform=3 HTTP/1.1" 200 166 "https://www.shudaxia.com/" "Mozilla/5.0 (Linux; Android 5.0) AppleWebKit/537.36 (KHTML, like Gecko) Mobile Safari/537.36 (compatible; Bytespider; https://zhanzhang.toutiao.com/)"
124.95.162.199 - - [02/Feb/2026:05:00:40 +0800] "GET /api/auth/session HTTP/1.1" 200 35 "https://www.shudaxia.com/" "Mozilla/5.0 (Linux; Android 5.0) AppleWebKit/537.36 (KHTML, like Gecko) Mobile Safari/537.36 (compatible; Bytespider; https://zhanzhang.toutiao.com/)"
124.95.162.163 - - [02/Feb/2026:05:00:40 +0800] "GET /api/latest-version?platform=2 HTTP/1.1" 200 152 "https://www.shudaxia.com/" "Mozilla/5.0 (Linux; Android 5.0) AppleWebKit/537.36 (KHTML, like Gecko) Mobile Safari/537.36 (compatible; Bytespider; https://zhanzhang.toutiao.com/)"
124.95.162.184 - - [02/Feb/2026:05:00:40 +0800] "GET /api/latest-version?platform=3 HTTP/1.1" 200 166 "https://www.shudaxia.com/" "Mozilla/5.0 (Linux; Android 5.0) AppleWebKit/537.36 (KHTML, like Gecko) Mobile Safari/537.36 (compatible; Bytespider; https://zhanzhang.toutiao.com/)"
124.95.162.167 - - [02/Feb/2026:05:00:40 +0800] "GET /api/latest-version?platform=3 HTTP/1.1" 200 166 "https://www.shudaxia.com/" "Mozilla/5.0 (Linux; Android 5.0) AppleWebKit/537.36 (KHTML, like Gecko) Mobile Safari/537.36 (compatible; Bytespider; https://zhanzhang.toutiao.com/)"
124.95.162.139 - - [02/Feb/2026:05:00:40 +0800] "GET /api/latest-version?platform=2 HTTP/1.1" 200 152 "https://www.shudaxia.com/" "Mozilla/5.0 (Linux; Android 5.0) AppleWebKit/537.36 (KHTML, like Gecko) Mobile Safari/537.36 (compatible; Bytespider; https://zhanzhang.toutiao.com/)"
124.95.162.203 - - [02/Feb/2026:05:00:40 +0800] "GET /api/latest-version?platform=3 HTTP/1.1" 200 166 "https://www.shudaxia.com/" "Mozilla/5.0 (Linux; Android 5.0) AppleWebKit/537.36 (KHTML, like Gecko) Mobile Safari/537.36 (compatible; Bytespider; https://zhanzhang.toutiao.com/)"
124.95.162.146 - - [02/Feb/2026:05:00:40 +0800] "GET /api/latest-version?platform=2 HTTP/1.1" 200 152 "https://www.shudaxia.com/" "Mozilla/5.0 (Linux; Android 5.0) AppleWebKit/537.36 (KHTML, like Gecko) Mobile Safari/537.36 (compatible; Bytespider; https://zhanzhang.toutiao.com/)"
111.6.230.169 - - [02/Feb/2026:05:01:26 +0800] "GET /news/shu-da-xia-shu-biao-lian-dian-qi-te-dian-jie-shao.html HTTP/1.1" 200 18905 "-" "Mozilla/5.0 (compatible; Baiduspider/2.0; +http://www.baidu.com/search/spider.html)"
111.6.230.203 - - [02/Feb/2026:05:01:29 +0800] "GET /api/latest-version?platform=3 HTTP/1.1" 200 166 "https://www.shudaxia.com/news/shu-da-xia-shu-biao-lian-dian-qi-te-dian-jie-shao.html" "Mozilla/5.0 (compatible; Baiduspider-render/2.0; +http://www.baidu.com/search/spider.html)"
111.6.230.165 - - [02/Feb/2026:05:01:29 +0800] "GET /api/footer-links HTTP/1.1" 200 535 "https://www.shudaxia.com/news/shu-da-xia-shu-biao-lian-dian-qi-te-dian-jie-shao.html" "Mozilla/5.0 (compatible; Baiduspider-render/2.0; +http://www.baidu.com/search/spider.html)"
111.6.230.164 - - [02/Feb/2026:05:01:29 +0800] "GET /api/latest-version?platform=2 HTTP/1.1" 200 152 "https://www.shudaxia.com/news/shu-da-xia-shu-biao-lian-dian-qi-te-dian-jie-shao.html" "Mozilla/5.0 (compatible; Baiduspider-render/2.0; +http://www.baidu.com/search/spider.html)"
111.6.230.203 - - [02/Feb/2026:05:01:29 +0800] "GET /api/latest-version?platform=3 HTTP/1.1" 200 166 "https://www.shudaxia.com/news/shu-da-xia-shu-biao-lian-dian-qi-te-dian-jie-shao.html" "Mozilla/5.0 (compatible; Baiduspider-render/2.0; +http://www.baidu.com/search/spider.html)"
111.6.230.164 - - [02/Feb/2026:05:01:29 +0800] "GET /api/latest-version?platform=2 HTTP/1.1" 200 152 "https://www.shudaxia.com/news/shu-da-xia-shu-biao-lian-dian-qi-te-dian-jie-shao.html" "Mozilla/5.0 (compatible; Baiduspider-render/2.0; +http://www.baidu.com/search/spider.html)"
111.6.230.203 - - [02/Feb/2026:05:01:29 +0800] "GET /api/auth/session HTTP/1.1" 200 35 "https://www.shudaxia.com/news/shu-da-xia-shu-biao-lian-dian-qi-te-dian-jie-shao.html" "Mozilla/5.0 (compatible; Baiduspider-render/2.0; +http://www.baidu.com/search/spider.html)"
111.6.230.177 - - [02/Feb/2026:05:01:29 +0800] "POST /api/articles/46/view HTTP/1.1" 200 2513 "https://www.shudaxia.com/news/shu-da-xia-shu-biao-lian-dian-qi-te-dian-jie-shao.html" "Mozilla/5.0 (compatible; Baiduspider-render/2.0; +http://www.baidu.com/search/spider.html)"
111.6.230.203 - - [02/Feb/2026:05:01:29 +0800] "GET /api/auth/session HTTP/1.1" 200 35 "https://www.shudaxia.com/news/shu-da-xia-shu-biao-lian-dian-qi-te-dian-jie-shao.html" "Mozilla/5.0 (compatible; Baiduspider-render/2.0; +http://www.baidu.com/search/spider.html)"
111.6.230.215 - - [02/Feb/2026:05:02:52 +0800] "GET / HTTP/1.1" 200 24398 "-" "Mozilla/5.0 (compatible; Bytespider; https://zhanzhang.toutiao.com/) AppleWebKit/537.36 (KHTML, like Gecko) Chrome/70.0.0.0 Safari/537.36"
111.6.230.164 - - [02/Feb/2026:05:02:52 +0800] "GET /api/latest-version?platform=2 HTTP/1.1" 200 152 "https://www.shudaxia.com/" "Mozilla/5.0 (compatible; Bytespider; https://zhanzhang.toutiao.com/) AppleWebKit/537.36 (KHTML, like Gecko) Chrome/70.0.0.0 Safari/537.36"
111.6.230.203 - - [02/Feb/2026:05:02:52 +0800] "GET /api/latest-version?platform=3 HTTP/1.1" 200 166 "https://www.shudaxia.com/" "Mozilla/5.0 (compatible; Bytespider; https://zhanzhang.toutiao.com/) AppleWebKit/537.36 (KHTML, like Gecko) Chrome/70.0.0.0 Safari/537.36"
111.6.230.165 - - [02/Feb/2026:05:02:52 +0800] "GET /api/footer-links HTTP/1.1" 200 535 "https://www.shudaxia.com/" "Mozilla/5.0 (compatible; Bytespider; https://zhanzhang.toutiao.com/) AppleWebKit/537.36 (KHTML, like Gecko) Chrome/70.0.0.0 Safari/537.36"
111.6.230.158 - - [02/Feb/2026:05:02:52 +0800] "GET /doc/p1?_rsc=qax64 HTTP/1.1" 308 22 "https://www.shudaxia.com/" "Mozilla/5.0 (compatible; Bytespider; https://zhanzhang.toutiao.com/) AppleWebKit/537.36 (KHTML, like Gecko) Chrome/70.0.0.0 Safari/537.36"
111.6.230.219 - - [02/Feb/2026:05:02:52 +0800] "GET /mobile?_rsc=qax64 HTTP/1.1" 308 22 "https://www.shudaxia.com/" "Mozilla/5.0 (compatible; Bytespider; https://zhanzhang.toutiao.com/) AppleWebKit/537.36 (KHTML, like Gecko) Chrome/70.0.0.0 Safari/537.36"
111.6.230.164 - - [02/Feb/2026:05:02:52 +0800] "GET /api/latest-version?platform=2 HTTP/1.1" 200 152 "https://www.shudaxia.com/" "Mozilla/5.0 (compatible; Bytespider; https://zhanzhang.toutiao.com/) AppleWebKit/537.36 (KHTML, like Gecko) Chrome/70.0.0.0 Safari/537.36"
111.6.230.165 - - [02/Feb/2026:05:02:52 +0800] "GET /mouse-keyboard-test?_rsc=qax64 HTTP/1.1" 308 36 "https://www.shudaxia.com/" "Mozilla/5.0 (compatible; Bytespider; https://zhanzhang.toutiao.com/) AppleWebKit/537.36 (KHTML, like Gecko) Chrome/70.0.0.0 Safari/537.36"
111.6.230.224 - - [02/Feb/2026:05:02:52 +0800] "GET /cpstest?_rsc=qax64 HTTP/1.1" 308 23 "https://www.shudaxia.com/" "Mozilla/5.0 (compatible; Bytespider; https://zhanzhang.toutiao.com/) AppleWebKit/537.36 (KHTML, like Gecko) Chrome/70.0.0.0 Safari/537.36"
111.6.230.183 - - [02/Feb/2026:05:02:52 +0800] "GET /video?_rsc=qax64 HTTP/1.1" 308 21 "https://www.shudaxia.com/" "Mozilla/5.0 (compatible; Bytespider; https://zhanzhang.toutiao.com/) AppleWebKit/537.36 (KHTML, like Gecko) Chrome/70.0.0.0 Safari/537.36"
111.6.230.203 - - [02/Feb/2026:05:02:52 +0800] "GET /api/latest-version?platform=3 HTTP/1.1" 200 166 "https://www.shudaxia.com/" "Mozilla/5.0 (compatible; Bytespider; https://zhanzhang.toutiao.com/) AppleWebKit/537.36 (KHTML, like Gecko) Chrome/70.0.0.0 Safari/537.36"
111.6.230.203 - - [02/Feb/2026:05:02:52 +0800] "GET /api/auth/session HTTP/1.1" 200 35 "https://www.shudaxia.com/" "Mozilla/5.0 (compatible; Bytespider; https://zhanzhang.toutiao.com/) AppleWebKit/537.36 (KHTML, like Gecko) Chrome/70.0.0.0 Safari/537.36"
111.6.230.213 - - [02/Feb/2026:05:02:52 +0800] "GET /doc/p1.html HTTP/1.1" 200 168 "https://www.shudaxia.com/" "Mozilla/5.0 (compatible; Bytespider; https://zhanzhang.toutiao.com/) AppleWebKit/537.36 (KHTML, like Gecko) Chrome/70.0.0.0 Safari/537.36"
111.6.230.164 - - [02/Feb/2026:05:02:52 +0800] "GET /api/latest-version?platform=2 HTTP/1.1" 200 152 "https://www.shudaxia.com/" "Mozilla/5.0 (compatible; Bytespider; https://zhanzhang.toutiao.com/) AppleWebKit/537.36 (KHTML, like Gecko) Chrome/70.0.0.0 Safari/537.36"
111.6.230.203 - - [02/Feb/2026:05:02:52 +0800] "GET /api/latest-version?platform=3 HTTP/1.1" 200 166 "https://www.shudaxia.com/" "Mozilla/5.0 (compatible; Bytespider; https://zhanzhang.toutiao.com/) AppleWebKit/537.36 (KHTML, like Gecko) Chrome/70.0.0.0 Safari/537.36"
111.6.230.190 - - [02/Feb/2026:05:02:52 +0800] "GET /mouse-click-train?_rsc=qax64 HTTP/1.1" 308 34 "https://www.shudaxia.com/" "Mozilla/5.0 (compatible; Bytespider; https://zhanzhang.toutiao.com/) AppleWebKit/537.36 (KHTML, like Gecko) Chrome/70.0.0.0 Safari/537.36"
111.6.230.192 - - [02/Feb/2026:05:02:52 +0800] "GET /scriptdiy?_rsc=qax64 HTTP/1.1" 308 25 "https://www.shudaxia.com/" "Mozilla/5.0 (compatible; Bytespider; https://zhanzhang.toutiao.com/) AppleWebKit/537.36 (KHTML, like Gecko) Chrome/70.0.0.0 Safari/537.36"
111.6.230.163 - - [02/Feb/2026:05:02:52 +0800] "GET /feedback?_rsc=qax64 HTTP/1.1" 308 24 "https://www.shudaxia.com/" "Mozilla/5.0 (compatible; Bytespider; https://zhanzhang.toutiao.com/) AppleWebKit/537.36 (KHTML, like Gecko) Chrome/70.0.0.0 Safari/537.36"
111.6.230.164 - - [02/Feb/2026:05:02:52 +0800] "GET /api/latest-version?platform=2 HTTP/1.1" 200 152 "https://www.shudaxia.com/" "Mozilla/5.0 (compatible; Bytespider; https://zhanzhang.toutiao.com/) AppleWebKit/537.36 (KHTML, like Gecko) Chrome/70.0.0.0 Safari/537.36"
111.6.230.203 - - [02/Feb/2026:05:02:52 +0800] "GET /api/auth/session HTTP/1.1" 200 35 "https://www.shudaxia.com/" "Mozilla/5.0 (compatible; Bytespider; https://zhanzhang.toutiao.com/) AppleWebKit/537.36 (KHTML, like Gecko) Chrome/70.0.0.0 Safari/537.36"
111.6.230.203 - - [02/Feb/2026:05:02:52 +0800] "GET /api/latest-version?platform=3 HTTP/1.1" 200 166 "https://www.shudaxia.com/" "Mozilla/5.0 (compatible; Bytespider; https://zhanzhang.toutiao.com/) AppleWebKit/537.36 (KHTML, like Gecko) Chrome/70.0.0.0 Safari/537.36"
111.6.230.203 - - [02/Feb/2026:05:02:53 +0800] "GET /api/latest-version?platform=3 HTTP/1.1" 200 166 "https://www.shudaxia.com/" "Mozilla/5.0 (compatible; Bytespider; https://zhanzhang.toutiao.com/) AppleWebKit/537.36 (KHTML, like Gecko) Chrome/70.0.0.0 Safari/537.36"
180.101.204.203 - - [02/Feb/2026:05:05:37 +0800] "GET /news/p4.html HTTP/1.1" 200 26577 "-" "Sogou web spider/4.0"
180.101.204.204 - - [02/Feb/2026:05:05:38 +0800] "GET /api/latest-version?platform=2 HTTP/1.1" 200 152 "https://www.shudaxia.com/news/p4.html" "Sogou web spider/4.0"
180.101.204.206 - - [02/Feb/2026:05:05:38 +0800] "GET /api/auth/session HTTP/1.1" 200 35 "https://www.shudaxia.com/news/p4.html" "Sogou web spider/4.0"
180.101.204.146 - - [02/Feb/2026:05:05:38 +0800] "GET /api/latest-version?platform=3 HTTP/1.1" 200 166 "https://www.shudaxia.com/news/p4.html" "Sogou web spider/4.0"
180.101.204.131 - - [02/Feb/2026:05:05:38 +0800] "GET /api/footer-links HTTP/1.1" 200 535 "https://www.shudaxia.com/news/p4.html" "Sogou web spider/4.0"
180.101.204.204 - - [02/Feb/2026:05:05:38 +0800] "GET /api/latest-version?platform=2 HTTP/1.1" 200 152 "https://www.shudaxia.com/news/p4.html" "Sogou web spider/4.0"
180.101.204.146 - - [02/Feb/2026:05:05:38 +0800] "GET /api/latest-version?platform=3 HTTP/1.1" 200 166 "https://www.shudaxia.com/news/p4.html" "Sogou web spider/4.0"
180.101.204.206 - - [02/Feb/2026:05:05:38 +0800] "GET /api/auth/session HTTP/1.1" 200 35 "https://www.shudaxia.com/news/p4.html" "Sogou web spider/4.0"
180.101.204.214 - - [02/Feb/2026:05:05:46 +0800] "GET / HTTP/1.1" 200 24342 "-" "Sogou web spider/4.0(+http://www.sogou.com/docs/help/webmasters.htm#07)"
180.101.204.131 - - [02/Feb/2026:05:05:47 +0800] "GET /api/footer-links HTTP/1.1" 200 535 "https://www.shudaxia.com/" "Sogou web spider/4.0(+http://www.sogou.com/docs/help/webmasters.htm#07)"
180.101.204.206 - - [02/Feb/2026:05:05:47 +0800] "GET /api/auth/session HTTP/1.1" 200 35 "https://www.shudaxia.com/" "Sogou web spider/4.0(+http://www.sogou.com/docs/help/webmasters.htm#07)"
180.101.204.146 - - [02/Feb/2026:05:05:47 +0800] "GET /api/latest-version?platform=3 HTTP/1.1" 200 166 "https://www.shudaxia.com/" "Sogou web spider/4.0(+http://www.sogou.com/docs/help/webmasters.htm#07)"
180.101.204.204 - - [02/Feb/2026:05:05:47 +0800] "GET /api/latest-version?platform=2 HTTP/1.1" 200 152 "https://www.shudaxia.com/" "Sogou web spider/4.0(+http://www.sogou.com/docs/help/webmasters.htm#07)"
180.101.204.204 - - [02/Feb/2026:05:05:47 +0800] "GET /api/latest-version?platform=2 HTTP/1.1" 200 152 "https://www.shudaxia.com/" "Sogou web spider/4.0(+http://www.sogou.com/docs/help/webmasters.htm#07)"
180.101.204.146 - - [02/Feb/2026:05:05:47 +0800] "GET /api/latest-version?platform=3 HTTP/1.1" 200 166 "https://www.shudaxia.com/" "Sogou web spider/4.0(+http://www.sogou.com/docs/help/webmasters.htm#07)"
180.101.204.204 - - [02/Feb/2026:05:05:47 +0800] "GET /api/latest-version?platform=2 HTTP/1.1" 200 152 "https://www.shudaxia.com/" "Sogou web spider/4.0(+http://www.sogou.com/docs/help/webmasters.htm#07)"
180.101.204.146 - - [02/Feb/2026:05:05:47 +0800] "GET /api/latest-version?platform=3 HTTP/1.1" 200 166 "https://www.shudaxia.com/" "Sogou web spider/4.0(+http://www.sogou.com/docs/help/webmasters.htm#07)"
180.101.204.204 - - [02/Feb/2026:05:05:47 +0800] "GET /api/latest-version?platform=2 HTTP/1.1" 200 152 "https://www.shudaxia.com/" "Sogou web spider/4.0(+http://www.sogou.com/docs/help/webmasters.htm#07)"
180.101.204.146 - - [02/Feb/2026:05:05:47 +0800] "GET /api/latest-version?platform=3 HTTP/1.1" 200 166 "https://www.shudaxia.com/" "Sogou web spider/4.0(+http://www.sogou.com/docs/help/webmasters.htm#07)"
180.101.204.206 - - [02/Feb/2026:05:05:47 +0800] "GET /api/auth/session HTTP/1.1" 200 35 "https://www.shudaxia.com/" "Sogou web spider/4.0(+http://www.sogou.com/docs/help/webmasters.htm#07)"
180.101.204.146 - - [02/Feb/2026:05:05:47 +0800] "GET /api/latest-version?platform=3 HTTP/1.1" 200 166 "https://www.shudaxia.com/" "Sogou web spider/4.0(+http://www.sogou.com/docs/help/webmasters.htm#07)"
180.101.204.217 - - [02/Feb/2026:05:07:23 +0800] "GET /news/tutorial/p1 HTTP/1.1" 308 33 "-" "Sogou web spider/4.0(+http://www.sogou.com/docs/help/webmasters.htm#07)"
180.101.204.161 - - [02/Feb/2026:05:07:23 +0800] "GET /news/tutorial/p1.html HTTP/1.1" 200 36366 "-" "Sogou web spider/4.0(+http://www.sogou.com/docs/help/webmasters.htm#07)"
180.101.204.145 - - [02/Feb/2026:05:11:55 +0800] "GET /news/shu-biao-zi-dong-dian-ji.html HTTP/1.1" 200 20164 "-" "Sogou web spider/4.0(+http://www.sogou.com/docs/help/webmasters.htm#07)"
111.6.230.215 - - [02/Feb/2026:05:28:21 +0800] "GET / HTTP/1.1" 200 24485 "-" "YisouSpider"
111.6.230.165 - - [02/Feb/2026:05:28:22 +0800] "GET /api/footer-links HTTP/1.1" 200 535 "https://www.shudaxia.com/" "YisouSpider"
111.6.230.203 - - [02/Feb/2026:05:28:22 +0800] "GET /api/latest-version?platform=3 HTTP/1.1" 200 166 "https://www.shudaxia.com/" "YisouSpider"
111.6.230.203 - - [02/Feb/2026:05:28:22 +0800] "GET /api/latest-version?platform=3 HTTP/1.1" 200 166 "https://www.shudaxia.com/" "YisouSpider"
111.6.230.183 - - [02/Feb/2026:05:28:22 +0800] "GET /video?_rsc=qax64 HTTP/1.1" 308 21 "https://www.shudaxia.com/" "YisouSpider"
111.6.230.164 - - [02/Feb/2026:05:28:22 +0800] "GET /api/latest-version?platform=2 HTTP/1.1" 200 152 "https://www.shudaxia.com/" "YisouSpider"
111.6.230.203 - - [02/Feb/2026:05:28:22 +0800] "GET /api/latest-version?platform=3 HTTP/1.1" 200 166 "https://www.shudaxia.com/" "YisouSpider"
111.6.230.203 - - [02/Feb/2026:05:28:22 +0800] "GET /api/latest-version?platform=3 HTTP/1.1" 200 166 "https://www.shudaxia.com/" "YisouSpider"
111.6.230.203 - - [02/Feb/2026:05:28:22 +0800] "GET /api/latest-version?platform=3 HTTP/1.1" 200 166 "https://www.shudaxia.com/" "YisouSpider"
111.6.230.164 - - [02/Feb/2026:05:28:22 +0800] "GET /api/latest-version?platform=2 HTTP/1.1" 200 152 "https://www.shudaxia.com/" "YisouSpider"
111.6.230.164 - - [02/Feb/2026:05:28:22 +0800] "GET /api/latest-version?platform=2 HTTP/1.1" 200 152 "https://www.shudaxia.com/" "YisouSpider"
111.6.230.164 - - [02/Feb/2026:05:28:22 +0800] "GET /api/latest-version?platform=2 HTTP/1.1" 200 152 "https://www.shudaxia.com/" "YisouSpider"
111.6.230.165 - - [02/Feb/2026:05:28:22 +0800] "GET /mouse-keyboard-test?_rsc=qax64 HTTP/1.1" 308 36 "https://www.shudaxia.com/" "YisouSpider"
111.6.230.158 - - [02/Feb/2026:05:28:22 +0800] "GET /doc/p1?_rsc=qax64 HTTP/1.1" 308 22 "https://www.shudaxia.com/" "YisouSpider"
111.6.230.224 - - [02/Feb/2026:05:28:22 +0800] "GET /cpstest?_rsc=qax64 HTTP/1.1" 308 23 "https://www.shudaxia.com/" "YisouSpider"
111.6.230.219 - - [02/Feb/2026:05:28:22 +0800] "GET /mobile?_rsc=qax64 HTTP/1.1" 308 22 "https://www.shudaxia.com/" "YisouSpider"
111.6.230.190 - - [02/Feb/2026:05:28:22 +0800] "GET /mouse-click-train?_rsc=qax64 HTTP/1.1" 308 34 "https://www.shudaxia.com/" "YisouSpider"
111.6.230.203 - - [02/Feb/2026:05:28:22 +0800] "GET /api/auth/session HTTP/1.1" 200 35 "https://www.shudaxia.com/" "YisouSpider"
111.6.230.213 - - [02/Feb/2026:05:28:23 +0800] "GET /doc/p1.html HTTP/1.1" 200 168 "https://www.shudaxia.com/" "YisouSpider"
111.6.230.203 - - [02/Feb/2026:05:28:23 +0800] "GET /api/auth/session HTTP/1.1" 200 35 "https://www.shudaxia.com/" "YisouSpider"
111.6.230.192 - - [02/Feb/2026:05:28:24 +0800] "GET /scriptdiy?_rsc=qax64 HTTP/1.1" 308 25 "https://www.shudaxia.com/" "YisouSpider"
111.6.230.163 - - [02/Feb/2026:05:28:24 +0800] "GET /feedback?_rsc=qax64 HTTP/1.1" 308 24 "https://www.shudaxia.com/" "YisouSpider"
111.6.230.162 - - [02/Feb/2026:05:28:47 +0800] "GET /news/duo-dian-fen-bie-dian-ji-de-lian-dian-qi.html HTTP/1.1" 200 18148 "-" "Mozilla/5.0 (compatible; Bytespider; https://zhanzhang.toutiao.com/) AppleWebKit/537.36 (KHTML, like Gecko) Chrome/70.0.0.0 Safari/537.36"
111.6.230.203 - - [02/Feb/2026:05:28:48 +0800] "GET /api/auth/session HTTP/1.1" 200 35 "https://www.shudaxia.com/news/duo-dian-fen-bie-dian-ji-de-lian-dian-qi.html" "Mozilla/5.0 (compatible; Bytespider; https://zhanzhang.toutiao.com/) AppleWebKit/537.36 (KHTML, like Gecko) Chrome/70.0.0.0 Safari/537.36"
111.6.230.164 - - [02/Feb/2026:05:28:48 +0800] "GET /api/latest-version?platform=2 HTTP/1.1" 200 152 "https://www.shudaxia.com/news/duo-dian-fen-bie-dian-ji-de-lian-dian-qi.html" "Mozilla/5.0 (compatible; Bytespider; https://zhanzhang.toutiao.com/) AppleWebKit/537.36 (KHTML, like Gecko) Chrome/70.0.0.0 Safari/537.36"
111.6.230.203 - - [02/Feb/2026:05:28:48 +0800] "GET /api/latest-version?platform=3 HTTP/1.1" 200 166 "https://www.shudaxia.com/news/duo-dian-fen-bie-dian-ji-de-lian-dian-qi.html" "Mozilla/5.0 (compatible; Bytespider; https://zhanzhang.toutiao.com/) AppleWebKit/537.36 (KHTML, like Gecko) Chrome/70.0.0.0 Safari/537.36"
111.6.230.165 - - [02/Feb/2026:05:28:48 +0800] "GET /api/footer-links HTTP/1.1" 200 535 "https://www.shudaxia.com/news/duo-dian-fen-bie-dian-ji-de-lian-dian-qi.html" "Mozilla/5.0 (compatible; Bytespider; https://zhanzhang.toutiao.com/) AppleWebKit/537.36 (KHTML, like Gecko) Chrome/70.0.0.0 Safari/537.36"
111.6.230.171 - - [02/Feb/2026:05:28:48 +0800] "GET /mobile?_rsc=10khg HTTP/1.1" 308 22 "https://www.shudaxia.com/news/duo-dian-fen-bie-dian-ji-de-lian-dian-qi.html" "Mozilla/5.0 (compatible; Bytespider; https://zhanzhang.toutiao.com/) AppleWebKit/537.36 (KHTML, like Gecko) Chrome/70.0.0.0 Safari/537.36"
111.6.230.158 - - [02/Feb/2026:05:28:48 +0800] "POST /api/articles/49/view HTTP/1.1" 200 2064 "https://www.shudaxia.com/news/duo-dian-fen-bie-dian-ji-de-lian-dian-qi.html" "Mozilla/5.0 (compatible; Bytespider; https://zhanzhang.toutiao.com/) AppleWebKit/537.36 (KHTML, like Gecko) Chrome/70.0.0.0 Safari/537.36"
111.6.230.194 - - [02/Feb/2026:05:28:48 +0800] "GET /?_rsc=10khg HTTP/1.1" 200 144 "https://www.shudaxia.com/news/duo-dian-fen-bie-dian-ji-de-lian-dian-qi.html" "Mozilla/5.0 (compatible; Bytespider; https://zhanzhang.toutiao.com/) AppleWebKit/537.36 (KHTML, like Gecko) Chrome/70.0.0.0 Safari/537.36"
111.6.230.214 - - [02/Feb/2026:05:28:48 +0800] "GET /video?_rsc=10khg HTTP/1.1" 308 21 "https://www.shudaxia.com/news/duo-dian-fen-bie-dian-ji-de-lian-dian-qi.html" "Mozilla/5.0 (compatible; Bytespider; https://zhanzhang.toutiao.com/) AppleWebKit/537.36 (KHTML, like Gecko) Chrome/70.0.0.0 Safari/537.36"
111.6.230.232 - - [02/Feb/2026:05:28:48 +0800] "GET /doc/p1?_rsc=10khg HTTP/1.1" 308 22 "https://www.shudaxia.com/news/duo-dian-fen-bie-dian-ji-de-lian-dian-qi.html" "Mozilla/5.0 (compatible; Bytespider; https://zhanzhang.toutiao.com/) AppleWebKit/537.36 (KHTML, like Gecko) Chrome/70.0.0.0 Safari/537.36"
111.6.230.231 - - [02/Feb/2026:05:28:48 +0800] "GET /mouse-keyboard-test?_rsc=10khg HTTP/1.1" 308 36 "https://www.shudaxia.com/news/duo-dian-fen-bie-dian-ji-de-lian-dian-qi.html" "Mozilla/5.0 (compatible; Bytespider; https://zhanzhang.toutiao.com/) AppleWebKit/537.36 (KHTML, like Gecko) Chrome/70.0.0.0 Safari/537.36"
111.6.230.203 - - [02/Feb/2026:05:28:48 +0800] "GET /api/auth/session HTTP/1.1" 200 35 "https://www.shudaxia.com/news/duo-dian-fen-bie-dian-ji-de-lian-dian-qi.html" "Mozilla/5.0 (compatible; Bytespider; https://zhanzhang.toutiao.com/) AppleWebKit/537.36 (KHTML, like Gecko) Chrome/70.0.0.0 Safari/537.36"
111.6.230.164 - - [02/Feb/2026:05:28:48 +0800] "GET /api/latest-version?platform=2 HTTP/1.1" 200 152 "https://www.shudaxia.com/news/duo-dian-fen-bie-dian-ji-de-lian-dian-qi.html" "Mozilla/5.0 (compatible; Bytespider; https://zhanzhang.toutiao.com/) AppleWebKit/537.36 (KHTML, like Gecko) Chrome/70.0.0.0 Safari/537.36"
111.6.230.203 - - [02/Feb/2026:05:28:48 +0800] "GET /api/latest-version?platform=3 HTTP/1.1" 200 166 "https://www.shudaxia.com/news/duo-dian-fen-bie-dian-ji-de-lian-dian-qi.html" "Mozilla/5.0 (compatible; Bytespider; https://zhanzhang.toutiao.com/) AppleWebKit/537.36 (KHTML, like Gecko) Chrome/70.0.0.0 Safari/537.36"
111.6.230.213 - - [02/Feb/2026:05:28:48 +0800] "GET /doc/p1.html HTTP/1.1" 200 168 "https://www.shudaxia.com/news/duo-dian-fen-bie-dian-ji-de-lian-dian-qi.html" "Mozilla/5.0 (compatible; Bytespider; https://zhanzhang.toutiao.com/) AppleWebKit/537.36 (KHTML, like Gecko) Chrome/70.0.0.0 Safari/537.36"
111.6.230.150 - - [02/Feb/2026:05:28:48 +0800] "GET /cpstest?_rsc=10khg HTTP/1.1" 308 23 "https://www.shudaxia.com/news/duo-dian-fen-bie-dian-ji-de-lian-dian-qi.html" "Mozilla/5.0 (compatible; Bytespider; https://zhanzhang.toutiao.com/) AppleWebKit/537.36 (KHTML, like Gecko) Chrome/70.0.0.0 Safari/537.36"
111.6.230.171 - - [02/Feb/2026:05:28:48 +0800] "GET /mouse-click-train?_rsc=10khg HTTP/1.1" 308 34 "https://www.shudaxia.com/news/duo-dian-fen-bie-dian-ji-de-lian-dian-qi.html" "Mozilla/5.0 (compatible; Bytespider; https://zhanzhang.toutiao.com/) AppleWebKit/537.36 (KHTML, like Gecko) Chrome/70.0.0.0 Safari/537.36"
111.6.230.216 - - [02/Feb/2026:05:28:48 +0800] "GET /scriptdiy?_rsc=10khg HTTP/1.1" 308 25 "https://www.shudaxia.com/news/duo-dian-fen-bie-dian-ji-de-lian-dian-qi.html" "Mozilla/5.0 (compatible; Bytespider; https://zhanzhang.toutiao.com/) AppleWebKit/537.36 (KHTML, like Gecko) Chrome/70.0.0.0 Safari/537.36"
111.6.230.216 - - [02/Feb/2026:05:28:48 +0800] "GET /feedback?_rsc=10khg HTTP/1.1" 308 24 "https://www.shudaxia.com/news/duo-dian-fen-bie-dian-ji-de-lian-dian-qi.html" "Mozilla/5.0 (compatible; Bytespider; https://zhanzhang.toutiao.com/) AppleWebKit/537.36 (KHTML, like Gecko) Chrome/70.0.0.0 Safari/537.36"
111.6.230.205 - - [02/Feb/2026:05:28:48 +0800] "GET /doc/quickstart/p1?_rsc=10khg HTTP/1.1" 308 34 "https://www.shudaxia.com/news/duo-dian-fen-bie-dian-ji-de-lian-dian-qi.html" "Mozilla/5.0 (compatible; Bytespider; https://zhanzhang.toutiao.com/) AppleWebKit/537.36 (KHTML, like Gecko) Chrome/70.0.0.0 Safari/537.36"
111.6.230.198 - - [02/Feb/2026:05:28:49 +0800] "GET /doc/practice/p1?_rsc=10khg HTTP/1.1" 308 32 "https://www.shudaxia.com/news/duo-dian-fen-bie-dian-ji-de-lian-dian-qi.html" "Mozilla/5.0 (compatible; Bytespider; https://zhanzhang.toutiao.com/) AppleWebKit/537.36 (KHTML, like Gecko) Chrome/70.0.0.0 Safari/537.36"
111.6.230.211 - - [02/Feb/2026:05:28:49 +0800] "GET /doc/advanced/p1?_rsc=10khg HTTP/1.1" 308 32 "https://www.shudaxia.com/news/duo-dian-fen-bie-dian-ji-de-lian-dian-qi.html" "Mozilla/5.0 (compatible; Bytespider; https://zhanzhang.toutiao.com/) AppleWebKit/537.36 (KHTML, like Gecko) Chrome/70.0.0.0 Safari/537.36"
111.6.230.170 - - [02/Feb/2026:05:28:49 +0800] "GET /doc/quickstart/p1.html HTTP/1.1" 200 177 "https://www.shudaxia.com/news/duo-dian-fen-bie-dian-ji-de-lian-dian-qi.html" "Mozilla/5.0 (compatible; Bytespider; https://zhanzhang.toutiao.com/) AppleWebKit/537.36 (KHTML, like Gecko) Chrome/70.0.0.0 Safari/537.36"
111.6.230.209 - - [02/Feb/2026:05:28:49 +0800] "GET /news/p1?_rsc=10khg HTTP/1.1" 308 23 "https://www.shudaxia.com/news/duo-dian-fen-bie-dian-ji-de-lian-dian-qi.html" "Mozilla/5.0 (compatible; Bytespider; https://zhanzhang.toutiao.com/) AppleWebKit/537.36 (KHTML, like Gecko) Chrome/70.0.0.0 Safari/537.36"
111.6.230.160 - - [02/Feb/2026:05:28:49 +0800] "GET /news/tools/p1?_rsc=10khg HTTP/1.1" 308 30 "https://www.shudaxia.com/news/duo-dian-fen-bie-dian-ji-de-lian-dian-qi.html" "Mozilla/5.0 (compatible; Bytespider; https://zhanzhang.toutiao.com/) AppleWebKit/537.36 (KHTML, like Gecko) Chrome/70.0.0.0 Safari/537.36"
111.6.230.177 - - [02/Feb/2026:05:28:49 +0800] "GET /doc/practice/p1.html HTTP/1.1" 200 176 "https://www.shudaxia.com/news/duo-dian-fen-bie-dian-ji-de-lian-dian-qi.html" "Mozilla/5.0 (compatible; Bytespider; https://zhanzhang.toutiao.com/) AppleWebKit/537.36 (KHTML, like Gecko) Chrome/70.0.0.0 Safari/537.36"
111.6.230.155 - - [02/Feb/2026:05:28:49 +0800] "GET /doc/advanced/p1.html HTTP/1.1" 200 175 "https://www.shudaxia.com/news/duo-dian-fen-bie-dian-ji-de-lian-dian-qi.html" "Mozilla/5.0 (compatible; Bytespider; https://zhanzhang.toutiao.com/) AppleWebKit/537.36 (KHTML, like Gecko) Chrome/70.0.0.0 Safari/537.36"
111.6.230.165 - - [02/Feb/2026:05:28:49 +0800] "GET /news/tutorial/p1?_rsc=10khg HTTP/1.1" 308 33 "https://www.shudaxia.com/news/duo-dian-fen-bie-dian-ji-de-lian-dian-qi.html" "Mozilla/5.0 (compatible; Bytespider; https://zhanzhang.toutiao.com/) AppleWebKit/537.36 (KHTML, like Gecko) Chrome/70.0.0.0 Safari/537.36"
111.6.230.223 - - [02/Feb/2026:05:28:49 +0800] "GET /news/tools/p1.html HTTP/1.1" 200 174 "https://www.shudaxia.com/news/duo-dian-fen-bie-dian-ji-de-lian-dian-qi.html" "Mozilla/5.0 (compatible; Bytespider; https://zhanzhang.toutiao.com/) AppleWebKit/537.36 (KHTML, like Gecko) Chrome/70.0.0.0 Safari/537.36"
111.6.230.158 - - [02/Feb/2026:05:28:49 +0800] "GET /news/p1.html HTTP/1.1" 200 168 "https://www.shudaxia.com/news/duo-dian-fen-bie-dian-ji-de-lian-dian-qi.html" "Mozilla/5.0 (compatible; Bytespider; https://zhanzhang.toutiao.com/) AppleWebKit/537.36 (KHTML, like Gecko) Chrome/70.0.0.0 Safari/537.36"
111.6.230.199 - - [02/Feb/2026:05:28:49 +0800] "GET /faq/p1?_rsc=10khg HTTP/1.1" 308 22 "https://www.shudaxia.com/news/duo-dian-fen-bie-dian-ji-de-lian-dian-qi.html" "Mozilla/5.0 (compatible; Bytespider; https://zhanzhang.toutiao.com/) AppleWebKit/537.36 (KHTML, like Gecko) Chrome/70.0.0.0 Safari/537.36"
111.6.230.198 - - [02/Feb/2026:05:28:49 +0800] "GET /news/version/p1?_rsc=10khg HTTP/1.1" 308 32 "https://www.shudaxia.com/news/duo-dian-fen-bie-dian-ji-de-lian-dian-qi.html" "Mozilla/5.0 (compatible; Bytespider; https://zhanzhang.toutiao.com/) AppleWebKit/537.36 (KHTML, like Gecko) Chrome/70.0.0.0 Safari/537.36"
111.6.230.207 - - [02/Feb/2026:05:28:49 +0800] "GET /news/tutorial/p1.html HTTP/1.1" 200 176 "https://www.shudaxia.com/news/duo-dian-fen-bie-dian-ji-de-lian-dian-qi.html" "Mozilla/5.0 (compatible; Bytespider; https://zhanzhang.toutiao.com/) AppleWebKit/537.36 (KHTML, like Gecko) Chrome/70.0.0.0 Safari/537.36"
111.6.230.168 - - [02/Feb/2026:05:28:49 +0800] "GET /faq/troubleshooting/p1?_rsc=10khg HTTP/1.1" 308 39 "https://www.shudaxia.com/news/duo-dian-fen-bie-dian-ji-de-lian-dian-qi.html" "Mozilla/5.0 (compatible; Bytespider; https://zhanzhang.toutiao.com/) AppleWebKit/537.36 (KHTML, like Gecko) Chrome/70.0.0.0 Safari/537.36"
111.6.230.173 - - [02/Feb/2026:05:28:49 +0800] "GET /faq/version/p1?_rsc=10khg HTTP/1.1" 308 31 "https://www.shudaxia.com/news/duo-dian-fen-bie-dian-ji-de-lian-dian-qi.html" "Mozilla/5.0 (compatible; Bytespider; https://zhanzhang.toutiao.com/) AppleWebKit/537.36 (KHTML, like Gecko) Chrome/70.0.0.0 Safari/537.36"
111.6.230.178 - - [02/Feb/2026:05:28:49 +0800] "GET /news/version/p1.html HTTP/1.1" 200 176 "https://www.shudaxia.com/news/duo-dian-fen-bie-dian-ji-de-lian-dian-qi.html" "Mozilla/5.0 (compatible; Bytespider; https://zhanzhang.toutiao.com/) AppleWebKit/537.36 (KHTML, like Gecko) Chrome/70.0.0.0 Safari/537.36"
111.6.230.155 - - [02/Feb/2026:05:28:49 +0800] "GET /faq/p1.html HTTP/1.1" 200 168 "https://www.shudaxia.com/news/duo-dian-fen-bie-dian-ji-de-lian-dian-qi.html" "Mozilla/5.0 (compatible; Bytespider; https://zhanzhang.toutiao.com/) AppleWebKit/537.36 (KHTML, like Gecko) Chrome/70.0.0.0 Safari/537.36"
111.6.230.194 - - [02/Feb/2026:05:28:49 +0800] "GET /faq/usage/p1?_rsc=10khg HTTP/1.1" 308 29 "https://www.shudaxia.com/news/duo-dian-fen-bie-dian-ji-de-lian-dian-qi.html" "Mozilla/5.0 (compatible; Bytespider; https://zhanzhang.toutiao.com/) AppleWebKit/537.36 (KHTML, like Gecko) Chrome/70.0.0.0 Safari/537.36"
111.6.230.157 - - [02/Feb/2026:05:28:49 +0800] "GET /faq/version/p1.html HTTP/1.1" 200 175 "https://www.shudaxia.com/news/duo-dian-fen-bie-dian-ji-de-lian-dian-qi.html" "Mozilla/5.0 (compatible; Bytespider; https://zhanzhang.toutiao.com/) AppleWebKit/537.36 (KHTML, like Gecko) Chrome/70.0.0.0 Safari/537.36"
111.6.230.178 - - [02/Feb/2026:05:28:49 +0800] "GET /faq/troubleshooting/p1.html HTTP/1.1" 200 181 "https://www.shudaxia.com/news/duo-dian-fen-bie-dian-ji-de-lian-dian-qi.html" "Mozilla/5.0 (compatible; Bytespider; https://zhanzhang.toutiao.com/) AppleWebKit/537.36 (KHTML, like Gecko) Chrome/70.0.0.0 Safari/537.36"
111.6.230.157 - - [02/Feb/2026:05:28:49 +0800] "GET /news?_rsc=10khg HTTP/1.1" 308 20 "https://www.shudaxia.com/news/duo-dian-fen-bie-dian-ji-de-lian-dian-qi.html" "Mozilla/5.0 (compatible; Bytespider; https://zhanzhang.toutiao.com/) AppleWebKit/537.36 (KHTML, like Gecko) Chrome/70.0.0.0 Safari/537.36"
111.6.230.215 - - [02/Feb/2026:05:28:49 +0800] "GET /faq/usage/p1.html HTTP/1.1" 200 173 "https://www.shudaxia.com/news/duo-dian-fen-bie-dian-ji-de-lian-dian-qi.html" "Mozilla/5.0 (compatible; Bytespider; https://zhanzhang.toutiao.com/) AppleWebKit/537.36 (KHTML, like Gecko) Chrome/70.0.0.0 Safari/537.36"
111.6.230.230 - - [02/Feb/2026:05:28:49 +0800] "GET /news.html HTTP/1.1" 200 165 "https://www.shudaxia.com/news/duo-dian-fen-bie-dian-ji-de-lian-dian-qi.html" "Mozilla/5.0 (compatible; Bytespider; https://zhanzhang.toutiao.com/) AppleWebKit/537.36 (KHTML, like Gecko) Chrome/70.0.0.0 Safari/537.36"
111.6.230.203 - - [02/Feb/2026:05:36:39 +0800] "GET /api/auth/session HTTP/1.1" 200 35 "https://www.shudaxia.com/mobile.html" "Mozilla/5.0 (iPhone; CPU iPhone OS 9_1 like Mac OS X) AppleWebKit/601.1.46 (KHTML, like Gecko) Version/9.0 Mobile/13B143 Safari/601.1 (compatible; Baiduspider-render/2.0; +http://www.baidu.com/search/spider.html)"
