180.97.210.192 - - [24/Jan/2026:04:48:34 +0800] "GET /api/auth/session HTTP/1.1" 200 35 "https://www.shudaxia.com/news/p1.html" "Mozilla/5.0 (Windows NT 10.0; Win64; x64) AppleWebKit/537.36 (KHTML, like Gecko) Chrome/140.0.0.0 Safari/537.36 Edg/140.0.0.0; 360Spider"
180.97.210.182 - - [24/Jan/2026:04:48:34 +0800] "GET /news/tutorial/p1.html HTTP/1.1" 200 176 "https://www.shudaxia.com/news/changan-zidong-liandianqi-shezhi.html" "Mozilla/5.0 (Windows NT 10.0; Win64; x64) AppleWebKit/537.36 (KHTML, like Gecko) Chrome/140.0.0.0 Safari/537.36 Edg/140.0.0.0; 360Spider"
180.97.210.161 - - [24/Jan/2026:04:48:34 +0800] "GET /faq/kuai-su-dian-ji-qi?_rsc=ek2px HTTP/1.1" 308 39 "https://www.shudaxia.com/faq/p1.html" "Mozilla/5.0 (Windows NT 10.0; Win64; x64) AppleWebKit/537.36 (KHTML, like Gecko) Chrome/140.0.0.0 Safari/537.36 Edg/140.0.0.0; 360Spider"
180.97.210.185 - - [24/Jan/2026:04:48:34 +0800] "GET /faq/shudaxianew?_rsc=ek2px HTTP/1.1" 308 32 "https://www.shudaxia.com/faq/p1.html" "Mozilla/5.0 (Windows NT 10.0; Win64; x64) AppleWebKit/537.36 (KHTML, like Gecko) Chrome/140.0.0.0 Safari/537.36 Edg/140.0.0.0; 360Spider"
180.97.210.161 - - [24/Jan/2026:04:48:34 +0800] "GET /faq/houtaidianji?_rsc=ek2px HTTP/1.1" 308 33 "https://www.shudaxia.com/faq/p1.html" "Mozilla/5.0 (Windows NT 10.0; Win64; x64) AppleWebKit/537.36 (KHTML, like Gecko) Chrome/140.0.0.0 Safari/537.36 Edg/140.0.0.0; 360Spider"
180.97.210.188 - - [24/Jan/2026:04:48:34 +0800] "GET /faq/zhaotu?_rsc=ek2px HTTP/1.1" 308 27 "https://www.shudaxia.com/faq/p1.html" "Mozilla/5.0 (Windows NT 10.0; Win64; x64) AppleWebKit/537.36 (KHTML, like Gecko) Chrome/140.0.0.0 Safari/537.36 Edg/140.0.0.0; 360Spider"
180.97.210.165 - - [24/Jan/2026:04:48:34 +0800] "GET /faq/shezhi-shubiao-liandianqi-xunhuan-dianji?_rsc=ek2px HTTP/1.1" 308 61 "https://www.shudaxia.com/faq/p1.html" "Mozilla/5.0 (Windows NT 10.0; Win64; x64) AppleWebKit/537.36 (KHTML, like Gecko) Chrome/140.0.0.0 Safari/537.36 Edg/140.0.0.0; 360Spider"
180.97.210.195 - - [24/Jan/2026:04:48:34 +0800] "GET /news/version/p1.html HTTP/1.1" 200 176 "https://www.shudaxia.com/news/changan-zidong-liandianqi-shezhi.html" "Mozilla/5.0 (Windows NT 10.0; Win64; x64) AppleWebKit/537.36 (KHTML, like Gecko) Chrome/140.0.0.0 Safari/537.36 Edg/140.0.0.0; 360Spider"
180.97.210.174 - - [24/Jan/2026:04:48:34 +0800] "GET /news/tools/p1.html HTTP/1.1" 200 174 "https://www.shudaxia.com/news/changan-zidong-liandianqi-shezhi.html" "Mozilla/5.0 (Windows NT 10.0; Win64; x64) AppleWebKit/537.36 (KHTML, like Gecko) Chrome/140.0.0.0 Safari/537.36 Edg/140.0.0.0; 360Spider"
180.97.210.156 - - [24/Jan/2026:04:48:34 +0800] "GET /faq/p1?_rsc=10ss7 HTTP/1.1" 308 22 "https://www.shudaxia.com/news/changan-zidong-liandianqi-shezhi.html" "Mozilla/5.0 (Windows NT 10.0; Win64; x64) AppleWebKit/537.36 (KHTML, like Gecko) Chrome/140.0.0.0 Safari/537.36 Edg/140.0.0.0; 360Spider"
180.97.210.195 - - [24/Jan/2026:04:48:34 +0800] "GET /faq/kuai-su-dian-ji-qi.html HTTP/1.1" 200 179 "https://www.shudaxia.com/faq/p1.html" "Mozilla/5.0 (Windows NT 10.0; Win64; x64) AppleWebKit/537.36 (KHTML, like Gecko) Chrome/140.0.0.0 Safari/537.36 Edg/140.0.0.0; 360Spider"
180.97.210.173 - - [24/Jan/2026:04:48:34 +0800] "GET /faq/houtaidianji.html HTTP/1.1" 200 176 "https://www.shudaxia.com/faq/p1.html" "Mozilla/5.0 (Windows NT 10.0; Win64; x64) AppleWebKit/537.36 (KHTML, like Gecko) Chrome/140.0.0.0 Safari/537.36 Edg/140.0.0.0; 360Spider"
180.97.210.218 - - [24/Jan/2026:04:48:34 +0800] "GET /faq/zhaotu.html HTTP/1.1" 200 172 "https://www.shudaxia.com/faq/p1.html" "Mozilla/5.0 (Windows NT 10.0; Win64; x64) AppleWebKit/537.36 (KHTML, like Gecko) Chrome/140.0.0.0 Safari/537.36 Edg/140.0.0.0; 360Spider"
180.97.210.198 - - [24/Jan/2026:04:48:34 +0800] "GET /faq/shezhi-shubiao-liandianqi-xunhuan-dianji.html HTTP/1.1" 200 195 "https://www.shudaxia.com/faq/p1.html" "Mozilla/5.0 (Windows NT 10.0; Win64; x64) AppleWebKit/537.36 (KHTML, like Gecko) Chrome/140.0.0.0 Safari/537.36 Edg/140.0.0.0; 360Spider"
180.97.210.150 - - [24/Jan/2026:04:48:34 +0800] "GET /faq/shudaxianew.html HTTP/1.1" 200 175 "https://www.shudaxia.com/faq/p1.html" "Mozilla/5.0 (Windows NT 10.0; Win64; x64) AppleWebKit/537.36 (KHTML, like Gecko) Chrome/140.0.0.0 Safari/537.36 Edg/140.0.0.0; 360Spider"
180.97.210.152 - - [24/Jan/2026:04:48:34 +0800] "GET /faq/version/p1?_rsc=10ss7 HTTP/1.1" 308 31 "https://www.shudaxia.com/news/changan-zidong-liandianqi-shezhi.html" "Mozilla/5.0 (Windows NT 10.0; Win64; x64) AppleWebKit/537.36 (KHTML, like Gecko) Chrome/140.0.0.0 Safari/537.36 Edg/140.0.0.0; 360Spider"
180.97.210.175 - - [24/Jan/2026:04:48:34 +0800] "GET /faq/p1?_rsc=1vgzo HTTP/1.1" 308 22 "https://www.shudaxia.com/news/yimiao-yibaixia-zidong-dianjiqi.html" "Mozilla/5.0 (Windows NT 10.0; Win64; x64) AppleWebKit/537.36 (KHTML, like Gecko) Chrome/140.0.0.0 Safari/537.36 Edg/140.0.0.0; 360Spider"
180.97.210.184 - - [24/Jan/2026:04:48:34 +0800] "GET /faq/version/p1?_rsc=1vgzo HTTP/1.1" 308 31 "https://www.shudaxia.com/news/yimiao-yibaixia-zidong-dianjiqi.html" "Mozilla/5.0 (Windows NT 10.0; Win64; x64) AppleWebKit/537.36 (KHTML, like Gecko) Chrome/140.0.0.0 Safari/537.36 Edg/140.0.0.0; 360Spider"
180.97.210.180 - - [24/Jan/2026:04:48:34 +0800] "GET /faq/troubleshooting/p1?_rsc=10ss7 HTTP/1.1" 308 39 "https://www.shudaxia.com/news/changan-zidong-liandianqi-shezhi.html" "Mozilla/5.0 (Windows NT 10.0; Win64; x64) AppleWebKit/537.36 (KHTML, like Gecko) Chrome/140.0.0.0 Safari/537.36 Edg/140.0.0.0; 360Spider"
180.97.210.191 - - [24/Jan/2026:04:48:34 +0800] "GET /faq/usage/p1?_rsc=10ss7 HTTP/1.1" 308 29 "https://www.shudaxia.com/news/changan-zidong-liandianqi-shezhi.html" "Mozilla/5.0 (Windows NT 10.0; Win64; x64) AppleWebKit/537.36 (KHTML, like Gecko) Chrome/140.0.0.0 Safari/537.36 Edg/140.0.0.0; 360Spider"
180.97.210.152 - - [24/Jan/2026:04:48:34 +0800] "GET /faq/p1.html HTTP/1.1" 200 168 "https://www.shudaxia.com/news/changan-zidong-liandianqi-shezhi.html" "Mozilla/5.0 (Windows NT 10.0; Win64; x64) AppleWebKit/537.36 (KHTML, like Gecko) Chrome/140.0.0.0 Safari/537.36 Edg/140.0.0.0; 360Spider"
180.97.210.197 - - [24/Jan/2026:04:48:34 +0800] "GET /news?_rsc=10ss7 HTTP/1.1" 308 20 "https://www.shudaxia.com/news/changan-zidong-liandianqi-shezhi.html" "Mozilla/5.0 (Windows NT 10.0; Win64; x64) AppleWebKit/537.36 (KHTML, like Gecko) Chrome/140.0.0.0 Safari/537.36 Edg/140.0.0.0; 360Spider"
180.97.210.175 - - [24/Jan/2026:04:48:35 +0800] "GET /faq/version/p1.html HTTP/1.1" 200 175 "https://www.shudaxia.com/news/changan-zidong-liandianqi-shezhi.html" "Mozilla/5.0 (Windows NT 10.0; Win64; x64) AppleWebKit/537.36 (KHTML, like Gecko) Chrome/140.0.0.0 Safari/537.36 Edg/140.0.0.0; 360Spider"
180.97.210.149 - - [24/Jan/2026:04:48:35 +0800] "GET /faq/troubleshooting/p1.html HTTP/1.1" 200 181 "https://www.shudaxia.com/news/changan-zidong-liandianqi-shezhi.html" "Mozilla/5.0 (Windows NT 10.0; Win64; x64) AppleWebKit/537.36 (KHTML, like Gecko) Chrome/140.0.0.0 Safari/537.36 Edg/140.0.0.0; 360Spider"
180.97.210.216 - - [24/Jan/2026:04:48:35 +0800] "GET /faq/usage/p1.html HTTP/1.1" 200 173 "https://www.shudaxia.com/news/changan-zidong-liandianqi-shezhi.html" "Mozilla/5.0 (Windows NT 10.0; Win64; x64) AppleWebKit/537.36 (KHTML, like Gecko) Chrome/140.0.0.0 Safari/537.36 Edg/140.0.0.0; 360Spider"
180.97.210.167 - - [24/Jan/2026:04:48:35 +0800] "GET /news.html HTTP/1.1" 200 165 "https://www.shudaxia.com/news/changan-zidong-liandianqi-shezhi.html" "Mozilla/5.0 (Windows NT 10.0; Win64; x64) AppleWebKit/537.36 (KHTML, like Gecko) Chrome/140.0.0.0 Safari/537.36 Edg/140.0.0.0; 360Spider"
180.97.210.206 - - [24/Jan/2026:04:48:35 +0800] "GET /doc/p1.html HTTP/1.1" 200 168 "https://www.shudaxia.com/news/p1.html" "Mozilla/5.0 (Windows NT 10.0; Win64; x64) AppleWebKit/537.36 (KHTML, like Gecko) Chrome/140.0.0.0 Safari/537.36 Edg/140.0.0.0; 360Spider"
180.97.210.220 - - [24/Jan/2026:04:48:35 +0800] "GET /cpstest?_rsc=fb6cu HTTP/1.1" 308 23 "https://www.shudaxia.com/news/p1.html" "Mozilla/5.0 (Windows NT 10.0; Win64; x64) AppleWebKit/537.36 (KHTML, like Gecko) Chrome/140.0.0.0 Safari/537.36 Edg/140.0.0.0; 360Spider"
180.97.210.195 - - [24/Jan/2026:04:48:35 +0800] "GET /news/version/p1.html HTTP/1.1" 200 176 "https://www.shudaxia.com/news/yimiao-yibaixia-zidong-dianjiqi.html" "Mozilla/5.0 (Windows NT 10.0; Win64; x64) AppleWebKit/537.36 (KHTML, like Gecko) Chrome/140.0.0.0 Safari/537.36 Edg/140.0.0.0; 360Spider"
180.97.210.155 - - [24/Jan/2026:04:48:35 +0800] "GET /faq/troubleshooting/p1?_rsc=1vgzo HTTP/1.1" 308 39 "https://www.shudaxia.com/news/yimiao-yibaixia-zidong-dianjiqi.html" "Mozilla/5.0 (Windows NT 10.0; Win64; x64) AppleWebKit/537.36 (KHTML, like Gecko) Chrome/140.0.0.0 Safari/537.36 Edg/140.0.0.0; 360Spider"
180.97.210.150 - - [24/Jan/2026:04:48:35 +0800] "GET /faq/usage/p1?_rsc=1vgzo HTTP/1.1" 308 29 "https://www.shudaxia.com/news/yimiao-yibaixia-zidong-dianjiqi.html" "Mozilla/5.0 (Windows NT 10.0; Win64; x64) AppleWebKit/537.36 (KHTML, like Gecko) Chrome/140.0.0.0 Safari/537.36 Edg/140.0.0.0; 360Spider"
180.97.210.152 - - [24/Jan/2026:04:48:36 +0800] "GET /faq/p1.html HTTP/1.1" 200 168 "https://www.shudaxia.com/news/yimiao-yibaixia-zidong-dianjiqi.html" "Mozilla/5.0 (Windows NT 10.0; Win64; x64) AppleWebKit/537.36 (KHTML, like Gecko) Chrome/140.0.0.0 Safari/537.36 Edg/140.0.0.0; 360Spider"
180.97.210.175 - - [24/Jan/2026:04:48:36 +0800] "GET /faq/version/p1.html HTTP/1.1" 200 175 "https://www.shudaxia.com/news/yimiao-yibaixia-zidong-dianjiqi.html" "Mozilla/5.0 (Windows NT 10.0; Win64; x64) AppleWebKit/537.36 (KHTML, like Gecko) Chrome/140.0.0.0 Safari/537.36 Edg/140.0.0.0; 360Spider"
180.97.210.219 - - [24/Jan/2026:04:48:36 +0800] "GET /mouse-click-train?_rsc=fb6cu HTTP/1.1" 308 34 "https://www.shudaxia.com/news/p1.html" "Mozilla/5.0 (Windows NT 10.0; Win64; x64) AppleWebKit/537.36 (KHTML, like Gecko) Chrome/140.0.0.0 Safari/537.36 Edg/140.0.0.0; 360Spider"
180.97.210.149 - - [24/Jan/2026:04:48:36 +0800] "GET /faq/troubleshooting/p1.html HTTP/1.1" 200 181 "https://www.shudaxia.com/news/yimiao-yibaixia-zidong-dianjiqi.html" "Mozilla/5.0 (Windows NT 10.0; Win64; x64) AppleWebKit/537.36 (KHTML, like Gecko) Chrome/140.0.0.0 Safari/537.36 Edg/140.0.0.0; 360Spider"
180.97.210.198 - - [24/Jan/2026:04:48:36 +0800] "GET /news?_rsc=1vgzo HTTP/1.1" 308 20 "https://www.shudaxia.com/news/yimiao-yibaixia-zidong-dianjiqi.html" "Mozilla/5.0 (Windows NT 10.0; Win64; x64) AppleWebKit/537.36 (KHTML, like Gecko) Chrome/140.0.0.0 Safari/537.36 Edg/140.0.0.0; 360Spider"
180.97.210.216 - - [24/Jan/2026:04:48:36 +0800] "GET /faq/usage/p1.html HTTP/1.1" 200 173 "https://www.shudaxia.com/news/yimiao-yibaixia-zidong-dianjiqi.html" "Mozilla/5.0 (Windows NT 10.0; Win64; x64) AppleWebKit/537.36 (KHTML, like Gecko) Chrome/140.0.0.0 Safari/537.36 Edg/140.0.0.0; 360Spider"
180.97.210.167 - - [24/Jan/2026:04:48:37 +0800] "GET /news.html HTTP/1.1" 200 165 "https://www.shudaxia.com/news/yimiao-yibaixia-zidong-dianjiqi.html" "Mozilla/5.0 (Windows NT 10.0; Win64; x64) AppleWebKit/537.36 (KHTML, like Gecko) Chrome/140.0.0.0 Safari/537.36 Edg/140.0.0.0; 360Spider"
180.97.210.162 - - [24/Jan/2026:04:48:37 +0800] "GET /news/yimiao-yibaixia-zidong-dianjiqi.html HTTP/1.1" 200 16445 "-" "Mozilla/5.0 (Windows NT 10.0; Win64; x64) AppleWebKit/537.36 (KHTML, like Gecko) Chrome/140.0.0.0 Safari/537.36 Edg/140.0.0.0; 360Spider"
180.97.210.210 - - [24/Jan/2026:04:48:39 +0800] "GET /scriptdiy?_rsc=fb6cu HTTP/1.1" 308 25 "https://www.shudaxia.com/news/p1.html" "Mozilla/5.0 (Windows NT 10.0; Win64; x64) AppleWebKit/537.36 (KHTML, like Gecko) Chrome/140.0.0.0 Safari/537.36 Edg/140.0.0.0; 360Spider"
180.97.210.157 - - [24/Jan/2026:04:48:39 +0800] "GET /feedback?_rsc=fb6cu HTTP/1.1" 308 24 "https://www.shudaxia.com/news/p1.html" "Mozilla/5.0 (Windows NT 10.0; Win64; x64) AppleWebKit/537.36 (KHTML, like Gecko) Chrome/140.0.0.0 Safari/537.36 Edg/140.0.0.0; 360Spider"
180.97.210.167 - - [24/Jan/2026:04:48:39 +0800] "GET /doc/quickstart/p1?_rsc=fb6cu HTTP/1.1" 308 34 "https://www.shudaxia.com/news/p1.html" "Mozilla/5.0 (Windows NT 10.0; Win64; x64) AppleWebKit/537.36 (KHTML, like Gecko) Chrome/140.0.0.0 Safari/537.36 Edg/140.0.0.0; 360Spider"
180.97.210.185 - - [24/Jan/2026:04:48:39 +0800] "GET /doc/quickstart/p1.html HTTP/1.1" 200 177 "https://www.shudaxia.com/news/shu-biao-lian-dian-qi-lv-se-ban.html" "Mozilla/5.0 (Windows NT 10.0; Win64; x64) AppleWebKit/537.36 (KHTML, like Gecko) Chrome/140.0.0.0 Safari/537.36 Edg/140.0.0.0; 360Spider"
180.97.210.149 - - [24/Jan/2026:04:48:39 +0800] "GET /doc/practice/p1?_rsc=wc2y2 HTTP/1.1" 308 32 "https://www.shudaxia.com/news/shu-biao-lian-dian-qi-lv-se-ban.html" "Mozilla/5.0 (Windows NT 10.0; Win64; x64) AppleWebKit/537.36 (KHTML, like Gecko) Chrome/140.0.0.0 Safari/537.36 Edg/140.0.0.0; 360Spider"
180.97.210.168 - - [24/Jan/2026:04:48:40 +0800] "GET /doc/practice/p1?_rsc=fb6cu HTTP/1.1" 308 32 "https://www.shudaxia.com/news/p1.html" "Mozilla/5.0 (Windows NT 10.0; Win64; x64) AppleWebKit/537.36 (KHTML, like Gecko) Chrome/140.0.0.0 Safari/537.36 Edg/140.0.0.0; 360Spider"
180.97.210.159 - - [24/Jan/2026:04:48:41 +0800] "GET /doc/advanced/p1?_rsc=wc2y2 HTTP/1.1" 308 32 "https://www.shudaxia.com/news/shu-biao-lian-dian-qi-lv-se-ban.html" "Mozilla/5.0 (Windows NT 10.0; Win64; x64) AppleWebKit/537.36 (KHTML, like Gecko) Chrome/140.0.0.0 Safari/537.36 Edg/140.0.0.0; 360Spider"
180.97.210.185 - - [24/Jan/2026:04:48:41 +0800] "GET /news/p1?_rsc=wc2y2 HTTP/1.1" 308 23 "https://www.shudaxia.com/news/shu-biao-lian-dian-qi-lv-se-ban.html" "Mozilla/5.0 (Windows NT 10.0; Win64; x64) AppleWebKit/537.36 (KHTML, like Gecko) Chrome/140.0.0.0 Safari/537.36 Edg/140.0.0.0; 360Spider"
180.97.210.152 - - [24/Jan/2026:04:48:41 +0800] "GET /doc/advanced/p1?_rsc=1rwfg HTTP/1.1" 308 32 "https://www.shudaxia.com/news/shubiaohong-jiaocheng-sankuan-gongju-tuijian.html" "Mozilla/5.0 (Windows NT 10.0; Win64; x64) AppleWebKit/537.36 (KHTML, like Gecko) Chrome/140.0.0.0 Safari/537.36 Edg/140.0.0.0; 360Spider"
180.97.210.210 - - [24/Jan/2026:04:48:41 +0800] "GET /news/tutorial/p1?_rsc=1rwfg HTTP/1.1" 308 33 "https://www.shudaxia.com/news/shubiaohong-jiaocheng-sankuan-gongju-tuijian.html" "Mozilla/5.0 (Windows NT 10.0; Win64; x64) AppleWebKit/537.36 (KHTML, like Gecko) Chrome/140.0.0.0 Safari/537.36 Edg/140.0.0.0; 360Spider"
180.97.210.171 - - [24/Jan/2026:04:48:41 +0800] "GET /news/p1?_rsc=1rwfg HTTP/1.1" 308 23 "https://www.shudaxia.com/news/shubiaohong-jiaocheng-sankuan-gongju-tuijian.html" "Mozilla/5.0 (Windows NT 10.0; Win64; x64) AppleWebKit/537.36 (KHTML, like Gecko) Chrome/140.0.0.0 Safari/537.36 Edg/140.0.0.0; 360Spider"
180.97.210.170 - - [24/Jan/2026:04:48:41 +0800] "GET /news/tools/p1?_rsc=1rwfg HTTP/1.1" 308 30 "https://www.shudaxia.com/news/shubiaohong-jiaocheng-sankuan-gongju-tuijian.html" "Mozilla/5.0 (Windows NT 10.0; Win64; x64) AppleWebKit/537.36 (KHTML, like Gecko) Chrome/140.0.0.0 Safari/537.36 Edg/140.0.0.0; 360Spider"
180.97.210.157 - - [24/Jan/2026:04:48:41 +0800] "GET /news/tools/p1?_rsc=wc2y2 HTTP/1.1" 308 30 "https://www.shudaxia.com/news/shu-biao-lian-dian-qi-lv-se-ban.html" "Mozilla/5.0 (Windows NT 10.0; Win64; x64) AppleWebKit/537.36 (KHTML, like Gecko) Chrome/140.0.0.0 Safari/537.36 Edg/140.0.0.0; 360Spider"
180.97.210.200 - - [24/Jan/2026:04:48:41 +0800] "GET /news/version/p1?_rsc=1rwfg HTTP/1.1" 308 32 "https://www.shudaxia.com/news/shubiaohong-jiaocheng-sankuan-gongju-tuijian.html" "Mozilla/5.0 (Windows NT 10.0; Win64; x64) AppleWebKit/537.36 (KHTML, like Gecko) Chrome/140.0.0.0 Safari/537.36 Edg/140.0.0.0; 360Spider"
180.97.210.198 - - [24/Jan/2026:04:48:42 +0800] "GET /news/tutorial/p1?_rsc=wc2y2 HTTP/1.1" 308 33 "https://www.shudaxia.com/news/shu-biao-lian-dian-qi-lv-se-ban.html" "Mozilla/5.0 (Windows NT 10.0; Win64; x64) AppleWebKit/537.36 (KHTML, like Gecko) Chrome/140.0.0.0 Safari/537.36 Edg/140.0.0.0; 360Spider"
180.97.210.217 - - [24/Jan/2026:04:48:42 +0800] "GET /doc/practice/p1.html HTTP/1.1" 200 176 "https://www.shudaxia.com/news/shu-biao-lian-dian-qi-lv-se-ban.html" "Mozilla/5.0 (Windows NT 10.0; Win64; x64) AppleWebKit/537.36 (KHTML, like Gecko) Chrome/140.0.0.0 Safari/537.36 Edg/140.0.0.0; 360Spider"
180.97.210.156 - - [24/Jan/2026:04:48:42 +0800] "GET /doc/advanced/p1.html HTTP/1.1" 200 176 "https://www.shudaxia.com/news/shubiaohong-jiaocheng-sankuan-gongju-tuijian.html" "Mozilla/5.0 (Windows NT 10.0; Win64; x64) AppleWebKit/537.36 (KHTML, like Gecko) Chrome/140.0.0.0 Safari/537.36 Edg/140.0.0.0; 360Spider"
180.97.210.182 - - [24/Jan/2026:04:48:42 +0800] "GET /news/tutorial/p1.html HTTP/1.1" 200 176 "https://www.shudaxia.com/news/shubiaohong-jiaocheng-sankuan-gongju-tuijian.html" "Mozilla/5.0 (Windows NT 10.0; Win64; x64) AppleWebKit/537.36 (KHTML, like Gecko) Chrome/140.0.0.0 Safari/537.36 Edg/140.0.0.0; 360Spider"
180.97.210.202 - - [24/Jan/2026:04:48:43 +0800] "GET /news/p1.html HTTP/1.1" 200 169 "https://www.shudaxia.com/news/shubiaohong-jiaocheng-sankuan-gongju-tuijian.html" "Mozilla/5.0 (Windows NT 10.0; Win64; x64) AppleWebKit/537.36 (KHTML, like Gecko) Chrome/140.0.0.0 Safari/537.36 Edg/140.0.0.0; 360Spider"
180.97.210.174 - - [24/Jan/2026:04:48:43 +0800] "GET /news/tools/p1.html HTTP/1.1" 200 174 "https://www.shudaxia.com/news/shubiaohong-jiaocheng-sankuan-gongju-tuijian.html" "Mozilla/5.0 (Windows NT 10.0; Win64; x64) AppleWebKit/537.36 (KHTML, like Gecko) Chrome/140.0.0.0 Safari/537.36 Edg/140.0.0.0; 360Spider"
180.97.210.195 - - [24/Jan/2026:04:48:43 +0800] "GET /news/version/p1.html HTTP/1.1" 200 176 "https://www.shudaxia.com/news/shubiaohong-jiaocheng-sankuan-gongju-tuijian.html" "Mozilla/5.0 (Windows NT 10.0; Win64; x64) AppleWebKit/537.36 (KHTML, like Gecko) Chrome/140.0.0.0 Safari/537.36 Edg/140.0.0.0; 360Spider"
180.97.210.156 - - [24/Jan/2026:04:48:43 +0800] "GET /doc/advanced/p1.html HTTP/1.1" 200 176 "https://www.shudaxia.com/news/shu-biao-lian-dian-qi-lv-se-ban.html" "Mozilla/5.0 (Windows NT 10.0; Win64; x64) AppleWebKit/537.36 (KHTML, like Gecko) Chrome/140.0.0.0 Safari/537.36 Edg/140.0.0.0; 360Spider"
180.97.210.155 - - [24/Jan/2026:04:48:43 +0800] "GET /faq/p1?_rsc=1rwfg HTTP/1.1" 308 22 "https://www.shudaxia.com/news/shubiaohong-jiaocheng-sankuan-gongju-tuijian.html" "Mozilla/5.0 (Windows NT 10.0; Win64; x64) AppleWebKit/537.36 (KHTML, like Gecko) Chrome/140.0.0.0 Safari/537.36 Edg/140.0.0.0; 360Spider"
180.97.210.175 - - [24/Jan/2026:04:48:43 +0800] "GET /faq/version/p1?_rsc=1rwfg HTTP/1.1" 308 31 "https://www.shudaxia.com/news/shubiaohong-jiaocheng-sankuan-gongju-tuijian.html" "Mozilla/5.0 (Windows NT 10.0; Win64; x64) AppleWebKit/537.36 (KHTML, like Gecko) Chrome/140.0.0.0 Safari/537.36 Edg/140.0.0.0; 360Spider"
180.97.210.174 - - [24/Jan/2026:04:48:43 +0800] "GET /news/tools/p1.html HTTP/1.1" 200 174 "https://www.shudaxia.com/news/shu-biao-lian-dian-qi-lv-se-ban.html" "Mozilla/5.0 (Windows NT 10.0; Win64; x64) AppleWebKit/537.36 (KHTML, like Gecko) Chrome/140.0.0.0 Safari/537.36 Edg/140.0.0.0; 360Spider"
180.97.210.202 - - [24/Jan/2026:04:48:43 +0800] "GET /news/p1.html HTTP/1.1" 200 169 "https://www.shudaxia.com/news/shu-biao-lian-dian-qi-lv-se-ban.html" "Mozilla/5.0 (Windows NT 10.0; Win64; x64) AppleWebKit/537.36 (KHTML, like Gecko) Chrome/140.0.0.0 Safari/537.36 Edg/140.0.0.0; 360Spider"
180.97.210.191 - - [24/Jan/2026:04:48:43 +0800] "GET /faq/troubleshooting/p1?_rsc=1rwfg HTTP/1.1" 308 39 "https://www.shudaxia.com/news/shubiaohong-jiaocheng-sankuan-gongju-tuijian.html" "Mozilla/5.0 (Windows NT 10.0; Win64; x64) AppleWebKit/537.36 (KHTML, like Gecko) Chrome/140.0.0.0 Safari/537.36 Edg/140.0.0.0; 360Spider"
180.97.210.175 - - [24/Jan/2026:04:48:43 +0800] "GET /faq/usage/p1?_rsc=1rwfg HTTP/1.1" 308 29 "https://www.shudaxia.com/news/shubiaohong-jiaocheng-sankuan-gongju-tuijian.html" "Mozilla/5.0 (Windows NT 10.0; Win64; x64) AppleWebKit/537.36 (KHTML, like Gecko) Chrome/140.0.0.0 Safari/537.36 Edg/140.0.0.0; 360Spider"
180.97.210.191 - - [24/Jan/2026:04:48:43 +0800] "GET /news?_rsc=1rwfg HTTP/1.1" 308 20 "https://www.shudaxia.com/news/shubiaohong-jiaocheng-sankuan-gongju-tuijian.html" "Mozilla/5.0 (Windows NT 10.0; Win64; x64) AppleWebKit/537.36 (KHTML, like Gecko) Chrome/140.0.0.0 Safari/537.36 Edg/140.0.0.0; 360Spider"
180.97.210.194 - - [24/Jan/2026:04:48:43 +0800] "GET /api/latest-version?platform=3 HTTP/1.1" 200 167 "https://www.shudaxia.com/news/yimiao-yibaixia-zidong-dianjiqi.html" "Mozilla/5.0 (Windows NT 10.0; Win64; x64) AppleWebKit/537.36 (KHTML, like Gecko) Chrome/140.0.0.0 Safari/537.36 Edg/140.0.0.0; 360Spider"
180.97.210.164 - - [24/Jan/2026:04:48:43 +0800] "GET /api/latest-version?platform=2 HTTP/1.1" 200 152 "https://www.shudaxia.com/news/yimiao-yibaixia-zidong-dianjiqi.html" "Mozilla/5.0 (Windows NT 10.0; Win64; x64) AppleWebKit/537.36 (KHTML, like Gecko) Chrome/140.0.0.0 Safari/537.36 Edg/140.0.0.0; 360Spider"
180.97.210.164 - - [24/Jan/2026:04:48:43 +0800] "POST /api/articles/58/view HTTP/1.1" 200 2014 "https://www.shudaxia.com/news/yimiao-yibaixia-zidong-dianjiqi.html" "Mozilla/5.0 (Windows NT 10.0; Win64; x64) AppleWebKit/537.36 (KHTML, like Gecko) Chrome/140.0.0.0 Safari/537.36 Edg/140.0.0.0; 360Spider"
180.97.210.164 - - [24/Jan/2026:04:48:43 +0800] "GET /api/latest-version?platform=2 HTTP/1.1" 200 152 "https://www.shudaxia.com/news/yimiao-yibaixia-zidong-dianjiqi.html" "Mozilla/5.0 (Windows NT 10.0; Win64; x64) AppleWebKit/537.36 (KHTML, like Gecko) Chrome/140.0.0.0 Safari/537.36 Edg/140.0.0.0; 360Spider"
180.97.210.194 - - [24/Jan/2026:04:48:43 +0800] "GET /api/latest-version?platform=3 HTTP/1.1" 200 167 "https://www.shudaxia.com/news/yimiao-yibaixia-zidong-dianjiqi.html" "Mozilla/5.0 (Windows NT 10.0; Win64; x64) AppleWebKit/537.36 (KHTML, like Gecko) Chrome/140.0.0.0 Safari/537.36 Edg/140.0.0.0; 360Spider"
180.97.210.161 - - [24/Jan/2026:04:48:43 +0800] "GET /api/footer-links HTTP/1.1" 200 535 "https://www.shudaxia.com/news/yimiao-yibaixia-zidong-dianjiqi.html" "Mozilla/5.0 (Windows NT 10.0; Win64; x64) AppleWebKit/537.36 (KHTML, like Gecko) Chrome/140.0.0.0 Safari/537.36 Edg/140.0.0.0; 360Spider"
180.97.210.192 - - [24/Jan/2026:04:48:43 +0800] "GET /api/auth/session HTTP/1.1" 200 35 "https://www.shudaxia.com/news/yimiao-yibaixia-zidong-dianjiqi.html" "Mozilla/5.0 (Windows NT 10.0; Win64; x64) AppleWebKit/537.36 (KHTML, like Gecko) Chrome/140.0.0.0 Safari/537.36 Edg/140.0.0.0; 360Spider"
180.97.210.178 - - [24/Jan/2026:04:48:44 +0800] "GET /news/33/ HTTP/1.1" 308 18 "-" "Mozilla/5.0 (Windows NT 10.0; Win64; x64) AppleWebKit/537.36 (KHTML, like Gecko) Chrome/140.0.0.0 Safari/537.36 Edg/140.0.0.0; 360Spider"
180.97.210.171 - - [24/Jan/2026:04:48:44 +0800] "GET /?_rsc=1vgzo HTTP/1.1" 200 144 "https://www.shudaxia.com/news/yimiao-yibaixia-zidong-dianjiqi.html" "Mozilla/5.0 (Windows NT 10.0; Win64; x64) AppleWebKit/537.36 (KHTML, like Gecko) Chrome/140.0.0.0 Safari/537.36 Edg/140.0.0.0; 360Spider"
180.97.210.168 - - [24/Jan/2026:04:48:44 +0800] "GET /mobile?_rsc=1vgzo HTTP/1.1" 308 22 "https://www.shudaxia.com/news/yimiao-yibaixia-zidong-dianjiqi.html" "Mozilla/5.0 (Windows NT 10.0; Win64; x64) AppleWebKit/537.36 (KHTML, like Gecko) Chrome/140.0.0.0 Safari/537.36 Edg/140.0.0.0; 360Spider"
180.97.210.152 - - [24/Jan/2026:04:48:44 +0800] "GET /faq/p1.html HTTP/1.1" 200 168 "https://www.shudaxia.com/news/shubiaohong-jiaocheng-sankuan-gongju-tuijian.html" "Mozilla/5.0 (Windows NT 10.0; Win64; x64) AppleWebKit/537.36 (KHTML, like Gecko) Chrome/140.0.0.0 Safari/537.36 Edg/140.0.0.0; 360Spider"
180.97.210.175 - - [24/Jan/2026:04:48:44 +0800] "GET /faq/version/p1.html HTTP/1.1" 200 175 "https://www.shudaxia.com/news/shubiaohong-jiaocheng-sankuan-gongju-tuijian.html" "Mozilla/5.0 (Windows NT 10.0; Win64; x64) AppleWebKit/537.36 (KHTML, like Gecko) Chrome/140.0.0.0 Safari/537.36 Edg/140.0.0.0; 360Spider"
180.97.210.199 - - [24/Jan/2026:04:48:44 +0800] "GET /doc/p1?_rsc=1vgzo HTTP/1.1" 308 22 "https://www.shudaxia.com/news/yimiao-yibaixia-zidong-dianjiqi.html" "Mozilla/5.0 (Windows NT 10.0; Win64; x64) AppleWebKit/537.36 (KHTML, like Gecko) Chrome/140.0.0.0 Safari/537.36 Edg/140.0.0.0; 360Spider"
180.97.210.165 - - [24/Jan/2026:04:48:44 +0800] "GET /mouse-keyboard-test?_rsc=1vgzo HTTP/1.1" 308 36 "https://www.shudaxia.com/news/yimiao-yibaixia-zidong-dianjiqi.html" "Mozilla/5.0 (Windows NT 10.0; Win64; x64) AppleWebKit/537.36 (KHTML, like Gecko) Chrome/140.0.0.0 Safari/537.36 Edg/140.0.0.0; 360Spider"
180.97.210.172 - - [24/Jan/2026:04:48:44 +0800] "GET /video?_rsc=1vgzo HTTP/1.1" 308 21 "https://www.shudaxia.com/news/yimiao-yibaixia-zidong-dianjiqi.html" "Mozilla/5.0 (Windows NT 10.0; Win64; x64) AppleWebKit/537.36 (KHTML, like Gecko) Chrome/140.0.0.0 Safari/537.36 Edg/140.0.0.0; 360Spider"
180.97.210.218 - - [24/Jan/2026:04:48:44 +0800] "GET /news/33 HTTP/1.1" 308 23 "-" "Mozilla/5.0 (Windows NT 10.0; Win64; x64) AppleWebKit/537.36 (KHTML, like Gecko) Chrome/140.0.0.0 Safari/537.36 Edg/140.0.0.0; 360Spider"
180.97.210.149 - - [24/Jan/2026:04:48:44 +0800] "GET /faq/troubleshooting/p1.html HTTP/1.1" 200 181 "https://www.shudaxia.com/news/shubiaohong-jiaocheng-sankuan-gongju-tuijian.html" "Mozilla/5.0 (Windows NT 10.0; Win64; x64) AppleWebKit/537.36 (KHTML, like Gecko) Chrome/140.0.0.0 Safari/537.36 Edg/140.0.0.0; 360Spider"
180.97.210.216 - - [24/Jan/2026:04:48:44 +0800] "GET /faq/usage/p1.html HTTP/1.1" 200 173 "https://www.shudaxia.com/news/shubiaohong-jiaocheng-sankuan-gongju-tuijian.html" "Mozilla/5.0 (Windows NT 10.0; Win64; x64) AppleWebKit/537.36 (KHTML, like Gecko) Chrome/140.0.0.0 Safari/537.36 Edg/140.0.0.0; 360Spider"
180.97.210.182 - - [24/Jan/2026:04:48:44 +0800] "GET /news/tutorial/p1.html HTTP/1.1" 200 176 "https://www.shudaxia.com/news/shu-biao-lian-dian-qi-lv-se-ban.html" "Mozilla/5.0 (Windows NT 10.0; Win64; x64) AppleWebKit/537.36 (KHTML, like Gecko) Chrome/140.0.0.0 Safari/537.36 Edg/140.0.0.0; 360Spider"
180.97.210.167 - - [24/Jan/2026:04:48:44 +0800] "GET /news.html HTTP/1.1" 200 165 "https://www.shudaxia.com/news/shubiaohong-jiaocheng-sankuan-gongju-tuijian.html" "Mozilla/5.0 (Windows NT 10.0; Win64; x64) AppleWebKit/537.36 (KHTML, like Gecko) Chrome/140.0.0.0 Safari/537.36 Edg/140.0.0.0; 360Spider"
180.97.210.188 - - [24/Jan/2026:04:48:44 +0800] "GET /news/version/p1?_rsc=wc2y2 HTTP/1.1" 308 32 "https://www.shudaxia.com/news/shu-biao-lian-dian-qi-lv-se-ban.html" "Mozilla/5.0 (Windows NT 10.0; Win64; x64) AppleWebKit/537.36 (KHTML, like Gecko) Chrome/140.0.0.0 Safari/537.36 Edg/140.0.0.0; 360Spider"
180.97.210.211 - - [24/Jan/2026:04:48:44 +0800] "GET /news/33.html HTTP/1.1" 404 4980 "-" "Mozilla/5.0 (Windows NT 10.0; Win64; x64) AppleWebKit/537.36 (KHTML, like Gecko) Chrome/140.0.0.0 Safari/537.36 Edg/140.0.0.0; 360Spider"
180.97.210.157 - - [24/Jan/2026:04:48:44 +0800] "GET /faq/p1?_rsc=wc2y2 HTTP/1.1" 308 22 "https://www.shudaxia.com/news/shu-biao-lian-dian-qi-lv-se-ban.html" "Mozilla/5.0 (Windows NT 10.0; Win64; x64) AppleWebKit/537.36 (KHTML, like Gecko) Chrome/140.0.0.0 Safari/537.36 Edg/140.0.0.0; 360Spider"
180.97.210.205 - - [24/Jan/2026:04:48:44 +0800] "GET /faq/version/p1?_rsc=wc2y2 HTTP/1.1" 308 31 "https://www.shudaxia.com/news/shu-biao-lian-dian-qi-lv-se-ban.html" "Mozilla/5.0 (Windows NT 10.0; Win64; x64) AppleWebKit/537.36 (KHTML, like Gecko) Chrome/140.0.0.0 Safari/537.36 Edg/140.0.0.0; 360Spider"
180.97.210.183 - - [24/Jan/2026:04:48:44 +0800] "GET /faq/troubleshooting/p1?_rsc=wc2y2 HTTP/1.1" 308 39 "https://www.shudaxia.com/news/shu-biao-lian-dian-qi-lv-se-ban.html" "Mozilla/5.0 (Windows NT 10.0; Win64; x64) AppleWebKit/537.36 (KHTML, like Gecko) Chrome/140.0.0.0 Safari/537.36 Edg/140.0.0.0; 360Spider"
180.97.210.202 - - [24/Jan/2026:04:48:45 +0800] "GET /faq/usage/p1?_rsc=wc2y2 HTTP/1.1" 308 29 "https://www.shudaxia.com/news/shu-biao-lian-dian-qi-lv-se-ban.html" "Mozilla/5.0 (Windows NT 10.0; Win64; x64) AppleWebKit/537.36 (KHTML, like Gecko) Chrome/140.0.0.0 Safari/537.36 Edg/140.0.0.0; 360Spider"
180.97.210.195 - - [24/Jan/2026:04:48:45 +0800] "GET /news/version/p1.html HTTP/1.1" 200 176 "https://www.shudaxia.com/news/shu-biao-lian-dian-qi-lv-se-ban.html" "Mozilla/5.0 (Windows NT 10.0; Win64; x64) AppleWebKit/537.36 (KHTML, like Gecko) Chrome/140.0.0.0 Safari/537.36 Edg/140.0.0.0; 360Spider"
180.97.210.185 - - [24/Jan/2026:04:48:45 +0800] "GET /doc/quickstart/p1.html HTTP/1.1" 200 177 "https://www.shudaxia.com/news/p1.html" "Mozilla/5.0 (Windows NT 10.0; Win64; x64) AppleWebKit/537.36 (KHTML, like Gecko) Chrome/140.0.0.0 Safari/537.36 Edg/140.0.0.0; 360Spider"
180.97.210.194 - - [24/Jan/2026:04:48:45 +0800] "GET /api/latest-version?platform=3 HTTP/1.1" 200 167 "https://www.shudaxia.com/news/33.html" "Mozilla/5.0 (Windows NT 10.0; Win64; x64) AppleWebKit/537.36 (KHTML, like Gecko) Chrome/140.0.0.0 Safari/537.36 Edg/140.0.0.0; 360Spider"
180.97.210.164 - - [24/Jan/2026:04:48:45 +0800] "GET /api/latest-version?platform=2 HTTP/1.1" 200 152 "https://www.shudaxia.com/news/33.html" "Mozilla/5.0 (Windows NT 10.0; Win64; x64) AppleWebKit/537.36 (KHTML, like Gecko) Chrome/140.0.0.0 Safari/537.36 Edg/140.0.0.0; 360Spider"
180.97.210.152 - - [24/Jan/2026:04:48:45 +0800] "GET /faq/p1.html HTTP/1.1" 200 168 "https://www.shudaxia.com/news/shu-biao-lian-dian-qi-lv-se-ban.html" "Mozilla/5.0 (Windows NT 10.0; Win64; x64) AppleWebKit/537.36 (KHTML, like Gecko) Chrome/140.0.0.0 Safari/537.36 Edg/140.0.0.0; 360Spider"
180.97.210.192 - - [24/Jan/2026:04:48:45 +0800] "GET /api/auth/session HTTP/1.1" 200 35 "https://www.shudaxia.com/news/33.html" "Mozilla/5.0 (Windows NT 10.0; Win64; x64) AppleWebKit/537.36 (KHTML, like Gecko) Chrome/140.0.0.0 Safari/537.36 Edg/140.0.0.0; 360Spider"
180.97.210.198 - - [24/Jan/2026:04:48:45 +0800] "GET /doc/p1?_rsc=46rh4 HTTP/1.1" 308 22 "https://www.shudaxia.com/news/33.html" "Mozilla/5.0 (Windows NT 10.0; Win64; x64) AppleWebKit/537.36 (KHTML, like Gecko) Chrome/140.0.0.0 Safari/537.36 Edg/140.0.0.0; 360Spider"
180.97.210.175 - - [24/Jan/2026:04:48:45 +0800] "GET /faq/version/p1.html HTTP/1.1" 200 175 "https://www.shudaxia.com/news/shu-biao-lian-dian-qi-lv-se-ban.html" "Mozilla/5.0 (Windows NT 10.0; Win64; x64) AppleWebKit/537.36 (KHTML, like Gecko) Chrome/140.0.0.0 Safari/537.36 Edg/140.0.0.0; 360Spider"
180.97.210.215 - - [24/Jan/2026:04:48:45 +0800] "GET /mouse-keyboard-test?_rsc=46rh4 HTTP/1.1" 308 36 "https://www.shudaxia.com/news/33.html" "Mozilla/5.0 (Windows NT 10.0; Win64; x64) AppleWebKit/537.36 (KHTML, like Gecko) Chrome/140.0.0.0 Safari/537.36 Edg/140.0.0.0; 360Spider"
180.97.210.193 - - [24/Jan/2026:04:48:45 +0800] "GET /?_rsc=46rh4 HTTP/1.1" 200 144 "https://www.shudaxia.com/news/33.html" "Mozilla/5.0 (Windows NT 10.0; Win64; x64) AppleWebKit/537.36 (KHTML, like Gecko) Chrome/140.0.0.0 Safari/537.36 Edg/140.0.0.0; 360Spider"
180.97.210.219 - - [24/Jan/2026:04:48:45 +0800] "GET /video?_rsc=46rh4 HTTP/1.1" 308 21 "https://www.shudaxia.com/news/33.html" "Mozilla/5.0 (Windows NT 10.0; Win64; x64) AppleWebKit/537.36 (KHTML, like Gecko) Chrome/140.0.0.0 Safari/537.36 Edg/140.0.0.0; 360Spider"
180.97.210.217 - - [24/Jan/2026:04:48:45 +0800] "GET /mobile?_rsc=46rh4 HTTP/1.1" 308 22 "https://www.shudaxia.com/news/33.html" "Mozilla/5.0 (Windows NT 10.0; Win64; x64) AppleWebKit/537.36 (KHTML, like Gecko) Chrome/140.0.0.0 Safari/537.36 Edg/140.0.0.0; 360Spider"
180.97.210.149 - - [24/Jan/2026:04:48:45 +0800] "GET /faq/troubleshooting/p1.html HTTP/1.1" 200 181 "https://www.shudaxia.com/news/shu-biao-lian-dian-qi-lv-se-ban.html" "Mozilla/5.0 (Windows NT 10.0; Win64; x64) AppleWebKit/537.36 (KHTML, like Gecko) Chrome/140.0.0.0 Safari/537.36 Edg/140.0.0.0; 360Spider"
180.97.210.192 - - [24/Jan/2026:04:48:45 +0800] "GET /api/auth/session HTTP/1.1" 200 35 "https://www.shudaxia.com/news/33.html" "Mozilla/5.0 (Windows NT 10.0; Win64; x64) AppleWebKit/537.36 (KHTML, like Gecko) Chrome/140.0.0.0 Safari/537.36 Edg/140.0.0.0; 360Spider"
180.97.210.206 - - [24/Jan/2026:04:48:45 +0800] "GET /doc/p1.html HTTP/1.1" 200 168 "https://www.shudaxia.com/news/33.html" "Mozilla/5.0 (Windows NT 10.0; Win64; x64) AppleWebKit/537.36 (KHTML, like Gecko) Chrome/140.0.0.0 Safari/537.36 Edg/140.0.0.0; 360Spider"
180.97.210.213 - - [24/Jan/2026:04:48:45 +0800] "GET /cpstest?_rsc=46rh4 HTTP/1.1" 308 23 "https://www.shudaxia.com/news/33.html" "Mozilla/5.0 (Windows NT 10.0; Win64; x64) AppleWebKit/537.36 (KHTML, like Gecko) Chrome/140.0.0.0 Safari/537.36 Edg/140.0.0.0; 360Spider"
180.97.210.191 - - [24/Jan/2026:04:48:45 +0800] "GET /news?_rsc=wc2y2 HTTP/1.1" 308 20 "https://www.shudaxia.com/news/shu-biao-lian-dian-qi-lv-se-ban.html" "Mozilla/5.0 (Windows NT 10.0; Win64; x64) AppleWebKit/537.36 (KHTML, like Gecko) Chrome/140.0.0.0 Safari/537.36 Edg/140.0.0.0; 360Spider"
180.97.210.216 - - [24/Jan/2026:04:48:45 +0800] "GET /faq/usage/p1.html HTTP/1.1" 200 173 "https://www.shudaxia.com/news/shu-biao-lian-dian-qi-lv-se-ban.html" "Mozilla/5.0 (Windows NT 10.0; Win64; x64) AppleWebKit/537.36 (KHTML, like Gecko) Chrome/140.0.0.0 Safari/537.36 Edg/140.0.0.0; 360Spider"
180.97.210.161 - - [24/Jan/2026:04:48:45 +0800] "GET /mouse-click-train?_rsc=46rh4 HTTP/1.1" 308 34 "https://www.shudaxia.com/news/33.html" "Mozilla/5.0 (Windows NT 10.0; Win64; x64) AppleWebKit/537.36 (KHTML, like Gecko) Chrome/140.0.0.0 Safari/537.36 Edg/140.0.0.0; 360Spider"
180.97.210.153 - - [24/Jan/2026:04:48:46 +0800] "GET /doc/advanced/p1?_rsc=fb6cu HTTP/1.1" 308 32 "https://www.shudaxia.com/news/p1.html" "Mozilla/5.0 (Windows NT 10.0; Win64; x64) AppleWebKit/537.36 (KHTML, like Gecko) Chrome/140.0.0.0 Safari/537.36 Edg/140.0.0.0; 360Spider"
180.97.210.167 - - [24/Jan/2026:04:48:46 +0800] "GET /news.html HTTP/1.1" 200 165 "https://www.shudaxia.com/news/shu-biao-lian-dian-qi-lv-se-ban.html" "Mozilla/5.0 (Windows NT 10.0; Win64; x64) AppleWebKit/537.36 (KHTML, like Gecko) Chrome/140.0.0.0 Safari/537.36 Edg/140.0.0.0; 360Spider"
180.97.210.206 - - [24/Jan/2026:04:48:46 +0800] "GET /doc/p1.html HTTP/1.1" 200 168 "https://www.shudaxia.com/news/yimiao-yibaixia-zidong-dianjiqi.html" "Mozilla/5.0 (Windows NT 10.0; Win64; x64) AppleWebKit/537.36 (KHTML, like Gecko) Chrome/140.0.0.0 Safari/537.36 Edg/140.0.0.0; 360Spider"
180.97.210.217 - - [24/Jan/2026:04:48:46 +0800] "GET /doc/practice/p1.html HTTP/1.1" 200 176 "https://www.shudaxia.com/news/p1.html" "Mozilla/5.0 (Windows NT 10.0; Win64; x64) AppleWebKit/537.36 (KHTML, like Gecko) Chrome/140.0.0.0 Safari/537.36 Edg/140.0.0.0; 360Spider"
180.97.210.206 - - [24/Jan/2026:04:48:46 +0800] "GET /cpstest?_rsc=1vgzo HTTP/1.1" 308 23 "https://www.shudaxia.com/news/yimiao-yibaixia-zidong-dianjiqi.html" "Mozilla/5.0 (Windows NT 10.0; Win64; x64) AppleWebKit/537.36 (KHTML, like Gecko) Chrome/140.0.0.0 Safari/537.36 Edg/140.0.0.0; 360Spider"
180.97.210.157 - - [24/Jan/2026:04:48:46 +0800] "GET /news/p1?_rsc=fb6cu HTTP/1.1" 308 23 "https://www.shudaxia.com/news/p1.html" "Mozilla/5.0 (Windows NT 10.0; Win64; x64) AppleWebKit/537.36 (KHTML, like Gecko) Chrome/140.0.0.0 Safari/537.36 Edg/140.0.0.0; 360Spider"
180.97.210.192 - - [24/Jan/2026:04:48:46 +0800] "GET /scriptdiy?_rsc=46rh4 HTTP/1.1" 308 25 "https://www.shudaxia.com/news/33.html" "Mozilla/5.0 (Windows NT 10.0; Win64; x64) AppleWebKit/537.36 (KHTML, like Gecko) Chrome/140.0.0.0 Safari/537.36 Edg/140.0.0.0; 360Spider"
180.97.210.176 - - [24/Jan/2026:04:48:46 +0800] "GET /feedback?_rsc=46rh4 HTTP/1.1" 308 24 "https://www.shudaxia.com/news/33.html" "Mozilla/5.0 (Windows NT 10.0; Win64; x64) AppleWebKit/537.36 (KHTML, like Gecko) Chrome/140.0.0.0 Safari/537.36 Edg/140.0.0.0; 360Spider"
180.97.210.196 - - [24/Jan/2026:04:48:46 +0800] "GET /doc?_rsc=46rh4 HTTP/1.1" 308 19 "https://www.shudaxia.com/news/33.html" "Mozilla/5.0 (Windows NT 10.0; Win64; x64) AppleWebKit/537.36 (KHTML, like Gecko) Chrome/140.0.0.0 Safari/537.36 Edg/140.0.0.0; 360Spider"
180.97.210.192 - - [24/Jan/2026:04:48:46 +0800] "GET /api/auth/session HTTP/1.1" 200 35 "https://www.shudaxia.com/news/yimiao-yibaixia-zidong-dianjiqi.html" "Mozilla/5.0 (Windows NT 10.0; Win64; x64) AppleWebKit/537.36 (KHTML, like Gecko) Chrome/140.0.0.0 Safari/537.36 Edg/140.0.0.0; 360Spider"
180.97.210.187 - - [24/Jan/2026:04:48:46 +0800] "GET /news/doc?_rsc=46rh4 HTTP/1.1" 308 24 "https://www.shudaxia.com/news/33.html" "Mozilla/5.0 (Windows NT 10.0; Win64; x64) AppleWebKit/537.36 (KHTML, like Gecko) Chrome/140.0.0.0 Safari/537.36 Edg/140.0.0.0; 360Spider"
180.97.210.188 - - [24/Jan/2026:04:48:47 +0800] "GET /news/tools/p1?_rsc=fb6cu HTTP/1.1" 308 30 "https://www.shudaxia.com/news/p1.html" "Mozilla/5.0 (Windows NT 10.0; Win64; x64) AppleWebKit/537.36 (KHTML, like Gecko) Chrome/140.0.0.0 Safari/537.36 Edg/140.0.0.0; 360Spider"
180.97.210.175 - - [24/Jan/2026:04:48:47 +0800] "GET /doc.html HTTP/1.1" 200 165 "https://www.shudaxia.com/news/33.html" "Mozilla/5.0 (Windows NT 10.0; Win64; x64) AppleWebKit/537.36 (KHTML, like Gecko) Chrome/140.0.0.0 Safari/537.36 Edg/140.0.0.0; 360Spider"
180.97.210.157 - - [24/Jan/2026:04:48:47 +0800] "GET /news/doc.html HTTP/1.1" 200 169 "https://www.shudaxia.com/news/33.html" "Mozilla/5.0 (Windows NT 10.0; Win64; x64) AppleWebKit/537.36 (KHTML, like Gecko) Chrome/140.0.0.0 Safari/537.36 Edg/140.0.0.0; 360Spider"
180.97.210.185 - - [24/Jan/2026:04:48:47 +0800] "GET /news/news?_rsc=46rh4 HTTP/1.1" 308 25 "https://www.shudaxia.com/news/33.html" "Mozilla/5.0 (Windows NT 10.0; Win64; x64) AppleWebKit/537.36 (KHTML, like Gecko) Chrome/140.0.0.0 Safari/537.36 Edg/140.0.0.0; 360Spider"
180.97.210.159 - - [24/Jan/2026:04:48:48 +0800] "GET /news/tutorial/p1?_rsc=fb6cu HTTP/1.1" 308 33 "https://www.shudaxia.com/news/p1.html" "Mozilla/5.0 (Windows NT 10.0; Win64; x64) AppleWebKit/537.36 (KHTML, like Gecko) Chrome/140.0.0.0 Safari/537.36 Edg/140.0.0.0; 360Spider"
180.97.210.178 - - [24/Jan/2026:04:48:48 +0800] "GET /news/faq?_rsc=46rh4 HTTP/1.1" 308 24 "https://www.shudaxia.com/news/33.html" "Mozilla/5.0 (Windows NT 10.0; Win64; x64) AppleWebKit/537.36 (KHTML, like Gecko) Chrome/140.0.0.0 Safari/537.36 Edg/140.0.0.0; 360Spider"
180.97.210.170 - - [24/Jan/2026:04:48:48 +0800] "GET /news/news.html HTTP/1.1" 200 169 "https://www.shudaxia.com/news/33.html" "Mozilla/5.0 (Windows NT 10.0; Win64; x64) AppleWebKit/537.36 (KHTML, like Gecko) Chrome/140.0.0.0 Safari/537.36 Edg/140.0.0.0; 360Spider"
180.97.210.212 - - [24/Jan/2026:04:48:48 +0800] "GET /news/faq.html HTTP/1.1" 200 169 "https://www.shudaxia.com/news/33.html" "Mozilla/5.0 (Windows NT 10.0; Win64; x64) AppleWebKit/537.36 (KHTML, like Gecko) Chrome/140.0.0.0 Safari/537.36 Edg/140.0.0.0; 360Spider"
180.97.210.205 - - [24/Jan/2026:04:48:48 +0800] "GET /mouse-click-train?_rsc=1vgzo HTTP/1.1" 308 34 "https://www.shudaxia.com/news/yimiao-yibaixia-zidong-dianjiqi.html" "Mozilla/5.0 (Windows NT 10.0; Win64; x64) AppleWebKit/537.36 (KHTML, like Gecko) Chrome/140.0.0.0 Safari/537.36 Edg/140.0.0.0; 360Spider"
180.97.210.162 - - [24/Jan/2026:04:48:48 +0800] "GET /scriptdiy?_rsc=1vgzo HTTP/1.1" 308 25 "https://www.shudaxia.com/news/yimiao-yibaixia-zidong-dianjiqi.html" "Mozilla/5.0 (Windows NT 10.0; Win64; x64) AppleWebKit/537.36 (KHTML, like Gecko) Chrome/140.0.0.0 Safari/537.36 Edg/140.0.0.0; 360Spider"
180.97.210.205 - - [24/Jan/2026:04:48:48 +0800] "GET /feedback?_rsc=1vgzo HTTP/1.1" 308 24 "https://www.shudaxia.com/news/yimiao-yibaixia-zidong-dianjiqi.html" "Mozilla/5.0 (Windows NT 10.0; Win64; x64) AppleWebKit/537.36 (KHTML, like Gecko) Chrome/140.0.0.0 Safari/537.36 Edg/140.0.0.0; 360Spider"
180.97.210.168 - - [24/Jan/2026:04:48:48 +0800] "GET /doc/quickstart/p1?_rsc=1vgzo HTTP/1.1" 308 34 "https://www.shudaxia.com/news/yimiao-yibaixia-zidong-dianjiqi.html" "Mozilla/5.0 (Windows NT 10.0; Win64; x64) AppleWebKit/537.36 (KHTML, like Gecko) Chrome/140.0.0.0 Safari/537.36 Edg/140.0.0.0; 360Spider"
180.97.210.156 - - [24/Jan/2026:04:48:49 +0800] "GET /doc/advanced/p1.html HTTP/1.1" 200 176 "https://www.shudaxia.com/news/p1.html" "Mozilla/5.0 (Windows NT 10.0; Win64; x64) AppleWebKit/537.36 (KHTML, like Gecko) Chrome/140.0.0.0 Safari/537.36 Edg/140.0.0.0; 360Spider"
180.97.210.212 - - [24/Jan/2026:04:48:49 +0800] "GET /news/version/p1?_rsc=fb6cu HTTP/1.1" 308 32 "https://www.shudaxia.com/news/p1.html" "Mozilla/5.0 (Windows NT 10.0; Win64; x64) AppleWebKit/537.36 (KHTML, like Gecko) Chrome/140.0.0.0 Safari/537.36 Edg/140.0.0.0; 360Spider"
180.97.210.202 - - [24/Jan/2026:04:48:49 +0800] "GET /news/p1.html HTTP/1.1" 200 164 "https://www.shudaxia.com/news/p1.html" "Mozilla/5.0 (Windows NT 10.0; Win64; x64) AppleWebKit/537.36 (KHTML, like Gecko) Chrome/140.0.0.0 Safari/537.36 Edg/140.0.0.0; 360Spider"
180.97.210.174 - - [24/Jan/2026:04:48:49 +0800] "GET /news/tools/p1.html HTTP/1.1" 200 174 "https://www.shudaxia.com/news/p1.html" "Mozilla/5.0 (Windows NT 10.0; Win64; x64) AppleWebKit/537.36 (KHTML, like Gecko) Chrome/140.0.0.0 Safari/537.36 Edg/140.0.0.0; 360Spider"
180.97.210.182 - - [24/Jan/2026:04:48:49 +0800] "GET /news/tutorial/p1.html HTTP/1.1" 200 176 "https://www.shudaxia.com/news/p1.html" "Mozilla/5.0 (Windows NT 10.0; Win64; x64) AppleWebKit/537.36 (KHTML, like Gecko) Chrome/140.0.0.0 Safari/537.36 Edg/140.0.0.0; 360Spider"
180.97.210.172 - - [24/Jan/2026:04:48:50 +0800] "GET /faq/p1?_rsc=fb6cu HTTP/1.1" 308 22 "https://www.shudaxia.com/news/p1.html" "Mozilla/5.0 (Windows NT 10.0; Win64; x64) AppleWebKit/537.36 (KHTML, like Gecko) Chrome/140.0.0.0 Safari/537.36 Edg/140.0.0.0; 360Spider"
180.97.210.195 - - [24/Jan/2026:04:48:50 +0800] "GET /news/version/p1.html HTTP/1.1" 200 176 "https://www.shudaxia.com/news/p1.html" "Mozilla/5.0 (Windows NT 10.0; Win64; x64) AppleWebKit/537.36 (KHTML, like Gecko) Chrome/140.0.0.0 Safari/537.36 Edg/140.0.0.0; 360Spider"
180.97.210.212 - - [24/Jan/2026:04:48:50 +0800] "GET /faq/version/p1?_rsc=fb6cu HTTP/1.1" 308 31 "https://www.shudaxia.com/news/p1.html" "Mozilla/5.0 (Windows NT 10.0; Win64; x64) AppleWebKit/537.36 (KHTML, like Gecko) Chrome/140.0.0.0 Safari/537.36 Edg/140.0.0.0; 360Spider"
180.97.210.155 - - [24/Jan/2026:04:48:50 +0800] "GET /faq/troubleshooting/p1?_rsc=fb6cu HTTP/1.1" 308 39 "https://www.shudaxia.com/news/p1.html" "Mozilla/5.0 (Windows NT 10.0; Win64; x64) AppleWebKit/537.36 (KHTML, like Gecko) Chrome/140.0.0.0 Safari/537.36 Edg/140.0.0.0; 360Spider"
180.97.210.151 - - [24/Jan/2026:04:48:50 +0800] "GET /faq/usage/p1?_rsc=fb6cu HTTP/1.1" 308 29 "https://www.shudaxia.com/news/p1.html" "Mozilla/5.0 (Windows NT 10.0; Win64; x64) AppleWebKit/537.36 (KHTML, like Gecko) Chrome/140.0.0.0 Safari/537.36 Edg/140.0.0.0; 360Spider"
180.97.210.152 - - [24/Jan/2026:04:48:50 +0800] "GET /faq/p1.html HTTP/1.1" 200 168 "https://www.shudaxia.com/news/p1.html" "Mozilla/5.0 (Windows NT 10.0; Win64; x64) AppleWebKit/537.36 (KHTML, like Gecko) Chrome/140.0.0.0 Safari/537.36 Edg/140.0.0.0; 360Spider"
180.97.210.186 - - [24/Jan/2026:04:48:51 +0800] "GET /news/shu-biao-lian-dian-qi-zui-xin-ban-xia-zai?_rsc=fb6cu HTTP/1.1" 308 63 "https://www.shudaxia.com/news/p1.html" "Mozilla/5.0 (Windows NT 10.0; Win64; x64) AppleWebKit/537.36 (KHTML, like Gecko) Chrome/140.0.0.0 Safari/537.36 Edg/140.0.0.0; 360Spider"
180.97.210.175 - - [24/Jan/2026:04:48:51 +0800] "GET /faq/version/p1.html HTTP/1.1" 200 175 "https://www.shudaxia.com/news/p1.html" "Mozilla/5.0 (Windows NT 10.0; Win64; x64) AppleWebKit/537.36 (KHTML, like Gecko) Chrome/140.0.0.0 Safari/537.36 Edg/140.0.0.0; 360Spider"
180.97.210.149 - - [24/Jan/2026:04:48:51 +0800] "GET /faq/troubleshooting/p1.html HTTP/1.1" 200 181 "https://www.shudaxia.com/news/p1.html" "Mozilla/5.0 (Windows NT 10.0; Win64; x64) AppleWebKit/537.36 (KHTML, like Gecko) Chrome/140.0.0.0 Safari/537.36 Edg/140.0.0.0; 360Spider"
180.97.210.216 - - [24/Jan/2026:04:48:51 +0800] "GET /faq/usage/p1.html HTTP/1.1" 200 173 "https://www.shudaxia.com/news/p1.html" "Mozilla/5.0 (Windows NT 10.0; Win64; x64) AppleWebKit/537.36 (KHTML, like Gecko) Chrome/140.0.0.0 Safari/537.36 Edg/140.0.0.0; 360Spider"
180.97.210.219 - - [24/Jan/2026:04:48:51 +0800] "GET /news/new-features-schedule-text-launch?_rsc=fb6cu HTTP/1.1" 308 55 "https://www.shudaxia.com/news/p1.html" "Mozilla/5.0 (Windows NT 10.0; Win64; x64) AppleWebKit/537.36 (KHTML, like Gecko) Chrome/140.0.0.0 Safari/537.36 Edg/140.0.0.0; 360Spider"
180.97.210.196 - - [24/Jan/2026:04:48:51 +0800] "GET /news/shu-biao-lian-dian-qi-zui-xin-ban-xia-zai.html HTTP/1.1" 200 196 "https://www.shudaxia.com/news/p1.html" "Mozilla/5.0 (Windows NT 10.0; Win64; x64) AppleWebKit/537.36 (KHTML, like Gecko) Chrome/140.0.0.0 Safari/537.36 Edg/140.0.0.0; 360Spider"
180.97.210.152 - - [24/Jan/2026:04:48:51 +0800] "GET /news/jian-pan-lian-dian-qi-an-quan-ban-xia-zai?_rsc=fb6cu HTTP/1.1" 308 63 "https://www.shudaxia.com/news/p1.html" "Mozilla/5.0 (Windows NT 10.0; Win64; x64) AppleWebKit/537.36 (KHTML, like Gecko) Chrome/140.0.0.0 Safari/537.36 Edg/140.0.0.0; 360Spider"
180.97.210.156 - - [24/Jan/2026:04:48:51 +0800] "GET /news/shu-biao-zi-dong-dian-ji?_rsc=fb6cu HTTP/1.1" 308 46 "https://www.shudaxia.com/news/p1.html" "Mozilla/5.0 (Windows NT 10.0; Win64; x64) AppleWebKit/537.36 (KHTML, like Gecko) Chrome/140.0.0.0 Safari/537.36 Edg/140.0.0.0; 360Spider"
180.97.210.154 - - [24/Jan/2026:04:48:52 +0800] "GET /news/yimiao-yibaixia-zidong-dianjiqi?_rsc=fb6cu HTTP/1.1" 308 53 "https://www.shudaxia.com/news/p1.html" "Mozilla/5.0 (Windows NT 10.0; Win64; x64) AppleWebKit/537.36 (KHTML, like Gecko) Chrome/140.0.0.0 Safari/537.36 Edg/140.0.0.0; 360Spider"
180.97.210.181 - - [24/Jan/2026:04:48:52 +0800] "GET /news/new-features-schedule-text-launch.html HTTP/1.1" 200 189 "https://www.shudaxia.com/news/p1.html" "Mozilla/5.0 (Windows NT 10.0; Win64; x64) AppleWebKit/537.36 (KHTML, like Gecko) Chrome/140.0.0.0 Safari/537.36 Edg/140.0.0.0; 360Spider"
180.97.210.155 - - [24/Jan/2026:04:48:52 +0800] "GET /news/jian-pan-lian-dian-qi-an-quan-ban-xia-zai.html HTTP/1.1" 200 194 "https://www.shudaxia.com/news/p1.html" "Mozilla/5.0 (Windows NT 10.0; Win64; x64) AppleWebKit/537.36 (KHTML, like Gecko) Chrome/140.0.0.0 Safari/537.36 Edg/140.0.0.0; 360Spider"
180.97.210.185 - - [24/Jan/2026:04:48:52 +0800] "GET /doc/quickstart/p1.html HTTP/1.1" 200 177 "https://www.shudaxia.com/news/yimiao-yibaixia-zidong-dianjiqi.html" "Mozilla/5.0 (Windows NT 10.0; Win64; x64) AppleWebKit/537.36 (KHTML, like Gecko) Chrome/140.0.0.0 Safari/537.36 Edg/140.0.0.0; 360Spider"
180.97.210.153 - - [24/Jan/2026:04:48:52 +0800] "GET /news/shu-biao-zi-dong-dian-ji.html HTTP/1.1" 200 185 "https://www.shudaxia.com/news/p1.html" "Mozilla/5.0 (Windows NT 10.0; Win64; x64) AppleWebKit/537.36 (KHTML, like Gecko) Chrome/140.0.0.0 Safari/537.36 Edg/140.0.0.0; 360Spider"
180.97.210.162 - - [24/Jan/2026:04:48:52 +0800] "GET /news/yimiao-yibaixia-zidong-dianjiqi.html HTTP/1.1" 200 191 "https://www.shudaxia.com/news/p1.html" "Mozilla/5.0 (Windows NT 10.0; Win64; x64) AppleWebKit/537.36 (KHTML, like Gecko) Chrome/140.0.0.0 Safari/537.36 Edg/140.0.0.0; 360Spider"
180.97.210.203 - - [24/Jan/2026:04:48:52 +0800] "GET /doc/practice/p1?_rsc=1vgzo HTTP/1.1" 308 32 "https://www.shudaxia.com/news/yimiao-yibaixia-zidong-dianjiqi.html" "Mozilla/5.0 (Windows NT 10.0; Win64; x64) AppleWebKit/537.36 (KHTML, like Gecko) Chrome/140.0.0.0 Safari/537.36 Edg/140.0.0.0; 360Spider"
180.97.210.202 - - [24/Jan/2026:04:48:56 +0800] "GET /doc/advanced/p1?_rsc=1vgzo HTTP/1.1" 308 32 "https://www.shudaxia.com/news/yimiao-yibaixia-zidong-dianjiqi.html" "Mozilla/5.0 (Windows NT 10.0; Win64; x64) AppleWebKit/537.36 (KHTML, like Gecko) Chrome/140.0.0.0 Safari/537.36 Edg/140.0.0.0; 360Spider"
180.97.210.186 - - [24/Jan/2026:04:48:57 +0800] "GET /news/p1?_rsc=1vgzo HTTP/1.1" 308 23 "https://www.shudaxia.com/news/yimiao-yibaixia-zidong-dianjiqi.html" "Mozilla/5.0 (Windows NT 10.0; Win64; x64) AppleWebKit/537.36 (KHTML, like Gecko) Chrome/140.0.0.0 Safari/537.36 Edg/140.0.0.0; 360Spider"
180.97.210.182 - - [24/Jan/2026:04:48:57 +0800] "GET /news/tools/p1?_rsc=1vgzo HTTP/1.1" 308 30 "https://www.shudaxia.com/news/yimiao-yibaixia-zidong-dianjiqi.html" "Mozilla/5.0 (Windows NT 10.0; Win64; x64) AppleWebKit/537.36 (KHTML, like Gecko) Chrome/140.0.0.0 Safari/537.36 Edg/140.0.0.0; 360Spider"
180.97.210.175 - - [24/Jan/2026:04:48:58 +0800] "GET /news/tutorial/p1?_rsc=1vgzo HTTP/1.1" 308 33 "https://www.shudaxia.com/news/yimiao-yibaixia-zidong-dianjiqi.html" "Mozilla/5.0 (Windows NT 10.0; Win64; x64) AppleWebKit/537.36 (KHTML, like Gecko) Chrome/140.0.0.0 Safari/537.36 Edg/140.0.0.0; 360Spider"
180.97.210.217 - - [24/Jan/2026:04:48:58 +0800] "GET /doc/practice/p1.html HTTP/1.1" 200 176 "https://www.shudaxia.com/news/yimiao-yibaixia-zidong-dianjiqi.html" "Mozilla/5.0 (Windows NT 10.0; Win64; x64) AppleWebKit/537.36 (KHTML, like Gecko) Chrome/140.0.0.0 Safari/537.36 Edg/140.0.0.0; 360Spider"
180.97.210.156 - - [24/Jan/2026:04:48:58 +0800] "GET /doc/advanced/p1.html HTTP/1.1" 200 176 "https://www.shudaxia.com/news/yimiao-yibaixia-zidong-dianjiqi.html" "Mozilla/5.0 (Windows NT 10.0; Win64; x64) AppleWebKit/537.36 (KHTML, like Gecko) Chrome/140.0.0.0 Safari/537.36 Edg/140.0.0.0; 360Spider"
180.97.210.202 - - [24/Jan/2026:04:48:59 +0800] "GET /news/p1.html HTTP/1.1" 200 169 "https://www.shudaxia.com/news/yimiao-yibaixia-zidong-dianjiqi.html" "Mozilla/5.0 (Windows NT 10.0; Win64; x64) AppleWebKit/537.36 (KHTML, like Gecko) Chrome/140.0.0.0 Safari/537.36 Edg/140.0.0.0; 360Spider"
180.97.210.174 - - [24/Jan/2026:04:48:59 +0800] "GET /news/tools/p1.html HTTP/1.1" 200 174 "https://www.shudaxia.com/news/yimiao-yibaixia-zidong-dianjiqi.html" "Mozilla/5.0 (Windows NT 10.0; Win64; x64) AppleWebKit/537.36 (KHTML, like Gecko) Chrome/140.0.0.0 Safari/537.36 Edg/140.0.0.0; 360Spider"
180.97.210.182 - - [24/Jan/2026:04:49:00 +0800] "GET /news/tutorial/p1.html HTTP/1.1" 200 176 "https://www.shudaxia.com/news/yimiao-yibaixia-zidong-dianjiqi.html" "Mozilla/5.0 (Windows NT 10.0; Win64; x64) AppleWebKit/537.36 (KHTML, like Gecko) Chrome/140.0.0.0 Safari/537.36 Edg/140.0.0.0; 360Spider"
