180.97.210.174 - - [24/Jan/2026:02:36:25 +0800] "GET /news/tools/p1.html HTTP/1.1" 200 174 "https://www.shudaxia.com/faq/na-li-ke-yi-xia-zai-shudaxia.html" "Mozilla/5.0 (Windows NT 10.0; Win64; x64) AppleWebKit/537.36 (KHTML, like Gecko) Chrome/140.0.0.0 Safari/537.36 Edg/140.0.0.0; 360Spider"
180.97.210.212 - - [24/Jan/2026:02:36:25 +0800] "GET /faq/version/p1?_rsc=1luhj HTTP/1.1" 308 31 "https://www.shudaxia.com/faq/na-li-ke-yi-xia-zai-shudaxia.html" "Mozilla/5.0 (Windows NT 10.0; Win64; x64) AppleWebKit/537.36 (KHTML, like Gecko) Chrome/140.0.0.0 Safari/537.36 Edg/140.0.0.0; 360Spider"
180.97.210.178 - - [24/Jan/2026:02:36:25 +0800] "GET /faq/usage/p1?_rsc=1luhj HTTP/1.1" 308 29 "https://www.shudaxia.com/faq/na-li-ke-yi-xia-zai-shudaxia.html" "Mozilla/5.0 (Windows NT 10.0; Win64; x64) AppleWebKit/537.36 (KHTML, like Gecko) Chrome/140.0.0.0 Safari/537.36 Edg/140.0.0.0; 360Spider"
180.97.210.195 - - [24/Jan/2026:02:36:25 +0800] "GET /news/version/p1.html HTTP/1.1" 200 176 "https://www.shudaxia.com/faq/na-li-ke-yi-xia-zai-shudaxia.html" "Mozilla/5.0 (Windows NT 10.0; Win64; x64) AppleWebKit/537.36 (KHTML, like Gecko) Chrome/140.0.0.0 Safari/537.36 Edg/140.0.0.0; 360Spider"
180.97.210.174 - - [24/Jan/2026:02:36:25 +0800] "GET /news/tools/p1.html HTTP/1.1" 200 174 "https://www.shudaxia.com/faq/shudaxia-zen-me-she-zhi-cao-zuo.html" "Mozilla/5.0 (Windows NT 10.0; Win64; x64) AppleWebKit/537.36 (KHTML, like Gecko) Chrome/140.0.0.0 Safari/537.36 Edg/140.0.0.0; 360Spider"
180.97.210.202 - - [24/Jan/2026:02:36:25 +0800] "GET /news/p1.html HTTP/1.1" 200 169 "https://www.shudaxia.com/faq/shudaxia-zen-me-she-zhi-cao-zuo.html" "Mozilla/5.0 (Windows NT 10.0; Win64; x64) AppleWebKit/537.36 (KHTML, like Gecko) Chrome/140.0.0.0 Safari/537.36 Edg/140.0.0.0; 360Spider"
180.97.210.157 - - [24/Jan/2026:02:36:25 +0800] "GET /faq/p1?_rsc=1dt1n HTTP/1.1" 308 22 "https://www.shudaxia.com/faq/shudaxia-zen-me-she-zhi-cao-zuo.html" "Mozilla/5.0 (Windows NT 10.0; Win64; x64) AppleWebKit/537.36 (KHTML, like Gecko) Chrome/140.0.0.0 Safari/537.36 Edg/140.0.0.0; 360Spider"
180.97.210.151 - - [24/Jan/2026:02:36:25 +0800] "GET /news/version/p1?_rsc=1dt1n HTTP/1.1" 308 32 "https://www.shudaxia.com/faq/shudaxia-zen-me-she-zhi-cao-zuo.html" "Mozilla/5.0 (Windows NT 10.0; Win64; x64) AppleWebKit/537.36 (KHTML, like Gecko) Chrome/140.0.0.0 Safari/537.36 Edg/140.0.0.0; 360Spider"
180.97.210.182 - - [24/Jan/2026:02:36:25 +0800] "GET /news/tutorial/p1.html HTTP/1.1" 200 176 "https://www.shudaxia.com/faq/shudaxia-zen-me-she-zhi-cao-zuo.html" "Mozilla/5.0 (Windows NT 10.0; Win64; x64) AppleWebKit/537.36 (KHTML, like Gecko) Chrome/140.0.0.0 Safari/537.36 Edg/140.0.0.0; 360Spider"
180.97.210.159 - - [24/Jan/2026:02:36:25 +0800] "GET /faq/troubleshooting/p1?_rsc=1luhj HTTP/1.1" 308 39 "https://www.shudaxia.com/faq/na-li-ke-yi-xia-zai-shudaxia.html" "Mozilla/5.0 (Windows NT 10.0; Win64; x64) AppleWebKit/537.36 (KHTML, like Gecko) Chrome/140.0.0.0 Safari/537.36 Edg/140.0.0.0; 360Spider"
180.97.210.152 - - [24/Jan/2026:02:36:25 +0800] "GET /faq/p1.html HTTP/1.1" 200 168 "https://www.shudaxia.com/faq/na-li-ke-yi-xia-zai-shudaxia.html" "Mozilla/5.0 (Windows NT 10.0; Win64; x64) AppleWebKit/537.36 (KHTML, like Gecko) Chrome/140.0.0.0 Safari/537.36 Edg/140.0.0.0; 360Spider"
180.97.210.161 - - [24/Jan/2026:02:36:25 +0800] "GET /faq?_rsc=1luhj HTTP/1.1" 308 19 "https://www.shudaxia.com/faq/na-li-ke-yi-xia-zai-shudaxia.html" "Mozilla/5.0 (Windows NT 10.0; Win64; x64) AppleWebKit/537.36 (KHTML, like Gecko) Chrome/140.0.0.0 Safari/537.36 Edg/140.0.0.0; 360Spider"
180.97.210.175 - - [24/Jan/2026:02:36:25 +0800] "GET /faq/version/p1.html HTTP/1.1" 200 175 "https://www.shudaxia.com/faq/na-li-ke-yi-xia-zai-shudaxia.html" "Mozilla/5.0 (Windows NT 10.0; Win64; x64) AppleWebKit/537.36 (KHTML, like Gecko) Chrome/140.0.0.0 Safari/537.36 Edg/140.0.0.0; 360Spider"
180.97.210.216 - - [24/Jan/2026:02:36:25 +0800] "GET /faq/usage/p1.html HTTP/1.1" 200 173 "https://www.shudaxia.com/faq/na-li-ke-yi-xia-zai-shudaxia.html" "Mozilla/5.0 (Windows NT 10.0; Win64; x64) AppleWebKit/537.36 (KHTML, like Gecko) Chrome/140.0.0.0 Safari/537.36 Edg/140.0.0.0; 360Spider"
180.97.210.163 - - [24/Jan/2026:02:36:25 +0800] "GET /faq.html HTTP/1.1" 200 165 "https://www.shudaxia.com/faq/na-li-ke-yi-xia-zai-shudaxia.html" "Mozilla/5.0 (Windows NT 10.0; Win64; x64) AppleWebKit/537.36 (KHTML, like Gecko) Chrome/140.0.0.0 Safari/537.36 Edg/140.0.0.0; 360Spider"
180.97.210.149 - - [24/Jan/2026:02:36:25 +0800] "GET /faq/troubleshooting/p1.html HTTP/1.1" 200 181 "https://www.shudaxia.com/faq/na-li-ke-yi-xia-zai-shudaxia.html" "Mozilla/5.0 (Windows NT 10.0; Win64; x64) AppleWebKit/537.36 (KHTML, like Gecko) Chrome/140.0.0.0 Safari/537.36 Edg/140.0.0.0; 360Spider"
180.97.210.194 - - [24/Jan/2026:02:36:26 +0800] "GET /api/latest-version?platform=3 HTTP/1.1" 200 167 "https://www.shudaxia.com/cpstest.html" "Mozilla/5.0 (Windows NT 10.0; Win64; x64) AppleWebKit/537.36 (KHTML, like Gecko) Chrome/140.0.0.0 Safari/537.36 Edg/140.0.0.0; 360Spider"
180.97.210.192 - - [24/Jan/2026:02:36:26 +0800] "GET /api/auth/session HTTP/1.1" 200 35 "https://www.shudaxia.com/cpstest.html" "Mozilla/5.0 (Windows NT 10.0; Win64; x64) AppleWebKit/537.36 (KHTML, like Gecko) Chrome/140.0.0.0 Safari/537.36 Edg/140.0.0.0; 360Spider"
180.97.210.164 - - [24/Jan/2026:02:36:26 +0800] "GET /api/latest-version?platform=2 HTTP/1.1" 200 152 "https://www.shudaxia.com/cpstest.html" "Mozilla/5.0 (Windows NT 10.0; Win64; x64) AppleWebKit/537.36 (KHTML, like Gecko) Chrome/140.0.0.0 Safari/537.36 Edg/140.0.0.0; 360Spider"
180.97.210.161 - - [24/Jan/2026:02:36:26 +0800] "GET /api/footer-links HTTP/1.1" 200 535 "https://www.shudaxia.com/cpstest.html" "Mozilla/5.0 (Windows NT 10.0; Win64; x64) AppleWebKit/537.36 (KHTML, like Gecko) Chrome/140.0.0.0 Safari/537.36 Edg/140.0.0.0; 360Spider"
180.97.210.194 - - [24/Jan/2026:02:36:26 +0800] "GET /api/latest-version?platform=3 HTTP/1.1" 200 167 "https://www.shudaxia.com/cpstest.html" "Mozilla/5.0 (Windows NT 10.0; Win64; x64) AppleWebKit/537.36 (KHTML, like Gecko) Chrome/140.0.0.0 Safari/537.36 Edg/140.0.0.0; 360Spider"
180.97.210.152 - - [24/Jan/2026:02:36:26 +0800] "GET /mobile?_rsc=hbwmi HTTP/1.1" 308 22 "https://www.shudaxia.com/cpstest.html" "Mozilla/5.0 (Windows NT 10.0; Win64; x64) AppleWebKit/537.36 (KHTML, like Gecko) Chrome/140.0.0.0 Safari/537.36 Edg/140.0.0.0; 360Spider"
180.97.210.197 - - [24/Jan/2026:02:36:26 +0800] "GET /?_rsc=hbwmi HTTP/1.1" 200 144 "https://www.shudaxia.com/cpstest.html" "Mozilla/5.0 (Windows NT 10.0; Win64; x64) AppleWebKit/537.36 (KHTML, like Gecko) Chrome/140.0.0.0 Safari/537.36 Edg/140.0.0.0; 360Spider"
180.97.210.223 - - [24/Jan/2026:02:36:26 +0800] "GET /video?_rsc=hbwmi HTTP/1.1" 308 21 "https://www.shudaxia.com/cpstest.html" "Mozilla/5.0 (Windows NT 10.0; Win64; x64) AppleWebKit/537.36 (KHTML, like Gecko) Chrome/140.0.0.0 Safari/537.36 Edg/140.0.0.0; 360Spider"
180.97.210.203 - - [24/Jan/2026:02:36:26 +0800] "GET /doc/p1?_rsc=hbwmi HTTP/1.1" 308 22 "https://www.shudaxia.com/cpstest.html" "Mozilla/5.0 (Windows NT 10.0; Win64; x64) AppleWebKit/537.36 (KHTML, like Gecko) Chrome/140.0.0.0 Safari/537.36 Edg/140.0.0.0; 360Spider"
180.97.210.173 - - [24/Jan/2026:02:36:26 +0800] "GET /mouse-keyboard-test?_rsc=hbwmi HTTP/1.1" 308 36 "https://www.shudaxia.com/cpstest.html" "Mozilla/5.0 (Windows NT 10.0; Win64; x64) AppleWebKit/537.36 (KHTML, like Gecko) Chrome/140.0.0.0 Safari/537.36 Edg/140.0.0.0; 360Spider"
180.97.210.164 - - [24/Jan/2026:02:36:26 +0800] "GET /api/latest-version?platform=2 HTTP/1.1" 200 152 "https://www.shudaxia.com/cpstest.html" "Mozilla/5.0 (Windows NT 10.0; Win64; x64) AppleWebKit/537.36 (KHTML, like Gecko) Chrome/140.0.0.0 Safari/537.36 Edg/140.0.0.0; 360Spider"
180.97.210.192 - - [24/Jan/2026:02:36:26 +0800] "GET /api/auth/session HTTP/1.1" 200 35 "https://www.shudaxia.com/cpstest.html" "Mozilla/5.0 (Windows NT 10.0; Win64; x64) AppleWebKit/537.36 (KHTML, like Gecko) Chrome/140.0.0.0 Safari/537.36 Edg/140.0.0.0; 360Spider"
180.97.210.157 - - [24/Jan/2026:02:36:26 +0800] "GET /cpstest?_rsc=hbwmi HTTP/1.1" 308 23 "https://www.shudaxia.com/cpstest.html" "Mozilla/5.0 (Windows NT 10.0; Win64; x64) AppleWebKit/537.36 (KHTML, like Gecko) Chrome/140.0.0.0 Safari/537.36 Edg/140.0.0.0; 360Spider"
180.97.210.206 - - [24/Jan/2026:02:36:26 +0800] "GET /doc/p1.html HTTP/1.1" 200 168 "https://www.shudaxia.com/cpstest.html" "Mozilla/5.0 (Windows NT 10.0; Win64; x64) AppleWebKit/537.36 (KHTML, like Gecko) Chrome/140.0.0.0 Safari/537.36 Edg/140.0.0.0; 360Spider"
180.97.210.164 - - [24/Jan/2026:02:36:26 +0800] "GET /api/latest-version?platform=2 HTTP/1.1" 200 152 "https://www.shudaxia.com/mobile.html" "Mozilla/5.0 (Windows NT 10.0; Win64; x64) AppleWebKit/537.36 (KHTML, like Gecko) Chrome/140.0.0.0 Safari/537.36 Edg/140.0.0.0; 360Spider"
180.97.210.194 - - [24/Jan/2026:02:36:26 +0800] "GET /api/latest-version?platform=3 HTTP/1.1" 200 167 "https://www.shudaxia.com/mobile.html" "Mozilla/5.0 (Windows NT 10.0; Win64; x64) AppleWebKit/537.36 (KHTML, like Gecko) Chrome/140.0.0.0 Safari/537.36 Edg/140.0.0.0; 360Spider"
180.97.210.192 - - [24/Jan/2026:02:36:26 +0800] "GET /api/auth/session HTTP/1.1" 200 35 "https://www.shudaxia.com/mobile.html" "Mozilla/5.0 (Windows NT 10.0; Win64; x64) AppleWebKit/537.36 (KHTML, like Gecko) Chrome/140.0.0.0 Safari/537.36 Edg/140.0.0.0; 360Spider"
180.97.210.194 - - [24/Jan/2026:02:36:26 +0800] "GET /api/latest-version?platform=3 HTTP/1.1" 200 167 "https://www.shudaxia.com/mobile.html" "Mozilla/5.0 (Windows NT 10.0; Win64; x64) AppleWebKit/537.36 (KHTML, like Gecko) Chrome/140.0.0.0 Safari/537.36 Edg/140.0.0.0; 360Spider"
180.97.210.164 - - [24/Jan/2026:02:36:26 +0800] "GET /api/latest-version?platform=2 HTTP/1.1" 200 152 "https://www.shudaxia.com/mobile.html" "Mozilla/5.0 (Windows NT 10.0; Win64; x64) AppleWebKit/537.36 (KHTML, like Gecko) Chrome/140.0.0.0 Safari/537.36 Edg/140.0.0.0; 360Spider"
180.97.210.161 - - [24/Jan/2026:02:36:26 +0800] "GET /api/footer-links HTTP/1.1" 200 535 "https://www.shudaxia.com/mobile.html" "Mozilla/5.0 (Windows NT 10.0; Win64; x64) AppleWebKit/537.36 (KHTML, like Gecko) Chrome/140.0.0.0 Safari/537.36 Edg/140.0.0.0; 360Spider"
180.97.210.220 - - [24/Jan/2026:02:36:26 +0800] "GET /mobile?_rsc=e2q9m HTTP/1.1" 308 22 "https://www.shudaxia.com/mobile.html" "Mozilla/5.0 (Windows NT 10.0; Win64; x64) AppleWebKit/537.36 (KHTML, like Gecko) Chrome/140.0.0.0 Safari/537.36 Edg/140.0.0.0; 360Spider"
180.97.210.170 - - [24/Jan/2026:02:36:26 +0800] "GET /?_rsc=e2q9m HTTP/1.1" 200 139 "https://www.shudaxia.com/mobile.html" "Mozilla/5.0 (Windows NT 10.0; Win64; x64) AppleWebKit/537.36 (KHTML, like Gecko) Chrome/140.0.0.0 Safari/537.36 Edg/140.0.0.0; 360Spider"
180.97.210.164 - - [24/Jan/2026:02:36:26 +0800] "GET /api/latest-version?platform=2 HTTP/1.1" 200 152 "https://www.shudaxia.com/mobile.html" "Mozilla/5.0 (Windows NT 10.0; Win64; x64) AppleWebKit/537.36 (KHTML, like Gecko) Chrome/140.0.0.0 Safari/537.36 Edg/140.0.0.0; 360Spider"
180.97.210.167 - - [24/Jan/2026:02:36:26 +0800] "GET /mouse-keyboard-test?_rsc=e2q9m HTTP/1.1" 308 36 "https://www.shudaxia.com/mobile.html" "Mozilla/5.0 (Windows NT 10.0; Win64; x64) AppleWebKit/537.36 (KHTML, like Gecko) Chrome/140.0.0.0 Safari/537.36 Edg/140.0.0.0; 360Spider"
180.97.210.223 - - [24/Jan/2026:02:36:26 +0800] "GET /doc/p1?_rsc=e2q9m HTTP/1.1" 308 22 "https://www.shudaxia.com/mobile.html" "Mozilla/5.0 (Windows NT 10.0; Win64; x64) AppleWebKit/537.36 (KHTML, like Gecko) Chrome/140.0.0.0 Safari/537.36 Edg/140.0.0.0; 360Spider"
180.97.210.211 - - [24/Jan/2026:02:36:26 +0800] "GET /video?_rsc=e2q9m HTTP/1.1" 308 21 "https://www.shudaxia.com/mobile.html" "Mozilla/5.0 (Windows NT 10.0; Win64; x64) AppleWebKit/537.36 (KHTML, like Gecko) Chrome/140.0.0.0 Safari/537.36 Edg/140.0.0.0; 360Spider"
180.97.210.192 - - [24/Jan/2026:02:36:26 +0800] "GET /api/auth/session HTTP/1.1" 200 35 "https://www.shudaxia.com/mobile.html" "Mozilla/5.0 (Windows NT 10.0; Win64; x64) AppleWebKit/537.36 (KHTML, like Gecko) Chrome/140.0.0.0 Safari/537.36 Edg/140.0.0.0; 360Spider"
180.97.210.206 - - [24/Jan/2026:02:36:26 +0800] "GET /doc/p1.html HTTP/1.1" 200 168 "https://www.shudaxia.com/mobile.html" "Mozilla/5.0 (Windows NT 10.0; Win64; x64) AppleWebKit/537.36 (KHTML, like Gecko) Chrome/140.0.0.0 Safari/537.36 Edg/140.0.0.0; 360Spider"
180.97.210.211 - - [24/Jan/2026:02:36:26 +0800] "GET /cpstest?_rsc=e2q9m HTTP/1.1" 308 23 "https://www.shudaxia.com/mobile.html" "Mozilla/5.0 (Windows NT 10.0; Win64; x64) AppleWebKit/537.36 (KHTML, like Gecko) Chrome/140.0.0.0 Safari/537.36 Edg/140.0.0.0; 360Spider"
180.97.210.174 - - [24/Jan/2026:02:36:26 +0800] "GET /mouse-click-train?_rsc=e2q9m HTTP/1.1" 308 34 "https://www.shudaxia.com/mobile.html" "Mozilla/5.0 (Windows NT 10.0; Win64; x64) AppleWebKit/537.36 (KHTML, like Gecko) Chrome/140.0.0.0 Safari/537.36 Edg/140.0.0.0; 360Spider"
180.97.210.215 - - [24/Jan/2026:02:36:26 +0800] "GET /scriptdiy?_rsc=e2q9m HTTP/1.1" 308 25 "https://www.shudaxia.com/mobile.html" "Mozilla/5.0 (Windows NT 10.0; Win64; x64) AppleWebKit/537.36 (KHTML, like Gecko) Chrome/140.0.0.0 Safari/537.36 Edg/140.0.0.0; 360Spider"
180.97.210.151 - - [24/Jan/2026:02:36:26 +0800] "GET /feedback?_rsc=e2q9m HTTP/1.1" 308 24 "https://www.shudaxia.com/mobile.html" "Mozilla/5.0 (Windows NT 10.0; Win64; x64) AppleWebKit/537.36 (KHTML, like Gecko) Chrome/140.0.0.0 Safari/537.36 Edg/140.0.0.0; 360Spider"
180.97.210.191 - - [24/Jan/2026:02:36:26 +0800] "GET /mouse-click-train?_rsc=hbwmi HTTP/1.1" 308 34 "https://www.shudaxia.com/cpstest.html" "Mozilla/5.0 (Windows NT 10.0; Win64; x64) AppleWebKit/537.36 (KHTML, like Gecko) Chrome/140.0.0.0 Safari/537.36 Edg/140.0.0.0; 360Spider"
180.97.210.180 - - [24/Jan/2026:02:36:26 +0800] "GET /scriptdiy?_rsc=hbwmi HTTP/1.1" 308 25 "https://www.shudaxia.com/cpstest.html" "Mozilla/5.0 (Windows NT 10.0; Win64; x64) AppleWebKit/537.36 (KHTML, like Gecko) Chrome/140.0.0.0 Safari/537.36 Edg/140.0.0.0; 360Spider"
180.97.210.205 - - [24/Jan/2026:02:36:26 +0800] "GET /faq/version/p1?_rsc=1dt1n HTTP/1.1" 308 31 "https://www.shudaxia.com/faq/shudaxia-zen-me-she-zhi-cao-zuo.html" "Mozilla/5.0 (Windows NT 10.0; Win64; x64) AppleWebKit/537.36 (KHTML, like Gecko) Chrome/140.0.0.0 Safari/537.36 Edg/140.0.0.0; 360Spider"
180.97.210.160 - - [24/Jan/2026:02:36:27 +0800] "GET /feedback?_rsc=hbwmi HTTP/1.1" 308 24 "https://www.shudaxia.com/cpstest.html" "Mozilla/5.0 (Windows NT 10.0; Win64; x64) AppleWebKit/537.36 (KHTML, like Gecko) Chrome/140.0.0.0 Safari/537.36 Edg/140.0.0.0; 360Spider"
180.97.210.195 - - [24/Jan/2026:02:36:27 +0800] "GET /news/version/p1.html HTTP/1.1" 200 176 "https://www.shudaxia.com/faq/shudaxia-zen-me-she-zhi-cao-zuo.html" "Mozilla/5.0 (Windows NT 10.0; Win64; x64) AppleWebKit/537.36 (KHTML, like Gecko) Chrome/140.0.0.0 Safari/537.36 Edg/140.0.0.0; 360Spider"
180.97.210.185 - - [24/Jan/2026:02:36:27 +0800] "GET /faq/usage/p1?_rsc=1dt1n HTTP/1.1" 308 29 "https://www.shudaxia.com/faq/shudaxia-zen-me-she-zhi-cao-zuo.html" "Mozilla/5.0 (Windows NT 10.0; Win64; x64) AppleWebKit/537.36 (KHTML, like Gecko) Chrome/140.0.0.0 Safari/537.36 Edg/140.0.0.0; 360Spider"
180.97.210.171 - - [24/Jan/2026:02:36:27 +0800] "GET /faq/troubleshooting/p1?_rsc=1dt1n HTTP/1.1" 308 39 "https://www.shudaxia.com/faq/shudaxia-zen-me-she-zhi-cao-zuo.html" "Mozilla/5.0 (Windows NT 10.0; Win64; x64) AppleWebKit/537.36 (KHTML, like Gecko) Chrome/140.0.0.0 Safari/537.36 Edg/140.0.0.0; 360Spider"
180.97.210.152 - - [24/Jan/2026:02:36:27 +0800] "GET /faq/p1.html HTTP/1.1" 200 168 "https://www.shudaxia.com/faq/shudaxia-zen-me-she-zhi-cao-zuo.html" "Mozilla/5.0 (Windows NT 10.0; Win64; x64) AppleWebKit/537.36 (KHTML, like Gecko) Chrome/140.0.0.0 Safari/537.36 Edg/140.0.0.0; 360Spider"
180.97.210.175 - - [24/Jan/2026:02:36:27 +0800] "GET /faq/version/p1.html HTTP/1.1" 200 175 "https://www.shudaxia.com/faq/shudaxia-zen-me-she-zhi-cao-zuo.html" "Mozilla/5.0 (Windows NT 10.0; Win64; x64) AppleWebKit/537.36 (KHTML, like Gecko) Chrome/140.0.0.0 Safari/537.36 Edg/140.0.0.0; 360Spider"
180.97.210.174 - - [24/Jan/2026:02:36:27 +0800] "GET /news/tools/p1.html HTTP/1.1" 200 174 "https://www.shudaxia.com/news/p1.html" "Mozilla/5.0 (Windows NT 10.0; Win64; x64) AppleWebKit/537.36 (KHTML, like Gecko) Chrome/140.0.0.0 Safari/537.36 Edg/140.0.0.0; 360Spider"
180.97.210.182 - - [24/Jan/2026:02:36:27 +0800] "GET /news/tutorial/p1.html HTTP/1.1" 200 176 "https://www.shudaxia.com/news/p1.html" "Mozilla/5.0 (Windows NT 10.0; Win64; x64) AppleWebKit/537.36 (KHTML, like Gecko) Chrome/140.0.0.0 Safari/537.36 Edg/140.0.0.0; 360Spider"
180.97.210.212 - - [24/Jan/2026:02:36:27 +0800] "GET /news/version/p1?_rsc=fb6cu HTTP/1.1" 308 32 "https://www.shudaxia.com/news/p1.html" "Mozilla/5.0 (Windows NT 10.0; Win64; x64) AppleWebKit/537.36 (KHTML, like Gecko) Chrome/140.0.0.0 Safari/537.36 Edg/140.0.0.0; 360Spider"
180.97.210.172 - - [24/Jan/2026:02:36:27 +0800] "GET /faq/p1?_rsc=fb6cu HTTP/1.1" 308 22 "https://www.shudaxia.com/news/p1.html" "Mozilla/5.0 (Windows NT 10.0; Win64; x64) AppleWebKit/537.36 (KHTML, like Gecko) Chrome/140.0.0.0 Safari/537.36 Edg/140.0.0.0; 360Spider"
180.97.210.212 - - [24/Jan/2026:02:36:28 +0800] "GET /faq/version/p1?_rsc=fb6cu HTTP/1.1" 308 31 "https://www.shudaxia.com/news/p1.html" "Mozilla/5.0 (Windows NT 10.0; Win64; x64) AppleWebKit/537.36 (KHTML, like Gecko) Chrome/140.0.0.0 Safari/537.36 Edg/140.0.0.0; 360Spider"
180.97.210.155 - - [24/Jan/2026:02:36:28 +0800] "GET /faq/troubleshooting/p1?_rsc=fb6cu HTTP/1.1" 308 39 "https://www.shudaxia.com/news/p1.html" "Mozilla/5.0 (Windows NT 10.0; Win64; x64) AppleWebKit/537.36 (KHTML, like Gecko) Chrome/140.0.0.0 Safari/537.36 Edg/140.0.0.0; 360Spider"
180.97.210.151 - - [24/Jan/2026:02:36:28 +0800] "GET /faq/usage/p1?_rsc=fb6cu HTTP/1.1" 308 29 "https://www.shudaxia.com/news/p1.html" "Mozilla/5.0 (Windows NT 10.0; Win64; x64) AppleWebKit/537.36 (KHTML, like Gecko) Chrome/140.0.0.0 Safari/537.36 Edg/140.0.0.0; 360Spider"
180.97.210.195 - - [24/Jan/2026:02:36:28 +0800] "GET /news/version/p1.html HTTP/1.1" 200 176 "https://www.shudaxia.com/news/p1.html" "Mozilla/5.0 (Windows NT 10.0; Win64; x64) AppleWebKit/537.36 (KHTML, like Gecko) Chrome/140.0.0.0 Safari/537.36 Edg/140.0.0.0; 360Spider"
180.97.210.152 - - [24/Jan/2026:02:36:28 +0800] "GET /faq/p1.html HTTP/1.1" 200 168 "https://www.shudaxia.com/news/p1.html" "Mozilla/5.0 (Windows NT 10.0; Win64; x64) AppleWebKit/537.36 (KHTML, like Gecko) Chrome/140.0.0.0 Safari/537.36 Edg/140.0.0.0; 360Spider"
180.97.210.175 - - [24/Jan/2026:02:36:28 +0800] "GET /faq/version/p1.html HTTP/1.1" 200 175 "https://www.shudaxia.com/news/p1.html" "Mozilla/5.0 (Windows NT 10.0; Win64; x64) AppleWebKit/537.36 (KHTML, like Gecko) Chrome/140.0.0.0 Safari/537.36 Edg/140.0.0.0; 360Spider"
180.97.210.149 - - [24/Jan/2026:02:36:28 +0800] "GET /faq/troubleshooting/p1.html HTTP/1.1" 200 181 "https://www.shudaxia.com/news/p1.html" "Mozilla/5.0 (Windows NT 10.0; Win64; x64) AppleWebKit/537.36 (KHTML, like Gecko) Chrome/140.0.0.0 Safari/537.36 Edg/140.0.0.0; 360Spider"
180.97.210.216 - - [24/Jan/2026:02:36:28 +0800] "GET /faq/usage/p1.html HTTP/1.1" 200 173 "https://www.shudaxia.com/news/p1.html" "Mozilla/5.0 (Windows NT 10.0; Win64; x64) AppleWebKit/537.36 (KHTML, like Gecko) Chrome/140.0.0.0 Safari/537.36 Edg/140.0.0.0; 360Spider"
180.97.210.186 - - [24/Jan/2026:02:36:28 +0800] "GET /news/shu-biao-lian-dian-qi-zui-xin-ban-xia-zai?_rsc=fb6cu HTTP/1.1" 308 63 "https://www.shudaxia.com/news/p1.html" "Mozilla/5.0 (Windows NT 10.0; Win64; x64) AppleWebKit/537.36 (KHTML, like Gecko) Chrome/140.0.0.0 Safari/537.36 Edg/140.0.0.0; 360Spider"
180.97.210.152 - - [24/Jan/2026:02:36:29 +0800] "GET /news/jian-pan-lian-dian-qi-an-quan-ban-xia-zai?_rsc=fb6cu HTTP/1.1" 308 63 "https://www.shudaxia.com/news/p1.html" "Mozilla/5.0 (Windows NT 10.0; Win64; x64) AppleWebKit/537.36 (KHTML, like Gecko) Chrome/140.0.0.0 Safari/537.36 Edg/140.0.0.0; 360Spider"
180.97.210.219 - - [24/Jan/2026:02:36:29 +0800] "GET /news/new-features-schedule-text-launch?_rsc=fb6cu HTTP/1.1" 308 55 "https://www.shudaxia.com/news/p1.html" "Mozilla/5.0 (Windows NT 10.0; Win64; x64) AppleWebKit/537.36 (KHTML, like Gecko) Chrome/140.0.0.0 Safari/537.36 Edg/140.0.0.0; 360Spider"
180.97.210.156 - - [24/Jan/2026:02:36:29 +0800] "GET /news/shu-biao-zi-dong-dian-ji?_rsc=fb6cu HTTP/1.1" 308 46 "https://www.shudaxia.com/news/p1.html" "Mozilla/5.0 (Windows NT 10.0; Win64; x64) AppleWebKit/537.36 (KHTML, like Gecko) Chrome/140.0.0.0 Safari/537.36 Edg/140.0.0.0; 360Spider"
180.97.210.154 - - [24/Jan/2026:02:36:29 +0800] "GET /news/yimiao-yibaixia-zidong-dianjiqi?_rsc=fb6cu HTTP/1.1" 308 53 "https://www.shudaxia.com/news/p1.html" "Mozilla/5.0 (Windows NT 10.0; Win64; x64) AppleWebKit/537.36 (KHTML, like Gecko) Chrome/140.0.0.0 Safari/537.36 Edg/140.0.0.0; 360Spider"
180.97.210.196 - - [24/Jan/2026:02:36:29 +0800] "GET /news/shu-biao-lian-dian-qi-zui-xin-ban-xia-zai.html HTTP/1.1" 200 191 "https://www.shudaxia.com/news/p1.html" "Mozilla/5.0 (Windows NT 10.0; Win64; x64) AppleWebKit/537.36 (KHTML, like Gecko) Chrome/140.0.0.0 Safari/537.36 Edg/140.0.0.0; 360Spider"
180.97.210.155 - - [24/Jan/2026:02:36:29 +0800] "GET /news/jian-pan-lian-dian-qi-an-quan-ban-xia-zai.html HTTP/1.1" 200 194 "https://www.shudaxia.com/news/p1.html" "Mozilla/5.0 (Windows NT 10.0; Win64; x64) AppleWebKit/537.36 (KHTML, like Gecko) Chrome/140.0.0.0 Safari/537.36 Edg/140.0.0.0; 360Spider"
180.97.210.181 - - [24/Jan/2026:02:36:29 +0800] "GET /news/new-features-schedule-text-launch.html HTTP/1.1" 200 189 "https://www.shudaxia.com/news/p1.html" "Mozilla/5.0 (Windows NT 10.0; Win64; x64) AppleWebKit/537.36 (KHTML, like Gecko) Chrome/140.0.0.0 Safari/537.36 Edg/140.0.0.0; 360Spider"
180.97.210.153 - - [24/Jan/2026:02:36:29 +0800] "GET /news/shu-biao-zi-dong-dian-ji.html HTTP/1.1" 200 185 "https://www.shudaxia.com/news/p1.html" "Mozilla/5.0 (Windows NT 10.0; Win64; x64) AppleWebKit/537.36 (KHTML, like Gecko) Chrome/140.0.0.0 Safari/537.36 Edg/140.0.0.0; 360Spider"
180.97.210.162 - - [24/Jan/2026:02:36:29 +0800] "GET /news/yimiao-yibaixia-zidong-dianjiqi.html HTTP/1.1" 200 191 "https://www.shudaxia.com/news/p1.html" "Mozilla/5.0 (Windows NT 10.0; Win64; x64) AppleWebKit/537.36 (KHTML, like Gecko) Chrome/140.0.0.0 Safari/537.36 Edg/140.0.0.0; 360Spider"
180.97.210.170 - - [24/Jan/2026:02:36:31 +0800] "GET /news/shu-biao-zi-dong-dian-ji-qi-guan-fang-mian-fei-ban.html HTTP/1.1" 200 15252 "-" "Mozilla/5.0 (Windows NT 10.0; Win64; x64) AppleWebKit/537.36 (KHTML, like Gecko) Chrome/140.0.0.0 Safari/537.36 Edg/140.0.0.0; 360Spider"
180.97.210.164 - - [24/Jan/2026:02:36:33 +0800] "GET /api/latest-version?platform=2 HTTP/1.1" 200 152 "https://www.shudaxia.com/cpstest.html" "Mozilla/5.0 (Windows NT 10.0; Win64; x64) AppleWebKit/537.36 (KHTML, like Gecko) Chrome/140.0.0.0 Safari/537.36 Edg/140.0.0.0; 360Spider"
180.97.210.161 - - [24/Jan/2026:02:36:33 +0800] "GET /api/footer-links HTTP/1.1" 200 535 "https://www.shudaxia.com/cpstest.html" "Mozilla/5.0 (Windows NT 10.0; Win64; x64) AppleWebKit/537.36 (KHTML, like Gecko) Chrome/140.0.0.0 Safari/537.36 Edg/140.0.0.0; 360Spider"
180.97.210.194 - - [24/Jan/2026:02:36:33 +0800] "GET /api/latest-version?platform=3 HTTP/1.1" 200 167 "https://www.shudaxia.com/cpstest.html" "Mozilla/5.0 (Windows NT 10.0; Win64; x64) AppleWebKit/537.36 (KHTML, like Gecko) Chrome/140.0.0.0 Safari/537.36 Edg/140.0.0.0; 360Spider"
180.97.210.164 - - [24/Jan/2026:02:36:33 +0800] "GET /api/latest-version?platform=2 HTTP/1.1" 200 152 "https://www.shudaxia.com/cpstest.html" "Mozilla/5.0 (Windows NT 10.0; Win64; x64) AppleWebKit/537.36 (KHTML, like Gecko) Chrome/140.0.0.0 Safari/537.36 Edg/140.0.0.0; 360Spider"
180.97.210.192 - - [24/Jan/2026:02:36:33 +0800] "GET /api/auth/session HTTP/1.1" 200 35 "https://www.shudaxia.com/cpstest.html" "Mozilla/5.0 (Windows NT 10.0; Win64; x64) AppleWebKit/537.36 (KHTML, like Gecko) Chrome/140.0.0.0 Safari/537.36 Edg/140.0.0.0; 360Spider"
180.97.210.194 - - [24/Jan/2026:02:36:33 +0800] "GET /api/latest-version?platform=3 HTTP/1.1" 200 167 "https://www.shudaxia.com/cpstest.html" "Mozilla/5.0 (Windows NT 10.0; Win64; x64) AppleWebKit/537.36 (KHTML, like Gecko) Chrome/140.0.0.0 Safari/537.36 Edg/140.0.0.0; 360Spider"
180.97.210.164 - - [24/Jan/2026:02:36:34 +0800] "GET /api/latest-version?platform=2 HTTP/1.1" 200 152 "https://www.shudaxia.com/news/shu-biao-zi-dong-dian-ji-qi-guan-fang-mian-fei-ban.html" "Mozilla/5.0 (Windows NT 10.0; Win64; x64) AppleWebKit/537.36 (KHTML, like Gecko) Chrome/140.0.0.0 Safari/537.36 Edg/140.0.0.0; 360Spider"
180.97.210.194 - - [24/Jan/2026:02:36:34 +0800] "GET /api/latest-version?platform=3 HTTP/1.1" 200 167 "https://www.shudaxia.com/news/shu-biao-zi-dong-dian-ji-qi-guan-fang-mian-fei-ban.html" "Mozilla/5.0 (Windows NT 10.0; Win64; x64) AppleWebKit/537.36 (KHTML, like Gecko) Chrome/140.0.0.0 Safari/537.36 Edg/140.0.0.0; 360Spider"
180.97.210.157 - - [24/Jan/2026:02:36:34 +0800] "POST /api/articles/27/view HTTP/1.1" 200 1452 "https://www.shudaxia.com/news/shu-biao-zi-dong-dian-ji-qi-guan-fang-mian-fei-ban.html" "Mozilla/5.0 (Windows NT 10.0; Win64; x64) AppleWebKit/537.36 (KHTML, like Gecko) Chrome/140.0.0.0 Safari/537.36 Edg/140.0.0.0; 360Spider"
180.97.210.164 - - [24/Jan/2026:02:36:34 +0800] "GET /api/latest-version?platform=2 HTTP/1.1" 200 152 "https://www.shudaxia.com/news/shu-biao-zi-dong-dian-ji-qi-guan-fang-mian-fei-ban.html" "Mozilla/5.0 (Windows NT 10.0; Win64; x64) AppleWebKit/537.36 (KHTML, like Gecko) Chrome/140.0.0.0 Safari/537.36 Edg/140.0.0.0; 360Spider"
180.97.210.194 - - [24/Jan/2026:02:36:34 +0800] "GET /api/latest-version?platform=3 HTTP/1.1" 200 167 "https://www.shudaxia.com/news/shu-biao-zi-dong-dian-ji-qi-guan-fang-mian-fei-ban.html" "Mozilla/5.0 (Windows NT 10.0; Win64; x64) AppleWebKit/537.36 (KHTML, like Gecko) Chrome/140.0.0.0 Safari/537.36 Edg/140.0.0.0; 360Spider"
180.97.210.161 - - [24/Jan/2026:02:36:34 +0800] "GET /api/footer-links HTTP/1.1" 200 535 "https://www.shudaxia.com/news/shu-biao-zi-dong-dian-ji-qi-guan-fang-mian-fei-ban.html" "Mozilla/5.0 (Windows NT 10.0; Win64; x64) AppleWebKit/537.36 (KHTML, like Gecko) Chrome/140.0.0.0 Safari/537.36 Edg/140.0.0.0; 360Spider"
180.97.210.192 - - [24/Jan/2026:02:36:34 +0800] "GET /api/auth/session HTTP/1.1" 200 35 "https://www.shudaxia.com/news/shu-biao-zi-dong-dian-ji-qi-guan-fang-mian-fei-ban.html" "Mozilla/5.0 (Windows NT 10.0; Win64; x64) AppleWebKit/537.36 (KHTML, like Gecko) Chrome/140.0.0.0 Safari/537.36 Edg/140.0.0.0; 360Spider"
180.97.210.167 - - [24/Jan/2026:02:36:35 +0800] "GET /?_rsc=eot9v HTTP/1.1" 200 144 "https://www.shudaxia.com/news/shu-biao-zi-dong-dian-ji-qi-guan-fang-mian-fei-ban.html" "Mozilla/5.0 (Windows NT 10.0; Win64; x64) AppleWebKit/537.36 (KHTML, like Gecko) Chrome/140.0.0.0 Safari/537.36 Edg/140.0.0.0; 360Spider"
180.97.210.188 - - [24/Jan/2026:02:36:35 +0800] "GET /mobile?_rsc=eot9v HTTP/1.1" 308 22 "https://www.shudaxia.com/news/shu-biao-zi-dong-dian-ji-qi-guan-fang-mian-fei-ban.html" "Mozilla/5.0 (Windows NT 10.0; Win64; x64) AppleWebKit/537.36 (KHTML, like Gecko) Chrome/140.0.0.0 Safari/537.36 Edg/140.0.0.0; 360Spider"
180.97.210.197 - - [24/Jan/2026:02:36:35 +0800] "GET /doc/p1?_rsc=eot9v HTTP/1.1" 308 22 "https://www.shudaxia.com/news/shu-biao-zi-dong-dian-ji-qi-guan-fang-mian-fei-ban.html" "Mozilla/5.0 (Windows NT 10.0; Win64; x64) AppleWebKit/537.36 (KHTML, like Gecko) Chrome/140.0.0.0 Safari/537.36 Edg/140.0.0.0; 360Spider"
180.97.210.168 - - [24/Jan/2026:02:36:35 +0800] "GET /video?_rsc=eot9v HTTP/1.1" 308 21 "https://www.shudaxia.com/news/shu-biao-zi-dong-dian-ji-qi-guan-fang-mian-fei-ban.html" "Mozilla/5.0 (Windows NT 10.0; Win64; x64) AppleWebKit/537.36 (KHTML, like Gecko) Chrome/140.0.0.0 Safari/537.36 Edg/140.0.0.0; 360Spider"
180.97.210.186 - - [24/Jan/2026:02:36:35 +0800] "GET /mouse-keyboard-test?_rsc=eot9v HTTP/1.1" 308 36 "https://www.shudaxia.com/news/shu-biao-zi-dong-dian-ji-qi-guan-fang-mian-fei-ban.html" "Mozilla/5.0 (Windows NT 10.0; Win64; x64) AppleWebKit/537.36 (KHTML, like Gecko) Chrome/140.0.0.0 Safari/537.36 Edg/140.0.0.0; 360Spider"
180.97.210.192 - - [24/Jan/2026:02:36:35 +0800] "GET /api/auth/session HTTP/1.1" 200 35 "https://www.shudaxia.com/news/shu-biao-zi-dong-dian-ji-qi-guan-fang-mian-fei-ban.html" "Mozilla/5.0 (Windows NT 10.0; Win64; x64) AppleWebKit/537.36 (KHTML, like Gecko) Chrome/140.0.0.0 Safari/537.36 Edg/140.0.0.0; 360Spider"
180.97.210.150 - - [24/Jan/2026:02:36:36 +0800] "GET /cpstest?_rsc=eot9v HTTP/1.1" 308 23 "https://www.shudaxia.com/news/shu-biao-zi-dong-dian-ji-qi-guan-fang-mian-fei-ban.html" "Mozilla/5.0 (Windows NT 10.0; Win64; x64) AppleWebKit/537.36 (KHTML, like Gecko) Chrome/140.0.0.0 Safari/537.36 Edg/140.0.0.0; 360Spider"
180.97.210.206 - - [24/Jan/2026:02:36:36 +0800] "GET /doc/p1.html HTTP/1.1" 200 168 "https://www.shudaxia.com/news/shu-biao-zi-dong-dian-ji-qi-guan-fang-mian-fei-ban.html" "Mozilla/5.0 (Windows NT 10.0; Win64; x64) AppleWebKit/537.36 (KHTML, like Gecko) Chrome/140.0.0.0 Safari/537.36 Edg/140.0.0.0; 360Spider"
180.97.210.196 - - [24/Jan/2026:02:36:36 +0800] "GET /mouse-click-train?_rsc=eot9v HTTP/1.1" 308 34 "https://www.shudaxia.com/news/shu-biao-zi-dong-dian-ji-qi-guan-fang-mian-fei-ban.html" "Mozilla/5.0 (Windows NT 10.0; Win64; x64) AppleWebKit/537.36 (KHTML, like Gecko) Chrome/140.0.0.0 Safari/537.36 Edg/140.0.0.0; 360Spider"
180.97.210.180 - - [24/Jan/2026:02:36:36 +0800] "GET /feedback?_rsc=eot9v HTTP/1.1" 308 24 "https://www.shudaxia.com/news/shu-biao-zi-dong-dian-ji-qi-guan-fang-mian-fei-ban.html" "Mozilla/5.0 (Windows NT 10.0; Win64; x64) AppleWebKit/537.36 (KHTML, like Gecko) Chrome/140.0.0.0 Safari/537.36 Edg/140.0.0.0; 360Spider"
180.97.210.150 - - [24/Jan/2026:02:36:36 +0800] "GET /scriptdiy?_rsc=eot9v HTTP/1.1" 308 25 "https://www.shudaxia.com/news/shu-biao-zi-dong-dian-ji-qi-guan-fang-mian-fei-ban.html" "Mozilla/5.0 (Windows NT 10.0; Win64; x64) AppleWebKit/537.36 (KHTML, like Gecko) Chrome/140.0.0.0 Safari/537.36 Edg/140.0.0.0; 360Spider"
180.97.210.197 - - [24/Jan/2026:02:36:36 +0800] "GET /doc/quickstart/p1?_rsc=eot9v HTTP/1.1" 308 34 "https://www.shudaxia.com/news/shu-biao-zi-dong-dian-ji-qi-guan-fang-mian-fei-ban.html" "Mozilla/5.0 (Windows NT 10.0; Win64; x64) AppleWebKit/537.36 (KHTML, like Gecko) Chrome/140.0.0.0 Safari/537.36 Edg/140.0.0.0; 360Spider"
180.97.210.185 - - [24/Jan/2026:02:36:36 +0800] "GET /doc/quickstart/p1.html HTTP/1.1" 200 177 "https://www.shudaxia.com/news/shu-biao-zi-dong-dian-ji-qi-guan-fang-mian-fei-ban.html" "Mozilla/5.0 (Windows NT 10.0; Win64; x64) AppleWebKit/537.36 (KHTML, like Gecko) Chrome/140.0.0.0 Safari/537.36 Edg/140.0.0.0; 360Spider"
180.97.210.159 - - [24/Jan/2026:02:36:36 +0800] "GET /doc/practice/p1?_rsc=eot9v HTTP/1.1" 308 32 "https://www.shudaxia.com/news/shu-biao-zi-dong-dian-ji-qi-guan-fang-mian-fei-ban.html" "Mozilla/5.0 (Windows NT 10.0; Win64; x64) AppleWebKit/537.36 (KHTML, like Gecko) Chrome/140.0.0.0 Safari/537.36 Edg/140.0.0.0; 360Spider"
180.97.210.217 - - [24/Jan/2026:02:36:37 +0800] "GET /doc/practice/p1.html HTTP/1.1" 200 176 "https://www.shudaxia.com/news/shu-biao-zi-dong-dian-ji-qi-guan-fang-mian-fei-ban.html" "Mozilla/5.0 (Windows NT 10.0; Win64; x64) AppleWebKit/537.36 (KHTML, like Gecko) Chrome/140.0.0.0 Safari/537.36 Edg/140.0.0.0; 360Spider"
180.97.210.162 - - [24/Jan/2026:02:36:37 +0800] "GET /news/p1?_rsc=eot9v HTTP/1.1" 308 23 "https://www.shudaxia.com/news/shu-biao-zi-dong-dian-ji-qi-guan-fang-mian-fei-ban.html" "Mozilla/5.0 (Windows NT 10.0; Win64; x64) AppleWebKit/537.36 (KHTML, like Gecko) Chrome/140.0.0.0 Safari/537.36 Edg/140.0.0.0; 360Spider"
180.97.210.183 - - [24/Jan/2026:02:36:37 +0800] "GET /doc/advanced/p1?_rsc=eot9v HTTP/1.1" 308 32 "https://www.shudaxia.com/news/shu-biao-zi-dong-dian-ji-qi-guan-fang-mian-fei-ban.html" "Mozilla/5.0 (Windows NT 10.0; Win64; x64) AppleWebKit/537.36 (KHTML, like Gecko) Chrome/140.0.0.0 Safari/537.36 Edg/140.0.0.0; 360Spider"
180.97.210.215 - - [24/Jan/2026:02:36:37 +0800] "GET /news/tools/p1?_rsc=eot9v HTTP/1.1" 308 30 "https://www.shudaxia.com/news/shu-biao-zi-dong-dian-ji-qi-guan-fang-mian-fei-ban.html" "Mozilla/5.0 (Windows NT 10.0; Win64; x64) AppleWebKit/537.36 (KHTML, like Gecko) Chrome/140.0.0.0 Safari/537.36 Edg/140.0.0.0; 360Spider"
180.97.210.216 - - [24/Jan/2026:02:36:37 +0800] "GET /news/tutorial/p1?_rsc=eot9v HTTP/1.1" 308 33 "https://www.shudaxia.com/news/shu-biao-zi-dong-dian-ji-qi-guan-fang-mian-fei-ban.html" "Mozilla/5.0 (Windows NT 10.0; Win64; x64) AppleWebKit/537.36 (KHTML, like Gecko) Chrome/140.0.0.0 Safari/537.36 Edg/140.0.0.0; 360Spider"
180.97.210.156 - - [24/Jan/2026:02:36:38 +0800] "GET /doc/advanced/p1.html HTTP/1.1" 200 176 "https://www.shudaxia.com/news/shu-biao-zi-dong-dian-ji-qi-guan-fang-mian-fei-ban.html" "Mozilla/5.0 (Windows NT 10.0; Win64; x64) AppleWebKit/537.36 (KHTML, like Gecko) Chrome/140.0.0.0 Safari/537.36 Edg/140.0.0.0; 360Spider"
180.97.210.219 - - [24/Jan/2026:02:36:38 +0800] "GET /news/version/p1?_rsc=eot9v HTTP/1.1" 308 32 "https://www.shudaxia.com/news/shu-biao-zi-dong-dian-ji-qi-guan-fang-mian-fei-ban.html" "Mozilla/5.0 (Windows NT 10.0; Win64; x64) AppleWebKit/537.36 (KHTML, like Gecko) Chrome/140.0.0.0 Safari/537.36 Edg/140.0.0.0; 360Spider"
180.97.210.202 - - [24/Jan/2026:02:36:38 +0800] "GET /news/p1.html HTTP/1.1" 200 169 "https://www.shudaxia.com/news/shu-biao-zi-dong-dian-ji-qi-guan-fang-mian-fei-ban.html" "Mozilla/5.0 (Windows NT 10.0; Win64; x64) AppleWebKit/537.36 (KHTML, like Gecko) Chrome/140.0.0.0 Safari/537.36 Edg/140.0.0.0; 360Spider"
180.97.210.174 - - [24/Jan/2026:02:36:38 +0800] "GET /news/tools/p1.html HTTP/1.1" 200 174 "https://www.shudaxia.com/news/shu-biao-zi-dong-dian-ji-qi-guan-fang-mian-fei-ban.html" "Mozilla/5.0 (Windows NT 10.0; Win64; x64) AppleWebKit/537.36 (KHTML, like Gecko) Chrome/140.0.0.0 Safari/537.36 Edg/140.0.0.0; 360Spider"
180.97.210.182 - - [24/Jan/2026:02:36:38 +0800] "GET /news/tutorial/p1.html HTTP/1.1" 200 176 "https://www.shudaxia.com/news/shu-biao-zi-dong-dian-ji-qi-guan-fang-mian-fei-ban.html" "Mozilla/5.0 (Windows NT 10.0; Win64; x64) AppleWebKit/537.36 (KHTML, like Gecko) Chrome/140.0.0.0 Safari/537.36 Edg/140.0.0.0; 360Spider"
180.97.210.195 - - [24/Jan/2026:02:36:38 +0800] "GET /news/version/p1.html HTTP/1.1" 200 176 "https://www.shudaxia.com/news/shu-biao-zi-dong-dian-ji-qi-guan-fang-mian-fei-ban.html" "Mozilla/5.0 (Windows NT 10.0; Win64; x64) AppleWebKit/537.36 (KHTML, like Gecko) Chrome/140.0.0.0 Safari/537.36 Edg/140.0.0.0; 360Spider"
180.97.210.156 - - [24/Jan/2026:02:36:38 +0800] "GET /faq/version/p1?_rsc=eot9v HTTP/1.1" 308 31 "https://www.shudaxia.com/news/shu-biao-zi-dong-dian-ji-qi-guan-fang-mian-fei-ban.html" "Mozilla/5.0 (Windows NT 10.0; Win64; x64) AppleWebKit/537.36 (KHTML, like Gecko) Chrome/140.0.0.0 Safari/537.36 Edg/140.0.0.0; 360Spider"
180.97.210.160 - - [24/Jan/2026:02:36:38 +0800] "GET /faq/p1?_rsc=eot9v HTTP/1.1" 308 22 "https://www.shudaxia.com/news/shu-biao-zi-dong-dian-ji-qi-guan-fang-mian-fei-ban.html" "Mozilla/5.0 (Windows NT 10.0; Win64; x64) AppleWebKit/537.36 (KHTML, like Gecko) Chrome/140.0.0.0 Safari/537.36 Edg/140.0.0.0; 360Spider"
180.97.210.150 - - [24/Jan/2026:02:36:38 +0800] "GET /faq/troubleshooting/p1?_rsc=eot9v HTTP/1.1" 308 39 "https://www.shudaxia.com/news/shu-biao-zi-dong-dian-ji-qi-guan-fang-mian-fei-ban.html" "Mozilla/5.0 (Windows NT 10.0; Win64; x64) AppleWebKit/537.36 (KHTML, like Gecko) Chrome/140.0.0.0 Safari/537.36 Edg/140.0.0.0; 360Spider"
180.97.210.223 - - [24/Jan/2026:02:36:38 +0800] "GET /faq/usage/p1?_rsc=eot9v HTTP/1.1" 308 29 "https://www.shudaxia.com/news/shu-biao-zi-dong-dian-ji-qi-guan-fang-mian-fei-ban.html" "Mozilla/5.0 (Windows NT 10.0; Win64; x64) AppleWebKit/537.36 (KHTML, like Gecko) Chrome/140.0.0.0 Safari/537.36 Edg/140.0.0.0; 360Spider"
180.97.210.178 - - [24/Jan/2026:02:36:38 +0800] "GET /news?_rsc=eot9v HTTP/1.1" 308 20 "https://www.shudaxia.com/news/shu-biao-zi-dong-dian-ji-qi-guan-fang-mian-fei-ban.html" "Mozilla/5.0 (Windows NT 10.0; Win64; x64) AppleWebKit/537.36 (KHTML, like Gecko) Chrome/140.0.0.0 Safari/537.36 Edg/140.0.0.0; 360Spider"
180.97.210.152 - - [24/Jan/2026:02:36:38 +0800] "GET /faq/p1.html HTTP/1.1" 200 168 "https://www.shudaxia.com/news/shu-biao-zi-dong-dian-ji-qi-guan-fang-mian-fei-ban.html" "Mozilla/5.0 (Windows NT 10.0; Win64; x64) AppleWebKit/537.36 (KHTML, like Gecko) Chrome/140.0.0.0 Safari/537.36 Edg/140.0.0.0; 360Spider"
180.97.210.175 - - [24/Jan/2026:02:36:38 +0800] "GET /faq/version/p1.html HTTP/1.1" 200 175 "https://www.shudaxia.com/news/shu-biao-zi-dong-dian-ji-qi-guan-fang-mian-fei-ban.html" "Mozilla/5.0 (Windows NT 10.0; Win64; x64) AppleWebKit/537.36 (KHTML, like Gecko) Chrome/140.0.0.0 Safari/537.36 Edg/140.0.0.0; 360Spider"
180.97.210.149 - - [24/Jan/2026:02:36:38 +0800] "GET /faq/troubleshooting/p1.html HTTP/1.1" 200 181 "https://www.shudaxia.com/news/shu-biao-zi-dong-dian-ji-qi-guan-fang-mian-fei-ban.html" "Mozilla/5.0 (Windows NT 10.0; Win64; x64) AppleWebKit/537.36 (KHTML, like Gecko) Chrome/140.0.0.0 Safari/537.36 Edg/140.0.0.0; 360Spider"
180.97.210.167 - - [24/Jan/2026:02:36:38 +0800] "GET /news.html HTTP/1.1" 200 165 "https://www.shudaxia.com/news/shu-biao-zi-dong-dian-ji-qi-guan-fang-mian-fei-ban.html" "Mozilla/5.0 (Windows NT 10.0; Win64; x64) AppleWebKit/537.36 (KHTML, like Gecko) Chrome/140.0.0.0 Safari/537.36 Edg/140.0.0.0; 360Spider"
180.97.210.216 - - [24/Jan/2026:02:36:38 +0800] "GET /faq/usage/p1.html HTTP/1.1" 200 173 "https://www.shudaxia.com/news/shu-biao-zi-dong-dian-ji-qi-guan-fang-mian-fei-ban.html" "Mozilla/5.0 (Windows NT 10.0; Win64; x64) AppleWebKit/537.36 (KHTML, like Gecko) Chrome/140.0.0.0 Safari/537.36 Edg/140.0.0.0; 360Spider"
180.97.210.202 - - [24/Jan/2026:02:36:40 +0800] "GET /news/p1.html HTTP/1.1" 200 36600 "-" "Mozilla/5.0 (Windows NT 10.0; Win64; x64) AppleWebKit/537.36 (KHTML, like Gecko) Chrome/140.0.0.0 Safari/537.36 Edg/140.0.0.0; 360Spider"
180.97.210.164 - - [24/Jan/2026:02:36:43 +0800] "GET /api/latest-version?platform=2 HTTP/1.1" 200 152 "https://www.shudaxia.com/news/p1.html" "Mozilla/5.0 (Windows NT 10.0; Win64; x64) AppleWebKit/537.36 (KHTML, like Gecko) Chrome/140.0.0.0 Safari/537.36 Edg/140.0.0.0; 360Spider"
180.97.210.194 - - [24/Jan/2026:02:36:43 +0800] "GET /api/latest-version?platform=3 HTTP/1.1" 200 167 "https://www.shudaxia.com/news/p1.html" "Mozilla/5.0 (Windows NT 10.0; Win64; x64) AppleWebKit/537.36 (KHTML, like Gecko) Chrome/140.0.0.0 Safari/537.36 Edg/140.0.0.0; 360Spider"
180.97.210.192 - - [24/Jan/2026:02:36:43 +0800] "GET /api/auth/session HTTP/1.1" 200 35 "https://www.shudaxia.com/news/p1.html" "Mozilla/5.0 (Windows NT 10.0; Win64; x64) AppleWebKit/537.36 (KHTML, like Gecko) Chrome/140.0.0.0 Safari/537.36 Edg/140.0.0.0; 360Spider"
180.97.210.164 - - [24/Jan/2026:02:36:43 +0800] "GET /api/latest-version?platform=2 HTTP/1.1" 200 152 "https://www.shudaxia.com/news/p1.html" "Mozilla/5.0 (Windows NT 10.0; Win64; x64) AppleWebKit/537.36 (KHTML, like Gecko) Chrome/140.0.0.0 Safari/537.36 Edg/140.0.0.0; 360Spider"
180.97.210.161 - - [24/Jan/2026:02:36:43 +0800] "GET /api/footer-links HTTP/1.1" 200 535 "https://www.shudaxia.com/news/p1.html" "Mozilla/5.0 (Windows NT 10.0; Win64; x64) AppleWebKit/537.36 (KHTML, like Gecko) Chrome/140.0.0.0 Safari/537.36 Edg/140.0.0.0; 360Spider"
180.97.210.197 - - [24/Jan/2026:02:36:43 +0800] "GET /mobile?_rsc=fb6cu HTTP/1.1" 308 22 "https://www.shudaxia.com/news/p1.html" "Mozilla/5.0 (Windows NT 10.0; Win64; x64) AppleWebKit/537.36 (KHTML, like Gecko) Chrome/140.0.0.0 Safari/537.36 Edg/140.0.0.0; 360Spider"
180.97.210.194 - - [24/Jan/2026:02:36:43 +0800] "GET /api/latest-version?platform=3 HTTP/1.1" 200 167 "https://www.shudaxia.com/news/p1.html" "Mozilla/5.0 (Windows NT 10.0; Win64; x64) AppleWebKit/537.36 (KHTML, like Gecko) Chrome/140.0.0.0 Safari/537.36 Edg/140.0.0.0; 360Spider"
180.97.210.202 - - [24/Jan/2026:02:36:43 +0800] "GET /?_rsc=fb6cu HTTP/1.1" 200 144 "https://www.shudaxia.com/news/p1.html" "Mozilla/5.0 (Windows NT 10.0; Win64; x64) AppleWebKit/537.36 (KHTML, like Gecko) Chrome/140.0.0.0 Safari/537.36 Edg/140.0.0.0; 360Spider"
180.97.210.154 - - [24/Jan/2026:02:36:43 +0800] "GET /video?_rsc=fb6cu HTTP/1.1" 308 21 "https://www.shudaxia.com/news/p1.html" "Mozilla/5.0 (Windows NT 10.0; Win64; x64) AppleWebKit/537.36 (KHTML, like Gecko) Chrome/140.0.0.0 Safari/537.36 Edg/140.0.0.0; 360Spider"
180.97.210.195 - - [24/Jan/2026:02:36:43 +0800] "GET /mouse-keyboard-test?_rsc=fb6cu HTTP/1.1" 308 36 "https://www.shudaxia.com/news/p1.html" "Mozilla/5.0 (Windows NT 10.0; Win64; x64) AppleWebKit/537.36 (KHTML, like Gecko) Chrome/140.0.0.0 Safari/537.36 Edg/140.0.0.0; 360Spider"
180.97.210.192 - - [24/Jan/2026:02:36:43 +0800] "GET /doc/p1?_rsc=fb6cu HTTP/1.1" 308 22 "https://www.shudaxia.com/news/p1.html" "Mozilla/5.0 (Windows NT 10.0; Win64; x64) AppleWebKit/537.36 (KHTML, like Gecko) Chrome/140.0.0.0 Safari/537.36 Edg/140.0.0.0; 360Spider"
180.97.210.192 - - [24/Jan/2026:02:36:43 +0800] "GET /api/auth/session HTTP/1.1" 200 35 "https://www.shudaxia.com/news/p1.html" "Mozilla/5.0 (Windows NT 10.0; Win64; x64) AppleWebKit/537.36 (KHTML, like Gecko) Chrome/140.0.0.0 Safari/537.36 Edg/140.0.0.0; 360Spider"
180.97.210.220 - - [24/Jan/2026:02:36:43 +0800] "GET /cpstest?_rsc=fb6cu HTTP/1.1" 308 23 "https://www.shudaxia.com/news/p1.html" "Mozilla/5.0 (Windows NT 10.0; Win64; x64) AppleWebKit/537.36 (KHTML, like Gecko) Chrome/140.0.0.0 Safari/537.36 Edg/140.0.0.0; 360Spider"
180.97.210.206 - - [24/Jan/2026:02:36:43 +0800] "GET /doc/p1.html HTTP/1.1" 200 168 "https://www.shudaxia.com/news/p1.html" "Mozilla/5.0 (Windows NT 10.0; Win64; x64) AppleWebKit/537.36 (KHTML, like Gecko) Chrome/140.0.0.0 Safari/537.36 Edg/140.0.0.0; 360Spider"
180.97.210.219 - - [24/Jan/2026:02:36:43 +0800] "GET /mouse-click-train?_rsc=fb6cu HTTP/1.1" 308 34 "https://www.shudaxia.com/news/p1.html" "Mozilla/5.0 (Windows NT 10.0; Win64; x64) AppleWebKit/537.36 (KHTML, like Gecko) Chrome/140.0.0.0 Safari/537.36 Edg/140.0.0.0; 360Spider"
180.97.210.210 - - [24/Jan/2026:02:36:44 +0800] "GET /scriptdiy?_rsc=fb6cu HTTP/1.1" 308 25 "https://www.shudaxia.com/news/p1.html" "Mozilla/5.0 (Windows NT 10.0; Win64; x64) AppleWebKit/537.36 (KHTML, like Gecko) Chrome/140.0.0.0 Safari/537.36 Edg/140.0.0.0; 360Spider"
180.97.210.157 - - [24/Jan/2026:02:36:44 +0800] "GET /feedback?_rsc=fb6cu HTTP/1.1" 308 24 "https://www.shudaxia.com/news/p1.html" "Mozilla/5.0 (Windows NT 10.0; Win64; x64) AppleWebKit/537.36 (KHTML, like Gecko) Chrome/140.0.0.0 Safari/537.36 Edg/140.0.0.0; 360Spider"
180.97.210.167 - - [24/Jan/2026:02:36:44 +0800] "GET /doc/quickstart/p1?_rsc=fb6cu HTTP/1.1" 308 34 "https://www.shudaxia.com/news/p1.html" "Mozilla/5.0 (Windows NT 10.0; Win64; x64) AppleWebKit/537.36 (KHTML, like Gecko) Chrome/140.0.0.0 Safari/537.36 Edg/140.0.0.0; 360Spider"
180.97.210.168 - - [24/Jan/2026:02:36:45 +0800] "GET /doc/practice/p1?_rsc=fb6cu HTTP/1.1" 308 32 "https://www.shudaxia.com/news/p1.html" "Mozilla/5.0 (Windows NT 10.0; Win64; x64) AppleWebKit/537.36 (KHTML, like Gecko) Chrome/140.0.0.0 Safari/537.36 Edg/140.0.0.0; 360Spider"
180.97.210.153 - - [24/Jan/2026:02:36:45 +0800] "GET /doc/advanced/p1?_rsc=fb6cu HTTP/1.1" 308 32 "https://www.shudaxia.com/news/p1.html" "Mozilla/5.0 (Windows NT 10.0; Win64; x64) AppleWebKit/537.36 (KHTML, like Gecko) Chrome/140.0.0.0 Safari/537.36 Edg/140.0.0.0; 360Spider"
180.97.210.185 - - [24/Jan/2026:02:36:45 +0800] "GET /doc/quickstart/p1.html HTTP/1.1" 200 177 "https://www.shudaxia.com/news/p1.html" "Mozilla/5.0 (Windows NT 10.0; Win64; x64) AppleWebKit/537.36 (KHTML, like Gecko) Chrome/140.0.0.0 Safari/537.36 Edg/140.0.0.0; 360Spider"
180.97.210.156 - - [24/Jan/2026:02:36:45 +0800] "GET /doc/advanced/p1.html HTTP/1.1" 200 176 "https://www.shudaxia.com/news/p1.html" "Mozilla/5.0 (Windows NT 10.0; Win64; x64) AppleWebKit/537.36 (KHTML, like Gecko) Chrome/140.0.0.0 Safari/537.36 Edg/140.0.0.0; 360Spider"
180.97.210.157 - - [24/Jan/2026:02:36:45 +0800] "GET /news/p1?_rsc=fb6cu HTTP/1.1" 308 23 "https://www.shudaxia.com/news/p1.html" "Mozilla/5.0 (Windows NT 10.0; Win64; x64) AppleWebKit/537.36 (KHTML, like Gecko) Chrome/140.0.0.0 Safari/537.36 Edg/140.0.0.0; 360Spider"
180.97.210.217 - - [24/Jan/2026:02:36:45 +0800] "GET /doc/practice/p1.html HTTP/1.1" 200 176 "https://www.shudaxia.com/news/p1.html" "Mozilla/5.0 (Windows NT 10.0; Win64; x64) AppleWebKit/537.36 (KHTML, like Gecko) Chrome/140.0.0.0 Safari/537.36 Edg/140.0.0.0; 360Spider"
180.97.210.188 - - [24/Jan/2026:02:36:45 +0800] "GET /news/tools/p1?_rsc=fb6cu HTTP/1.1" 308 30 "https://www.shudaxia.com/news/p1.html" "Mozilla/5.0 (Windows NT 10.0; Win64; x64) AppleWebKit/537.36 (KHTML, like Gecko) Chrome/140.0.0.0 Safari/537.36 Edg/140.0.0.0; 360Spider"
180.97.210.159 - - [24/Jan/2026:02:36:45 +0800] "GET /news/tutorial/p1?_rsc=fb6cu HTTP/1.1" 308 33 "https://www.shudaxia.com/news/p1.html" "Mozilla/5.0 (Windows NT 10.0; Win64; x64) AppleWebKit/537.36 (KHTML, like Gecko) Chrome/140.0.0.0 Safari/537.36 Edg/140.0.0.0; 360Spider"
180.97.210.202 - - [24/Jan/2026:02:36:45 +0800] "GET /news/p1.html HTTP/1.1" 200 164 "https://www.shudaxia.com/news/p1.html" "Mozilla/5.0 (Windows NT 10.0; Win64; x64) AppleWebKit/537.36 (KHTML, like Gecko) Chrome/140.0.0.0 Safari/537.36 Edg/140.0.0.0; 360Spider"
180.97.210.212 - - [24/Jan/2026:02:36:45 +0800] "GET /news/version/p1?_rsc=fb6cu HTTP/1.1" 308 32 "https://www.shudaxia.com/news/p1.html" "Mozilla/5.0 (Windows NT 10.0; Win64; x64) AppleWebKit/537.36 (KHTML, like Gecko) Chrome/140.0.0.0 Safari/537.36 Edg/140.0.0.0; 360Spider"
180.97.210.174 - - [24/Jan/2026:02:36:45 +0800] "GET /news/tools/p1.html HTTP/1.1" 200 174 "https://www.shudaxia.com/news/p1.html" "Mozilla/5.0 (Windows NT 10.0; Win64; x64) AppleWebKit/537.36 (KHTML, like Gecko) Chrome/140.0.0.0 Safari/537.36 Edg/140.0.0.0; 360Spider"
180.97.210.172 - - [24/Jan/2026:02:36:45 +0800] "GET /faq/p1?_rsc=fb6cu HTTP/1.1" 308 22 "https://www.shudaxia.com/news/p1.html" "Mozilla/5.0 (Windows NT 10.0; Win64; x64) AppleWebKit/537.36 (KHTML, like Gecko) Chrome/140.0.0.0 Safari/537.36 Edg/140.0.0.0; 360Spider"
180.97.210.182 - - [24/Jan/2026:02:36:45 +0800] "GET /news/tutorial/p1.html HTTP/1.1" 200 176 "https://www.shudaxia.com/news/p1.html" "Mozilla/5.0 (Windows NT 10.0; Win64; x64) AppleWebKit/537.36 (KHTML, like Gecko) Chrome/140.0.0.0 Safari/537.36 Edg/140.0.0.0; 360Spider"
180.97.210.212 - - [24/Jan/2026:02:36:46 +0800] "GET /faq/version/p1?_rsc=fb6cu HTTP/1.1" 308 31 "https://www.shudaxia.com/news/p1.html" "Mozilla/5.0 (Windows NT 10.0; Win64; x64) AppleWebKit/537.36 (KHTML, like Gecko) Chrome/140.0.0.0 Safari/537.36 Edg/140.0.0.0; 360Spider"
180.97.210.152 - - [24/Jan/2026:02:36:46 +0800] "GET /faq/p1.html HTTP/1.1" 200 168 "https://www.shudaxia.com/news/p1.html" "Mozilla/5.0 (Windows NT 10.0; Win64; x64) AppleWebKit/537.36 (KHTML, like Gecko) Chrome/140.0.0.0 Safari/537.36 Edg/140.0.0.0; 360Spider"
180.97.210.151 - - [24/Jan/2026:02:36:46 +0800] "GET /faq/usage/p1?_rsc=fb6cu HTTP/1.1" 308 29 "https://www.shudaxia.com/news/p1.html" "Mozilla/5.0 (Windows NT 10.0; Win64; x64) AppleWebKit/537.36 (KHTML, like Gecko) Chrome/140.0.0.0 Safari/537.36 Edg/140.0.0.0; 360Spider"
180.97.210.195 - - [24/Jan/2026:02:36:46 +0800] "GET /news/version/p1.html HTTP/1.1" 200 176 "https://www.shudaxia.com/news/p1.html" "Mozilla/5.0 (Windows NT 10.0; Win64; x64) AppleWebKit/537.36 (KHTML, like Gecko) Chrome/140.0.0.0 Safari/537.36 Edg/140.0.0.0; 360Spider"
180.97.210.155 - - [24/Jan/2026:02:36:46 +0800] "GET /faq/troubleshooting/p1?_rsc=fb6cu HTTP/1.1" 308 39 "https://www.shudaxia.com/news/p1.html" "Mozilla/5.0 (Windows NT 10.0; Win64; x64) AppleWebKit/537.36 (KHTML, like Gecko) Chrome/140.0.0.0 Safari/537.36 Edg/140.0.0.0; 360Spider"
180.97.210.175 - - [24/Jan/2026:02:36:46 +0800] "GET /faq/version/p1.html HTTP/1.1" 200 175 "https://www.shudaxia.com/news/p1.html" "Mozilla/5.0 (Windows NT 10.0; Win64; x64) AppleWebKit/537.36 (KHTML, like Gecko) Chrome/140.0.0.0 Safari/537.36 Edg/140.0.0.0; 360Spider"
180.97.210.216 - - [24/Jan/2026:02:36:46 +0800] "GET /faq/usage/p1.html HTTP/1.1" 200 173 "https://www.shudaxia.com/news/p1.html" "Mozilla/5.0 (Windows NT 10.0; Win64; x64) AppleWebKit/537.36 (KHTML, like Gecko) Chrome/140.0.0.0 Safari/537.36 Edg/140.0.0.0; 360Spider"
180.97.210.186 - - [24/Jan/2026:02:36:46 +0800] "GET /news/shu-biao-lian-dian-qi-zui-xin-ban-xia-zai?_rsc=fb6cu HTTP/1.1" 308 63 "https://www.shudaxia.com/news/p1.html" "Mozilla/5.0 (Windows NT 10.0; Win64; x64) AppleWebKit/537.36 (KHTML, like Gecko) Chrome/140.0.0.0 Safari/537.36 Edg/140.0.0.0; 360Spider"
180.97.210.149 - - [24/Jan/2026:02:36:46 +0800] "GET /faq/troubleshooting/p1.html HTTP/1.1" 200 181 "https://www.shudaxia.com/news/p1.html" "Mozilla/5.0 (Windows NT 10.0; Win64; x64) AppleWebKit/537.36 (KHTML, like Gecko) Chrome/140.0.0.0 Safari/537.36 Edg/140.0.0.0; 360Spider"
180.97.210.219 - - [24/Jan/2026:02:36:46 +0800] "GET /news/new-features-schedule-text-launch?_rsc=fb6cu HTTP/1.1" 308 55 "https://www.shudaxia.com/news/p1.html" "Mozilla/5.0 (Windows NT 10.0; Win64; x64) AppleWebKit/537.36 (KHTML, like Gecko) Chrome/140.0.0.0 Safari/537.36 Edg/140.0.0.0; 360Spider"
180.97.210.156 - - [24/Jan/2026:02:36:46 +0800] "GET /news/shu-biao-zi-dong-dian-ji?_rsc=fb6cu HTTP/1.1" 308 46 "https://www.shudaxia.com/news/p1.html" "Mozilla/5.0 (Windows NT 10.0; Win64; x64) AppleWebKit/537.36 (KHTML, like Gecko) Chrome/140.0.0.0 Safari/537.36 Edg/140.0.0.0; 360Spider"
180.97.210.152 - - [24/Jan/2026:02:36:46 +0800] "GET /news/jian-pan-lian-dian-qi-an-quan-ban-xia-zai?_rsc=fb6cu HTTP/1.1" 308 63 "https://www.shudaxia.com/news/p1.html" "Mozilla/5.0 (Windows NT 10.0; Win64; x64) AppleWebKit/537.36 (KHTML, like Gecko) Chrome/140.0.0.0 Safari/537.36 Edg/140.0.0.0; 360Spider"
