111.6.230.211 - - [23/Jan/2026:01:20:48 +0800] "GET /video?_rsc=cg4cb HTTP/1.1" 308 21 "https://www.shudaxia.com/faq/shudaxia-she-zhi-liao-mei-fan-ying.html" "YisouSpider"
111.6.230.221 - - [23/Jan/2026:01:20:48 +0800] "POST /api/articles/33/view HTTP/1.1" 200 1080 "https://www.shudaxia.com/faq/shudaxia-android-app-faq.html" "YisouSpider"
111.6.230.156 - - [23/Jan/2026:01:20:48 +0800] "GET /doc/p1?_rsc=1luhj HTTP/1.1" 308 22 "https://www.shudaxia.com/faq/na-li-ke-yi-xia-zai-shudaxia.html" "YisouSpider"
111.6.230.164 - - [23/Jan/2026:01:20:48 +0800] "GET /api/latest-version?platform=2 HTTP/1.1" 200 152 "https://www.shudaxia.com/faq/luping.html" "YisouSpider"
111.6.230.203 - - [23/Jan/2026:01:20:48 +0800] "GET /api/latest-version?platform=3 HTTP/1.1" 200 167 "https://www.shudaxia.com/faq/shubiaohong.html" "YisouSpider"
111.6.230.165 - - [23/Jan/2026:01:20:48 +0800] "GET /api/footer-links HTTP/1.1" 200 535 "https://www.shudaxia.com/faq/shudaxia-she-zhi-liao-mei-fan-ying.html" "YisouSpider"
111.6.230.164 - - [23/Jan/2026:01:20:48 +0800] "GET /mouse-keyboard-test?_rsc=cg4cb HTTP/1.1" 308 36 "https://www.shudaxia.com/faq/shudaxia-she-zhi-liao-mei-fan-ying.html" "YisouSpider"
111.6.230.159 - - [23/Jan/2026:01:20:48 +0800] "GET /mobile?_rsc=ek2px HTTP/1.1" 308 22 "https://www.shudaxia.com/faq/p1.html" "YisouSpider"
111.6.230.228 - - [23/Jan/2026:01:20:48 +0800] "POST /api/articles/64/view HTTP/1.1" 200 1266 "https://www.shudaxia.com/faq/shu-biao-lian-dian-qi-zui-xin-wen-ti-hui-zong.html" "YisouSpider"
111.6.230.218 - - [23/Jan/2026:01:20:48 +0800] "GET /?_rsc=1luhj HTTP/1.1" 200 139 "https://www.shudaxia.com/faq/na-li-ke-yi-xia-zai-shudaxia.html" "YisouSpider"
111.6.230.194 - - [23/Jan/2026:01:20:48 +0800] "GET /mobile?_rsc=1h1mk HTTP/1.1" 308 22 "https://www.shudaxia.com/faq/luping.html" "YisouSpider"
111.6.230.203 - - [23/Jan/2026:01:20:48 +0800] "GET /api/auth/session HTTP/1.1" 200 35 "https://www.shudaxia.com/faq/shudaxia-she-zhi-liao-mei-fan-ying.html" "YisouSpider"
111.6.230.163 - - [23/Jan/2026:01:20:48 +0800] "GET /mobile?_rsc=zix5x HTTP/1.1" 308 22 "https://www.shudaxia.com/faq/shudaxia-android-app-faq.html" "YisouSpider"
111.6.230.181 - - [23/Jan/2026:01:20:48 +0800] "GET /doc/p1?_rsc=1o4lc HTTP/1.1" 308 22 "https://www.shudaxia.com/faq/zhaotu.html" "YisouSpider"
111.6.230.225 - - [23/Jan/2026:01:20:48 +0800] "GET /?_rsc=zix5x HTTP/1.1" 200 144 "https://www.shudaxia.com/faq/shudaxia-android-app-faq.html" "YisouSpider"
111.6.230.184 - - [23/Jan/2026:01:20:48 +0800] "GET /mouse-keyboard-test?_rsc=1o4lc HTTP/1.1" 308 36 "https://www.shudaxia.com/faq/zhaotu.html" "YisouSpider"
111.6.230.212 - - [23/Jan/2026:01:20:48 +0800] "GET /mouse-keyboard-test?_rsc=mmc8q HTTP/1.1" 308 36 "https://www.shudaxia.com/faq/shu-biao-lian-dian-qi-zui-xin-wen-ti-hui-zong.html" "YisouSpider"
111.6.230.180 - - [23/Jan/2026:01:20:48 +0800] "GET /?_rsc=mmc8q HTTP/1.1" 200 144 "https://www.shudaxia.com/faq/shu-biao-lian-dian-qi-zui-xin-wen-ti-hui-zong.html" "YisouSpider"
111.6.230.161 - - [23/Jan/2026:01:20:48 +0800] "GET /mouse-click-train?_rsc=1b085 HTTP/1.1" 308 34 "https://www.shudaxia.com/faq/p2.html" "YisouSpider"
111.6.230.164 - - [23/Jan/2026:01:20:48 +0800] "GET /api/latest-version?platform=2 HTTP/1.1" 200 152 "https://www.shudaxia.com/faq/na-li-ke-yi-xia-zai-shudaxia.html" "YisouSpider"
111.6.230.191 - - [23/Jan/2026:01:20:48 +0800] "GET /mouse-keyboard-test?_rsc=zix5x HTTP/1.1" 308 36 "https://www.shudaxia.com/faq/shudaxia-android-app-faq.html" "YisouSpider"
111.6.230.177 - - [23/Jan/2026:01:20:48 +0800] "GET /doc/p1?_rsc=mmc8q HTTP/1.1" 308 22 "https://www.shudaxia.com/faq/shu-biao-lian-dian-qi-zui-xin-wen-ti-hui-zong.html" "YisouSpider"
111.6.230.186 - - [23/Jan/2026:01:20:48 +0800] "GET /video?_rsc=zix5x HTTP/1.1" 308 21 "https://www.shudaxia.com/faq/shudaxia-android-app-faq.html" "YisouSpider"
111.6.230.203 - - [23/Jan/2026:01:20:48 +0800] "GET /api/auth/session HTTP/1.1" 200 35 "https://www.shudaxia.com/faq/shudaxia-android-app-faq.html" "YisouSpider"
111.6.230.205 - - [23/Jan/2026:01:20:48 +0800] "GET /doc/p1?_rsc=zix5x HTTP/1.1" 308 22 "https://www.shudaxia.com/faq/shudaxia-android-app-faq.html" "YisouSpider"
111.6.230.226 - - [23/Jan/2026:01:20:48 +0800] "GET /mobile?_rsc=1o4lc HTTP/1.1" 308 22 "https://www.shudaxia.com/faq/zhaotu.html" "YisouSpider"
111.6.230.203 - - [23/Jan/2026:01:20:48 +0800] "GET /api/latest-version?platform=3 HTTP/1.1" 200 167 "https://www.shudaxia.com/faq/shubiaohong.html" "YisouSpider"
111.6.230.210 - - [23/Jan/2026:01:20:48 +0800] "POST /api/articles/40/view HTTP/1.1" 200 2902 "https://www.shudaxia.com/faq/zhaotu.html" "YisouSpider"
111.6.230.206 - - [23/Jan/2026:01:20:48 +0800] "GET /doc/p1?_rsc=1h1mk HTTP/1.1" 308 22 "https://www.shudaxia.com/faq/luping.html" "YisouSpider"
111.6.230.214 - - [23/Jan/2026:01:20:48 +0800] "GET /feedback?_rsc=1b085 HTTP/1.1" 308 24 "https://www.shudaxia.com/faq/p2.html" "YisouSpider"
111.6.230.165 - - [23/Jan/2026:01:20:48 +0800] "GET /api/footer-links HTTP/1.1" 200 535 "https://www.shudaxia.com/faq/luping.html" "YisouSpider"
111.6.230.153 - - [23/Jan/2026:01:20:48 +0800] "GET /video?_rsc=1wmk0 HTTP/1.1" 308 21 "https://www.shudaxia.com/faq/shubiaohong.html" "YisouSpider"
111.6.230.218 - - [23/Jan/2026:01:20:48 +0800] "GET /video?_rsc=1h1mk HTTP/1.1" 308 21 "https://www.shudaxia.com/faq/luping.html" "YisouSpider"
111.6.230.181 - - [23/Jan/2026:01:20:48 +0800] "POST /api/articles/37/view HTTP/1.1" 200 912 "https://www.shudaxia.com/faq/luping.html" "YisouSpider"
111.6.230.164 - - [23/Jan/2026:01:20:48 +0800] "GET /api/latest-version?platform=2 HTTP/1.1" 200 152 "https://www.shudaxia.com/faq/luping.html" "YisouSpider"
111.6.230.178 - - [23/Jan/2026:01:20:48 +0800] "GET /?_rsc=ek2px HTTP/1.1" 200 144 "https://www.shudaxia.com/faq/p1.html" "YisouSpider"
111.6.230.165 - - [23/Jan/2026:01:20:48 +0800] "GET /api/footer-links HTTP/1.1" 200 535 "https://www.shudaxia.com/faq/shubiaohong.html" "YisouSpider"
111.6.230.203 - - [23/Jan/2026:01:20:48 +0800] "GET /api/latest-version?platform=3 HTTP/1.1" 200 167 "https://www.shudaxia.com/faq/p1.html" "YisouSpider"
111.6.230.164 - - [23/Jan/2026:01:20:48 +0800] "GET /api/latest-version?platform=2 HTTP/1.1" 200 152 "https://www.shudaxia.com/faq/shudaxia-she-zhi-liao-mei-fan-ying.html" "YisouSpider"
111.6.230.203 - - [23/Jan/2026:01:20:48 +0800] "GET /api/latest-version?platform=3 HTTP/1.1" 200 167 "https://www.shudaxia.com/faq/luping.html" "YisouSpider"
111.6.230.203 - - [23/Jan/2026:01:20:48 +0800] "GET /api/latest-version?platform=3 HTTP/1.1" 200 167 "https://www.shudaxia.com/faq/shudaxia-android-app-faq.html" "YisouSpider"
111.6.230.203 - - [23/Jan/2026:01:20:48 +0800] "GET /api/latest-version?platform=3 HTTP/1.1" 200 167 "https://www.shudaxia.com/faq/luping.html" "YisouSpider"
111.6.230.164 - - [23/Jan/2026:01:20:48 +0800] "GET /api/latest-version?platform=2 HTTP/1.1" 200 152 "https://www.shudaxia.com/faq/zhaotu.html" "YisouSpider"
111.6.230.203 - - [23/Jan/2026:01:20:48 +0800] "GET /api/latest-version?platform=3 HTTP/1.1" 200 167 "https://www.shudaxia.com/faq/na-li-ke-yi-xia-zai-shudaxia.html" "YisouSpider"
111.6.230.164 - - [23/Jan/2026:01:20:48 +0800] "GET /api/latest-version?platform=2 HTTP/1.1" 200 152 "https://www.shudaxia.com/faq/shubiaohong.html" "YisouSpider"
111.6.230.164 - - [23/Jan/2026:01:20:48 +0800] "GET /api/latest-version?platform=2 HTTP/1.1" 200 152 "https://www.shudaxia.com/faq/shu-biao-lian-dian-qi-zui-xin-wen-ti-hui-zong.html" "YisouSpider"
111.6.230.191 - - [23/Jan/2026:01:20:48 +0800] "GET /video?_rsc=1luhj HTTP/1.1" 308 21 "https://www.shudaxia.com/faq/na-li-ke-yi-xia-zai-shudaxia.html" "YisouSpider"
111.6.230.164 - - [23/Jan/2026:01:20:48 +0800] "GET /api/latest-version?platform=2 HTTP/1.1" 200 152 "https://www.shudaxia.com/faq/p1.html" "YisouSpider"
111.6.230.220 - - [23/Jan/2026:01:20:48 +0800] "GET /mobile?_rsc=1luhj HTTP/1.1" 308 22 "https://www.shudaxia.com/faq/na-li-ke-yi-xia-zai-shudaxia.html" "YisouSpider"
111.6.230.164 - - [23/Jan/2026:01:20:48 +0800] "GET /api/latest-version?platform=2 HTTP/1.1" 200 152 "https://www.shudaxia.com/faq/shudaxia-android-app-faq.html" "YisouSpider"
111.6.230.203 - - [23/Jan/2026:01:20:48 +0800] "GET /api/latest-version?platform=3 HTTP/1.1" 200 167 "https://www.shudaxia.com/faq/zhaotu.html" "YisouSpider"
111.6.230.164 - - [23/Jan/2026:01:20:48 +0800] "GET /api/latest-version?platform=2 HTTP/1.1" 200 152 "https://www.shudaxia.com/faq/p1.html" "YisouSpider"
111.6.230.158 - - [23/Jan/2026:01:20:48 +0800] "GET /mobile?_rsc=1wmk0 HTTP/1.1" 308 22 "https://www.shudaxia.com/faq/shubiaohong.html" "YisouSpider"
111.6.230.177 - - [23/Jan/2026:01:20:48 +0800] "GET /scriptdiy?_rsc=1b085 HTTP/1.1" 308 25 "https://www.shudaxia.com/faq/p2.html" "YisouSpider"
111.6.230.203 - - [23/Jan/2026:01:20:48 +0800] "GET /api/latest-version?platform=3 HTTP/1.1" 200 167 "https://www.shudaxia.com/faq/p1.html" "YisouSpider"
111.6.230.225 - - [23/Jan/2026:01:20:48 +0800] "GET /video?_rsc=mmc8q HTTP/1.1" 308 21 "https://www.shudaxia.com/faq/shu-biao-lian-dian-qi-zui-xin-wen-ti-hui-zong.html" "YisouSpider"
111.6.230.203 - - [23/Jan/2026:01:20:48 +0800] "GET /api/auth/session HTTP/1.1" 200 35 "https://www.shudaxia.com/faq/zhaotu.html" "YisouSpider"
111.6.230.203 - - [23/Jan/2026:01:20:48 +0800] "GET /api/latest-version?platform=3 HTTP/1.1" 200 167 "https://www.shudaxia.com/faq/na-li-ke-yi-xia-zai-shudaxia.html" "YisouSpider"
111.6.230.206 - - [23/Jan/2026:01:20:48 +0800] "GET /video?_rsc=1o4lc HTTP/1.1" 308 21 "https://www.shudaxia.com/faq/zhaotu.html" "YisouSpider"
111.6.230.164 - - [23/Jan/2026:01:20:48 +0800] "POST /api/articles/1/view HTTP/1.1" 200 1194 "https://www.shudaxia.com/faq/na-li-ke-yi-xia-zai-shudaxia.html" "YisouSpider"
111.6.230.214 - - [23/Jan/2026:01:20:48 +0800] "GET /video?_rsc=ek2px HTTP/1.1" 308 21 "https://www.shudaxia.com/faq/p1.html" "YisouSpider"
111.6.230.190 - - [23/Jan/2026:01:20:48 +0800] "GET /mobile?_rsc=mmc8q HTTP/1.1" 308 22 "https://www.shudaxia.com/faq/shu-biao-lian-dian-qi-zui-xin-wen-ti-hui-zong.html" "YisouSpider"
111.6.230.197 - - [23/Jan/2026:01:20:48 +0800] "POST /api/articles/38/view HTTP/1.1" 200 1051 "https://www.shudaxia.com/faq/shubiaohong.html" "YisouSpider"
111.6.230.228 - - [23/Jan/2026:01:20:48 +0800] "GET /doc/p1?_rsc=ek2px HTTP/1.1" 308 22 "https://www.shudaxia.com/faq/p1.html" "YisouSpider"
111.6.230.216 - - [23/Jan/2026:01:20:48 +0800] "GET /mobile.html HTTP/1.1" 200 2232 "https://www.shudaxia.com/faq/shudaxia-she-zhi-liao-mei-fan-ying.html" "YisouSpider"
111.6.230.195 - - [23/Jan/2026:01:20:48 +0800] "GET /mouse-keyboard-test?_rsc=1luhj HTTP/1.1" 308 36 "https://www.shudaxia.com/faq/na-li-ke-yi-xia-zai-shudaxia.html" "YisouSpider"
111.6.230.160 - - [23/Jan/2026:01:20:48 +0800] "GET /doc/p1?_rsc=1wmk0 HTTP/1.1" 308 22 "https://www.shudaxia.com/faq/shubiaohong.html" "YisouSpider"
111.6.230.156 - - [23/Jan/2026:01:20:48 +0800] "GET /doc/p1?_rsc=1luhj HTTP/1.1" 308 22 "https://www.shudaxia.com/faq/na-li-ke-yi-xia-zai-shudaxia.html" "YisouSpider"
111.6.230.230 - - [23/Jan/2026:01:20:48 +0800] "GET /mouse-keyboard-test?_rsc=ek2px HTTP/1.1" 308 36 "https://www.shudaxia.com/faq/p1.html" "YisouSpider"
111.6.230.187 - - [23/Jan/2026:01:20:48 +0800] "GET /mouse-keyboard-test?_rsc=1wmk0 HTTP/1.1" 308 36 "https://www.shudaxia.com/faq/shubiaohong.html" "YisouSpider"
111.6.230.166 - - [23/Jan/2026:01:20:48 +0800] "GET /cpstest?_rsc=cg4cb HTTP/1.1" 308 23 "https://www.shudaxia.com/faq/shudaxia-she-zhi-liao-mei-fan-ying.html" "YisouSpider"
111.6.230.165 - - [23/Jan/2026:01:20:48 +0800] "GET /api/footer-links HTTP/1.1" 200 535 "https://www.shudaxia.com/faq/na-li-ke-yi-xia-zai-shudaxia.html" "YisouSpider"
111.6.230.203 - - [23/Jan/2026:01:20:48 +0800] "GET /api/auth/session HTTP/1.1" 200 35 "https://www.shudaxia.com/faq/na-li-ke-yi-xia-zai-shudaxia.html" "YisouSpider"
111.6.230.203 - - [23/Jan/2026:01:20:48 +0800] "GET /api/auth/session HTTP/1.1" 200 35 "https://www.shudaxia.com/faq/luping.html" "YisouSpider"
111.6.230.165 - - [23/Jan/2026:01:20:48 +0800] "GET /api/footer-links HTTP/1.1" 200 535 "https://www.shudaxia.com/faq/shu-biao-lian-dian-qi-zui-xin-wen-ti-hui-zong.html" "YisouSpider"
111.6.230.205 - - [23/Jan/2026:01:20:48 +0800] "GET /mouse-keyboard-test.html HTTP/1.1" 200 2412 "https://www.shudaxia.com/faq/luping.html" "YisouSpider"
111.6.230.203 - - [23/Jan/2026:01:20:48 +0800] "GET /api/auth/session HTTP/1.1" 200 35 "https://www.shudaxia.com/faq/p1.html" "YisouSpider"
111.6.230.215 - - [23/Jan/2026:01:20:48 +0800] "GET /?_rsc=1wmk0 HTTP/1.1" 200 144 "https://www.shudaxia.com/faq/shubiaohong.html" "YisouSpider"
111.6.230.164 - - [23/Jan/2026:01:20:48 +0800] "GET /api/latest-version?platform=2 HTTP/1.1" 200 152 "https://www.shudaxia.com/faq/zhaotu.html" "YisouSpider"
111.6.230.180 - - [23/Jan/2026:01:20:48 +0800] "GET /cpstest.html HTTP/1.1" 200 2344 "https://www.shudaxia.com/faq/p2.html" "YisouSpider"
111.6.230.203 - - [23/Jan/2026:01:20:48 +0800] "GET /api/auth/session HTTP/1.1" 200 35 "https://www.shudaxia.com/faq/shu-biao-lian-dian-qi-zui-xin-wen-ti-hui-zong.html" "YisouSpider"
111.6.230.197 - - [23/Jan/2026:01:20:48 +0800] "GET /doc/quickstart/p1?_rsc=1b085 HTTP/1.1" 308 34 "https://www.shudaxia.com/faq/p2.html" "YisouSpider"
111.6.230.218 - - [23/Jan/2026:01:20:48 +0800] "GET /?_rsc=1luhj HTTP/1.1" 200 144 "https://www.shudaxia.com/faq/na-li-ke-yi-xia-zai-shudaxia.html" "YisouSpider"
111.6.230.203 - - [23/Jan/2026:01:20:48 +0800] "GET /api/auth/session HTTP/1.1" 200 35 "https://www.shudaxia.com/faq/shubiaohong.html" "YisouSpider"
111.6.230.220 - - [23/Jan/2026:01:20:48 +0800] "GET /mobile?_rsc=1luhj HTTP/1.1" 308 22 "https://www.shudaxia.com/faq/na-li-ke-yi-xia-zai-shudaxia.html" "YisouSpider"
111.6.230.191 - - [23/Jan/2026:01:20:48 +0800] "GET /video?_rsc=1luhj HTTP/1.1" 308 21 "https://www.shudaxia.com/faq/na-li-ke-yi-xia-zai-shudaxia.html" "YisouSpider"
111.6.230.213 - - [23/Jan/2026:01:20:48 +0800] "GET /doc/p1.html HTTP/1.1" 200 167 "https://www.shudaxia.com/faq/shudaxia-she-zhi-liao-mei-fan-ying.html" "YisouSpider"
111.6.230.203 - - [23/Jan/2026:01:20:48 +0800] "GET /api/latest-version?platform=3 HTTP/1.1" 200 167 "https://www.shudaxia.com/faq/na-li-ke-yi-xia-zai-shudaxia.html" "YisouSpider"
111.6.230.205 - - [23/Jan/2026:01:20:48 +0800] "GET /feedback.html HTTP/1.1" 200 2295 "https://www.shudaxia.com/faq/p2.html" "YisouSpider"
111.6.230.228 - - [23/Jan/2026:01:20:48 +0800] "GET /?_rsc=1o4lc HTTP/1.1" 200 144 "https://www.shudaxia.com/faq/zhaotu.html" "YisouSpider"
111.6.230.164 - - [23/Jan/2026:01:20:48 +0800] "GET /api/latest-version?platform=2 HTTP/1.1" 200 152 "https://www.shudaxia.com/faq/kuai-su-dian-ji-qi.html" "YisouSpider"
111.6.230.214 - - [23/Jan/2026:01:20:48 +0800] "POST /api/articles/1/view HTTP/1.1" 200 1194 "https://www.shudaxia.com/faq/na-li-ke-yi-xia-zai-shudaxia.html" "YisouSpider"
111.6.230.203 - - [23/Jan/2026:01:20:48 +0800] "GET /api/auth/session HTTP/1.1" 200 35 "https://www.shudaxia.com/faq/na-li-ke-yi-xia-zai-shudaxia.html" "YisouSpider"
111.6.230.149 - - [23/Jan/2026:01:20:48 +0800] "POST /api/articles/61/view HTTP/1.1" 200 1634 "https://www.shudaxia.com/faq/kuai-su-dian-ji-qi.html" "YisouSpider"
111.6.230.164 - - [23/Jan/2026:01:20:48 +0800] "GET /api/latest-version?platform=2 HTTP/1.1" 200 152 "https://www.shudaxia.com/faq/shu-biao-lian-dian-qi-zui-xin-wen-ti-hui-zong.html" "YisouSpider"
111.6.230.195 - - [23/Jan/2026:01:20:48 +0800] "GET /mouse-keyboard-test?_rsc=1luhj HTTP/1.1" 308 36 "https://www.shudaxia.com/faq/na-li-ke-yi-xia-zai-shudaxia.html" "YisouSpider"
111.6.230.210 - - [23/Jan/2026:01:20:48 +0800] "GET /video.html HTTP/1.1" 200 3514 "https://www.shudaxia.com/faq/luping.html" "YisouSpider"
111.6.230.208 - - [23/Jan/2026:01:20:48 +0800] "GET /cpstest?_rsc=1h1mk HTTP/1.1" 308 23 "https://www.shudaxia.com/faq/luping.html" "YisouSpider"
111.6.230.164 - - [23/Jan/2026:01:20:48 +0800] "GET /api/latest-version?platform=2 HTTP/1.1" 200 152 "https://www.shudaxia.com/faq/na-li-ke-yi-xia-zai-shudaxia.html" "YisouSpider"
111.6.230.164 - - [23/Jan/2026:01:20:48 +0800] "GET /api/latest-version?platform=2 HTTP/1.1" 200 152 "https://www.shudaxia.com/faq/shubiaohong.html" "YisouSpider"
111.6.230.203 - - [23/Jan/2026:01:20:48 +0800] "GET /api/latest-version?platform=3 HTTP/1.1" 200 167 "https://www.shudaxia.com/faq/shu-biao-lian-dian-qi-zui-xin-wen-ti-hui-zong.html" "YisouSpider"
111.6.230.165 - - [23/Jan/2026:01:20:48 +0800] "GET /api/footer-links HTTP/1.1" 200 535 "https://www.shudaxia.com/faq/na-li-ke-yi-xia-zai-shudaxia.html" "YisouSpider"
111.6.230.210 - - [23/Jan/2026:01:20:48 +0800] "GET /video.html HTTP/1.1" 200 3514 "https://www.shudaxia.com/faq/shudaxia-she-zhi-liao-mei-fan-ying.html" "YisouSpider"
111.6.230.164 - - [23/Jan/2026:01:20:48 +0800] "GET /api/latest-version?platform=2 HTTP/1.1" 200 152 "https://www.shudaxia.com/faq/na-li-ke-yi-xia-zai-shudaxia.html" "YisouSpider"
111.6.230.216 - - [23/Jan/2026:01:20:48 +0800] "GET /mobile.html HTTP/1.1" 200 2232 "https://www.shudaxia.com/faq/shudaxia-android-app-faq.html" "YisouSpider"
111.6.230.216 - - [23/Jan/2026:01:20:48 +0800] "GET /mobile.html HTTP/1.1" 200 2232 "https://www.shudaxia.com/faq/p1.html" "YisouSpider"
111.6.230.177 - - [23/Jan/2026:01:20:48 +0800] "GET /?_rsc=orma1 HTTP/1.1" 200 144 "https://www.shudaxia.com/faq/kuai-su-dian-ji-qi.html" "YisouSpider"
111.6.230.203 - - [23/Jan/2026:01:20:48 +0800] "GET /api/auth/session HTTP/1.1" 200 35 "https://www.shudaxia.com/faq/shudaxia-android-app-faq.html" "YisouSpider"
111.6.230.203 - - [23/Jan/2026:01:20:48 +0800] "GET /api/auth/session HTTP/1.1" 200 35 "https://www.shudaxia.com/faq/kuai-su-dian-ji-qi.html" "YisouSpider"
111.6.230.164 - - [23/Jan/2026:01:20:48 +0800] "GET /api/latest-version?platform=2 HTTP/1.1" 200 152 "https://www.shudaxia.com/faq/na-li-ke-yi-xia-zai-shudaxia.html" "YisouSpider"
111.6.230.203 - - [23/Jan/2026:01:20:48 +0800] "GET /api/latest-version?platform=3 HTTP/1.1" 200 167 "https://www.shudaxia.com/faq/zhaotu.html" "YisouSpider"
111.6.230.203 - - [23/Jan/2026:01:20:48 +0800] "GET /api/latest-version?platform=3 HTTP/1.1" 200 167 "https://www.shudaxia.com/faq/kuai-su-dian-ji-qi.html" "YisouSpider"
111.6.230.216 - - [23/Jan/2026:01:20:48 +0800] "GET /mobile.html HTTP/1.1" 200 2232 "https://www.shudaxia.com/faq/zhaotu.html" "YisouSpider"
111.6.230.205 - - [23/Jan/2026:01:20:48 +0800] "GET /mouse-keyboard-test.html HTTP/1.1" 200 2412 "https://www.shudaxia.com/faq/shu-biao-lian-dian-qi-zui-xin-wen-ti-hui-zong.html" "YisouSpider"
111.6.230.210 - - [23/Jan/2026:01:20:48 +0800] "GET /video.html HTTP/1.1" 200 3514 "https://www.shudaxia.com/faq/shudaxia-android-app-faq.html" "YisouSpider"
111.6.230.203 - - [23/Jan/2026:01:20:48 +0800] "GET /api/latest-version?platform=3 HTTP/1.1" 200 167 "https://www.shudaxia.com/faq/shu-biao-lian-dian-qi-zui-xin-wen-ti-hui-zong.html" "YisouSpider"
111.6.230.208 - - [23/Jan/2026:01:20:48 +0800] "GET /cpstest?_rsc=1luhj HTTP/1.1" 308 23 "https://www.shudaxia.com/faq/na-li-ke-yi-xia-zai-shudaxia.html" "YisouSpider"
111.6.230.205 - - [23/Jan/2026:01:20:48 +0800] "GET /mouse-keyboard-test.html HTTP/1.1" 200 2412 "https://www.shudaxia.com/faq/zhaotu.html" "YisouSpider"
111.6.230.203 - - [23/Jan/2026:01:20:48 +0800] "GET /api/latest-version?platform=3 HTTP/1.1" 200 167 "https://www.shudaxia.com/faq/na-li-ke-yi-xia-zai-shudaxia.html" "YisouSpider"
111.6.230.213 - - [23/Jan/2026:01:20:48 +0800] "GET /doc/p1?_rsc=orma1 HTTP/1.1" 308 22 "https://www.shudaxia.com/faq/kuai-su-dian-ji-qi.html" "YisouSpider"
111.6.230.216 - - [23/Jan/2026:01:20:48 +0800] "GET /mobile.html HTTP/1.1" 200 2232 "https://www.shudaxia.com/faq/luping.html" "YisouSpider"
111.6.230.165 - - [23/Jan/2026:01:20:48 +0800] "GET /api/footer-links HTTP/1.1" 200 535 "https://www.shudaxia.com/faq/p1.html" "YisouSpider"
111.6.230.158 - - [23/Jan/2026:01:20:48 +0800] "GET /cpstest?_rsc=zix5x HTTP/1.1" 308 23 "https://www.shudaxia.com/faq/shudaxia-android-app-faq.html" "YisouSpider"
111.6.230.156 - - [23/Jan/2026:01:20:48 +0800] "GET /mouse-click-train.html HTTP/1.1" 200 2712 "https://www.shudaxia.com/faq/p2.html" "YisouSpider"
111.6.230.213 - - [23/Jan/2026:01:20:48 +0800] "GET /doc/p1.html HTTP/1.1" 200 167 "https://www.shudaxia.com/faq/na-li-ke-yi-xia-zai-shudaxia.html" "YisouSpider"
111.6.230.216 - - [23/Jan/2026:01:20:48 +0800] "GET /mobile.html HTTP/1.1" 200 2232 "https://www.shudaxia.com/faq/na-li-ke-yi-xia-zai-shudaxia.html" "YisouSpider"
111.6.230.181 - - [23/Jan/2026:01:20:48 +0800] "GET /cpstest?_rsc=mmc8q HTTP/1.1" 308 23 "https://www.shudaxia.com/faq/shu-biao-lian-dian-qi-zui-xin-wen-ti-hui-zong.html" "YisouSpider"
111.6.230.205 - - [23/Jan/2026:01:20:48 +0800] "GET /mouse-keyboard-test.html HTTP/1.1" 200 2412 "https://www.shudaxia.com/faq/shudaxia-she-zhi-liao-mei-fan-ying.html" "YisouSpider"
111.6.230.165 - - [23/Jan/2026:01:20:48 +0800] "GET /api/footer-links HTTP/1.1" 200 535 "https://www.shudaxia.com/faq/zhaotu.html" "YisouSpider"
111.6.230.220 - - [23/Jan/2026:01:20:48 +0800] "GET /cpstest?_rsc=ek2px HTTP/1.1" 308 23 "https://www.shudaxia.com/faq/p1.html" "YisouSpider"
111.6.230.205 - - [23/Jan/2026:01:20:48 +0800] "GET /mouse-keyboard-test.html HTTP/1.1" 200 2412 "https://www.shudaxia.com/faq/shudaxia-android-app-faq.html" "YisouSpider"
111.6.230.203 - - [23/Jan/2026:01:20:48 +0800] "GET /api/auth/session HTTP/1.1" 200 35 "https://www.shudaxia.com/faq/shudaxia-she-zhi-liao-mei-fan-ying.html" "YisouSpider"
111.6.230.165 - - [23/Jan/2026:01:20:48 +0800] "GET /api/footer-links HTTP/1.1" 200 535 "https://www.shudaxia.com/faq/kuai-su-dian-ji-qi.html" "YisouSpider"
111.6.230.230 - - [23/Jan/2026:01:20:48 +0800] "GET /mobile?_rsc=orma1 HTTP/1.1" 308 22 "https://www.shudaxia.com/faq/kuai-su-dian-ji-qi.html" "YisouSpider"
111.6.230.210 - - [23/Jan/2026:01:20:48 +0800] "GET /video.html HTTP/1.1" 200 3514 "https://www.shudaxia.com/faq/na-li-ke-yi-xia-zai-shudaxia.html" "YisouSpider"
111.6.230.152 - - [23/Jan/2026:01:20:48 +0800] "GET /video?_rsc=orma1 HTTP/1.1" 308 21 "https://www.shudaxia.com/faq/kuai-su-dian-ji-qi.html" "YisouSpider"
111.6.230.164 - - [23/Jan/2026:01:20:48 +0800] "GET /api/latest-version?platform=2 HTTP/1.1" 200 152 "https://www.shudaxia.com/faq/kuai-su-dian-ji-qi.html" "YisouSpider"
111.6.230.149 - - [23/Jan/2026:01:20:48 +0800] "GET /scriptdiy.html HTTP/1.1" 200 4606 "https://www.shudaxia.com/faq/p2.html" "YisouSpider"
111.6.230.154 - - [23/Jan/2026:01:20:48 +0800] "GET /mouse-keyboard-test?_rsc=orma1 HTTP/1.1" 308 36 "https://www.shudaxia.com/faq/kuai-su-dian-ji-qi.html" "YisouSpider"
111.6.230.210 - - [23/Jan/2026:01:20:48 +0800] "GET /video.html HTTP/1.1" 200 3514 "https://www.shudaxia.com/faq/shu-biao-lian-dian-qi-zui-xin-wen-ti-hui-zong.html" "YisouSpider"
111.6.230.217 - - [23/Jan/2026:01:20:48 +0800] "GET /doc/practice/p1?_rsc=1b085 HTTP/1.1" 308 32 "https://www.shudaxia.com/faq/p2.html" "YisouSpider"
111.6.230.205 - - [23/Jan/2026:01:20:48 +0800] "GET /mouse-keyboard-test.html HTTP/1.1" 200 2412 "https://www.shudaxia.com/faq/na-li-ke-yi-xia-zai-shudaxia.html" "YisouSpider"
111.6.230.180 - - [23/Jan/2026:01:20:48 +0800] "GET /cpstest.html HTTP/1.1" 200 2344 "https://www.shudaxia.com/faq/shudaxia-she-zhi-liao-mei-fan-ying.html" "YisouSpider"
111.6.230.203 - - [23/Jan/2026:01:20:48 +0800] "GET /api/latest-version?platform=3 HTTP/1.1" 200 167 "https://www.shudaxia.com/faq/kuai-su-dian-ji-qi.html" "YisouSpider"
111.6.230.210 - - [23/Jan/2026:01:20:48 +0800] "GET /video.html HTTP/1.1" 200 3514 "https://www.shudaxia.com/faq/zhaotu.html" "YisouSpider"
111.6.230.170 - - [23/Jan/2026:01:20:48 +0800] "GET /doc/quickstart/p1.html HTTP/1.1" 200 176 "https://www.shudaxia.com/faq/p2.html" "YisouSpider"
111.6.230.216 - - [23/Jan/2026:01:20:48 +0800] "GET /mobile.html HTTP/1.1" 200 2232 "https://www.shudaxia.com/faq/shu-biao-lian-dian-qi-zui-xin-wen-ti-hui-zong.html" "YisouSpider"
111.6.230.216 - - [23/Jan/2026:01:20:48 +0800] "GET /mobile.html HTTP/1.1" 200 2232 "https://www.shudaxia.com/faq/shubiaohong.html" "YisouSpider"
111.6.230.213 - - [23/Jan/2026:01:20:48 +0800] "GET /doc/p1.html HTTP/1.1" 200 167 "https://www.shudaxia.com/faq/shu-biao-lian-dian-qi-zui-xin-wen-ti-hui-zong.html" "YisouSpider"
111.6.230.150 - - [23/Jan/2026:01:20:48 +0800] "GET /cpstest?_rsc=1o4lc HTTP/1.1" 308 23 "https://www.shudaxia.com/faq/zhaotu.html" "YisouSpider"
111.6.230.213 - - [23/Jan/2026:01:20:48 +0800] "GET /doc/p1.html HTTP/1.1" 200 167 "https://www.shudaxia.com/faq/zhaotu.html" "YisouSpider"
111.6.230.213 - - [23/Jan/2026:01:20:48 +0800] "GET /doc/p1.html HTTP/1.1" 200 167 "https://www.shudaxia.com/faq/shudaxia-android-app-faq.html" "YisouSpider"
111.6.230.214 - - [23/Jan/2026:01:20:48 +0800] "GET /video?_rsc=ek2px HTTP/1.1" 308 21 "https://www.shudaxia.com/faq/p1.html" "YisouSpider"
111.6.230.205 - - [23/Jan/2026:01:20:49 +0800] "GET /mouse-keyboard-test.html HTTP/1.1" 200 2412 "https://www.shudaxia.com/faq/p1.html" "YisouSpider"
111.6.230.203 - - [23/Jan/2026:01:20:49 +0800] "GET /api/auth/session HTTP/1.1" 200 35 "https://www.shudaxia.com/faq/na-li-ke-yi-xia-zai-shudaxia.html" "YisouSpider"
111.6.230.210 - - [23/Jan/2026:01:20:49 +0800] "GET /video.html HTTP/1.1" 200 3514 "https://www.shudaxia.com/faq/p1.html" "YisouSpider"
111.6.230.228 - - [23/Jan/2026:01:20:49 +0800] "GET /doc/p1?_rsc=ek2px HTTP/1.1" 308 22 "https://www.shudaxia.com/faq/p1.html" "YisouSpider"
111.6.230.177 - - [23/Jan/2026:01:20:49 +0800] "GET /mouse-click-train?_rsc=cg4cb HTTP/1.1" 308 34 "https://www.shudaxia.com/faq/shudaxia-she-zhi-liao-mei-fan-ying.html" "YisouSpider"
111.6.230.180 - - [23/Jan/2026:01:20:49 +0800] "GET /cpstest.html HTTP/1.1" 200 2344 "https://www.shudaxia.com/faq/luping.html" "YisouSpider"
111.6.230.208 - - [23/Jan/2026:01:20:49 +0800] "GET /cpstest?_rsc=1luhj HTTP/1.1" 308 23 "https://www.shudaxia.com/faq/na-li-ke-yi-xia-zai-shudaxia.html" "YisouSpider"
111.6.230.178 - - [23/Jan/2026:01:20:49 +0800] "GET /?_rsc=ek2px HTTP/1.1" 200 144 "https://www.shudaxia.com/faq/p1.html" "YisouSpider"
111.6.230.203 - - [23/Jan/2026:01:20:49 +0800] "GET /api/latest-version?platform=3 HTTP/1.1" 200 167 "https://www.shudaxia.com/faq/p1.html" "YisouSpider"
111.6.230.172 - - [23/Jan/2026:01:20:49 +0800] "GET /doc/advanced/p1?_rsc=1b085 HTTP/1.1" 308 32 "https://www.shudaxia.com/faq/p2.html" "YisouSpider"
111.6.230.223 - - [23/Jan/2026:01:20:49 +0800] "GET /mouse-click-train?_rsc=zix5x HTTP/1.1" 308 34 "https://www.shudaxia.com/faq/shudaxia-android-app-faq.html" "YisouSpider"
111.6.230.213 - - [23/Jan/2026:01:20:49 +0800] "GET /doc/p1.html HTTP/1.1" 200 167 "https://www.shudaxia.com/faq/p1.html" "YisouSpider"
111.6.230.164 - - [23/Jan/2026:01:20:49 +0800] "GET /api/latest-version?platform=2 HTTP/1.1" 200 152 "https://www.shudaxia.com/faq/p1.html" "YisouSpider"
111.6.230.165 - - [23/Jan/2026:01:20:49 +0800] "GET /api/footer-links HTTP/1.1" 200 535 "https://www.shudaxia.com/faq/p1.html" "YisouSpider"
111.6.230.203 - - [23/Jan/2026:01:20:49 +0800] "GET /api/auth/session HTTP/1.1" 200 35 "https://www.shudaxia.com/faq/p1.html" "YisouSpider"
111.6.230.230 - - [23/Jan/2026:01:20:49 +0800] "GET /scriptdiy?_rsc=cg4cb HTTP/1.1" 308 25 "https://www.shudaxia.com/faq/shudaxia-she-zhi-liao-mei-fan-ying.html" "YisouSpider"
111.6.230.230 - - [23/Jan/2026:01:20:49 +0800] "GET /mouse-keyboard-test?_rsc=ek2px HTTP/1.1" 308 36 "https://www.shudaxia.com/faq/p1.html" "YisouSpider"
111.6.230.223 - - [23/Jan/2026:01:20:49 +0800] "GET /cpstest?_rsc=1wmk0 HTTP/1.1" 308 23 "https://www.shudaxia.com/faq/shubiaohong.html" "YisouSpider"
111.6.230.159 - - [23/Jan/2026:01:20:49 +0800] "GET /mobile?_rsc=ek2px HTTP/1.1" 308 22 "https://www.shudaxia.com/faq/p1.html" "YisouSpider"
111.6.230.203 - - [23/Jan/2026:01:20:49 +0800] "GET /api/auth/session HTTP/1.1" 200 35 "https://www.shudaxia.com/faq/p1.html" "YisouSpider"
111.6.230.203 - - [23/Jan/2026:01:20:49 +0800] "GET /api/auth/session HTTP/1.1" 200 35 "https://www.shudaxia.com/faq/na-li-ke-yi-xia-zai-shudaxia.html" "YisouSpider"
111.6.230.203 - - [23/Jan/2026:01:20:49 +0800] "GET /api/auth/session HTTP/1.1" 200 35 "https://www.shudaxia.com/faq/zhaotu.html" "YisouSpider"
111.6.230.203 - - [23/Jan/2026:01:20:49 +0800] "GET /api/latest-version?platform=3 HTTP/1.1" 200 167 "https://www.shudaxia.com/faq/p1.html" "YisouSpider"
111.6.230.213 - - [23/Jan/2026:01:20:49 +0800] "GET /doc/p1.html HTTP/1.1" 200 167 "https://www.shudaxia.com/faq/shubiaohong.html" "YisouSpider"
111.6.230.203 - - [23/Jan/2026:01:20:49 +0800] "GET /api/auth/session HTTP/1.1" 200 35 "https://www.shudaxia.com/faq/shu-biao-lian-dian-qi-zui-xin-wen-ti-hui-zong.html" "YisouSpider"
111.6.230.213 - - [23/Jan/2026:01:20:49 +0800] "GET /doc/p1.html HTTP/1.1" 200 167 "https://www.shudaxia.com/faq/na-li-ke-yi-xia-zai-shudaxia.html" "YisouSpider"
111.6.230.219 - - [23/Jan/2026:01:20:49 +0800] "GET /mouse-click-train?_rsc=ek2px HTTP/1.1" 308 34 "https://www.shudaxia.com/faq/p1.html" "YisouSpider"
111.6.230.180 - - [23/Jan/2026:01:20:49 +0800] "GET /cpstest.html HTTP/1.1" 200 2344 "https://www.shudaxia.com/faq/shudaxia-android-app-faq.html" "YisouSpider"
111.6.230.224 - - [23/Jan/2026:01:20:49 +0800] "GET /feedback?_rsc=cg4cb HTTP/1.1" 308 24 "https://www.shudaxia.com/faq/shudaxia-she-zhi-liao-mei-fan-ying.html" "YisouSpider"
111.6.230.213 - - [23/Jan/2026:01:20:49 +0800] "GET /doc/p1.html HTTP/1.1" 200 167 "https://www.shudaxia.com/faq/luping.html" "YisouSpider"
111.6.230.151 - - [23/Jan/2026:01:20:49 +0800] "GET /news/p1?_rsc=1b085 HTTP/1.1" 308 23 "https://www.shudaxia.com/faq/p2.html" "YisouSpider"
111.6.230.225 - - [23/Jan/2026:01:20:49 +0800] "GET /mouse-click-train?_rsc=1o4lc HTTP/1.1" 308 34 "https://www.shudaxia.com/faq/zhaotu.html" "YisouSpider"
111.6.230.164 - - [23/Jan/2026:01:20:49 +0800] "GET /api/latest-version?platform=2 HTTP/1.1" 200 152 "https://www.shudaxia.com/faq/p1.html" "YisouSpider"
111.6.230.185 - - [23/Jan/2026:01:20:49 +0800] "GET /scriptdiy?_rsc=1o4lc HTTP/1.1" 308 25 "https://www.shudaxia.com/faq/zhaotu.html" "YisouSpider"
111.6.230.180 - - [23/Jan/2026:01:20:49 +0800] "GET /news/tutorial/p1?_rsc=1b085 HTTP/1.1" 308 33 "https://www.shudaxia.com/faq/p2.html" "YisouSpider"
111.6.230.227 - - [23/Jan/2026:01:20:49 +0800] "GET /scriptdiy?_rsc=1luhj HTTP/1.1" 308 25 "https://www.shudaxia.com/faq/na-li-ke-yi-xia-zai-shudaxia.html" "YisouSpider"
111.6.230.180 - - [23/Jan/2026:01:20:49 +0800] "GET /cpstest.html HTTP/1.1" 200 2344 "https://www.shudaxia.com/faq/na-li-ke-yi-xia-zai-shudaxia.html" "YisouSpider"
111.6.230.213 - - [23/Jan/2026:01:20:49 +0800] "GET /doc/p1.html HTTP/1.1" 200 167 "https://www.shudaxia.com/faq/kuai-su-dian-ji-qi.html" "YisouSpider"
111.6.230.180 - - [23/Jan/2026:01:20:49 +0800] "GET /cpstest.html HTTP/1.1" 200 2344 "https://www.shudaxia.com/faq/p1.html" "YisouSpider"
111.6.230.179 - - [23/Jan/2026:01:20:49 +0800] "GET /mouse-click-train?_rsc=mmc8q HTTP/1.1" 308 34 "https://www.shudaxia.com/faq/shu-biao-lian-dian-qi-zui-xin-wen-ti-hui-zong.html" "YisouSpider"
111.6.230.173 - - [23/Jan/2026:01:20:49 +0800] "GET /scriptdiy?_rsc=zix5x HTTP/1.1" 308 25 "https://www.shudaxia.com/faq/shudaxia-android-app-faq.html" "YisouSpider"
111.6.230.187 - - [23/Jan/2026:01:20:49 +0800] "GET /feedback?_rsc=1luhj HTTP/1.1" 308 24 "https://www.shudaxia.com/faq/na-li-ke-yi-xia-zai-shudaxia.html" "YisouSpider"
111.6.230.203 - - [23/Jan/2026:01:20:49 +0800] "GET /api/auth/session HTTP/1.1" 200 35 "https://www.shudaxia.com/faq/shubiaohong.html" "YisouSpider"
111.6.230.219 - - [23/Jan/2026:01:20:49 +0800] "GET /doc/practice/p1?_rsc=cg4cb HTTP/1.1" 308 32 "https://www.shudaxia.com/faq/shudaxia-she-zhi-liao-mei-fan-ying.html" "YisouSpider"
111.6.230.186 - - [23/Jan/2026:01:20:49 +0800] "GET /feedback?_rsc=mmc8q HTTP/1.1" 308 24 "https://www.shudaxia.com/faq/shu-biao-lian-dian-qi-zui-xin-wen-ti-hui-zong.html" "YisouSpider"
111.6.230.154 - - [23/Jan/2026:01:20:49 +0800] "GET /mouse-click-train?_rsc=1luhj HTTP/1.1" 308 34 "https://www.shudaxia.com/faq/na-li-ke-yi-xia-zai-shudaxia.html" "YisouSpider"
111.6.230.213 - - [23/Jan/2026:01:20:49 +0800] "GET /doc/p1.html HTTP/1.1" 200 167 "https://www.shudaxia.com/faq/p1.html" "YisouSpider"
111.6.230.220 - - [23/Jan/2026:01:20:49 +0800] "GET /news/tools/p1?_rsc=1b085 HTTP/1.1" 308 30 "https://www.shudaxia.com/faq/p2.html" "YisouSpider"
111.6.230.220 - - [23/Jan/2026:01:20:49 +0800] "GET /feedback?_rsc=zix5x HTTP/1.1" 308 24 "https://www.shudaxia.com/faq/shudaxia-android-app-faq.html" "YisouSpider"
111.6.230.180 - - [23/Jan/2026:01:20:49 +0800] "GET /cpstest.html HTTP/1.1" 200 2344 "https://www.shudaxia.com/faq/shu-biao-lian-dian-qi-zui-xin-wen-ti-hui-zong.html" "YisouSpider"
111.6.230.210 - - [23/Jan/2026:01:20:49 +0800] "GET /doc/quickstart/p1?_rsc=1luhj HTTP/1.1" 308 34 "https://www.shudaxia.com/faq/na-li-ke-yi-xia-zai-shudaxia.html" "YisouSpider"
111.6.230.155 - - [23/Jan/2026:01:20:49 +0800] "GET /doc/quickstart/p1?_rsc=mmc8q HTTP/1.1" 308 34 "https://www.shudaxia.com/faq/shu-biao-lian-dian-qi-zui-xin-wen-ti-hui-zong.html" "YisouSpider"
111.6.230.180 - - [23/Jan/2026:01:20:49 +0800] "GET /cpstest.html HTTP/1.1" 200 2344 "https://www.shudaxia.com/faq/zhaotu.html" "YisouSpider"
111.6.230.227 - - [23/Jan/2026:01:20:49 +0800] "GET /scriptdiy?_rsc=1luhj HTTP/1.1" 308 25 "https://www.shudaxia.com/faq/na-li-ke-yi-xia-zai-shudaxia.html" "YisouSpider"
111.6.230.160 - - [23/Jan/2026:01:20:49 +0800] "GET /scriptdiy?_rsc=mmc8q HTTP/1.1" 308 25 "https://www.shudaxia.com/faq/shu-biao-lian-dian-qi-zui-xin-wen-ti-hui-zong.html" "YisouSpider"
111.6.230.177 - - [23/Jan/2026:01:20:49 +0800] "GET /doc/practice/p1.html HTTP/1.1" 200 175 "https://www.shudaxia.com/faq/p2.html" "YisouSpider"
111.6.230.197 - - [23/Jan/2026:01:20:49 +0800] "GET /scriptdiy?_rsc=1h1mk HTTP/1.1" 308 25 "https://www.shudaxia.com/faq/luping.html" "YisouSpider"
111.6.230.187 - - [23/Jan/2026:01:20:49 +0800] "GET /feedback?_rsc=1luhj HTTP/1.1" 308 24 "https://www.shudaxia.com/faq/na-li-ke-yi-xia-zai-shudaxia.html" "YisouSpider"
111.6.230.154 - - [23/Jan/2026:01:20:49 +0800] "GET /mouse-click-train?_rsc=1luhj HTTP/1.1" 308 34 "https://www.shudaxia.com/faq/na-li-ke-yi-xia-zai-shudaxia.html" "YisouSpider"
111.6.230.192 - - [23/Jan/2026:01:20:49 +0800] "GET /doc/quickstart/p1?_rsc=1wmk0 HTTP/1.1" 308 34 "https://www.shudaxia.com/faq/shubiaohong.html" "YisouSpider"
111.6.230.156 - - [23/Jan/2026:01:20:49 +0800] "GET /mouse-click-train.html HTTP/1.1" 200 2712 "https://www.shudaxia.com/faq/zhaotu.html" "YisouSpider"
111.6.230.183 - - [23/Jan/2026:01:20:49 +0800] "GET /doc/quickstart/p1?_rsc=cg4cb HTTP/1.1" 308 34 "https://www.shudaxia.com/faq/shudaxia-she-zhi-liao-mei-fan-ying.html" "YisouSpider"
111.6.230.149 - - [23/Jan/2026:01:20:49 +0800] "GET /scriptdiy.html HTTP/1.1" 200 4606 "https://www.shudaxia.com/faq/shudaxia-she-zhi-liao-mei-fan-ying.html" "YisouSpider"
111.6.230.211 - - [23/Jan/2026:01:20:49 +0800] "GET /doc/practice/p1?_rsc=zix5x HTTP/1.1" 308 32 "https://www.shudaxia.com/faq/shudaxia-android-app-faq.html" "YisouSpider"
111.6.230.156 - - [23/Jan/2026:01:20:49 +0800] "GET /mouse-click-train.html HTTP/1.1" 200 2712 "https://www.shudaxia.com/faq/shudaxia-android-app-faq.html" "YisouSpider"
111.6.230.224 - - [23/Jan/2026:01:20:49 +0800] "GET /mouse-click-train?_rsc=1wmk0 HTTP/1.1" 308 34 "https://www.shudaxia.com/faq/shubiaohong.html" "YisouSpider"
111.6.230.220 - - [23/Jan/2026:01:20:49 +0800] "GET /cpstest?_rsc=ek2px HTTP/1.1" 308 23 "https://www.shudaxia.com/faq/p1.html" "YisouSpider"
111.6.230.180 - - [23/Jan/2026:01:20:49 +0800] "GET /scriptdiy?_rsc=1wmk0 HTTP/1.1" 308 25 "https://www.shudaxia.com/faq/shubiaohong.html" "YisouSpider"
111.6.230.156 - - [23/Jan/2026:01:20:49 +0800] "GET /mouse-click-train.html HTTP/1.1" 200 2712 "https://www.shudaxia.com/faq/p1.html" "YisouSpider"
111.6.230.155 - - [23/Jan/2026:01:20:49 +0800] "GET /doc/advanced/p1.html HTTP/1.1" 200 175 "https://www.shudaxia.com/faq/p2.html" "YisouSpider"
111.6.230.222 - - [23/Jan/2026:01:20:49 +0800] "GET /mouse-click-train?_rsc=1h1mk HTTP/1.1" 308 34 "https://www.shudaxia.com/faq/luping.html" "YisouSpider"
111.6.230.211 - - [23/Jan/2026:01:20:49 +0800] "GET /scriptdiy?_rsc=ek2px HTTP/1.1" 308 25 "https://www.shudaxia.com/faq/p1.html" "YisouSpider"
111.6.230.155 - - [23/Jan/2026:01:20:49 +0800] "GET /feedback?_rsc=1wmk0 HTTP/1.1" 308 24 "https://www.shudaxia.com/faq/shubiaohong.html" "YisouSpider"
111.6.230.210 - - [23/Jan/2026:01:20:49 +0800] "GET /doc/quickstart/p1?_rsc=1luhj HTTP/1.1" 308 34 "https://www.shudaxia.com/faq/na-li-ke-yi-xia-zai-shudaxia.html" "YisouSpider"
111.6.230.157 - - [23/Jan/2026:01:20:49 +0800] "GET /doc/quickstart/p1?_rsc=zix5x HTTP/1.1" 308 34 "https://www.shudaxia.com/faq/shudaxia-android-app-faq.html" "YisouSpider"
111.6.230.220 - - [23/Jan/2026:01:20:49 +0800] "GET /doc/quickstart/p1?_rsc=ek2px HTTP/1.1" 308 34 "https://www.shudaxia.com/faq/p1.html" "YisouSpider"
111.6.230.205 - - [23/Jan/2026:01:20:49 +0800] "GET /feedback.html HTTP/1.1" 200 2295 "https://www.shudaxia.com/faq/shu-biao-lian-dian-qi-zui-xin-wen-ti-hui-zong.html" "YisouSpider"
111.6.230.149 - - [23/Jan/2026:01:20:49 +0800] "GET /scriptdiy.html HTTP/1.1" 200 4606 "https://www.shudaxia.com/faq/shudaxia-android-app-faq.html" "YisouSpider"
111.6.230.203 - - [23/Jan/2026:01:20:49 +0800] "GET /api/auth/session HTTP/1.1" 200 35 "https://www.shudaxia.com/faq/p1.html" "YisouSpider"
111.6.230.156 - - [23/Jan/2026:01:20:49 +0800] "GET /mouse-click-train.html HTTP/1.1" 200 2712 "https://www.shudaxia.com/faq/shudaxia-she-zhi-liao-mei-fan-ying.html" "YisouSpider"
111.6.230.149 - - [23/Jan/2026:01:20:49 +0800] "GET /scriptdiy.html HTTP/1.1" 200 4606 "https://www.shudaxia.com/faq/na-li-ke-yi-xia-zai-shudaxia.html" "YisouSpider"
111.6.230.158 - - [23/Jan/2026:01:20:49 +0800] "GET /news/p1.html HTTP/1.1" 200 167 "https://www.shudaxia.com/faq/p2.html" "YisouSpider"
111.6.230.205 - - [23/Jan/2026:01:20:49 +0800] "GET /feedback.html HTTP/1.1" 200 2295 "https://www.shudaxia.com/faq/shudaxia-she-zhi-liao-mei-fan-ying.html" "YisouSpider"
111.6.230.177 - - [23/Jan/2026:01:20:49 +0800] "GET /doc/practice/p1.html HTTP/1.1" 200 175 "https://www.shudaxia.com/faq/shudaxia-she-zhi-liao-mei-fan-ying.html" "YisouSpider"
111.6.230.222 - - [23/Jan/2026:01:20:49 +0800] "GET /doc/quickstart/p1?_rsc=1o4lc HTTP/1.1" 308 34 "https://www.shudaxia.com/faq/zhaotu.html" "YisouSpider"
111.6.230.203 - - [23/Jan/2026:01:20:49 +0800] "GET /feedback?_rsc=1h1mk HTTP/1.1" 308 24 "https://www.shudaxia.com/faq/luping.html" "YisouSpider"
111.6.230.170 - - [23/Jan/2026:01:20:49 +0800] "GET /doc/quickstart/p1.html HTTP/1.1" 200 176 "https://www.shudaxia.com/faq/na-li-ke-yi-xia-zai-shudaxia.html" "YisouSpider"
111.6.230.208 - - [23/Jan/2026:01:20:49 +0800] "GET /doc/quickstart/p1?_rsc=1h1mk HTTP/1.1" 308 34 "https://www.shudaxia.com/faq/luping.html" "YisouSpider"
111.6.230.192 - - [23/Jan/2026:01:20:49 +0800] "GET /doc/practice/p1?_rsc=1luhj HTTP/1.1" 308 32 "https://www.shudaxia.com/faq/na-li-ke-yi-xia-zai-shudaxia.html" "YisouSpider"
111.6.230.149 - - [23/Jan/2026:01:20:49 +0800] "GET /scriptdiy.html HTTP/1.1" 200 4606 "https://www.shudaxia.com/faq/zhaotu.html" "YisouSpider"
111.6.230.158 - - [23/Jan/2026:01:20:49 +0800] "GET /doc/practice/p1?_rsc=1h1mk HTTP/1.1" 308 32 "https://www.shudaxia.com/faq/luping.html" "YisouSpider"
111.6.230.213 - - [23/Jan/2026:01:20:49 +0800] "GET /doc/practice/p1?_rsc=1wmk0 HTTP/1.1" 308 32 "https://www.shudaxia.com/faq/shubiaohong.html" "YisouSpider"
111.6.230.156 - - [23/Jan/2026:01:20:49 +0800] "GET /mouse-click-train.html HTTP/1.1" 200 2712 "https://www.shudaxia.com/faq/shu-biao-lian-dian-qi-zui-xin-wen-ti-hui-zong.html" "YisouSpider"
111.6.230.205 - - [23/Jan/2026:01:20:49 +0800] "GET /feedback.html HTTP/1.1" 200 2295 "https://www.shudaxia.com/faq/na-li-ke-yi-xia-zai-shudaxia.html" "YisouSpider"
111.6.230.192 - - [23/Jan/2026:01:20:49 +0800] "GET /feedback?_rsc=ek2px HTTP/1.1" 308 24 "https://www.shudaxia.com/faq/p1.html" "YisouSpider"
111.6.230.207 - - [23/Jan/2026:01:20:49 +0800] "GET /news/tutorial/p1.html HTTP/1.1" 200 175 "https://www.shudaxia.com/faq/p2.html" "YisouSpider"
111.6.230.199 - - [23/Jan/2026:01:20:49 +0800] "GET /doc/practice/p1?_rsc=ek2px HTTP/1.1" 308 32 "https://www.shudaxia.com/faq/p1.html" "YisouSpider"
111.6.230.152 - - [23/Jan/2026:01:20:49 +0800] "GET /feedback?_rsc=1o4lc HTTP/1.1" 308 24 "https://www.shudaxia.com/faq/zhaotu.html" "YisouSpider"
111.6.230.149 - - [23/Jan/2026:01:20:49 +0800] "GET /scriptdiy.html HTTP/1.1" 200 4606 "https://www.shudaxia.com/faq/shu-biao-lian-dian-qi-zui-xin-wen-ti-hui-zong.html" "YisouSpider"
111.6.230.156 - - [23/Jan/2026:01:20:49 +0800] "GET /mouse-click-train.html HTTP/1.1" 200 2712 "https://www.shudaxia.com/faq/na-li-ke-yi-xia-zai-shudaxia.html" "YisouSpider"
111.6.230.149 - - [23/Jan/2026:01:20:49 +0800] "GET /scriptdiy.html HTTP/1.1" 200 4606 "https://www.shudaxia.com/faq/luping.html" "YisouSpider"
111.6.230.205 - - [23/Jan/2026:01:20:49 +0800] "GET /feedback.html HTTP/1.1" 200 2295 "https://www.shudaxia.com/faq/shudaxia-android-app-faq.html" "YisouSpider"
111.6.230.170 - - [23/Jan/2026:01:20:49 +0800] "GET /doc/quickstart/p1.html HTTP/1.1" 200 176 "https://www.shudaxia.com/faq/p1.html" "YisouSpider"
111.6.230.192 - - [23/Jan/2026:01:20:49 +0800] "GET /doc/practice/p1?_rsc=1luhj HTTP/1.1" 308 32 "https://www.shudaxia.com/faq/na-li-ke-yi-xia-zai-shudaxia.html" "YisouSpider"
111.6.230.223 - - [23/Jan/2026:01:20:49 +0800] "GET /news/tools/p1.html HTTP/1.1" 200 173 "https://www.shudaxia.com/faq/p2.html" "YisouSpider"
111.6.230.204 - - [23/Jan/2026:01:20:49 +0800] "GET /doc/advanced/p1?_rsc=1o4lc HTTP/1.1" 308 32 "https://www.shudaxia.com/faq/zhaotu.html" "YisouSpider"
111.6.230.214 - - [23/Jan/2026:01:20:49 +0800] "GET /doc/advanced/p1?_rsc=ek2px HTTP/1.1" 308 32 "https://www.shudaxia.com/faq/p1.html" "YisouSpider"
111.6.230.172 - - [23/Jan/2026:01:20:49 +0800] "GET /doc/practice/p1?_rsc=1o4lc HTTP/1.1" 308 32 "https://www.shudaxia.com/faq/zhaotu.html" "YisouSpider"
111.6.230.204 - - [23/Jan/2026:01:20:49 +0800] "GET /news/version/p1?_rsc=1b085 HTTP/1.1" 308 32 "https://www.shudaxia.com/faq/p2.html" "YisouSpider"
111.6.230.222 - - [23/Jan/2026:01:20:49 +0800] "GET /faq/p1?_rsc=1b085 HTTP/1.1" 308 22 "https://www.shudaxia.com/faq/p2.html" "YisouSpider"
111.6.230.156 - - [23/Jan/2026:01:20:49 +0800] "GET /mouse-click-train.html HTTP/1.1" 200 2712 "https://www.shudaxia.com/faq/luping.html" "YisouSpider"
111.6.230.170 - - [23/Jan/2026:01:20:49 +0800] "GET /doc/quickstart/p1.html HTTP/1.1" 200 176 "https://www.shudaxia.com/faq/shu-biao-lian-dian-qi-zui-xin-wen-ti-hui-zong.html" "YisouSpider"
111.6.230.192 - - [23/Jan/2026:01:20:49 +0800] "GET /doc/advanced/p1?_rsc=cg4cb HTTP/1.1" 308 32 "https://www.shudaxia.com/faq/shudaxia-she-zhi-liao-mei-fan-ying.html" "YisouSpider"
111.6.230.219 - - [23/Jan/2026:01:20:49 +0800] "GET /mouse-click-train?_rsc=ek2px HTTP/1.1" 308 34 "https://www.shudaxia.com/faq/p1.html" "YisouSpider"
111.6.230.152 - - [23/Jan/2026:01:20:49 +0800] "GET /doc/advanced/p1?_rsc=zix5x HTTP/1.1" 308 32 "https://www.shudaxia.com/faq/shudaxia-android-app-faq.html" "YisouSpider"
111.6.230.193 - - [23/Jan/2026:01:20:49 +0800] "GET /doc/practice/p1?_rsc=mmc8q HTTP/1.1" 308 32 "https://www.shudaxia.com/faq/shu-biao-lian-dian-qi-zui-xin-wen-ti-hui-zong.html" "YisouSpider"
111.6.230.177 - - [23/Jan/2026:01:20:49 +0800] "GET /doc/practice/p1.html HTTP/1.1" 200 175 "https://www.shudaxia.com/faq/shudaxia-android-app-faq.html" "YisouSpider"
111.6.230.210 - - [23/Jan/2026:01:20:49 +0800] "GET /video.html HTTP/1.1" 200 3514 "https://www.shudaxia.com/faq/kuai-su-dian-ji-qi.html" "YisouSpider"
111.6.230.205 - - [23/Jan/2026:01:20:49 +0800] "GET /mouse-keyboard-test.html HTTP/1.1" 200 2412 "https://www.shudaxia.com/faq/kuai-su-dian-ji-qi.html" "YisouSpider"
111.6.230.149 - - [23/Jan/2026:01:20:49 +0800] "GET /scriptdiy.html HTTP/1.1" 200 4606 "https://www.shudaxia.com/faq/shubiaohong.html" "YisouSpider"
111.6.230.149 - - [23/Jan/2026:01:20:49 +0800] "GET /scriptdiy.html HTTP/1.1" 200 4606 "https://www.shudaxia.com/faq/p1.html" "YisouSpider"
111.6.230.170 - - [23/Jan/2026:01:20:49 +0800] "GET /doc/quickstart/p1.html HTTP/1.1" 200 176 "https://www.shudaxia.com/faq/shudaxia-she-zhi-liao-mei-fan-ying.html" "YisouSpider"
111.6.230.216 - - [23/Jan/2026:01:20:49 +0800] "GET /mobile.html HTTP/1.1" 200 2232 "https://www.shudaxia.com/faq/kuai-su-dian-ji-qi.html" "YisouSpider"
111.6.230.183 - - [23/Jan/2026:01:20:49 +0800] "GET /news/p1?_rsc=1luhj HTTP/1.1" 308 23 "https://www.shudaxia.com/faq/na-li-ke-yi-xia-zai-shudaxia.html" "YisouSpider"
111.6.230.159 - - [23/Jan/2026:01:20:49 +0800] "GET /doc/advanced/p1?_rsc=mmc8q HTTP/1.1" 308 32 "https://www.shudaxia.com/faq/shu-biao-lian-dian-qi-zui-xin-wen-ti-hui-zong.html" "YisouSpider"
111.6.230.170 - - [23/Jan/2026:01:20:49 +0800] "GET /doc/quickstart/p1.html HTTP/1.1" 200 176 "https://www.shudaxia.com/faq/na-li-ke-yi-xia-zai-shudaxia.html" "YisouSpider"
111.6.230.170 - - [23/Jan/2026:01:20:49 +0800] "GET /doc/quickstart/p1.html HTTP/1.1" 200 176 "https://www.shudaxia.com/faq/shubiaohong.html" "YisouSpider"
111.6.230.177 - - [23/Jan/2026:01:20:49 +0800] "GET /doc/practice/p1.html HTTP/1.1" 200 175 "https://www.shudaxia.com/faq/na-li-ke-yi-xia-zai-shudaxia.html" "YisouSpider"
111.6.230.159 - - [23/Jan/2026:01:20:49 +0800] "GET /faq/troubleshooting/p1?_rsc=1b085 HTTP/1.1" 308 39 "https://www.shudaxia.com/faq/p2.html" "YisouSpider"
111.6.230.201 - - [23/Jan/2026:01:20:49 +0800] "GET /news/tools/p1?_rsc=cg4cb HTTP/1.1" 308 30 "https://www.shudaxia.com/faq/shudaxia-she-zhi-liao-mei-fan-ying.html" "YisouSpider"
111.6.230.197 - - [23/Jan/2026:01:20:49 +0800] "GET /faq/version/p1?_rsc=1b085 HTTP/1.1" 308 31 "https://www.shudaxia.com/faq/p2.html" "YisouSpider"
111.6.230.170 - - [23/Jan/2026:01:20:49 +0800] "GET /doc/quickstart/p1.html HTTP/1.1" 200 176 "https://www.shudaxia.com/faq/zhaotu.html" "YisouSpider"
111.6.230.204 - - [23/Jan/2026:01:20:49 +0800] "GET /news/p1?_rsc=cg4cb HTTP/1.1" 308 23 "https://www.shudaxia.com/faq/shudaxia-she-zhi-liao-mei-fan-ying.html" "YisouSpider"
111.6.230.170 - - [23/Jan/2026:01:20:49 +0800] "GET /doc/quickstart/p1.html HTTP/1.1" 200 176 "https://www.shudaxia.com/faq/shudaxia-android-app-faq.html" "YisouSpider"
111.6.230.165 - - [23/Jan/2026:01:20:49 +0800] "GET /doc/advanced/p1?_rsc=1wmk0 HTTP/1.1" 308 32 "https://www.shudaxia.com/faq/shubiaohong.html" "YisouSpider"
111.6.230.199 - - [23/Jan/2026:01:20:49 +0800] "GET /doc/advanced/p1?_rsc=1luhj HTTP/1.1" 308 32 "https://www.shudaxia.com/faq/na-li-ke-yi-xia-zai-shudaxia.html" "YisouSpider"
111.6.230.196 - - [23/Jan/2026:01:20:49 +0800] "GET /news/tutorial/p1?_rsc=cg4cb HTTP/1.1" 308 33 "https://www.shudaxia.com/faq/shudaxia-she-zhi-liao-mei-fan-ying.html" "YisouSpider"
111.6.230.155 - - [23/Jan/2026:01:20:49 +0800] "GET /doc/advanced/p1.html HTTP/1.1" 200 175 "https://www.shudaxia.com/faq/p1.html" "YisouSpider"
111.6.230.205 - - [23/Jan/2026:01:20:49 +0800] "GET /feedback.html HTTP/1.1" 200 2295 "https://www.shudaxia.com/faq/zhaotu.html" "YisouSpider"
111.6.230.205 - - [23/Jan/2026:01:20:49 +0800] "GET /feedback.html HTTP/1.1" 200 2295 "https://www.shudaxia.com/faq/luping.html" "YisouSpider"
111.6.230.205 - - [23/Jan/2026:01:20:49 +0800] "GET /news/p1?_rsc=1o4lc HTTP/1.1" 308 23 "https://www.shudaxia.com/faq/zhaotu.html" "YisouSpider"
111.6.230.205 - - [23/Jan/2026:01:20:49 +0800] "GET /feedback.html HTTP/1.1" 200 2295 "https://www.shudaxia.com/faq/p1.html" "YisouSpider"
111.6.230.197 - - [23/Jan/2026:01:20:49 +0800] "GET /news/p1?_rsc=mmc8q HTTP/1.1" 308 23 "https://www.shudaxia.com/faq/shu-biao-lian-dian-qi-zui-xin-wen-ti-hui-zong.html" "YisouSpider"
111.6.230.207 - - [23/Jan/2026:01:20:49 +0800] "GET /news/p1?_rsc=zix5x HTTP/1.1" 308 23 "https://www.shudaxia.com/faq/shudaxia-android-app-faq.html" "YisouSpider"
111.6.230.170 - - [23/Jan/2026:01:20:49 +0800] "GET /doc/quickstart/p1.html HTTP/1.1" 200 176 "https://www.shudaxia.com/faq/luping.html" "YisouSpider"
111.6.230.209 - - [23/Jan/2026:01:20:49 +0800] "GET /news/tools/p1?_rsc=zix5x HTTP/1.1" 308 30 "https://www.shudaxia.com/faq/shudaxia-android-app-faq.html" "YisouSpider"
111.6.230.183 - - [23/Jan/2026:01:20:49 +0800] "GET /news/p1?_rsc=1luhj HTTP/1.1" 308 23 "https://www.shudaxia.com/faq/na-li-ke-yi-xia-zai-shudaxia.html" "YisouSpider"
111.6.230.217 - - [23/Jan/2026:01:20:49 +0800] "GET /news/tools/p1?_rsc=mmc8q HTTP/1.1" 308 30 "https://www.shudaxia.com/faq/shu-biao-lian-dian-qi-zui-xin-wen-ti-hui-zong.html" "YisouSpider"
111.6.230.177 - - [23/Jan/2026:01:20:49 +0800] "GET /doc/practice/p1.html HTTP/1.1" 200 175 "https://www.shudaxia.com/faq/shubiaohong.html" "YisouSpider"
111.6.230.158 - - [23/Jan/2026:01:20:49 +0800] "GET /faq/usage/p1?_rsc=1b085 HTTP/1.1" 308 29 "https://www.shudaxia.com/faq/p2.html" "YisouSpider"
111.6.230.165 - - [23/Jan/2026:01:20:49 +0800] "GET /news/p1?_rsc=ek2px HTTP/1.1" 308 23 "https://www.shudaxia.com/faq/p1.html" "YisouSpider"
111.6.230.155 - - [23/Jan/2026:01:20:49 +0800] "GET /doc/advanced/p1.html HTTP/1.1" 200 175 "https://www.shudaxia.com/faq/shudaxia-android-app-faq.html" "YisouSpider"
111.6.230.199 - - [23/Jan/2026:01:20:49 +0800] "GET /doc/advanced/p1?_rsc=1luhj HTTP/1.1" 308 32 "https://www.shudaxia.com/faq/na-li-ke-yi-xia-zai-shudaxia.html" "YisouSpider"
111.6.230.155 - - [23/Jan/2026:01:20:49 +0800] "GET /faq/p1.html HTTP/1.1" 200 167 "https://www.shudaxia.com/faq/p2.html" "YisouSpider"
111.6.230.177 - - [23/Jan/2026:01:20:49 +0800] "GET /doc/practice/p1.html HTTP/1.1" 200 175 "https://www.shudaxia.com/faq/p1.html" "YisouSpider"
111.6.230.199 - - [23/Jan/2026:01:20:49 +0800] "GET /news/p1?_rsc=1wmk0 HTTP/1.1" 308 23 "https://www.shudaxia.com/faq/shubiaohong.html" "YisouSpider"
111.6.230.229 - - [23/Jan/2026:01:20:49 +0800] "GET /doc/advanced/p1?_rsc=1h1mk HTTP/1.1" 308 32 "https://www.shudaxia.com/faq/luping.html" "YisouSpider"
