111.6.230.203 - - [22/Jan/2026:09:02:56 +0800] "GET /api/latest-version?platform=3 HTTP/1.1" 200 167 "https://www.shudaxia.com/mobile.html" "Mozilla/5.0 (iPhone; CPU iPhone OS 9_1 like Mac OS X) AppleWebKit/601.1.46 (KHTML, like Gecko) Version/9.0 Mobile/13B143 Safari/601.1 (compatible; Baiduspider-render/2.0; +http://www.baidu.com/search/spider.html)"
111.6.230.165 - - [22/Jan/2026:09:02:56 +0800] "GET /api/footer-links HTTP/1.1" 200 535 "https://www.shudaxia.com/mobile.html" "Mozilla/5.0 (iPhone; CPU iPhone OS 9_1 like Mac OS X) AppleWebKit/601.1.46 (KHTML, like Gecko) Version/9.0 Mobile/13B143 Safari/601.1 (compatible; Baiduspider-render/2.0; +http://www.baidu.com/search/spider.html)"
111.6.230.203 - - [22/Jan/2026:09:02:56 +0800] "GET /api/auth/session HTTP/1.1" 200 35 "https://www.shudaxia.com/mobile.html" "Mozilla/5.0 (iPhone; CPU iPhone OS 9_1 like Mac OS X) AppleWebKit/601.1.46 (KHTML, like Gecko) Version/9.0 Mobile/13B143 Safari/601.1 (compatible; Baiduspider-render/2.0; +http://www.baidu.com/search/spider.html)"
111.6.230.164 - - [22/Jan/2026:09:02:56 +0800] "GET /api/latest-version?platform=2 HTTP/1.1" 200 152 "https://www.shudaxia.com/mobile.html" "Mozilla/5.0 (iPhone; CPU iPhone OS 9_1 like Mac OS X) AppleWebKit/601.1.46 (KHTML, like Gecko) Version/9.0 Mobile/13B143 Safari/601.1 (compatible; Baiduspider-render/2.0; +http://www.baidu.com/search/spider.html)"
111.6.230.203 - - [22/Jan/2026:09:02:56 +0800] "GET /api/latest-version?platform=3 HTTP/1.1" 200 167 "https://www.shudaxia.com/mobile.html" "Mozilla/5.0 (iPhone; CPU iPhone OS 9_1 like Mac OS X) AppleWebKit/601.1.46 (KHTML, like Gecko) Version/9.0 Mobile/13B143 Safari/601.1 (compatible; Baiduspider-render/2.0; +http://www.baidu.com/search/spider.html)"
111.6.230.164 - - [22/Jan/2026:09:02:56 +0800] "GET /api/latest-version?platform=2 HTTP/1.1" 200 152 "https://www.shudaxia.com/mobile.html" "Mozilla/5.0 (iPhone; CPU iPhone OS 9_1 like Mac OS X) AppleWebKit/601.1.46 (KHTML, like Gecko) Version/9.0 Mobile/13B143 Safari/601.1 (compatible; Baiduspider-render/2.0; +http://www.baidu.com/search/spider.html)"
111.6.230.203 - - [22/Jan/2026:09:02:56 +0800] "GET /api/auth/session HTTP/1.1" 200 35 "https://www.shudaxia.com/mobile.html" "Mozilla/5.0 (iPhone; CPU iPhone OS 9_1 like Mac OS X) AppleWebKit/601.1.46 (KHTML, like Gecko) Version/9.0 Mobile/13B143 Safari/601.1 (compatible; Baiduspider-render/2.0; +http://www.baidu.com/search/spider.html)"
111.6.230.215 - - [22/Jan/2026:09:08:32 +0800] "GET / HTTP/1.1" 200 23949 "-" "Mozilla/5.0 (compatible; Baiduspider/2.0; +http://www.baidu.com/search/spider.html)"
111.6.230.164 - - [22/Jan/2026:09:08:35 +0800] "GET /api/latest-version?platform=2 HTTP/1.1" 200 152 "https://www.shudaxia.com/" "Mozilla/5.0 (compatible; Baiduspider-render/2.0; +http://www.baidu.com/search/spider.html)"
111.6.230.165 - - [22/Jan/2026:09:08:35 +0800] "GET /api/footer-links HTTP/1.1" 200 535 "https://www.shudaxia.com/" "Mozilla/5.0 (compatible; Baiduspider-render/2.0; +http://www.baidu.com/search/spider.html)"
111.6.230.203 - - [22/Jan/2026:09:08:35 +0800] "GET /api/auth/session HTTP/1.1" 200 35 "https://www.shudaxia.com/" "Mozilla/5.0 (compatible; Baiduspider-render/2.0; +http://www.baidu.com/search/spider.html)"
111.6.230.203 - - [22/Jan/2026:09:08:35 +0800] "GET /api/latest-version?platform=3 HTTP/1.1" 200 167 "https://www.shudaxia.com/" "Mozilla/5.0 (compatible; Baiduspider-render/2.0; +http://www.baidu.com/search/spider.html)"
124.95.162.150 - - [22/Jan/2026:09:08:35 +0800] "GET /api/latest-version?platform=3 HTTP/1.1" 200 167 "https://www.shudaxia.com/" "Mozilla/5.0 (compatible; Baiduspider-render/2.0; +http://www.baidu.com/search/spider.html)"
111.6.230.164 - - [22/Jan/2026:09:08:35 +0800] "GET /api/latest-version?platform=2 HTTP/1.1" 200 152 "https://www.shudaxia.com/" "Mozilla/5.0 (compatible; Baiduspider-render/2.0; +http://www.baidu.com/search/spider.html)"
111.6.230.164 - - [22/Jan/2026:09:08:35 +0800] "GET /api/latest-version?platform=2 HTTP/1.1" 200 152 "https://www.shudaxia.com/" "Mozilla/5.0 (compatible; Baiduspider-render/2.0; +http://www.baidu.com/search/spider.html)"
111.6.230.164 - - [22/Jan/2026:09:08:35 +0800] "GET /api/latest-version?platform=2 HTTP/1.1" 200 152 "https://www.shudaxia.com/" "Mozilla/5.0 (compatible; Baiduspider-render/2.0; +http://www.baidu.com/search/spider.html)"
111.6.230.203 - - [22/Jan/2026:09:08:35 +0800] "GET /api/latest-version?platform=3 HTTP/1.1" 200 167 "https://www.shudaxia.com/" "Mozilla/5.0 (compatible; Baiduspider-render/2.0; +http://www.baidu.com/search/spider.html)"
111.6.230.203 - - [22/Jan/2026:09:08:35 +0800] "GET /api/latest-version?platform=3 HTTP/1.1" 200 167 "https://www.shudaxia.com/" "Mozilla/5.0 (compatible; Baiduspider-render/2.0; +http://www.baidu.com/search/spider.html)"
111.6.230.203 - - [22/Jan/2026:09:08:35 +0800] "GET /api/latest-version?platform=3 HTTP/1.1" 200 167 "https://www.shudaxia.com/" "Mozilla/5.0 (compatible; Baiduspider-render/2.0; +http://www.baidu.com/search/spider.html)"
111.6.230.203 - - [22/Jan/2026:09:08:36 +0800] "GET /api/auth/session HTTP/1.1" 200 35 "https://www.shudaxia.com/" "Mozilla/5.0 (compatible; Baiduspider-render/2.0; +http://www.baidu.com/search/spider.html)"
117.92.155.173 - - [22/Jan/2026:09:12:51 +0800] "GET /faq/version/p1 HTTP/1.1" 308 31 "-" "Mozilla/5.0 (Linux; Android 5.0) AppleWebKit/537.36 (KHTML, like Gecko) Mobile Safari/537.36 (compatible; Bytespider; https://zhanzhang.toutiao.com/)"
117.92.155.173 - - [22/Jan/2026:09:12:51 +0800] "GET /faq/version/p1.html HTTP/1.1" 200 16523 "-" "Mozilla/5.0 (Linux; Android 5.0) AppleWebKit/537.36 (KHTML, like Gecko) Mobile Safari/537.36 (compatible; Bytespider; https://zhanzhang.toutiao.com/)"
117.92.155.171 - - [22/Jan/2026:09:12:52 +0800] "GET /api/latest-version?platform=2 HTTP/1.1" 200 152 "https://www.shudaxia.com/faq/version/p1.html" "Mozilla/5.0 (Linux; Android 5.0) AppleWebKit/537.36 (KHTML, like Gecko) Mobile Safari/537.36 (compatible; Bytespider; https://zhanzhang.toutiao.com/)"
117.92.155.171 - - [22/Jan/2026:09:12:52 +0800] "GET /api/latest-version?platform=3 HTTP/1.1" 200 167 "https://www.shudaxia.com/faq/version/p1.html" "Mozilla/5.0 (Linux; Android 5.0) AppleWebKit/537.36 (KHTML, like Gecko) Mobile Safari/537.36 (compatible; Bytespider; https://zhanzhang.toutiao.com/)"
117.92.155.171 - - [22/Jan/2026:09:12:52 +0800] "GET /api/latest-version?platform=2 HTTP/1.1" 200 152 "https://www.shudaxia.com/faq/version/p1.html" "Mozilla/5.0 (Linux; Android 5.0) AppleWebKit/537.36 (KHTML, like Gecko) Mobile Safari/537.36 (compatible; Bytespider; https://zhanzhang.toutiao.com/)"
117.92.155.174 - - [22/Jan/2026:09:12:52 +0800] "GET /api/footer-links HTTP/1.1" 200 535 "https://www.shudaxia.com/faq/version/p1.html" "Mozilla/5.0 (Linux; Android 5.0) AppleWebKit/537.36 (KHTML, like Gecko) Mobile Safari/537.36 (compatible; Bytespider; https://zhanzhang.toutiao.com/)"
117.92.155.171 - - [22/Jan/2026:09:12:52 +0800] "GET /api/latest-version?platform=3 HTTP/1.1" 200 167 "https://www.shudaxia.com/faq/version/p1.html" "Mozilla/5.0 (Linux; Android 5.0) AppleWebKit/537.36 (KHTML, like Gecko) Mobile Safari/537.36 (compatible; Bytespider; https://zhanzhang.toutiao.com/)"
117.92.155.177 - - [22/Jan/2026:09:12:52 +0800] "GET /api/auth/session HTTP/1.1" 200 35 "https://www.shudaxia.com/faq/version/p1.html" "Mozilla/5.0 (Linux; Android 5.0) AppleWebKit/537.36 (KHTML, like Gecko) Mobile Safari/537.36 (compatible; Bytespider; https://zhanzhang.toutiao.com/)"
117.92.155.158 - - [22/Jan/2026:09:12:52 +0800] "GET /?_rsc=1ynaj HTTP/1.1" 200 144 "https://www.shudaxia.com/faq/version/p1.html" "Mozilla/5.0 (Linux; Android 5.0) AppleWebKit/537.36 (KHTML, like Gecko) Mobile Safari/537.36 (compatible; Bytespider; https://zhanzhang.toutiao.com/)"
117.92.155.184 - - [22/Jan/2026:09:12:52 +0800] "GET /doc/p1?_rsc=1ynaj HTTP/1.1" 308 22 "https://www.shudaxia.com/faq/version/p1.html" "Mozilla/5.0 (Linux; Android 5.0) AppleWebKit/537.36 (KHTML, like Gecko) Mobile Safari/537.36 (compatible; Bytespider; https://zhanzhang.toutiao.com/)"
117.92.155.173 - - [22/Jan/2026:09:12:52 +0800] "GET /faq/version/p1?_rsc=1ynaj HTTP/1.1" 308 31 "https://www.shudaxia.com/faq/version/p1.html" "Mozilla/5.0 (Linux; Android 5.0) AppleWebKit/537.36 (KHTML, like Gecko) Mobile Safari/537.36 (compatible; Bytespider; https://zhanzhang.toutiao.com/)"
117.92.155.198 - - [22/Jan/2026:09:12:52 +0800] "GET /news/p1?_rsc=1ynaj HTTP/1.1" 308 23 "https://www.shudaxia.com/faq/version/p1.html" "Mozilla/5.0 (Linux; Android 5.0) AppleWebKit/537.36 (KHTML, like Gecko) Mobile Safari/537.36 (compatible; Bytespider; https://zhanzhang.toutiao.com/)"
117.92.155.194 - - [22/Jan/2026:09:12:52 +0800] "GET /faq/p1?_rsc=1ynaj HTTP/1.1" 308 22 "https://www.shudaxia.com/faq/version/p1.html" "Mozilla/5.0 (Linux; Android 5.0) AppleWebKit/537.36 (KHTML, like Gecko) Mobile Safari/537.36 (compatible; Bytespider; https://zhanzhang.toutiao.com/)"
117.92.155.177 - - [22/Jan/2026:09:12:52 +0800] "GET /api/auth/session HTTP/1.1" 200 35 "https://www.shudaxia.com/faq/version/p1.html" "Mozilla/5.0 (Linux; Android 5.0) AppleWebKit/537.36 (KHTML, like Gecko) Mobile Safari/537.36 (compatible; Bytespider; https://zhanzhang.toutiao.com/)"
117.92.155.154 - - [22/Jan/2026:09:12:52 +0800] "GET /faq/troubleshooting/p1?_rsc=1ynaj HTTP/1.1" 308 39 "https://www.shudaxia.com/faq/version/p1.html" "Mozilla/5.0 (Linux; Android 5.0) AppleWebKit/537.36 (KHTML, like Gecko) Mobile Safari/537.36 (compatible; Bytespider; https://zhanzhang.toutiao.com/)"
117.92.155.173 - - [22/Jan/2026:09:12:52 +0800] "GET /faq/version/p1.html HTTP/1.1" 200 170 "https://www.shudaxia.com/faq/version/p1.html" "Mozilla/5.0 (Linux; Android 5.0) AppleWebKit/537.36 (KHTML, like Gecko) Mobile Safari/537.36 (compatible; Bytespider; https://zhanzhang.toutiao.com/)"
117.92.155.177 - - [22/Jan/2026:09:12:52 +0800] "GET /doc/p1.html HTTP/1.1" 200 168 "https://www.shudaxia.com/faq/version/p1.html" "Mozilla/5.0 (Linux; Android 5.0) AppleWebKit/537.36 (KHTML, like Gecko) Mobile Safari/537.36 (compatible; Bytespider; https://zhanzhang.toutiao.com/)"
117.92.155.179 - - [22/Jan/2026:09:12:52 +0800] "GET /news/p1.html HTTP/1.1" 200 168 "https://www.shudaxia.com/faq/version/p1.html" "Mozilla/5.0 (Linux; Android 5.0) AppleWebKit/537.36 (KHTML, like Gecko) Mobile Safari/537.36 (compatible; Bytespider; https://zhanzhang.toutiao.com/)"
117.92.155.156 - - [22/Jan/2026:09:12:52 +0800] "GET /faq/p1.html HTTP/1.1" 200 168 "https://www.shudaxia.com/faq/version/p1.html" "Mozilla/5.0 (Linux; Android 5.0) AppleWebKit/537.36 (KHTML, like Gecko) Mobile Safari/537.36 (compatible; Bytespider; https://zhanzhang.toutiao.com/)"
117.92.155.183 - - [22/Jan/2026:09:12:53 +0800] "GET /faq/troubleshooting/p1.html HTTP/1.1" 200 182 "https://www.shudaxia.com/faq/version/p1.html" "Mozilla/5.0 (Linux; Android 5.0) AppleWebKit/537.36 (KHTML, like Gecko) Mobile Safari/537.36 (compatible; Bytespider; https://zhanzhang.toutiao.com/)"
117.92.155.167 - - [22/Jan/2026:09:12:53 +0800] "GET /faq/usage/p1?_rsc=1ynaj HTTP/1.1" 308 29 "https://www.shudaxia.com/faq/version/p1.html" "Mozilla/5.0 (Linux; Android 5.0) AppleWebKit/537.36 (KHTML, like Gecko) Mobile Safari/537.36 (compatible; Bytespider; https://zhanzhang.toutiao.com/)"
117.92.155.182 - - [22/Jan/2026:09:12:53 +0800] "GET /faq/shudaxianew?_rsc=1ynaj HTTP/1.1" 308 32 "https://www.shudaxia.com/faq/version/p1.html" "Mozilla/5.0 (Linux; Android 5.0) AppleWebKit/537.36 (KHTML, like Gecko) Mobile Safari/537.36 (compatible; Bytespider; https://zhanzhang.toutiao.com/)"
117.92.155.172 - - [22/Jan/2026:09:12:53 +0800] "GET /faq/na-li-ke-yi-xia-zai-shudaxia?_rsc=1ynaj HTTP/1.1" 308 49 "https://www.shudaxia.com/faq/version/p1.html" "Mozilla/5.0 (Linux; Android 5.0) AppleWebKit/537.36 (KHTML, like Gecko) Mobile Safari/537.36 (compatible; Bytespider; https://zhanzhang.toutiao.com/)"
117.92.155.189 - - [22/Jan/2026:09:12:53 +0800] "GET /faq/shudaxia-android-app-faq?_rsc=1ynaj HTTP/1.1" 308 45 "https://www.shudaxia.com/faq/version/p1.html" "Mozilla/5.0 (Linux; Android 5.0) AppleWebKit/537.36 (KHTML, like Gecko) Mobile Safari/537.36 (compatible; Bytespider; https://zhanzhang.toutiao.com/)"
117.92.155.195 - - [22/Jan/2026:09:12:53 +0800] "GET /faq/usage/p1.html HTTP/1.1" 200 173 "https://www.shudaxia.com/faq/version/p1.html" "Mozilla/5.0 (Linux; Android 5.0) AppleWebKit/537.36 (KHTML, like Gecko) Mobile Safari/537.36 (compatible; Bytespider; https://zhanzhang.toutiao.com/)"
117.92.155.198 - - [22/Jan/2026:09:12:53 +0800] "GET /faq/shudaxianew.html HTTP/1.1" 200 175 "https://www.shudaxia.com/faq/version/p1.html" "Mozilla/5.0 (Linux; Android 5.0) AppleWebKit/537.36 (KHTML, like Gecko) Mobile Safari/537.36 (compatible; Bytespider; https://zhanzhang.toutiao.com/)"
117.92.155.151 - - [22/Jan/2026:09:12:53 +0800] "GET /faq/na-li-ke-yi-xia-zai-shudaxia.html HTTP/1.1" 200 188 "https://www.shudaxia.com/faq/version/p1.html" "Mozilla/5.0 (Linux; Android 5.0) AppleWebKit/537.36 (KHTML, like Gecko) Mobile Safari/537.36 (compatible; Bytespider; https://zhanzhang.toutiao.com/)"
117.92.155.150 - - [22/Jan/2026:09:12:53 +0800] "GET /faq/shudaxia-android-app-faq.html HTTP/1.1" 200 185 "https://www.shudaxia.com/faq/version/p1.html" "Mozilla/5.0 (Linux; Android 5.0) AppleWebKit/537.36 (KHTML, like Gecko) Mobile Safari/537.36 (compatible; Bytespider; https://zhanzhang.toutiao.com/)"
124.95.162.197 - - [22/Jan/2026:09:37:56 +0800] "GET /faq/zhaotu.html HTTP/1.1" 200 18188 "-" "Mozilla/5.0 (compatible; Baiduspider/2.0; +http://www.baidu.com/search/spider.html)"
124.95.162.139 - - [22/Jan/2026:09:37:56 +0800] "GET /faq/zhaotu.html HTTP/1.1" 200 18265 "-" "Mozilla/5.0 (Linux;u;Android 4.2.2;zh-cn;) AppleWebKit/534.46 (KHTML,like Gecko) Version/5.1 Mobile Safari/10600.6.3 (compatible; Baiduspider/2.0; +http://www.baidu.com/search/spider.html)"
111.6.230.203 - - [22/Jan/2026:09:37:58 +0800] "GET /api/auth/session HTTP/1.1" 200 35 "https://www.shudaxia.com/faq/zhaotu.html" "Mozilla/5.0 (compatible; Baiduspider-render/2.0; +http://www.baidu.com/search/spider.html)"
111.6.230.203 - - [22/Jan/2026:09:37:58 +0800] "GET /api/latest-version?platform=3 HTTP/1.1" 200 167 "https://www.shudaxia.com/faq/zhaotu.html" "Mozilla/5.0 (compatible; Baiduspider-render/2.0; +http://www.baidu.com/search/spider.html)"
111.6.230.209 - - [22/Jan/2026:09:37:58 +0800] "POST /api/articles/40/view HTTP/1.1" 200 2900 "https://www.shudaxia.com/faq/zhaotu.html" "Mozilla/5.0 (compatible; Baiduspider-render/2.0; +http://www.baidu.com/search/spider.html)"
111.6.230.203 - - [22/Jan/2026:09:37:58 +0800] "GET /api/latest-version?platform=3 HTTP/1.1" 200 167 "https://www.shudaxia.com/faq/zhaotu.html" "Mozilla/5.0 (compatible; Baiduspider-render/2.0; +http://www.baidu.com/search/spider.html)"
111.6.230.165 - - [22/Jan/2026:09:37:58 +0800] "GET /api/footer-links HTTP/1.1" 200 535 "https://www.shudaxia.com/faq/zhaotu.html" "Mozilla/5.0 (compatible; Baiduspider-render/2.0; +http://www.baidu.com/search/spider.html)"
111.6.230.164 - - [22/Jan/2026:09:37:58 +0800] "GET /api/latest-version?platform=2 HTTP/1.1" 200 152 "https://www.shudaxia.com/faq/zhaotu.html" "Mozilla/5.0 (compatible; Baiduspider-render/2.0; +http://www.baidu.com/search/spider.html)"
111.6.230.203 - - [22/Jan/2026:09:37:58 +0800] "GET /api/auth/session HTTP/1.1" 200 35 "https://www.shudaxia.com/faq/zhaotu.html" "Mozilla/5.0 (compatible; Baiduspider-render/2.0; +http://www.baidu.com/search/spider.html)"
111.6.230.164 - - [22/Jan/2026:09:37:58 +0800] "GET /api/latest-version?platform=2 HTTP/1.1" 200 152 "https://www.shudaxia.com/faq/zhaotu.html" "Mozilla/5.0 (compatible; Baiduspider-render/2.0; +http://www.baidu.com/search/spider.html)"
111.6.230.203 - - [22/Jan/2026:09:38:00 +0800] "GET /api/latest-version?platform=3 HTTP/1.1" 200 167 "https://www.shudaxia.com/faq/zhaotu.html" "Mozilla/5.0 (iPhone; CPU iPhone OS 9_1 like Mac OS X) AppleWebKit/601.1.46 (KHTML, like Gecko) Version/9.0 Mobile/13B143 Safari/601.1 (compatible; Baiduspider-render/2.0; +http://www.baidu.com/search/spider.html)"
111.6.230.203 - - [22/Jan/2026:09:38:00 +0800] "GET /api/auth/session HTTP/1.1" 200 35 "https://www.shudaxia.com/faq/zhaotu.html" "Mozilla/5.0 (iPhone; CPU iPhone OS 9_1 like Mac OS X) AppleWebKit/601.1.46 (KHTML, like Gecko) Version/9.0 Mobile/13B143 Safari/601.1 (compatible; Baiduspider-render/2.0; +http://www.baidu.com/search/spider.html)"
111.6.230.198 - - [22/Jan/2026:09:38:00 +0800] "POST /api/articles/40/view HTTP/1.1" 200 2901 "https://www.shudaxia.com/faq/zhaotu.html" "Mozilla/5.0 (iPhone; CPU iPhone OS 9_1 like Mac OS X) AppleWebKit/601.1.46 (KHTML, like Gecko) Version/9.0 Mobile/13B143 Safari/601.1 (compatible; Baiduspider-render/2.0; +http://www.baidu.com/search/spider.html)"
111.6.230.165 - - [22/Jan/2026:09:38:00 +0800] "GET /api/footer-links HTTP/1.1" 200 535 "https://www.shudaxia.com/faq/zhaotu.html" "Mozilla/5.0 (iPhone; CPU iPhone OS 9_1 like Mac OS X) AppleWebKit/601.1.46 (KHTML, like Gecko) Version/9.0 Mobile/13B143 Safari/601.1 (compatible; Baiduspider-render/2.0; +http://www.baidu.com/search/spider.html)"
111.6.230.164 - - [22/Jan/2026:09:38:00 +0800] "GET /api/latest-version?platform=2 HTTP/1.1" 200 152 "https://www.shudaxia.com/faq/zhaotu.html" "Mozilla/5.0 (iPhone; CPU iPhone OS 9_1 like Mac OS X) AppleWebKit/601.1.46 (KHTML, like Gecko) Version/9.0 Mobile/13B143 Safari/601.1 (compatible; Baiduspider-render/2.0; +http://www.baidu.com/search/spider.html)"
111.6.230.203 - - [22/Jan/2026:09:38:00 +0800] "GET /api/latest-version?platform=3 HTTP/1.1" 200 167 "https://www.shudaxia.com/faq/zhaotu.html" "Mozilla/5.0 (iPhone; CPU iPhone OS 9_1 like Mac OS X) AppleWebKit/601.1.46 (KHTML, like Gecko) Version/9.0 Mobile/13B143 Safari/601.1 (compatible; Baiduspider-render/2.0; +http://www.baidu.com/search/spider.html)"
111.6.230.203 - - [22/Jan/2026:09:38:00 +0800] "GET /api/auth/session HTTP/1.1" 200 35 "https://www.shudaxia.com/faq/zhaotu.html" "Mozilla/5.0 (iPhone; CPU iPhone OS 9_1 like Mac OS X) AppleWebKit/601.1.46 (KHTML, like Gecko) Version/9.0 Mobile/13B143 Safari/601.1 (compatible; Baiduspider-render/2.0; +http://www.baidu.com/search/spider.html)"
124.95.162.201 - - [22/Jan/2026:09:38:00 +0800] "GET /api/latest-version?platform=2 HTTP/1.1" 200 152 "https://www.shudaxia.com/faq/zhaotu.html" "Mozilla/5.0 (iPhone; CPU iPhone OS 9_1 like Mac OS X) AppleWebKit/601.1.46 (KHTML, like Gecko) Version/9.0 Mobile/13B143 Safari/601.1 (compatible; Baiduspider-render/2.0; +http://www.baidu.com/search/spider.html)"
111.6.230.170 - - [22/Jan/2026:09:38:10 +0800] "GET / HTTP/1.1" 200 23870 "-" "Mozilla/5.0 (compatible; Baiduspider/2.0; +http://www.baidu.com/search/spider.html)"
111.6.230.203 - - [22/Jan/2026:09:38:49 +0800] "GET /api/latest-version?platform=3 HTTP/1.1" 200 167 "https://www.shudaxia.com/" "Mozilla/5.0 (compatible; Baiduspider-render/2.0; +http://www.baidu.com/search/spider.html)"
111.6.230.165 - - [22/Jan/2026:09:38:49 +0800] "GET /api/footer-links HTTP/1.1" 200 535 "https://www.shudaxia.com/" "Mozilla/5.0 (compatible; Baiduspider-render/2.0; +http://www.baidu.com/search/spider.html)"
111.6.230.203 - - [22/Jan/2026:09:38:49 +0800] "GET /api/auth/session HTTP/1.1" 200 35 "https://www.shudaxia.com/" "Mozilla/5.0 (compatible; Baiduspider-render/2.0; +http://www.baidu.com/search/spider.html)"
124.95.162.167 - - [22/Jan/2026:09:38:49 +0800] "GET /api/latest-version?platform=2 HTTP/1.1" 200 152 "https://www.shudaxia.com/" "Mozilla/5.0 (compatible; Baiduspider-render/2.0; +http://www.baidu.com/search/spider.html)"
111.6.230.203 - - [22/Jan/2026:09:38:49 +0800] "GET /api/latest-version?platform=3 HTTP/1.1" 200 167 "https://www.shudaxia.com/" "Mozilla/5.0 (compatible; Baiduspider-render/2.0; +http://www.baidu.com/search/spider.html)"
111.6.230.203 - - [22/Jan/2026:09:38:49 +0800] "GET /api/latest-version?platform=3 HTTP/1.1" 200 167 "https://www.shudaxia.com/" "Mozilla/5.0 (compatible; Baiduspider-render/2.0; +http://www.baidu.com/search/spider.html)"
111.6.230.203 - - [22/Jan/2026:09:38:49 +0800] "GET /api/latest-version?platform=3 HTTP/1.1" 200 167 "https://www.shudaxia.com/" "Mozilla/5.0 (compatible; Baiduspider-render/2.0; +http://www.baidu.com/search/spider.html)"
124.95.162.167 - - [22/Jan/2026:09:38:50 +0800] "GET /api/latest-version?platform=2 HTTP/1.1" 200 152 "https://www.shudaxia.com/" "Mozilla/5.0 (compatible; Baiduspider-render/2.0; +http://www.baidu.com/search/spider.html)"
111.6.230.203 - - [22/Jan/2026:09:38:50 +0800] "GET /api/latest-version?platform=3 HTTP/1.1" 200 167 "https://www.shudaxia.com/" "Mozilla/5.0 (compatible; Baiduspider-render/2.0; +http://www.baidu.com/search/spider.html)"
111.6.230.203 - - [22/Jan/2026:09:38:50 +0800] "GET /api/auth/session HTTP/1.1" 200 35 "https://www.shudaxia.com/" "Mozilla/5.0 (compatible; Baiduspider-render/2.0; +http://www.baidu.com/search/spider.html)"
111.6.230.164 - - [22/Jan/2026:09:38:50 +0800] "GET /api/latest-version?platform=2 HTTP/1.1" 200 152 "https://www.shudaxia.com/" "Mozilla/5.0 (compatible; Baiduspider-render/2.0; +http://www.baidu.com/search/spider.html)"
111.6.230.164 - - [22/Jan/2026:09:38:50 +0800] "GET /api/latest-version?platform=2 HTTP/1.1" 200 152 "https://www.shudaxia.com/" "Mozilla/5.0 (compatible; Baiduspider-render/2.0; +http://www.baidu.com/search/spider.html)"
117.92.155.156 - - [22/Jan/2026:09:40:03 +0800] "GET /news/tutorial/p1 HTTP/1.1" 308 33 "-" "Sogou web spider/4.0(+http://www.sogou.com/docs/help/webmasters.htm#07)"
117.92.155.159 - - [22/Jan/2026:09:40:03 +0800] "GET /news/tutorial/p1.html HTTP/1.1" 200 36239 "-" "Sogou web spider/4.0(+http://www.sogou.com/docs/help/webmasters.htm#07)"
111.6.230.164 - - [22/Jan/2026:09:45:10 +0800] "GET /api/latest-version?platform=2 HTTP/1.1" 200 152 "https://www.shudaxia.com/cpstest.html" "Mozilla/5.0 (compatible; Baiduspider-render/2.0; +http://www.baidu.com/search/spider.html)"
111.6.230.165 - - [22/Jan/2026:09:45:10 +0800] "GET /api/footer-links HTTP/1.1" 200 535 "https://www.shudaxia.com/cpstest.html" "Mozilla/5.0 (compatible; Baiduspider-render/2.0; +http://www.baidu.com/search/spider.html)"
111.6.230.203 - - [22/Jan/2026:09:45:10 +0800] "GET /api/latest-version?platform=3 HTTP/1.1" 200 167 "https://www.shudaxia.com/cpstest.html" "Mozilla/5.0 (compatible; Baiduspider-render/2.0; +http://www.baidu.com/search/spider.html)"
111.6.230.203 - - [22/Jan/2026:09:45:10 +0800] "GET /api/auth/session HTTP/1.1" 200 35 "https://www.shudaxia.com/cpstest.html" "Mozilla/5.0 (compatible; Baiduspider-render/2.0; +http://www.baidu.com/search/spider.html)"
111.6.230.164 - - [22/Jan/2026:09:45:10 +0800] "GET /api/latest-version?platform=2 HTTP/1.1" 200 152 "https://www.shudaxia.com/cpstest.html" "Mozilla/5.0 (compatible; Baiduspider-render/2.0; +http://www.baidu.com/search/spider.html)"
111.6.230.203 - - [22/Jan/2026:09:45:10 +0800] "GET /api/latest-version?platform=3 HTTP/1.1" 200 167 "https://www.shudaxia.com/cpstest.html" "Mozilla/5.0 (compatible; Baiduspider-render/2.0; +http://www.baidu.com/search/spider.html)"
111.6.230.203 - - [22/Jan/2026:09:45:10 +0800] "GET /api/auth/session HTTP/1.1" 200 35 "https://www.shudaxia.com/cpstest.html" "Mozilla/5.0 (compatible; Baiduspider-render/2.0; +http://www.baidu.com/search/spider.html)"
117.92.155.163 - - [22/Jan/2026:09:49:02 +0800] "GET /faq/zhaotu.html HTTP/1.1" 200 18324 "-" "Mozilla/5.0 (iPhone; CPU iPhone OS 10_3 like Mac OS X) AppleWebKit/602.1.50 (KHTML, like Gecko) CriOS/56.0.2924.75 Mobile/14E5239e YisouSpider/5.0 Safari/602.1"
117.92.155.198 - - [22/Jan/2026:09:49:02 +0800] "GET /faq/shudaxianew.html HTTP/1.1" 200 15359 "-" "Mozilla/5.0 (iPhone; CPU iPhone OS 10_3 like Mac OS X) AppleWebKit/602.1.50 (KHTML, like Gecko) CriOS/56.0.2924.75 Mobile/14E5239e YisouSpider/5.0 Safari/602.1"
117.92.155.195 - - [22/Jan/2026:09:49:02 +0800] "GET /faq/shudaxia-zen-me-she-zhi-cao-zuo.html HTTP/1.1" 200 14090 "-" "Mozilla/5.0 (iPhone; CPU iPhone OS 10_3 like Mac OS X) AppleWebKit/602.1.50 (KHTML, like Gecko) CriOS/56.0.2924.75 Mobile/14E5239e YisouSpider/5.0 Safari/602.1"
117.92.155.177 - - [22/Jan/2026:09:49:03 +0800] "GET /api/auth/session HTTP/1.1" 200 35 "https://www.shudaxia.com/faq/zhaotu.html" "Mozilla/5.0 (iPhone; CPU iPhone OS 10_3 like Mac OS X) AppleWebKit/602.1.50 (KHTML, like Gecko) CriOS/56.0.2924.75 Mobile/14E5239e YisouSpider/5.0 Safari/602.1"
36.156.89.161 - - [22/Jan/2026:09:49:03 +0800] "GET /api/footer-links HTTP/1.1" 200 535 "https://www.shudaxia.com/faq/zhaotu.html" "Mozilla/5.0 (iPhone; CPU iPhone OS 10_3 like Mac OS X) AppleWebKit/602.1.50 (KHTML, like Gecko) CriOS/56.0.2924.75 Mobile/14E5239e YisouSpider/5.0 Safari/602.1"
117.92.155.171 - - [22/Jan/2026:09:49:03 +0800] "GET /api/latest-version?platform=2 HTTP/1.1" 200 152 "https://www.shudaxia.com/faq/zhaotu.html" "Mozilla/5.0 (iPhone; CPU iPhone OS 10_3 like Mac OS X) AppleWebKit/602.1.50 (KHTML, like Gecko) CriOS/56.0.2924.75 Mobile/14E5239e YisouSpider/5.0 Safari/602.1"
117.92.155.178 - - [22/Jan/2026:09:49:03 +0800] "GET /faq/p1?_rsc=1o4lc HTTP/1.1" 308 22 "https://www.shudaxia.com/faq/zhaotu.html" "Mozilla/5.0 (iPhone; CPU iPhone OS 10_3 like Mac OS X) AppleWebKit/602.1.50 (KHTML, like Gecko) CriOS/56.0.2924.75 Mobile/14E5239e YisouSpider/5.0 Safari/602.1"
117.92.155.195 - - [22/Jan/2026:09:49:03 +0800] "POST /api/articles/40/view HTTP/1.1" 200 2901 "https://www.shudaxia.com/faq/zhaotu.html" "Mozilla/5.0 (iPhone; CPU iPhone OS 10_3 like Mac OS X) AppleWebKit/602.1.50 (KHTML, like Gecko) CriOS/56.0.2924.75 Mobile/14E5239e YisouSpider/5.0 Safari/602.1"
117.92.155.190 - - [22/Jan/2026:09:49:03 +0800] "GET /faq?_rsc=1o4lc HTTP/1.1" 308 19 "https://www.shudaxia.com/faq/zhaotu.html" "Mozilla/5.0 (iPhone; CPU iPhone OS 10_3 like Mac OS X) AppleWebKit/602.1.50 (KHTML, like Gecko) CriOS/56.0.2924.75 Mobile/14E5239e YisouSpider/5.0 Safari/602.1"
117.92.155.171 - - [22/Jan/2026:09:49:03 +0800] "GET /api/latest-version?platform=3 HTTP/1.1" 200 167 "https://www.shudaxia.com/faq/zhaotu.html" "Mozilla/5.0 (iPhone; CPU iPhone OS 10_3 like Mac OS X) AppleWebKit/602.1.50 (KHTML, like Gecko) CriOS/56.0.2924.75 Mobile/14E5239e YisouSpider/5.0 Safari/602.1"
117.92.155.155 - - [22/Jan/2026:09:49:03 +0800] "GET /doc/p1?_rsc=1o4lc HTTP/1.1" 308 22 "https://www.shudaxia.com/faq/zhaotu.html" "Mozilla/5.0 (iPhone; CPU iPhone OS 10_3 like Mac OS X) AppleWebKit/602.1.50 (KHTML, like Gecko) CriOS/56.0.2924.75 Mobile/14E5239e YisouSpider/5.0 Safari/602.1"
117.92.155.168 - - [22/Jan/2026:09:49:03 +0800] "GET /news/p1?_rsc=1o4lc HTTP/1.1" 308 23 "https://www.shudaxia.com/faq/zhaotu.html" "Mozilla/5.0 (iPhone; CPU iPhone OS 10_3 like Mac OS X) AppleWebKit/602.1.50 (KHTML, like Gecko) CriOS/56.0.2924.75 Mobile/14E5239e YisouSpider/5.0 Safari/602.1"
117.92.155.171 - - [22/Jan/2026:09:49:03 +0800] "GET /api/latest-version?platform=2 HTTP/1.1" 200 152 "https://www.shudaxia.com/faq/zhaotu.html" "Mozilla/5.0 (iPhone; CPU iPhone OS 10_3 like Mac OS X) AppleWebKit/602.1.50 (KHTML, like Gecko) CriOS/56.0.2924.75 Mobile/14E5239e YisouSpider/5.0 Safari/602.1"
117.92.155.171 - - [22/Jan/2026:09:49:03 +0800] "GET /api/latest-version?platform=3 HTTP/1.1" 200 167 "https://www.shudaxia.com/faq/zhaotu.html" "Mozilla/5.0 (iPhone; CPU iPhone OS 10_3 like Mac OS X) AppleWebKit/602.1.50 (KHTML, like Gecko) CriOS/56.0.2924.75 Mobile/14E5239e YisouSpider/5.0 Safari/602.1"
117.92.155.192 - - [22/Jan/2026:09:49:04 +0800] "GET /?_rsc=1o4lc HTTP/1.1" 200 144 "https://www.shudaxia.com/faq/zhaotu.html" "Mozilla/5.0 (iPhone; CPU iPhone OS 10_3 like Mac OS X) AppleWebKit/602.1.50 (KHTML, like Gecko) CriOS/56.0.2924.75 Mobile/14E5239e YisouSpider/5.0 Safari/602.1"
117.92.155.177 - - [22/Jan/2026:09:49:04 +0800] "GET /api/auth/session HTTP/1.1" 200 35 "https://www.shudaxia.com/faq/zhaotu.html" "Mozilla/5.0 (iPhone; CPU iPhone OS 10_3 like Mac OS X) AppleWebKit/602.1.50 (KHTML, like Gecko) CriOS/56.0.2924.75 Mobile/14E5239e YisouSpider/5.0 Safari/602.1"
36.156.89.156 - - [22/Jan/2026:09:49:04 +0800] "GET /faq/p1.html HTTP/1.1" 200 168 "https://www.shudaxia.com/faq/zhaotu.html" "Mozilla/5.0 (iPhone; CPU iPhone OS 10_3 like Mac OS X) AppleWebKit/602.1.50 (KHTML, like Gecko) CriOS/56.0.2924.75 Mobile/14E5239e YisouSpider/5.0 Safari/602.1"
117.92.155.179 - - [22/Jan/2026:09:49:04 +0800] "GET /faq.html HTTP/1.1" 200 165 "https://www.shudaxia.com/faq/zhaotu.html" "Mozilla/5.0 (iPhone; CPU iPhone OS 10_3 like Mac OS X) AppleWebKit/602.1.50 (KHTML, like Gecko) CriOS/56.0.2924.75 Mobile/14E5239e YisouSpider/5.0 Safari/602.1"
117.92.155.177 - - [22/Jan/2026:09:49:04 +0800] "GET /doc/p1.html HTTP/1.1" 200 168 "https://www.shudaxia.com/faq/zhaotu.html" "Mozilla/5.0 (iPhone; CPU iPhone OS 10_3 like Mac OS X) AppleWebKit/602.1.50 (KHTML, like Gecko) CriOS/56.0.2924.75 Mobile/14E5239e YisouSpider/5.0 Safari/602.1"
117.92.155.179 - - [22/Jan/2026:09:49:04 +0800] "GET /news/p1.html HTTP/1.1" 200 168 "https://www.shudaxia.com/faq/zhaotu.html" "Mozilla/5.0 (iPhone; CPU iPhone OS 10_3 like Mac OS X) AppleWebKit/602.1.50 (KHTML, like Gecko) CriOS/56.0.2924.75 Mobile/14E5239e YisouSpider/5.0 Safari/602.1"
117.92.155.171 - - [22/Jan/2026:09:49:04 +0800] "GET /api/latest-version?platform=2 HTTP/1.1" 200 152 "https://www.shudaxia.com/faq/shudaxia-zen-me-she-zhi-cao-zuo.html" "Mozilla/5.0 (iPhone; CPU iPhone OS 10_3 like Mac OS X) AppleWebKit/602.1.50 (KHTML, like Gecko) CriOS/56.0.2924.75 Mobile/14E5239e YisouSpider/5.0 Safari/602.1"
117.92.155.171 - - [22/Jan/2026:09:49:04 +0800] "GET /api/latest-version?platform=3 HTTP/1.1" 200 167 "https://www.shudaxia.com/faq/shudaxia-zen-me-she-zhi-cao-zuo.html" "Mozilla/5.0 (iPhone; CPU iPhone OS 10_3 like Mac OS X) AppleWebKit/602.1.50 (KHTML, like Gecko) CriOS/56.0.2924.75 Mobile/14E5239e YisouSpider/5.0 Safari/602.1"
117.92.155.169 - - [22/Jan/2026:09:49:04 +0800] "POST /api/articles/2/view HTTP/1.1" 200 1032 "https://www.shudaxia.com/faq/shudaxia-zen-me-she-zhi-cao-zuo.html" "Mozilla/5.0 (iPhone; CPU iPhone OS 10_3 like Mac OS X) AppleWebKit/602.1.50 (KHTML, like Gecko) CriOS/56.0.2924.75 Mobile/14E5239e YisouSpider/5.0 Safari/602.1"
117.92.155.177 - - [22/Jan/2026:09:49:04 +0800] "GET /api/auth/session HTTP/1.1" 200 35 "https://www.shudaxia.com/faq/shudaxia-zen-me-she-zhi-cao-zuo.html" "Mozilla/5.0 (iPhone; CPU iPhone OS 10_3 like Mac OS X) AppleWebKit/602.1.50 (KHTML, like Gecko) CriOS/56.0.2924.75 Mobile/14E5239e YisouSpider/5.0 Safari/602.1"
117.92.155.168 - - [22/Jan/2026:09:49:04 +0800] "GET /doc/p1?_rsc=1dt1n HTTP/1.1" 308 22 "https://www.shudaxia.com/faq/shudaxia-zen-me-she-zhi-cao-zuo.html" "Mozilla/5.0 (iPhone; CPU iPhone OS 10_3 like Mac OS X) AppleWebKit/602.1.50 (KHTML, like Gecko) CriOS/56.0.2924.75 Mobile/14E5239e YisouSpider/5.0 Safari/602.1"
117.92.155.188 - - [22/Jan/2026:09:49:04 +0800] "GET /faq?_rsc=1dt1n HTTP/1.1" 308 19 "https://www.shudaxia.com/faq/shudaxia-zen-me-she-zhi-cao-zuo.html" "Mozilla/5.0 (iPhone; CPU iPhone OS 10_3 like Mac OS X) AppleWebKit/602.1.50 (KHTML, like Gecko) CriOS/56.0.2924.75 Mobile/14E5239e YisouSpider/5.0 Safari/602.1"
117.92.155.177 - - [22/Jan/2026:09:49:04 +0800] "GET /news/p1?_rsc=1dt1n HTTP/1.1" 308 23 "https://www.shudaxia.com/faq/shudaxia-zen-me-she-zhi-cao-zuo.html" "Mozilla/5.0 (iPhone; CPU iPhone OS 10_3 like Mac OS X) AppleWebKit/602.1.50 (KHTML, like Gecko) CriOS/56.0.2924.75 Mobile/14E5239e YisouSpider/5.0 Safari/602.1"
117.92.155.155 - - [22/Jan/2026:09:49:04 +0800] "GET /faq/p1?_rsc=1dt1n HTTP/1.1" 308 22 "https://www.shudaxia.com/faq/shudaxia-zen-me-she-zhi-cao-zuo.html" "Mozilla/5.0 (iPhone; CPU iPhone OS 10_3 like Mac OS X) AppleWebKit/602.1.50 (KHTML, like Gecko) CriOS/56.0.2924.75 Mobile/14E5239e YisouSpider/5.0 Safari/602.1"
117.92.155.171 - - [22/Jan/2026:09:49:04 +0800] "GET /api/latest-version?platform=2 HTTP/1.1" 200 152 "https://www.shudaxia.com/faq/shudaxia-zen-me-she-zhi-cao-zuo.html" "Mozilla/5.0 (iPhone; CPU iPhone OS 10_3 like Mac OS X) AppleWebKit/602.1.50 (KHTML, like Gecko) CriOS/56.0.2924.75 Mobile/14E5239e YisouSpider/5.0 Safari/602.1"
117.92.155.185 - - [22/Jan/2026:09:49:04 +0800] "GET /?_rsc=1dt1n HTTP/1.1" 200 144 "https://www.shudaxia.com/faq/shudaxia-zen-me-she-zhi-cao-zuo.html" "Mozilla/5.0 (iPhone; CPU iPhone OS 10_3 like Mac OS X) AppleWebKit/602.1.50 (KHTML, like Gecko) CriOS/56.0.2924.75 Mobile/14E5239e YisouSpider/5.0 Safari/602.1"
117.92.155.171 - - [22/Jan/2026:09:49:04 +0800] "GET /api/latest-version?platform=3 HTTP/1.1" 200 167 "https://www.shudaxia.com/faq/shudaxia-zen-me-she-zhi-cao-zuo.html" "Mozilla/5.0 (iPhone; CPU iPhone OS 10_3 like Mac OS X) AppleWebKit/602.1.50 (KHTML, like Gecko) CriOS/56.0.2924.75 Mobile/14E5239e YisouSpider/5.0 Safari/602.1"
36.156.89.161 - - [22/Jan/2026:09:49:04 +0800] "GET /api/footer-links HTTP/1.1" 200 535 "https://www.shudaxia.com/faq/shudaxia-zen-me-she-zhi-cao-zuo.html" "Mozilla/5.0 (iPhone; CPU iPhone OS 10_3 like Mac OS X) AppleWebKit/602.1.50 (KHTML, like Gecko) CriOS/56.0.2924.75 Mobile/14E5239e YisouSpider/5.0 Safari/602.1"
117.92.155.179 - - [22/Jan/2026:09:49:05 +0800] "GET /news/p1.html HTTP/1.1" 200 168 "https://www.shudaxia.com/faq/shudaxia-zen-me-she-zhi-cao-zuo.html" "Mozilla/5.0 (iPhone; CPU iPhone OS 10_3 like Mac OS X) AppleWebKit/602.1.50 (KHTML, like Gecko) CriOS/56.0.2924.75 Mobile/14E5239e YisouSpider/5.0 Safari/602.1"
36.156.89.156 - - [22/Jan/2026:09:49:05 +0800] "GET /faq/p1.html HTTP/1.1" 200 168 "https://www.shudaxia.com/faq/shudaxia-zen-me-she-zhi-cao-zuo.html" "Mozilla/5.0 (iPhone; CPU iPhone OS 10_3 like Mac OS X) AppleWebKit/602.1.50 (KHTML, like Gecko) CriOS/56.0.2924.75 Mobile/14E5239e YisouSpider/5.0 Safari/602.1"
117.92.155.177 - - [22/Jan/2026:09:49:05 +0800] "GET /doc/p1.html HTTP/1.1" 200 168 "https://www.shudaxia.com/faq/shudaxia-zen-me-she-zhi-cao-zuo.html" "Mozilla/5.0 (iPhone; CPU iPhone OS 10_3 like Mac OS X) AppleWebKit/602.1.50 (KHTML, like Gecko) CriOS/56.0.2924.75 Mobile/14E5239e YisouSpider/5.0 Safari/602.1"
117.92.155.179 - - [22/Jan/2026:09:49:05 +0800] "GET /faq.html HTTP/1.1" 200 165 "https://www.shudaxia.com/faq/shudaxia-zen-me-she-zhi-cao-zuo.html" "Mozilla/5.0 (iPhone; CPU iPhone OS 10_3 like Mac OS X) AppleWebKit/602.1.50 (KHTML, like Gecko) CriOS/56.0.2924.75 Mobile/14E5239e YisouSpider/5.0 Safari/602.1"
117.92.155.177 - - [22/Jan/2026:09:49:05 +0800] "GET /api/auth/session HTTP/1.1" 200 35 "https://www.shudaxia.com/faq/shudaxia-zen-me-she-zhi-cao-zuo.html" "Mozilla/5.0 (iPhone; CPU iPhone OS 10_3 like Mac OS X) AppleWebKit/602.1.50 (KHTML, like Gecko) CriOS/56.0.2924.75 Mobile/14E5239e YisouSpider/5.0 Safari/602.1"
117.92.155.171 - - [22/Jan/2026:09:49:06 +0800] "GET /api/latest-version?platform=3 HTTP/1.1" 200 167 "https://www.shudaxia.com/faq/shudaxianew.html" "Mozilla/5.0 (iPhone; CPU iPhone OS 10_3 like Mac OS X) AppleWebKit/602.1.50 (KHTML, like Gecko) CriOS/56.0.2924.75 Mobile/14E5239e YisouSpider/5.0 Safari/602.1"
117.92.155.187 - - [22/Jan/2026:09:49:06 +0800] "GET /?_rsc=2q6zt HTTP/1.1" 200 144 "https://www.shudaxia.com/faq/shudaxianew.html" "Mozilla/5.0 (iPhone; CPU iPhone OS 10_3 like Mac OS X) AppleWebKit/602.1.50 (KHTML, like Gecko) CriOS/56.0.2924.75 Mobile/14E5239e YisouSpider/5.0 Safari/602.1"
117.92.155.190 - - [22/Jan/2026:09:49:06 +0800] "POST /api/articles/39/view HTTP/1.1" 200 1601 "https://www.shudaxia.com/faq/shudaxianew.html" "Mozilla/5.0 (iPhone; CPU iPhone OS 10_3 like Mac OS X) AppleWebKit/602.1.50 (KHTML, like Gecko) CriOS/56.0.2924.75 Mobile/14E5239e YisouSpider/5.0 Safari/602.1"
36.156.89.161 - - [22/Jan/2026:09:49:06 +0800] "GET /api/footer-links HTTP/1.1" 200 535 "https://www.shudaxia.com/faq/shudaxianew.html" "Mozilla/5.0 (iPhone; CPU iPhone OS 10_3 like Mac OS X) AppleWebKit/602.1.50 (KHTML, like Gecko) CriOS/56.0.2924.75 Mobile/14E5239e YisouSpider/5.0 Safari/602.1"
117.92.155.171 - - [22/Jan/2026:09:49:06 +0800] "GET /api/latest-version?platform=2 HTTP/1.1" 200 152 "https://www.shudaxia.com/faq/shudaxianew.html" "Mozilla/5.0 (iPhone; CPU iPhone OS 10_3 like Mac OS X) AppleWebKit/602.1.50 (KHTML, like Gecko) CriOS/56.0.2924.75 Mobile/14E5239e YisouSpider/5.0 Safari/602.1"
117.92.155.159 - - [22/Jan/2026:09:49:06 +0800] "GET /doc/p1?_rsc=2q6zt HTTP/1.1" 308 22 "https://www.shudaxia.com/faq/shudaxianew.html" "Mozilla/5.0 (iPhone; CPU iPhone OS 10_3 like Mac OS X) AppleWebKit/602.1.50 (KHTML, like Gecko) CriOS/56.0.2924.75 Mobile/14E5239e YisouSpider/5.0 Safari/602.1"
117.92.155.151 - - [22/Jan/2026:09:49:06 +0800] "GET /faq?_rsc=2q6zt HTTP/1.1" 308 19 "https://www.shudaxia.com/faq/shudaxianew.html" "Mozilla/5.0 (iPhone; CPU iPhone OS 10_3 like Mac OS X) AppleWebKit/602.1.50 (KHTML, like Gecko) CriOS/56.0.2924.75 Mobile/14E5239e YisouSpider/5.0 Safari/602.1"
117.92.155.165 - - [22/Jan/2026:09:49:06 +0800] "GET /faq/p1?_rsc=2q6zt HTTP/1.1" 308 22 "https://www.shudaxia.com/faq/shudaxianew.html" "Mozilla/5.0 (iPhone; CPU iPhone OS 10_3 like Mac OS X) AppleWebKit/602.1.50 (KHTML, like Gecko) CriOS/56.0.2924.75 Mobile/14E5239e YisouSpider/5.0 Safari/602.1"
117.92.155.177 - - [22/Jan/2026:09:49:06 +0800] "GET /api/auth/session HTTP/1.1" 200 35 "https://www.shudaxia.com/faq/shudaxianew.html" "Mozilla/5.0 (iPhone; CPU iPhone OS 10_3 like Mac OS X) AppleWebKit/602.1.50 (KHTML, like Gecko) CriOS/56.0.2924.75 Mobile/14E5239e YisouSpider/5.0 Safari/602.1"
117.92.155.193 - - [22/Jan/2026:09:49:06 +0800] "GET /news/p1?_rsc=2q6zt HTTP/1.1" 308 23 "https://www.shudaxia.com/faq/shudaxianew.html" "Mozilla/5.0 (iPhone; CPU iPhone OS 10_3 like Mac OS X) AppleWebKit/602.1.50 (KHTML, like Gecko) CriOS/56.0.2924.75 Mobile/14E5239e YisouSpider/5.0 Safari/602.1"
117.92.155.171 - - [22/Jan/2026:09:49:06 +0800] "GET /api/latest-version?platform=3 HTTP/1.1" 200 167 "https://www.shudaxia.com/faq/shudaxianew.html" "Mozilla/5.0 (iPhone; CPU iPhone OS 10_3 like Mac OS X) AppleWebKit/602.1.50 (KHTML, like Gecko) CriOS/56.0.2924.75 Mobile/14E5239e YisouSpider/5.0 Safari/602.1"
117.92.155.171 - - [22/Jan/2026:09:49:06 +0800] "GET /api/latest-version?platform=2 HTTP/1.1" 200 152 "https://www.shudaxia.com/faq/shudaxianew.html" "Mozilla/5.0 (iPhone; CPU iPhone OS 10_3 like Mac OS X) AppleWebKit/602.1.50 (KHTML, like Gecko) CriOS/56.0.2924.75 Mobile/14E5239e YisouSpider/5.0 Safari/602.1"
117.92.155.177 - - [22/Jan/2026:09:49:06 +0800] "GET /doc/p1.html HTTP/1.1" 200 168 "https://www.shudaxia.com/faq/shudaxianew.html" "Mozilla/5.0 (iPhone; CPU iPhone OS 10_3 like Mac OS X) AppleWebKit/602.1.50 (KHTML, like Gecko) CriOS/56.0.2924.75 Mobile/14E5239e YisouSpider/5.0 Safari/602.1"
117.92.155.179 - - [22/Jan/2026:09:49:06 +0800] "GET /faq.html HTTP/1.1" 200 165 "https://www.shudaxia.com/faq/shudaxianew.html" "Mozilla/5.0 (iPhone; CPU iPhone OS 10_3 like Mac OS X) AppleWebKit/602.1.50 (KHTML, like Gecko) CriOS/56.0.2924.75 Mobile/14E5239e YisouSpider/5.0 Safari/602.1"
117.92.155.177 - - [22/Jan/2026:09:49:06 +0800] "GET /api/auth/session HTTP/1.1" 200 35 "https://www.shudaxia.com/faq/shudaxianew.html" "Mozilla/5.0 (iPhone; CPU iPhone OS 10_3 like Mac OS X) AppleWebKit/602.1.50 (KHTML, like Gecko) CriOS/56.0.2924.75 Mobile/14E5239e YisouSpider/5.0 Safari/602.1"
117.92.155.179 - - [22/Jan/2026:09:49:06 +0800] "GET /news/p1.html HTTP/1.1" 200 168 "https://www.shudaxia.com/faq/shudaxianew.html" "Mozilla/5.0 (iPhone; CPU iPhone OS 10_3 like Mac OS X) AppleWebKit/602.1.50 (KHTML, like Gecko) CriOS/56.0.2924.75 Mobile/14E5239e YisouSpider/5.0 Safari/602.1"
36.156.89.156 - - [22/Jan/2026:09:49:06 +0800] "GET /faq/p1.html HTTP/1.1" 200 168 "https://www.shudaxia.com/faq/shudaxianew.html" "Mozilla/5.0 (iPhone; CPU iPhone OS 10_3 like Mac OS X) AppleWebKit/602.1.50 (KHTML, like Gecko) CriOS/56.0.2924.75 Mobile/14E5239e YisouSpider/5.0 Safari/602.1"
117.92.155.151 - - [22/Jan/2026:09:49:07 +0800] "GET /faq/na-li-ke-yi-xia-zai-shudaxia.html HTTP/1.1" 200 14550 "-" "Mozilla/5.0 (iPhone; CPU iPhone OS 10_3 like Mac OS X) AppleWebKit/602.1.50 (KHTML, like Gecko) CriOS/56.0.2924.75 Mobile/14E5239e YisouSpider/5.0 Safari/602.1"
117.92.155.155 - - [22/Jan/2026:09:49:07 +0800] "GET /faq/change-startup-hotkey.html HTTP/1.1" 200 13311 "-" "Mozilla/5.0 (iPhone; CPU iPhone OS 10_3 like Mac OS X) AppleWebKit/602.1.50 (KHTML, like Gecko) CriOS/56.0.2924.75 Mobile/14E5239e YisouSpider/5.0 Safari/602.1"
117.92.155.156 - - [22/Jan/2026:09:49:07 +0800] "GET /faq/houtaidianji.html HTTP/1.1" 200 15003 "-" "Mozilla/5.0 (iPhone; CPU iPhone OS 10_3 like Mac OS X) AppleWebKit/602.1.50 (KHTML, like Gecko) CriOS/56.0.2924.75 Mobile/14E5239e YisouSpider/5.0 Safari/602.1"
117.92.155.154 - - [22/Jan/2026:09:49:07 +0800] "GET /faq/shezhi-shubiao-liandianqi-xunhuan-dianji.html HTTP/1.1" 200 16325 "-" "Mozilla/5.0 (iPhone; CPU iPhone OS 10_3 like Mac OS X) AppleWebKit/602.1.50 (KHTML, like Gecko) CriOS/56.0.2924.75 Mobile/14E5239e YisouSpider/5.0 Safari/602.1"
117.92.155.151 - - [22/Jan/2026:09:49:07 +0800] "GET /faq/kuai-su-dian-ji-qi.html HTTP/1.1" 200 15538 "-" "Mozilla/5.0 (iPhone; CPU iPhone OS 10_3 like Mac OS X) AppleWebKit/602.1.50 (KHTML, like Gecko) CriOS/56.0.2924.75 Mobile/14E5239e YisouSpider/5.0 Safari/602.1"
117.92.155.150 - - [22/Jan/2026:09:49:07 +0800] "GET /faq/shudaxia-android-app-faq.html HTTP/1.1" 200 14233 "-" "Mozilla/5.0 (iPhone; CPU iPhone OS 10_3 like Mac OS X) AppleWebKit/602.1.50 (KHTML, like Gecko) CriOS/56.0.2924.75 Mobile/14E5239e YisouSpider/5.0 Safari/602.1"
117.92.155.149 - - [22/Jan/2026:09:49:07 +0800] "GET /faq/shudaxia-she-zhi-liao-mei-fan-ying.html HTTP/1.1" 200 14439 "-" "Mozilla/5.0 (iPhone; CPU iPhone OS 10_3 like Mac OS X) AppleWebKit/602.1.50 (KHTML, like Gecko) CriOS/56.0.2924.75 Mobile/14E5239e YisouSpider/5.0 Safari/602.1"
36.156.89.156 - - [22/Jan/2026:09:49:07 +0800] "GET /faq/p1.html HTTP/1.1" 200 26942 "-" "Mozilla/5.0 (iPhone; CPU iPhone OS 10_3 like Mac OS X) AppleWebKit/602.1.50 (KHTML, like Gecko) CriOS/56.0.2924.75 Mobile/14E5239e YisouSpider/5.0 Safari/602.1"
117.92.155.163 - - [22/Jan/2026:09:49:07 +0800] "GET /faq/luping.html HTTP/1.1" 200 13612 "-" "Mozilla/5.0 (iPhone; CPU iPhone OS 10_3 like Mac OS X) AppleWebKit/602.1.50 (KHTML, like Gecko) CriOS/56.0.2924.75 Mobile/14E5239e YisouSpider/5.0 Safari/602.1"
117.92.155.149 - - [22/Jan/2026:09:49:07 +0800] "GET /faq/shudaxia-she-zhi-liao-mei-fan-ying.html HTTP/1.1" 200 14245 "-" "Mozilla/5.0 (iPhone; CPU iPhone OS 10_3 like Mac OS X) AppleWebKit/602.1.50 (KHTML, like Gecko) CriOS/56.0.2924.75 Mobile/14E5239e YisouSpider/5.0 Safari/602.1"
36.156.89.156 - - [22/Jan/2026:09:49:07 +0800] "GET /faq/p1.html HTTP/1.1" 200 26977 "-" "Mozilla/5.0 (iPhone; CPU iPhone OS 10_3 like Mac OS X) AppleWebKit/602.1.50 (KHTML, like Gecko) CriOS/56.0.2924.75 Mobile/14E5239e YisouSpider/5.0 Safari/602.1"
117.92.155.165 - - [22/Jan/2026:09:49:07 +0800] "GET /faq/p2.html HTTP/1.1" 200 18755 "-" "Mozilla/5.0 (iPhone; CPU iPhone OS 10_3 like Mac OS X) AppleWebKit/602.1.50 (KHTML, like Gecko) CriOS/56.0.2924.75 Mobile/14E5239e YisouSpider/5.0 Safari/602.1"
117.92.155.150 - - [22/Jan/2026:09:49:07 +0800] "GET /faq/the-fastest-setting.html HTTP/1.1" 200 13619 "-" "Mozilla/5.0 (iPhone; CPU iPhone OS 10_3 like Mac OS X) AppleWebKit/602.1.50 (KHTML, like Gecko) CriOS/56.0.2924.75 Mobile/14E5239e YisouSpider/5.0 Safari/602.1"
36.156.89.146 - - [22/Jan/2026:09:49:07 +0800] "GET /faq/shubiaohong.html HTTP/1.1" 200 14875 "-" "Mozilla/5.0 (iPhone; CPU iPhone OS 10_3 like Mac OS X) AppleWebKit/602.1.50 (KHTML, like Gecko) CriOS/56.0.2924.75 Mobile/14E5239e YisouSpider/5.0 Safari/602.1"
36.156.89.164 - - [22/Jan/2026:09:49:07 +0800] "GET /faq/shu-biao-lian-dian-qi-zui-xin-wen-ti-hui-zong.html HTTP/1.1" 200 14691 "-" "Mozilla/5.0 (iPhone; CPU iPhone OS 10_3 like Mac OS X) AppleWebKit/602.1.50 (KHTML, like Gecko) CriOS/56.0.2924.75 Mobile/14E5239e YisouSpider/5.0 Safari/602.1"
117.92.155.194 - - [22/Jan/2026:09:49:07 +0800] "GET /?_rsc=1luhj HTTP/1.1" 200 144 "https://www.shudaxia.com/faq/na-li-ke-yi-xia-zai-shudaxia.html" "Mozilla/5.0 (iPhone; CPU iPhone OS 10_3 like Mac OS X) AppleWebKit/602.1.50 (KHTML, like Gecko) CriOS/56.0.2924.75 Mobile/14E5239e YisouSpider/5.0 Safari/602.1"
117.92.155.171 - - [22/Jan/2026:09:49:07 +0800] "GET /api/latest-version?platform=2 HTTP/1.1" 200 152 "https://www.shudaxia.com/faq/na-li-ke-yi-xia-zai-shudaxia.html" "Mozilla/5.0 (iPhone; CPU iPhone OS 10_3 like Mac OS X) AppleWebKit/602.1.50 (KHTML, like Gecko) CriOS/56.0.2924.75 Mobile/14E5239e YisouSpider/5.0 Safari/602.1"
117.92.155.150 - - [22/Jan/2026:09:49:07 +0800] "GET /faq?_rsc=1luhj HTTP/1.1" 308 19 "https://www.shudaxia.com/faq/na-li-ke-yi-xia-zai-shudaxia.html" "Mozilla/5.0 (iPhone; CPU iPhone OS 10_3 like Mac OS X) AppleWebKit/602.1.50 (KHTML, like Gecko) CriOS/56.0.2924.75 Mobile/14E5239e YisouSpider/5.0 Safari/602.1"
117.92.155.183 - - [22/Jan/2026:09:49:07 +0800] "GET /news/p1?_rsc=1luhj HTTP/1.1" 308 23 "https://www.shudaxia.com/faq/na-li-ke-yi-xia-zai-shudaxia.html" "Mozilla/5.0 (iPhone; CPU iPhone OS 10_3 like Mac OS X) AppleWebKit/602.1.50 (KHTML, like Gecko) CriOS/56.0.2924.75 Mobile/14E5239e YisouSpider/5.0 Safari/602.1"
117.92.155.171 - - [22/Jan/2026:09:49:07 +0800] "GET /api/latest-version?platform=3 HTTP/1.1" 200 167 "https://www.shudaxia.com/faq/na-li-ke-yi-xia-zai-shudaxia.html" "Mozilla/5.0 (iPhone; CPU iPhone OS 10_3 like Mac OS X) AppleWebKit/602.1.50 (KHTML, like Gecko) CriOS/56.0.2924.75 Mobile/14E5239e YisouSpider/5.0 Safari/602.1"
117.92.155.182 - - [22/Jan/2026:09:49:07 +0800] "POST /api/articles/1/view HTTP/1.1" 200 1194 "https://www.shudaxia.com/faq/na-li-ke-yi-xia-zai-shudaxia.html" "Mozilla/5.0 (iPhone; CPU iPhone OS 10_3 like Mac OS X) AppleWebKit/602.1.50 (KHTML, like Gecko) CriOS/56.0.2924.75 Mobile/14E5239e YisouSpider/5.0 Safari/602.1"
117.92.155.194 - - [22/Jan/2026:09:49:07 +0800] "GET /faq/p1?_rsc=1luhj HTTP/1.1" 308 22 "https://www.shudaxia.com/faq/na-li-ke-yi-xia-zai-shudaxia.html" "Mozilla/5.0 (iPhone; CPU iPhone OS 10_3 like Mac OS X) AppleWebKit/602.1.50 (KHTML, like Gecko) CriOS/56.0.2924.75 Mobile/14E5239e YisouSpider/5.0 Safari/602.1"
117.92.155.169 - - [22/Jan/2026:09:49:07 +0800] "GET /doc/p1?_rsc=1luhj HTTP/1.1" 308 22 "https://www.shudaxia.com/faq/na-li-ke-yi-xia-zai-shudaxia.html" "Mozilla/5.0 (iPhone; CPU iPhone OS 10_3 like Mac OS X) AppleWebKit/602.1.50 (KHTML, like Gecko) CriOS/56.0.2924.75 Mobile/14E5239e YisouSpider/5.0 Safari/602.1"
117.92.155.171 - - [22/Jan/2026:09:49:07 +0800] "GET /api/latest-version?platform=3 HTTP/1.1" 200 167 "https://www.shudaxia.com/faq/na-li-ke-yi-xia-zai-shudaxia.html" "Mozilla/5.0 (iPhone; CPU iPhone OS 10_3 like Mac OS X) AppleWebKit/602.1.50 (KHTML, like Gecko) CriOS/56.0.2924.75 Mobile/14E5239e YisouSpider/5.0 Safari/602.1"
117.92.155.171 - - [22/Jan/2026:09:49:07 +0800] "GET /api/latest-version?platform=2 HTTP/1.1" 200 152 "https://www.shudaxia.com/faq/na-li-ke-yi-xia-zai-shudaxia.html" "Mozilla/5.0 (iPhone; CPU iPhone OS 10_3 like Mac OS X) AppleWebKit/602.1.50 (KHTML, like Gecko) CriOS/56.0.2924.75 Mobile/14E5239e YisouSpider/5.0 Safari/602.1"
117.92.155.177 - - [22/Jan/2026:09:49:07 +0800] "GET /api/auth/session HTTP/1.1" 200 35 "https://www.shudaxia.com/faq/na-li-ke-yi-xia-zai-shudaxia.html" "Mozilla/5.0 (iPhone; CPU iPhone OS 10_3 like Mac OS X) AppleWebKit/602.1.50 (KHTML, like Gecko) CriOS/56.0.2924.75 Mobile/14E5239e YisouSpider/5.0 Safari/602.1"
36.156.89.161 - - [22/Jan/2026:09:49:07 +0800] "GET /api/footer-links HTTP/1.1" 200 535 "https://www.shudaxia.com/faq/na-li-ke-yi-xia-zai-shudaxia.html" "Mozilla/5.0 (iPhone; CPU iPhone OS 10_3 like Mac OS X) AppleWebKit/602.1.50 (KHTML, like Gecko) CriOS/56.0.2924.75 Mobile/14E5239e YisouSpider/5.0 Safari/602.1"
117.92.155.179 - - [22/Jan/2026:09:49:07 +0800] "GET /news/p1.html HTTP/1.1" 200 168 "https://www.shudaxia.com/faq/na-li-ke-yi-xia-zai-shudaxia.html" "Mozilla/5.0 (iPhone; CPU iPhone OS 10_3 like Mac OS X) AppleWebKit/602.1.50 (KHTML, like Gecko) CriOS/56.0.2924.75 Mobile/14E5239e YisouSpider/5.0 Safari/602.1"
117.92.155.185 - - [22/Jan/2026:09:49:07 +0800] "GET /faq/p1?_rsc=1g2l1 HTTP/1.1" 308 22 "https://www.shudaxia.com/faq/houtaidianji.html" "Mozilla/5.0 (iPhone; CPU iPhone OS 10_3 like Mac OS X) AppleWebKit/602.1.50 (KHTML, like Gecko) CriOS/56.0.2924.75 Mobile/14E5239e YisouSpider/5.0 Safari/602.1"
117.92.155.171 - - [22/Jan/2026:09:49:07 +0800] "GET /api/latest-version?platform=3 HTTP/1.1" 200 167 "https://www.shudaxia.com/faq/houtaidianji.html" "Mozilla/5.0 (iPhone; CPU iPhone OS 10_3 like Mac OS X) AppleWebKit/602.1.50 (KHTML, like Gecko) CriOS/56.0.2924.75 Mobile/14E5239e YisouSpider/5.0 Safari/602.1"
117.92.155.171 - - [22/Jan/2026:09:49:07 +0800] "GET /api/latest-version?platform=2 HTTP/1.1" 200 152 "https://www.shudaxia.com/faq/houtaidianji.html" "Mozilla/5.0 (iPhone; CPU iPhone OS 10_3 like Mac OS X) AppleWebKit/602.1.50 (KHTML, like Gecko) CriOS/56.0.2924.75 Mobile/14E5239e YisouSpider/5.0 Safari/602.1"
117.92.155.177 - - [22/Jan/2026:09:49:07 +0800] "GET /doc/p1?_rsc=1g2l1 HTTP/1.1" 308 22 "https://www.shudaxia.com/faq/houtaidianji.html" "Mozilla/5.0 (iPhone; CPU iPhone OS 10_3 like Mac OS X) AppleWebKit/602.1.50 (KHTML, like Gecko) CriOS/56.0.2924.75 Mobile/14E5239e YisouSpider/5.0 Safari/602.1"
117.92.155.156 - - [22/Jan/2026:09:49:07 +0800] "POST /api/articles/41/view HTTP/1.1" 200 1383 "https://www.shudaxia.com/faq/houtaidianji.html" "Mozilla/5.0 (iPhone; CPU iPhone OS 10_3 like Mac OS X) AppleWebKit/602.1.50 (KHTML, like Gecko) CriOS/56.0.2924.75 Mobile/14E5239e YisouSpider/5.0 Safari/602.1"
117.92.155.183 - - [22/Jan/2026:09:49:07 +0800] "GET /faq?_rsc=1g2l1 HTTP/1.1" 308 19 "https://www.shudaxia.com/faq/houtaidianji.html" "Mozilla/5.0 (iPhone; CPU iPhone OS 10_3 like Mac OS X) AppleWebKit/602.1.50 (KHTML, like Gecko) CriOS/56.0.2924.75 Mobile/14E5239e YisouSpider/5.0 Safari/602.1"
36.156.89.156 - - [22/Jan/2026:09:49:07 +0800] "GET /faq/p1.html HTTP/1.1" 200 168 "https://www.shudaxia.com/faq/na-li-ke-yi-xia-zai-shudaxia.html" "Mozilla/5.0 (iPhone; CPU iPhone OS 10_3 like Mac OS X) AppleWebKit/602.1.50 (KHTML, like Gecko) CriOS/56.0.2924.75 Mobile/14E5239e YisouSpider/5.0 Safari/602.1"
