180.97.210.170 - - [24/Jan/2026:01:39:37 +0800] "GET /news/jian-pan-lian-dian-qi-an-quan-ban-xia-zai HTTP/1.1" 308 63 "https://www.shudaxia.com/news/jian-pan-lian-dian-qi-an-quan-ban-xia-zai" "Mozilla/5.0 (Windows NT 10.0; Win64; x64) AppleWebKit/537.36 (KHTML, like Gecko) Chrome/140.0.0.0 Safari/537.36 Edg/140.0.0.0; 360Spider"
180.97.210.178 - - [24/Jan/2026:01:39:37 +0800] "GET /doc/practice/p1 HTTP/1.1" 308 32 "https://www.shudaxia.com/doc/practice/p1" "Mozilla/5.0 (Windows NT 10.0; Win64; x64) AppleWebKit/537.36 (KHTML, like Gecko) Chrome/140.0.0.0 Safari/537.36 Edg/140.0.0.0; 360Spider"
180.97.210.217 - - [24/Jan/2026:01:39:38 +0800] "GET /doc/practice/p1.html HTTP/1.1" 200 17547 "https://www.shudaxia.com/doc/practice/p1.html" "Mozilla/5.0 (Windows NT 10.0; Win64; x64) AppleWebKit/537.36 (KHTML, like Gecko) Chrome/140.0.0.0 Safari/537.36 Edg/140.0.0.0; 360Spider"
180.97.210.206 - - [24/Jan/2026:01:39:38 +0800] "GET /faq/p1 HTTP/1.1" 308 22 "https://www.shudaxia.com/faq/p1" "Mozilla/5.0 (Windows NT 10.0; Win64; x64) AppleWebKit/537.36 (KHTML, like Gecko) Chrome/140.0.0.0 Safari/537.36 Edg/140.0.0.0; 360Spider"
180.97.210.152 - - [24/Jan/2026:01:39:39 +0800] "GET /faq/p1.html HTTP/1.1" 200 26888 "https://www.shudaxia.com/faq/p1.html" "Mozilla/5.0 (Windows NT 10.0; Win64; x64) AppleWebKit/537.36 (KHTML, like Gecko) Chrome/140.0.0.0 Safari/537.36 Edg/140.0.0.0; 360Spider"
180.97.210.175 - - [24/Jan/2026:01:39:45 +0800] "GET /faq/shezhi-shubiao-liandianqi-xunhuan-dianji HTTP/1.1" 308 61 "https://www.shudaxia.com/faq/shezhi-shubiao-liandianqi-xunhuan-dianji" "User-Agent:Mozilla/5.0 (Windows NT 10.0; Win64; x64) AppleWebKit/537.36 (KHTML, like Gecko) Chrome/140.0.0.0 Safari/537.36 Edg/140.0.0.0; 360Spider"
180.97.210.198 - - [24/Jan/2026:01:39:48 +0800] "GET /faq/shezhi-shubiao-liandianqi-xunhuan-dianji.html HTTP/1.1" 200 16497 "https://www.shudaxia.com/faq/shezhi-shubiao-liandianqi-xunhuan-dianji.html" "User-Agent:Mozilla/5.0 (Windows NT 10.0; Win64; x64) AppleWebKit/537.36 (KHTML, like Gecko) Chrome/140.0.0.0 Safari/537.36 Edg/140.0.0.0; 360Spider"
180.97.210.194 - - [24/Jan/2026:01:39:48 +0800] "GET /mouse-keyboard-test HTTP/1.1" 308 36 "https://www.shudaxia.com/mouse-keyboard-test" "Mozilla/5.0 (Windows NT 10.0; Win64; x64) AppleWebKit/537.36 (KHTML, like Gecko) Chrome/140.0.0.0 Safari/537.36 Edg/140.0.0.0; 360Spider"
180.97.210.215 - - [24/Jan/2026:01:39:49 +0800] "GET /news/tools/shu-da-xia-shu-biao-lian-dian-qi HTTP/1.1" 308 60 "https://www.shudaxia.com/news/tools/shu-da-xia-shu-biao-lian-dian-qi" "Mozilla/5.0 (Windows NT 10.0; Win64; x64) AppleWebKit/537.36 (KHTML, like Gecko) Chrome/140.0.0.0 Safari/537.36 Edg/140.0.0.0; 360Spider"
180.97.210.188 - - [24/Jan/2026:01:39:50 +0800] "GET /mouse-keyboard-test.html HTTP/1.1" 200 67636 "https://www.shudaxia.com/mouse-keyboard-test.html" "Mozilla/5.0 (Windows NT 10.0; Win64; x64) AppleWebKit/537.36 (KHTML, like Gecko) Chrome/140.0.0.0 Safari/537.36 Edg/140.0.0.0; 360Spider"
180.97.210.175 - - [24/Jan/2026:01:39:51 +0800] "GET /faq/version/p1 HTTP/1.1" 308 31 "https://www.shudaxia.com/faq/version/p1" "Mozilla/5.0 (Windows NT 10.0; Win64; x64) AppleWebKit/537.36 (KHTML, like Gecko) Chrome/140.0.0.0 Safari/537.36 Edg/140.0.0.0; 360Spider"
180.97.210.155 - - [24/Jan/2026:01:39:54 +0800] "GET /news/jian-pan-lian-dian-qi-an-quan-ban-xia-zai.html HTTP/1.1" 200 14325 "https://www.shudaxia.com/news/jian-pan-lian-dian-qi-an-quan-ban-xia-zai.html" "Mozilla/5.0 (Windows NT 10.0; Win64; x64) AppleWebKit/537.36 (KHTML, like Gecko) Chrome/140.0.0.0 Safari/537.36 Edg/140.0.0.0; 360Spider"
180.97.210.163 - - [24/Jan/2026:01:40:05 +0800] "GET /news/tools/shu-da-xia-shu-biao-lian-dian-qi.html HTTP/1.1" 200 17842 "https://www.shudaxia.com/news/tools/shu-da-xia-shu-biao-lian-dian-qi.html" "Mozilla/5.0 (Windows NT 10.0; Win64; x64) AppleWebKit/537.36 (KHTML, like Gecko) Chrome/140.0.0.0 Safari/537.36 Edg/140.0.0.0; 360Spider"
180.97.210.175 - - [24/Jan/2026:01:40:07 +0800] "GET /faq/version/p1.html HTTP/1.1" 200 16653 "https://www.shudaxia.com/faq/version/p1.html" "Mozilla/5.0 (Windows NT 10.0; Win64; x64) AppleWebKit/537.36 (KHTML, like Gecko) Chrome/140.0.0.0 Safari/537.36 Edg/140.0.0.0; 360Spider"
180.97.210.191 - - [24/Jan/2026:01:40:10 +0800] "GET /news/shubiao-liandianqi-rumen-jiaiocheng HTTP/1.1" 308 57 "https://www.shudaxia.com/news/shubiao-liandianqi-rumen-jiaiocheng" "Mozilla/5.0 (Windows NT 10.0; Win64; x64) AppleWebKit/537.36 (KHTML, like Gecko) Chrome/140.0.0.0 Safari/537.36 Edg/140.0.0.0; 360Spider"
180.97.210.170 - - [24/Jan/2026:01:40:13 +0800] "GET /news/shen-me-shi-mo-ni-qi-ming-ling-dian-ji HTTP/1.1" 308 60 "https://www.shudaxia.com/news/shen-me-shi-mo-ni-qi-ming-ling-dian-ji" "Mozilla/5.0 (Windows NT 10.0; Win64; x64) AppleWebKit/537.36 (KHTML, like Gecko) Chrome/140.0.0.0 Safari/537.36 Edg/140.0.0.0; 360Spider"
180.97.210.220 - - [24/Jan/2026:01:40:23 +0800] "GET /news/shen-me-shi-mo-ni-qi-ming-ling-dian-ji.html HTTP/1.1" 200 14764 "https://www.shudaxia.com/news/shen-me-shi-mo-ni-qi-ming-ling-dian-ji.html" "Mozilla/5.0 (Windows NT 10.0; Win64; x64) AppleWebKit/537.36 (KHTML, like Gecko) Chrome/140.0.0.0 Safari/537.36 Edg/140.0.0.0; 360Spider"
180.97.210.188 - - [24/Jan/2026:01:40:32 +0800] "GET /news/shubiao-liandianqi-rumen-jiaiocheng.html HTTP/1.1" 200 16522 "https://www.shudaxia.com/news/shubiao-liandianqi-rumen-jiaiocheng.html" "Mozilla/5.0 (Windows NT 10.0; Win64; x64) AppleWebKit/537.36 (KHTML, like Gecko) Chrome/140.0.0.0 Safari/537.36 Edg/140.0.0.0; 360Spider"
111.6.230.215 - - [24/Jan/2026:01:40:43 +0800] "GET / HTTP/1.1" 200 24370 "-" "Mozilla/5.0 (compatible; Baiduspider/2.0; +http://www.baidu.com/search/spider.html)"
111.6.230.203 - - [24/Jan/2026:01:40:45 +0800] "GET /api/latest-version?platform=3 HTTP/1.1" 200 167 "https://www.shudaxia.com/" "Mozilla/5.0 (compatible; Baiduspider-render/2.0; +http://www.baidu.com/search/spider.html)"
111.6.230.164 - - [24/Jan/2026:01:40:45 +0800] "GET /api/latest-version?platform=2 HTTP/1.1" 200 152 "https://www.shudaxia.com/" "Mozilla/5.0 (compatible; Baiduspider-render/2.0; +http://www.baidu.com/search/spider.html)"
111.6.230.203 - - [24/Jan/2026:01:40:45 +0800] "GET /api/auth/session HTTP/1.1" 200 35 "https://www.shudaxia.com/" "Mozilla/5.0 (compatible; Baiduspider-render/2.0; +http://www.baidu.com/search/spider.html)"
111.6.230.165 - - [24/Jan/2026:01:40:45 +0800] "GET /api/footer-links HTTP/1.1" 200 535 "https://www.shudaxia.com/" "Mozilla/5.0 (compatible; Baiduspider-render/2.0; +http://www.baidu.com/search/spider.html)"
111.6.230.203 - - [24/Jan/2026:01:40:45 +0800] "GET /api/latest-version?platform=3 HTTP/1.1" 200 167 "https://www.shudaxia.com/" "Mozilla/5.0 (compatible; Baiduspider-render/2.0; +http://www.baidu.com/search/spider.html)"
111.6.230.203 - - [24/Jan/2026:01:40:45 +0800] "GET /api/latest-version?platform=3 HTTP/1.1" 200 167 "https://www.shudaxia.com/" "Mozilla/5.0 (compatible; Baiduspider-render/2.0; +http://www.baidu.com/search/spider.html)"
111.6.230.164 - - [24/Jan/2026:01:40:45 +0800] "GET /api/latest-version?platform=2 HTTP/1.1" 200 152 "https://www.shudaxia.com/" "Mozilla/5.0 (compatible; Baiduspider-render/2.0; +http://www.baidu.com/search/spider.html)"
111.6.230.203 - - [24/Jan/2026:01:40:45 +0800] "GET /api/latest-version?platform=3 HTTP/1.1" 200 167 "https://www.shudaxia.com/" "Mozilla/5.0 (compatible; Baiduspider-render/2.0; +http://www.baidu.com/search/spider.html)"
111.6.230.164 - - [24/Jan/2026:01:40:45 +0800] "GET /api/latest-version?platform=2 HTTP/1.1" 200 152 "https://www.shudaxia.com/" "Mozilla/5.0 (compatible; Baiduspider-render/2.0; +http://www.baidu.com/search/spider.html)"
111.6.230.203 - - [24/Jan/2026:01:40:45 +0800] "GET /api/auth/session HTTP/1.1" 200 35 "https://www.shudaxia.com/" "Mozilla/5.0 (compatible; Baiduspider-render/2.0; +http://www.baidu.com/search/spider.html)"
111.6.230.164 - - [24/Jan/2026:01:40:45 +0800] "GET /api/latest-version?platform=2 HTTP/1.1" 200 152 "https://www.shudaxia.com/" "Mozilla/5.0 (compatible; Baiduspider-render/2.0; +http://www.baidu.com/search/spider.html)"
111.6.230.203 - - [24/Jan/2026:01:40:46 +0800] "GET /api/latest-version?platform=3 HTTP/1.1" 200 167 "https://www.shudaxia.com/" "Mozilla/5.0 (compatible; Baiduspider-render/2.0; +http://www.baidu.com/search/spider.html)"
180.97.210.198 - - [24/Jan/2026:01:43:53 +0800] "GET /faq/shezhi-shubiao-liandianqi-xunhuan-dianji.html HTTP/1.1" 200 15605 "-" "Mozilla/5.0 (Windows NT 10.0; Win64; x64) AppleWebKit/537.36 (KHTML, like Gecko) Chrome/140.0.0.0 Safari/537.36 Edg/140.0.0.0; 360Spider"
180.97.210.194 - - [24/Jan/2026:01:43:55 +0800] "GET /api/latest-version?platform=3 HTTP/1.1" 200 167 "https://www.shudaxia.com/faq/shezhi-shubiao-liandianqi-xunhuan-dianji.html" "Mozilla/5.0 (Windows NT 10.0; Win64; x64) AppleWebKit/537.36 (KHTML, like Gecko) Chrome/140.0.0.0 Safari/537.36 Edg/140.0.0.0; 360Spider"
180.97.210.185 - - [24/Jan/2026:01:43:55 +0800] "POST /api/articles/52/view HTTP/1.1" 200 1641 "https://www.shudaxia.com/faq/shezhi-shubiao-liandianqi-xunhuan-dianji.html" "Mozilla/5.0 (Windows NT 10.0; Win64; x64) AppleWebKit/537.36 (KHTML, like Gecko) Chrome/140.0.0.0 Safari/537.36 Edg/140.0.0.0; 360Spider"
180.97.210.164 - - [24/Jan/2026:01:43:55 +0800] "GET /api/latest-version?platform=2 HTTP/1.1" 200 152 "https://www.shudaxia.com/faq/shezhi-shubiao-liandianqi-xunhuan-dianji.html" "Mozilla/5.0 (Windows NT 10.0; Win64; x64) AppleWebKit/537.36 (KHTML, like Gecko) Chrome/140.0.0.0 Safari/537.36 Edg/140.0.0.0; 360Spider"
180.97.210.161 - - [24/Jan/2026:01:43:55 +0800] "GET /api/footer-links HTTP/1.1" 200 535 "https://www.shudaxia.com/faq/shezhi-shubiao-liandianqi-xunhuan-dianji.html" "Mozilla/5.0 (Windows NT 10.0; Win64; x64) AppleWebKit/537.36 (KHTML, like Gecko) Chrome/140.0.0.0 Safari/537.36 Edg/140.0.0.0; 360Spider"
180.97.210.192 - - [24/Jan/2026:01:43:56 +0800] "GET /api/auth/session HTTP/1.1" 200 35 "https://www.shudaxia.com/faq/shezhi-shubiao-liandianqi-xunhuan-dianji.html" "Mozilla/5.0 (Windows NT 10.0; Win64; x64) AppleWebKit/537.36 (KHTML, like Gecko) Chrome/140.0.0.0 Safari/537.36 Edg/140.0.0.0; 360Spider"
180.97.210.194 - - [24/Jan/2026:01:43:56 +0800] "GET /api/latest-version?platform=3 HTTP/1.1" 200 167 "https://www.shudaxia.com/faq/shezhi-shubiao-liandianqi-xunhuan-dianji.html" "Mozilla/5.0 (Windows NT 10.0; Win64; x64) AppleWebKit/537.36 (KHTML, like Gecko) Chrome/140.0.0.0 Safari/537.36 Edg/140.0.0.0; 360Spider"
180.97.210.164 - - [24/Jan/2026:01:43:56 +0800] "GET /api/latest-version?platform=2 HTTP/1.1" 200 152 "https://www.shudaxia.com/faq/shezhi-shubiao-liandianqi-xunhuan-dianji.html" "Mozilla/5.0 (Windows NT 10.0; Win64; x64) AppleWebKit/537.36 (KHTML, like Gecko) Chrome/140.0.0.0 Safari/537.36 Edg/140.0.0.0; 360Spider"
180.97.210.185 - - [24/Jan/2026:01:43:56 +0800] "GET /doc/p1?_rsc=nip61 HTTP/1.1" 308 22 "https://www.shudaxia.com/faq/shezhi-shubiao-liandianqi-xunhuan-dianji.html" "Mozilla/5.0 (Windows NT 10.0; Win64; x64) AppleWebKit/537.36 (KHTML, like Gecko) Chrome/140.0.0.0 Safari/537.36 Edg/140.0.0.0; 360Spider"
180.97.210.154 - - [24/Jan/2026:01:43:56 +0800] "GET /mobile?_rsc=nip61 HTTP/1.1" 308 22 "https://www.shudaxia.com/faq/shezhi-shubiao-liandianqi-xunhuan-dianji.html" "Mozilla/5.0 (Windows NT 10.0; Win64; x64) AppleWebKit/537.36 (KHTML, like Gecko) Chrome/140.0.0.0 Safari/537.36 Edg/140.0.0.0; 360Spider"
180.97.210.173 - - [24/Jan/2026:01:43:56 +0800] "GET /?_rsc=nip61 HTTP/1.1" 200 144 "https://www.shudaxia.com/faq/shezhi-shubiao-liandianqi-xunhuan-dianji.html" "Mozilla/5.0 (Windows NT 10.0; Win64; x64) AppleWebKit/537.36 (KHTML, like Gecko) Chrome/140.0.0.0 Safari/537.36 Edg/140.0.0.0; 360Spider"
180.97.210.163 - - [24/Jan/2026:01:43:56 +0800] "GET /video?_rsc=nip61 HTTP/1.1" 308 21 "https://www.shudaxia.com/faq/shezhi-shubiao-liandianqi-xunhuan-dianji.html" "Mozilla/5.0 (Windows NT 10.0; Win64; x64) AppleWebKit/537.36 (KHTML, like Gecko) Chrome/140.0.0.0 Safari/537.36 Edg/140.0.0.0; 360Spider"
180.97.210.164 - - [24/Jan/2026:01:43:56 +0800] "GET /mouse-keyboard-test?_rsc=nip61 HTTP/1.1" 308 36 "https://www.shudaxia.com/faq/shezhi-shubiao-liandianqi-xunhuan-dianji.html" "Mozilla/5.0 (Windows NT 10.0; Win64; x64) AppleWebKit/537.36 (KHTML, like Gecko) Chrome/140.0.0.0 Safari/537.36 Edg/140.0.0.0; 360Spider"
180.97.210.198 - - [24/Jan/2026:01:43:57 +0800] "GET /faq/shezhi-shubiao-liandianqi-xunhuan-dianji.html HTTP/1.1" 200 15815 "-" "Mozilla/5.0 (Windows NT 10.0; Win64; x64) AppleWebKit/537.36 (KHTML, like Gecko) Chrome/140.0.0.0 Safari/537.36 Edg/140.0.0.0; 360Spider"
180.97.210.192 - - [24/Jan/2026:01:43:57 +0800] "GET /api/auth/session HTTP/1.1" 200 35 "https://www.shudaxia.com/faq/shezhi-shubiao-liandianqi-xunhuan-dianji.html" "Mozilla/5.0 (Windows NT 10.0; Win64; x64) AppleWebKit/537.36 (KHTML, like Gecko) Chrome/140.0.0.0 Safari/537.36 Edg/140.0.0.0; 360Spider"
180.97.210.206 - - [24/Jan/2026:01:43:57 +0800] "GET /doc/p1.html HTTP/1.1" 200 168 "https://www.shudaxia.com/faq/shezhi-shubiao-liandianqi-xunhuan-dianji.html" "Mozilla/5.0 (Windows NT 10.0; Win64; x64) AppleWebKit/537.36 (KHTML, like Gecko) Chrome/140.0.0.0 Safari/537.36 Edg/140.0.0.0; 360Spider"
180.97.210.205 - - [24/Jan/2026:01:43:57 +0800] "GET /video.html HTTP/1.1" 200 3521 "https://www.shudaxia.com/faq/shezhi-shubiao-liandianqi-xunhuan-dianji.html" "Mozilla/5.0 (Windows NT 10.0; Win64; x64) AppleWebKit/537.36 (KHTML, like Gecko) Chrome/140.0.0.0 Safari/537.36 Edg/140.0.0.0; 360Spider"
180.97.210.187 - - [24/Jan/2026:01:43:57 +0800] "GET /cpstest?_rsc=nip61 HTTP/1.1" 308 23 "https://www.shudaxia.com/faq/shezhi-shubiao-liandianqi-xunhuan-dianji.html" "Mozilla/5.0 (Windows NT 10.0; Win64; x64) AppleWebKit/537.36 (KHTML, like Gecko) Chrome/140.0.0.0 Safari/537.36 Edg/140.0.0.0; 360Spider"
180.97.210.173 - - [24/Jan/2026:01:43:58 +0800] "GET /mouse-click-train?_rsc=nip61 HTTP/1.1" 308 34 "https://www.shudaxia.com/faq/shezhi-shubiao-liandianqi-xunhuan-dianji.html" "Mozilla/5.0 (Windows NT 10.0; Win64; x64) AppleWebKit/537.36 (KHTML, like Gecko) Chrome/140.0.0.0 Safari/537.36 Edg/140.0.0.0; 360Spider"
180.97.210.156 - - [24/Jan/2026:01:43:58 +0800] "GET /scriptdiy?_rsc=nip61 HTTP/1.1" 308 25 "https://www.shudaxia.com/faq/shezhi-shubiao-liandianqi-xunhuan-dianji.html" "Mozilla/5.0 (Windows NT 10.0; Win64; x64) AppleWebKit/537.36 (KHTML, like Gecko) Chrome/140.0.0.0 Safari/537.36 Edg/140.0.0.0; 360Spider"
180.97.210.214 - - [24/Jan/2026:01:43:58 +0800] "GET /feedback?_rsc=nip61 HTTP/1.1" 308 24 "https://www.shudaxia.com/faq/shezhi-shubiao-liandianqi-xunhuan-dianji.html" "Mozilla/5.0 (Windows NT 10.0; Win64; x64) AppleWebKit/537.36 (KHTML, like Gecko) Chrome/140.0.0.0 Safari/537.36 Edg/140.0.0.0; 360Spider"
180.97.210.212 - - [24/Jan/2026:01:43:58 +0800] "GET /doc/quickstart/p1?_rsc=nip61 HTTP/1.1" 308 34 "https://www.shudaxia.com/faq/shezhi-shubiao-liandianqi-xunhuan-dianji.html" "Mozilla/5.0 (Windows NT 10.0; Win64; x64) AppleWebKit/537.36 (KHTML, like Gecko) Chrome/140.0.0.0 Safari/537.36 Edg/140.0.0.0; 360Spider"
180.97.210.195 - - [24/Jan/2026:01:43:58 +0800] "GET /cpstest.html HTTP/1.1" 200 2347 "https://www.shudaxia.com/faq/shezhi-shubiao-liandianqi-xunhuan-dianji.html" "Mozilla/5.0 (Windows NT 10.0; Win64; x64) AppleWebKit/537.36 (KHTML, like Gecko) Chrome/140.0.0.0 Safari/537.36 Edg/140.0.0.0; 360Spider"
180.97.210.186 - - [24/Jan/2026:01:43:59 +0800] "GET /mouse-click-train.html HTTP/1.1" 200 2720 "https://www.shudaxia.com/faq/shezhi-shubiao-liandianqi-xunhuan-dianji.html" "Mozilla/5.0 (Windows NT 10.0; Win64; x64) AppleWebKit/537.36 (KHTML, like Gecko) Chrome/140.0.0.0 Safari/537.36 Edg/140.0.0.0; 360Spider"
180.97.210.185 - - [24/Jan/2026:01:43:59 +0800] "GET /doc/quickstart/p1.html HTTP/1.1" 200 177 "https://www.shudaxia.com/faq/shezhi-shubiao-liandianqi-xunhuan-dianji.html" "Mozilla/5.0 (Windows NT 10.0; Win64; x64) AppleWebKit/537.36 (KHTML, like Gecko) Chrome/140.0.0.0 Safari/537.36 Edg/140.0.0.0; 360Spider"
180.97.210.156 - - [24/Jan/2026:01:43:59 +0800] "GET /scriptdiy.html HTTP/1.1" 200 4607 "https://www.shudaxia.com/faq/shezhi-shubiao-liandianqi-xunhuan-dianji.html" "Mozilla/5.0 (Windows NT 10.0; Win64; x64) AppleWebKit/537.36 (KHTML, like Gecko) Chrome/140.0.0.0 Safari/537.36 Edg/140.0.0.0; 360Spider"
180.97.210.158 - - [24/Jan/2026:01:43:59 +0800] "GET /feedback.html HTTP/1.1" 200 2313 "https://www.shudaxia.com/faq/shezhi-shubiao-liandianqi-xunhuan-dianji.html" "Mozilla/5.0 (Windows NT 10.0; Win64; x64) AppleWebKit/537.36 (KHTML, like Gecko) Chrome/140.0.0.0 Safari/537.36 Edg/140.0.0.0; 360Spider"
180.97.210.164 - - [24/Jan/2026:01:43:59 +0800] "GET /doc/practice/p1?_rsc=nip61 HTTP/1.1" 308 32 "https://www.shudaxia.com/faq/shezhi-shubiao-liandianqi-xunhuan-dianji.html" "Mozilla/5.0 (Windows NT 10.0; Win64; x64) AppleWebKit/537.36 (KHTML, like Gecko) Chrome/140.0.0.0 Safari/537.36 Edg/140.0.0.0; 360Spider"
180.97.210.171 - - [24/Jan/2026:01:43:59 +0800] "GET /doc/advanced/p1?_rsc=nip61 HTTP/1.1" 308 32 "https://www.shudaxia.com/faq/shezhi-shubiao-liandianqi-xunhuan-dianji.html" "Mozilla/5.0 (Windows NT 10.0; Win64; x64) AppleWebKit/537.36 (KHTML, like Gecko) Chrome/140.0.0.0 Safari/537.36 Edg/140.0.0.0; 360Spider"
180.97.210.199 - - [24/Jan/2026:01:43:59 +0800] "GET /news/p1?_rsc=nip61 HTTP/1.1" 308 23 "https://www.shudaxia.com/faq/shezhi-shubiao-liandianqi-xunhuan-dianji.html" "Mozilla/5.0 (Windows NT 10.0; Win64; x64) AppleWebKit/537.36 (KHTML, like Gecko) Chrome/140.0.0.0 Safari/537.36 Edg/140.0.0.0; 360Spider"
180.97.210.194 - - [24/Jan/2026:01:43:59 +0800] "GET /news/tools/p1?_rsc=nip61 HTTP/1.1" 308 30 "https://www.shudaxia.com/faq/shezhi-shubiao-liandianqi-xunhuan-dianji.html" "Mozilla/5.0 (Windows NT 10.0; Win64; x64) AppleWebKit/537.36 (KHTML, like Gecko) Chrome/140.0.0.0 Safari/537.36 Edg/140.0.0.0; 360Spider"
180.97.210.217 - - [24/Jan/2026:01:43:59 +0800] "GET /doc/practice/p1.html HTTP/1.1" 200 176 "https://www.shudaxia.com/faq/shezhi-shubiao-liandianqi-xunhuan-dianji.html" "Mozilla/5.0 (Windows NT 10.0; Win64; x64) AppleWebKit/537.36 (KHTML, like Gecko) Chrome/140.0.0.0 Safari/537.36 Edg/140.0.0.0; 360Spider"
180.97.210.160 - - [24/Jan/2026:01:43:59 +0800] "GET /news/tutorial/p1?_rsc=nip61 HTTP/1.1" 308 33 "https://www.shudaxia.com/faq/shezhi-shubiao-liandianqi-xunhuan-dianji.html" "Mozilla/5.0 (Windows NT 10.0; Win64; x64) AppleWebKit/537.36 (KHTML, like Gecko) Chrome/140.0.0.0 Safari/537.36 Edg/140.0.0.0; 360Spider"
180.97.210.156 - - [24/Jan/2026:01:43:59 +0800] "GET /doc/advanced/p1.html HTTP/1.1" 200 176 "https://www.shudaxia.com/faq/shezhi-shubiao-liandianqi-xunhuan-dianji.html" "Mozilla/5.0 (Windows NT 10.0; Win64; x64) AppleWebKit/537.36 (KHTML, like Gecko) Chrome/140.0.0.0 Safari/537.36 Edg/140.0.0.0; 360Spider"
180.97.210.219 - - [24/Jan/2026:01:43:59 +0800] "GET /news/version/p1?_rsc=nip61 HTTP/1.1" 308 32 "https://www.shudaxia.com/faq/shezhi-shubiao-liandianqi-xunhuan-dianji.html" "Mozilla/5.0 (Windows NT 10.0; Win64; x64) AppleWebKit/537.36 (KHTML, like Gecko) Chrome/140.0.0.0 Safari/537.36 Edg/140.0.0.0; 360Spider"
180.97.210.174 - - [24/Jan/2026:01:43:59 +0800] "GET /news/tools/p1.html HTTP/1.1" 200 174 "https://www.shudaxia.com/faq/shezhi-shubiao-liandianqi-xunhuan-dianji.html" "Mozilla/5.0 (Windows NT 10.0; Win64; x64) AppleWebKit/537.36 (KHTML, like Gecko) Chrome/140.0.0.0 Safari/537.36 Edg/140.0.0.0; 360Spider"
180.97.210.202 - - [24/Jan/2026:01:43:59 +0800] "GET /news/p1.html HTTP/1.1" 200 169 "https://www.shudaxia.com/faq/shezhi-shubiao-liandianqi-xunhuan-dianji.html" "Mozilla/5.0 (Windows NT 10.0; Win64; x64) AppleWebKit/537.36 (KHTML, like Gecko) Chrome/140.0.0.0 Safari/537.36 Edg/140.0.0.0; 360Spider"
180.97.210.182 - - [24/Jan/2026:01:43:59 +0800] "GET /news/tutorial/p1.html HTTP/1.1" 200 176 "https://www.shudaxia.com/faq/shezhi-shubiao-liandianqi-xunhuan-dianji.html" "Mozilla/5.0 (Windows NT 10.0; Win64; x64) AppleWebKit/537.36 (KHTML, like Gecko) Chrome/140.0.0.0 Safari/537.36 Edg/140.0.0.0; 360Spider"
180.97.210.159 - - [24/Jan/2026:01:43:59 +0800] "GET /faq/p1?_rsc=nip61 HTTP/1.1" 308 22 "https://www.shudaxia.com/faq/shezhi-shubiao-liandianqi-xunhuan-dianji.html" "Mozilla/5.0 (Windows NT 10.0; Win64; x64) AppleWebKit/537.36 (KHTML, like Gecko) Chrome/140.0.0.0 Safari/537.36 Edg/140.0.0.0; 360Spider"
180.97.210.194 - - [24/Jan/2026:01:44:00 +0800] "GET /api/latest-version?platform=3 HTTP/1.1" 200 167 "https://www.shudaxia.com/faq/shezhi-shubiao-liandianqi-xunhuan-dianji.html" "Mozilla/5.0 (Windows NT 10.0; Win64; x64) AppleWebKit/537.36 (KHTML, like Gecko) Chrome/140.0.0.0 Safari/537.36 Edg/140.0.0.0; 360Spider"
180.97.210.178 - - [24/Jan/2026:01:44:00 +0800] "POST /api/articles/52/view HTTP/1.1" 200 1640 "https://www.shudaxia.com/faq/shezhi-shubiao-liandianqi-xunhuan-dianji.html" "Mozilla/5.0 (Windows NT 10.0; Win64; x64) AppleWebKit/537.36 (KHTML, like Gecko) Chrome/140.0.0.0 Safari/537.36 Edg/140.0.0.0; 360Spider"
180.97.210.173 - - [24/Jan/2026:01:44:00 +0800] "GET /?_rsc=nip61 HTTP/1.1" 200 144 "https://www.shudaxia.com/faq/shezhi-shubiao-liandianqi-xunhuan-dianji.html" "Mozilla/5.0 (Windows NT 10.0; Win64; x64) AppleWebKit/537.36 (KHTML, like Gecko) Chrome/140.0.0.0 Safari/537.36 Edg/140.0.0.0; 360Spider"
180.97.210.154 - - [24/Jan/2026:01:44:00 +0800] "GET /mobile?_rsc=nip61 HTTP/1.1" 308 22 "https://www.shudaxia.com/faq/shezhi-shubiao-liandianqi-xunhuan-dianji.html" "Mozilla/5.0 (Windows NT 10.0; Win64; x64) AppleWebKit/537.36 (KHTML, like Gecko) Chrome/140.0.0.0 Safari/537.36 Edg/140.0.0.0; 360Spider"
180.97.210.163 - - [24/Jan/2026:01:44:00 +0800] "GET /video?_rsc=nip61 HTTP/1.1" 308 21 "https://www.shudaxia.com/faq/shezhi-shubiao-liandianqi-xunhuan-dianji.html" "Mozilla/5.0 (Windows NT 10.0; Win64; x64) AppleWebKit/537.36 (KHTML, like Gecko) Chrome/140.0.0.0 Safari/537.36 Edg/140.0.0.0; 360Spider"
180.97.210.164 - - [24/Jan/2026:01:44:00 +0800] "GET /api/latest-version?platform=2 HTTP/1.1" 200 152 "https://www.shudaxia.com/faq/shezhi-shubiao-liandianqi-xunhuan-dianji.html" "Mozilla/5.0 (Windows NT 10.0; Win64; x64) AppleWebKit/537.36 (KHTML, like Gecko) Chrome/140.0.0.0 Safari/537.36 Edg/140.0.0.0; 360Spider"
180.97.210.185 - - [24/Jan/2026:01:44:00 +0800] "GET /doc/p1?_rsc=nip61 HTTP/1.1" 308 22 "https://www.shudaxia.com/faq/shezhi-shubiao-liandianqi-xunhuan-dianji.html" "Mozilla/5.0 (Windows NT 10.0; Win64; x64) AppleWebKit/537.36 (KHTML, like Gecko) Chrome/140.0.0.0 Safari/537.36 Edg/140.0.0.0; 360Spider"
180.97.210.164 - - [24/Jan/2026:01:44:00 +0800] "GET /mouse-keyboard-test?_rsc=nip61 HTTP/1.1" 308 36 "https://www.shudaxia.com/faq/shezhi-shubiao-liandianqi-xunhuan-dianji.html" "Mozilla/5.0 (Windows NT 10.0; Win64; x64) AppleWebKit/537.36 (KHTML, like Gecko) Chrome/140.0.0.0 Safari/537.36 Edg/140.0.0.0; 360Spider"
180.97.210.192 - - [24/Jan/2026:01:44:00 +0800] "GET /api/auth/session HTTP/1.1" 200 35 "https://www.shudaxia.com/faq/shezhi-shubiao-liandianqi-xunhuan-dianji.html" "Mozilla/5.0 (Windows NT 10.0; Win64; x64) AppleWebKit/537.36 (KHTML, like Gecko) Chrome/140.0.0.0 Safari/537.36 Edg/140.0.0.0; 360Spider"
180.97.210.161 - - [24/Jan/2026:01:44:00 +0800] "GET /api/footer-links HTTP/1.1" 200 535 "https://www.shudaxia.com/faq/shezhi-shubiao-liandianqi-xunhuan-dianji.html" "Mozilla/5.0 (Windows NT 10.0; Win64; x64) AppleWebKit/537.36 (KHTML, like Gecko) Chrome/140.0.0.0 Safari/537.36 Edg/140.0.0.0; 360Spider"
180.97.210.194 - - [24/Jan/2026:01:44:00 +0800] "GET /api/latest-version?platform=3 HTTP/1.1" 200 167 "https://www.shudaxia.com/faq/shezhi-shubiao-liandianqi-xunhuan-dianji.html" "Mozilla/5.0 (Windows NT 10.0; Win64; x64) AppleWebKit/537.36 (KHTML, like Gecko) Chrome/140.0.0.0 Safari/537.36 Edg/140.0.0.0; 360Spider"
180.97.210.164 - - [24/Jan/2026:01:44:00 +0800] "GET /api/latest-version?platform=2 HTTP/1.1" 200 152 "https://www.shudaxia.com/faq/shezhi-shubiao-liandianqi-xunhuan-dianji.html" "Mozilla/5.0 (Windows NT 10.0; Win64; x64) AppleWebKit/537.36 (KHTML, like Gecko) Chrome/140.0.0.0 Safari/537.36 Edg/140.0.0.0; 360Spider"
180.97.210.152 - - [24/Jan/2026:01:44:00 +0800] "GET /faq/p1.html HTTP/1.1" 200 168 "https://www.shudaxia.com/faq/shezhi-shubiao-liandianqi-xunhuan-dianji.html" "Mozilla/5.0 (Windows NT 10.0; Win64; x64) AppleWebKit/537.36 (KHTML, like Gecko) Chrome/140.0.0.0 Safari/537.36 Edg/140.0.0.0; 360Spider"
180.97.210.195 - - [24/Jan/2026:01:44:00 +0800] "GET /news/version/p1.html HTTP/1.1" 200 176 "https://www.shudaxia.com/faq/shezhi-shubiao-liandianqi-xunhuan-dianji.html" "Mozilla/5.0 (Windows NT 10.0; Win64; x64) AppleWebKit/537.36 (KHTML, like Gecko) Chrome/140.0.0.0 Safari/537.36 Edg/140.0.0.0; 360Spider"
180.97.210.206 - - [24/Jan/2026:01:44:00 +0800] "GET /doc/p1.html HTTP/1.1" 200 168 "https://www.shudaxia.com/faq/shezhi-shubiao-liandianqi-xunhuan-dianji.html" "Mozilla/5.0 (Windows NT 10.0; Win64; x64) AppleWebKit/537.36 (KHTML, like Gecko) Chrome/140.0.0.0 Safari/537.36 Edg/140.0.0.0; 360Spider"
180.97.210.165 - - [24/Jan/2026:01:44:00 +0800] "GET /faq/version/p1?_rsc=nip61 HTTP/1.1" 308 31 "https://www.shudaxia.com/faq/shezhi-shubiao-liandianqi-xunhuan-dianji.html" "Mozilla/5.0 (Windows NT 10.0; Win64; x64) AppleWebKit/537.36 (KHTML, like Gecko) Chrome/140.0.0.0 Safari/537.36 Edg/140.0.0.0; 360Spider"
180.97.210.150 - - [24/Jan/2026:01:44:00 +0800] "GET /faq/troubleshooting/p1?_rsc=nip61 HTTP/1.1" 308 39 "https://www.shudaxia.com/faq/shezhi-shubiao-liandianqi-xunhuan-dianji.html" "Mozilla/5.0 (Windows NT 10.0; Win64; x64) AppleWebKit/537.36 (KHTML, like Gecko) Chrome/140.0.0.0 Safari/537.36 Edg/140.0.0.0; 360Spider"
180.97.210.150 - - [24/Jan/2026:01:44:00 +0800] "GET /faq/usage/p1?_rsc=nip61 HTTP/1.1" 308 29 "https://www.shudaxia.com/faq/shezhi-shubiao-liandianqi-xunhuan-dianji.html" "Mozilla/5.0 (Windows NT 10.0; Win64; x64) AppleWebKit/537.36 (KHTML, like Gecko) Chrome/140.0.0.0 Safari/537.36 Edg/140.0.0.0; 360Spider"
180.97.210.187 - - [24/Jan/2026:01:44:00 +0800] "GET /cpstest?_rsc=nip61 HTTP/1.1" 308 23 "https://www.shudaxia.com/faq/shezhi-shubiao-liandianqi-xunhuan-dianji.html" "Mozilla/5.0 (Windows NT 10.0; Win64; x64) AppleWebKit/537.36 (KHTML, like Gecko) Chrome/140.0.0.0 Safari/537.36 Edg/140.0.0.0; 360Spider"
180.97.210.150 - - [24/Jan/2026:01:44:01 +0800] "GET /faq?_rsc=nip61 HTTP/1.1" 308 19 "https://www.shudaxia.com/faq/shezhi-shubiao-liandianqi-xunhuan-dianji.html" "Mozilla/5.0 (Windows NT 10.0; Win64; x64) AppleWebKit/537.36 (KHTML, like Gecko) Chrome/140.0.0.0 Safari/537.36 Edg/140.0.0.0; 360Spider"
180.97.210.175 - - [24/Jan/2026:01:44:01 +0800] "GET /faq/version/p1.html HTTP/1.1" 200 175 "https://www.shudaxia.com/faq/shezhi-shubiao-liandianqi-xunhuan-dianji.html" "Mozilla/5.0 (Windows NT 10.0; Win64; x64) AppleWebKit/537.36 (KHTML, like Gecko) Chrome/140.0.0.0 Safari/537.36 Edg/140.0.0.0; 360Spider"
180.97.210.149 - - [24/Jan/2026:01:44:01 +0800] "GET /faq/troubleshooting/p1.html HTTP/1.1" 200 181 "https://www.shudaxia.com/faq/shezhi-shubiao-liandianqi-xunhuan-dianji.html" "Mozilla/5.0 (Windows NT 10.0; Win64; x64) AppleWebKit/537.36 (KHTML, like Gecko) Chrome/140.0.0.0 Safari/537.36 Edg/140.0.0.0; 360Spider"
180.97.210.216 - - [24/Jan/2026:01:44:01 +0800] "GET /faq/usage/p1.html HTTP/1.1" 200 173 "https://www.shudaxia.com/faq/shezhi-shubiao-liandianqi-xunhuan-dianji.html" "Mozilla/5.0 (Windows NT 10.0; Win64; x64) AppleWebKit/537.36 (KHTML, like Gecko) Chrome/140.0.0.0 Safari/537.36 Edg/140.0.0.0; 360Spider"
180.97.210.163 - - [24/Jan/2026:01:44:01 +0800] "GET /faq.html HTTP/1.1" 200 165 "https://www.shudaxia.com/faq/shezhi-shubiao-liandianqi-xunhuan-dianji.html" "Mozilla/5.0 (Windows NT 10.0; Win64; x64) AppleWebKit/537.36 (KHTML, like Gecko) Chrome/140.0.0.0 Safari/537.36 Edg/140.0.0.0; 360Spider"
180.97.210.192 - - [24/Jan/2026:01:44:01 +0800] "GET /api/auth/session HTTP/1.1" 200 35 "https://www.shudaxia.com/faq/shezhi-shubiao-liandianqi-xunhuan-dianji.html" "Mozilla/5.0 (Windows NT 10.0; Win64; x64) AppleWebKit/537.36 (KHTML, like Gecko) Chrome/140.0.0.0 Safari/537.36 Edg/140.0.0.0; 360Spider"
180.97.210.156 - - [24/Jan/2026:01:44:01 +0800] "GET /scriptdiy?_rsc=nip61 HTTP/1.1" 308 25 "https://www.shudaxia.com/faq/shezhi-shubiao-liandianqi-xunhuan-dianji.html" "Mozilla/5.0 (Windows NT 10.0; Win64; x64) AppleWebKit/537.36 (KHTML, like Gecko) Chrome/140.0.0.0 Safari/537.36 Edg/140.0.0.0; 360Spider"
180.97.210.173 - - [24/Jan/2026:01:44:01 +0800] "GET /mouse-click-train?_rsc=nip61 HTTP/1.1" 308 34 "https://www.shudaxia.com/faq/shezhi-shubiao-liandianqi-xunhuan-dianji.html" "Mozilla/5.0 (Windows NT 10.0; Win64; x64) AppleWebKit/537.36 (KHTML, like Gecko) Chrome/140.0.0.0 Safari/537.36 Edg/140.0.0.0; 360Spider"
180.97.210.214 - - [24/Jan/2026:01:44:01 +0800] "GET /feedback?_rsc=nip61 HTTP/1.1" 308 24 "https://www.shudaxia.com/faq/shezhi-shubiao-liandianqi-xunhuan-dianji.html" "Mozilla/5.0 (Windows NT 10.0; Win64; x64) AppleWebKit/537.36 (KHTML, like Gecko) Chrome/140.0.0.0 Safari/537.36 Edg/140.0.0.0; 360Spider"
180.97.210.212 - - [24/Jan/2026:01:44:01 +0800] "GET /doc/quickstart/p1?_rsc=nip61 HTTP/1.1" 308 34 "https://www.shudaxia.com/faq/shezhi-shubiao-liandianqi-xunhuan-dianji.html" "Mozilla/5.0 (Windows NT 10.0; Win64; x64) AppleWebKit/537.36 (KHTML, like Gecko) Chrome/140.0.0.0 Safari/537.36 Edg/140.0.0.0; 360Spider"
180.97.210.185 - - [24/Jan/2026:01:44:02 +0800] "GET /doc/quickstart/p1.html HTTP/1.1" 200 177 "https://www.shudaxia.com/faq/shezhi-shubiao-liandianqi-xunhuan-dianji.html" "Mozilla/5.0 (Windows NT 10.0; Win64; x64) AppleWebKit/537.36 (KHTML, like Gecko) Chrome/140.0.0.0 Safari/537.36 Edg/140.0.0.0; 360Spider"
180.97.210.164 - - [24/Jan/2026:01:44:02 +0800] "GET /doc/practice/p1?_rsc=nip61 HTTP/1.1" 308 32 "https://www.shudaxia.com/faq/shezhi-shubiao-liandianqi-xunhuan-dianji.html" "Mozilla/5.0 (Windows NT 10.0; Win64; x64) AppleWebKit/537.36 (KHTML, like Gecko) Chrome/140.0.0.0 Safari/537.36 Edg/140.0.0.0; 360Spider"
180.97.210.171 - - [24/Jan/2026:01:44:02 +0800] "GET /doc/advanced/p1?_rsc=nip61 HTTP/1.1" 308 32 "https://www.shudaxia.com/faq/shezhi-shubiao-liandianqi-xunhuan-dianji.html" "Mozilla/5.0 (Windows NT 10.0; Win64; x64) AppleWebKit/537.36 (KHTML, like Gecko) Chrome/140.0.0.0 Safari/537.36 Edg/140.0.0.0; 360Spider"
180.97.210.199 - - [24/Jan/2026:01:44:02 +0800] "GET /news/p1?_rsc=nip61 HTTP/1.1" 308 23 "https://www.shudaxia.com/faq/shezhi-shubiao-liandianqi-xunhuan-dianji.html" "Mozilla/5.0 (Windows NT 10.0; Win64; x64) AppleWebKit/537.36 (KHTML, like Gecko) Chrome/140.0.0.0 Safari/537.36 Edg/140.0.0.0; 360Spider"
180.97.210.194 - - [24/Jan/2026:01:44:02 +0800] "GET /news/tools/p1?_rsc=nip61 HTTP/1.1" 308 30 "https://www.shudaxia.com/faq/shezhi-shubiao-liandianqi-xunhuan-dianji.html" "Mozilla/5.0 (Windows NT 10.0; Win64; x64) AppleWebKit/537.36 (KHTML, like Gecko) Chrome/140.0.0.0 Safari/537.36 Edg/140.0.0.0; 360Spider"
180.97.210.217 - - [24/Jan/2026:01:44:02 +0800] "GET /doc/practice/p1.html HTTP/1.1" 200 176 "https://www.shudaxia.com/faq/shezhi-shubiao-liandianqi-xunhuan-dianji.html" "Mozilla/5.0 (Windows NT 10.0; Win64; x64) AppleWebKit/537.36 (KHTML, like Gecko) Chrome/140.0.0.0 Safari/537.36 Edg/140.0.0.0; 360Spider"
180.97.210.160 - - [24/Jan/2026:01:44:03 +0800] "GET /news/tutorial/p1?_rsc=nip61 HTTP/1.1" 308 33 "https://www.shudaxia.com/faq/shezhi-shubiao-liandianqi-xunhuan-dianji.html" "Mozilla/5.0 (Windows NT 10.0; Win64; x64) AppleWebKit/537.36 (KHTML, like Gecko) Chrome/140.0.0.0 Safari/537.36 Edg/140.0.0.0; 360Spider"
180.97.210.156 - - [24/Jan/2026:01:44:03 +0800] "GET /doc/advanced/p1.html HTTP/1.1" 200 176 "https://www.shudaxia.com/faq/shezhi-shubiao-liandianqi-xunhuan-dianji.html" "Mozilla/5.0 (Windows NT 10.0; Win64; x64) AppleWebKit/537.36 (KHTML, like Gecko) Chrome/140.0.0.0 Safari/537.36 Edg/140.0.0.0; 360Spider"
180.97.210.174 - - [24/Jan/2026:01:44:03 +0800] "GET /news/tools/p1.html HTTP/1.1" 200 174 "https://www.shudaxia.com/faq/shezhi-shubiao-liandianqi-xunhuan-dianji.html" "Mozilla/5.0 (Windows NT 10.0; Win64; x64) AppleWebKit/537.36 (KHTML, like Gecko) Chrome/140.0.0.0 Safari/537.36 Edg/140.0.0.0; 360Spider"
180.97.210.202 - - [24/Jan/2026:01:44:03 +0800] "GET /news/p1.html HTTP/1.1" 200 169 "https://www.shudaxia.com/faq/shezhi-shubiao-liandianqi-xunhuan-dianji.html" "Mozilla/5.0 (Windows NT 10.0; Win64; x64) AppleWebKit/537.36 (KHTML, like Gecko) Chrome/140.0.0.0 Safari/537.36 Edg/140.0.0.0; 360Spider"
180.97.210.219 - - [24/Jan/2026:01:44:03 +0800] "GET /news/version/p1?_rsc=nip61 HTTP/1.1" 308 32 "https://www.shudaxia.com/faq/shezhi-shubiao-liandianqi-xunhuan-dianji.html" "Mozilla/5.0 (Windows NT 10.0; Win64; x64) AppleWebKit/537.36 (KHTML, like Gecko) Chrome/140.0.0.0 Safari/537.36 Edg/140.0.0.0; 360Spider"
180.97.210.182 - - [24/Jan/2026:01:44:03 +0800] "GET /news/tutorial/p1.html HTTP/1.1" 200 176 "https://www.shudaxia.com/faq/shezhi-shubiao-liandianqi-xunhuan-dianji.html" "Mozilla/5.0 (Windows NT 10.0; Win64; x64) AppleWebKit/537.36 (KHTML, like Gecko) Chrome/140.0.0.0 Safari/537.36 Edg/140.0.0.0; 360Spider"
180.97.210.159 - - [24/Jan/2026:01:44:03 +0800] "GET /faq/p1?_rsc=nip61 HTTP/1.1" 308 22 "https://www.shudaxia.com/faq/shezhi-shubiao-liandianqi-xunhuan-dianji.html" "Mozilla/5.0 (Windows NT 10.0; Win64; x64) AppleWebKit/537.36 (KHTML, like Gecko) Chrome/140.0.0.0 Safari/537.36 Edg/140.0.0.0; 360Spider"
180.97.210.165 - - [24/Jan/2026:01:44:03 +0800] "GET /faq/version/p1?_rsc=nip61 HTTP/1.1" 308 31 "https://www.shudaxia.com/faq/shezhi-shubiao-liandianqi-xunhuan-dianji.html" "Mozilla/5.0 (Windows NT 10.0; Win64; x64) AppleWebKit/537.36 (KHTML, like Gecko) Chrome/140.0.0.0 Safari/537.36 Edg/140.0.0.0; 360Spider"
180.97.210.150 - - [24/Jan/2026:01:44:03 +0800] "GET /faq/troubleshooting/p1?_rsc=nip61 HTTP/1.1" 308 39 "https://www.shudaxia.com/faq/shezhi-shubiao-liandianqi-xunhuan-dianji.html" "Mozilla/5.0 (Windows NT 10.0; Win64; x64) AppleWebKit/537.36 (KHTML, like Gecko) Chrome/140.0.0.0 Safari/537.36 Edg/140.0.0.0; 360Spider"
180.97.210.195 - - [24/Jan/2026:01:44:03 +0800] "GET /news/version/p1.html HTTP/1.1" 200 176 "https://www.shudaxia.com/faq/shezhi-shubiao-liandianqi-xunhuan-dianji.html" "Mozilla/5.0 (Windows NT 10.0; Win64; x64) AppleWebKit/537.36 (KHTML, like Gecko) Chrome/140.0.0.0 Safari/537.36 Edg/140.0.0.0; 360Spider"
180.97.210.150 - - [24/Jan/2026:01:44:04 +0800] "GET /faq/usage/p1?_rsc=nip61 HTTP/1.1" 308 29 "https://www.shudaxia.com/faq/shezhi-shubiao-liandianqi-xunhuan-dianji.html" "Mozilla/5.0 (Windows NT 10.0; Win64; x64) AppleWebKit/537.36 (KHTML, like Gecko) Chrome/140.0.0.0 Safari/537.36 Edg/140.0.0.0; 360Spider"
180.97.210.152 - - [24/Jan/2026:01:44:05 +0800] "GET /faq/p1.html HTTP/1.1" 200 168 "https://www.shudaxia.com/faq/shezhi-shubiao-liandianqi-xunhuan-dianji.html" "Mozilla/5.0 (Windows NT 10.0; Win64; x64) AppleWebKit/537.36 (KHTML, like Gecko) Chrome/140.0.0.0 Safari/537.36 Edg/140.0.0.0; 360Spider"
180.97.210.149 - - [24/Jan/2026:01:44:05 +0800] "GET /faq/troubleshooting/p1.html HTTP/1.1" 200 181 "https://www.shudaxia.com/faq/shezhi-shubiao-liandianqi-xunhuan-dianji.html" "Mozilla/5.0 (Windows NT 10.0; Win64; x64) AppleWebKit/537.36 (KHTML, like Gecko) Chrome/140.0.0.0 Safari/537.36 Edg/140.0.0.0; 360Spider"
180.97.210.175 - - [24/Jan/2026:01:44:05 +0800] "GET /faq/version/p1.html HTTP/1.1" 200 175 "https://www.shudaxia.com/faq/shezhi-shubiao-liandianqi-xunhuan-dianji.html" "Mozilla/5.0 (Windows NT 10.0; Win64; x64) AppleWebKit/537.36 (KHTML, like Gecko) Chrome/140.0.0.0 Safari/537.36 Edg/140.0.0.0; 360Spider"
180.97.210.150 - - [24/Jan/2026:01:44:05 +0800] "GET /faq?_rsc=nip61 HTTP/1.1" 308 19 "https://www.shudaxia.com/faq/shezhi-shubiao-liandianqi-xunhuan-dianji.html" "Mozilla/5.0 (Windows NT 10.0; Win64; x64) AppleWebKit/537.36 (KHTML, like Gecko) Chrome/140.0.0.0 Safari/537.36 Edg/140.0.0.0; 360Spider"
180.97.210.163 - - [24/Jan/2026:01:44:05 +0800] "GET /faq.html HTTP/1.1" 200 165 "https://www.shudaxia.com/faq/shezhi-shubiao-liandianqi-xunhuan-dianji.html" "Mozilla/5.0 (Windows NT 10.0; Win64; x64) AppleWebKit/537.36 (KHTML, like Gecko) Chrome/140.0.0.0 Safari/537.36 Edg/140.0.0.0; 360Spider"
180.97.210.216 - - [24/Jan/2026:01:44:05 +0800] "GET /faq/usage/p1.html HTTP/1.1" 200 173 "https://www.shudaxia.com/faq/shezhi-shubiao-liandianqi-xunhuan-dianji.html" "Mozilla/5.0 (Windows NT 10.0; Win64; x64) AppleWebKit/537.36 (KHTML, like Gecko) Chrome/140.0.0.0 Safari/537.36 Edg/140.0.0.0; 360Spider"
180.97.210.195 - - [24/Jan/2026:01:44:28 +0800] "GET /faq/kuai-su-dian-ji-qi.html HTTP/1.1" 200 15744 "-" "Mozilla/5.0 (Windows NT 10.0; Win64; x64) AppleWebKit/537.36 (KHTML, like Gecko) Chrome/140.0.0.0 Safari/537.36 Edg/140.0.0.0; 360Spider"
180.97.210.164 - - [24/Jan/2026:01:44:30 +0800] "GET /api/latest-version?platform=2 HTTP/1.1" 200 152 "https://www.shudaxia.com/faq/kuai-su-dian-ji-qi.html" "Mozilla/5.0 (Windows NT 10.0; Win64; x64) AppleWebKit/537.36 (KHTML, like Gecko) Chrome/140.0.0.0 Safari/537.36 Edg/140.0.0.0; 360Spider"
180.97.210.192 - - [24/Jan/2026:01:44:30 +0800] "GET /api/auth/session HTTP/1.1" 200 35 "https://www.shudaxia.com/faq/kuai-su-dian-ji-qi.html" "Mozilla/5.0 (Windows NT 10.0; Win64; x64) AppleWebKit/537.36 (KHTML, like Gecko) Chrome/140.0.0.0 Safari/537.36 Edg/140.0.0.0; 360Spider"
180.97.210.194 - - [24/Jan/2026:01:44:30 +0800] "GET /api/latest-version?platform=3 HTTP/1.1" 200 167 "https://www.shudaxia.com/faq/kuai-su-dian-ji-qi.html" "Mozilla/5.0 (Windows NT 10.0; Win64; x64) AppleWebKit/537.36 (KHTML, like Gecko) Chrome/140.0.0.0 Safari/537.36 Edg/140.0.0.0; 360Spider"
180.97.210.161 - - [24/Jan/2026:01:44:30 +0800] "GET /api/footer-links HTTP/1.1" 200 535 "https://www.shudaxia.com/faq/kuai-su-dian-ji-qi.html" "Mozilla/5.0 (Windows NT 10.0; Win64; x64) AppleWebKit/537.36 (KHTML, like Gecko) Chrome/140.0.0.0 Safari/537.36 Edg/140.0.0.0; 360Spider"
180.97.210.205 - - [24/Jan/2026:01:44:30 +0800] "POST /api/articles/61/view HTTP/1.1" 200 1636 "https://www.shudaxia.com/faq/kuai-su-dian-ji-qi.html" "Mozilla/5.0 (Windows NT 10.0; Win64; x64) AppleWebKit/537.36 (KHTML, like Gecko) Chrome/140.0.0.0 Safari/537.36 Edg/140.0.0.0; 360Spider"
180.97.210.194 - - [24/Jan/2026:01:44:30 +0800] "GET /doc/p1?_rsc=orma1 HTTP/1.1" 308 22 "https://www.shudaxia.com/faq/kuai-su-dian-ji-qi.html" "Mozilla/5.0 (Windows NT 10.0; Win64; x64) AppleWebKit/537.36 (KHTML, like Gecko) Chrome/140.0.0.0 Safari/537.36 Edg/140.0.0.0; 360Spider"
180.97.210.217 - - [24/Jan/2026:01:44:30 +0800] "GET /video?_rsc=orma1 HTTP/1.1" 308 21 "https://www.shudaxia.com/faq/kuai-su-dian-ji-qi.html" "Mozilla/5.0 (Windows NT 10.0; Win64; x64) AppleWebKit/537.36 (KHTML, like Gecko) Chrome/140.0.0.0 Safari/537.36 Edg/140.0.0.0; 360Spider"
180.97.210.216 - - [24/Jan/2026:01:44:30 +0800] "GET /mobile?_rsc=orma1 HTTP/1.1" 308 22 "https://www.shudaxia.com/faq/kuai-su-dian-ji-qi.html" "Mozilla/5.0 (Windows NT 10.0; Win64; x64) AppleWebKit/537.36 (KHTML, like Gecko) Chrome/140.0.0.0 Safari/537.36 Edg/140.0.0.0; 360Spider"
180.97.210.164 - - [24/Jan/2026:01:44:30 +0800] "GET /api/latest-version?platform=2 HTTP/1.1" 200 152 "https://www.shudaxia.com/faq/kuai-su-dian-ji-qi.html" "Mozilla/5.0 (Windows NT 10.0; Win64; x64) AppleWebKit/537.36 (KHTML, like Gecko) Chrome/140.0.0.0 Safari/537.36 Edg/140.0.0.0; 360Spider"
180.97.210.170 - - [24/Jan/2026:01:44:30 +0800] "GET /?_rsc=orma1 HTTP/1.1" 200 144 "https://www.shudaxia.com/faq/kuai-su-dian-ji-qi.html" "Mozilla/5.0 (Windows NT 10.0; Win64; x64) AppleWebKit/537.36 (KHTML, like Gecko) Chrome/140.0.0.0 Safari/537.36 Edg/140.0.0.0; 360Spider"
180.97.210.160 - - [24/Jan/2026:01:44:30 +0800] "GET /mouse-keyboard-test?_rsc=orma1 HTTP/1.1" 308 36 "https://www.shudaxia.com/faq/kuai-su-dian-ji-qi.html" "Mozilla/5.0 (Windows NT 10.0; Win64; x64) AppleWebKit/537.36 (KHTML, like Gecko) Chrome/140.0.0.0 Safari/537.36 Edg/140.0.0.0; 360Spider"
180.97.210.194 - - [24/Jan/2026:01:44:30 +0800] "GET /api/latest-version?platform=3 HTTP/1.1" 200 167 "https://www.shudaxia.com/faq/kuai-su-dian-ji-qi.html" "Mozilla/5.0 (Windows NT 10.0; Win64; x64) AppleWebKit/537.36 (KHTML, like Gecko) Chrome/140.0.0.0 Safari/537.36 Edg/140.0.0.0; 360Spider"
180.97.210.192 - - [24/Jan/2026:01:44:30 +0800] "GET /api/auth/session HTTP/1.1" 200 35 "https://www.shudaxia.com/faq/kuai-su-dian-ji-qi.html" "Mozilla/5.0 (Windows NT 10.0; Win64; x64) AppleWebKit/537.36 (KHTML, like Gecko) Chrome/140.0.0.0 Safari/537.36 Edg/140.0.0.0; 360Spider"
180.97.210.206 - - [24/Jan/2026:01:44:30 +0800] "GET /doc/p1.html HTTP/1.1" 200 168 "https://www.shudaxia.com/faq/kuai-su-dian-ji-qi.html" "Mozilla/5.0 (Windows NT 10.0; Win64; x64) AppleWebKit/537.36 (KHTML, like Gecko) Chrome/140.0.0.0 Safari/537.36 Edg/140.0.0.0; 360Spider"
180.97.210.202 - - [24/Jan/2026:01:44:30 +0800] "GET /mobile.html HTTP/1.1" 200 2234 "https://www.shudaxia.com/faq/kuai-su-dian-ji-qi.html" "Mozilla/5.0 (Windows NT 10.0; Win64; x64) AppleWebKit/537.36 (KHTML, like Gecko) Chrome/140.0.0.0 Safari/537.36 Edg/140.0.0.0; 360Spider"
180.97.210.163 - - [24/Jan/2026:01:44:30 +0800] "GET /cpstest?_rsc=orma1 HTTP/1.1" 308 23 "https://www.shudaxia.com/faq/kuai-su-dian-ji-qi.html" "Mozilla/5.0 (Windows NT 10.0; Win64; x64) AppleWebKit/537.36 (KHTML, like Gecko) Chrome/140.0.0.0 Safari/537.36 Edg/140.0.0.0; 360Spider"
180.97.210.188 - - [24/Jan/2026:01:44:30 +0800] "GET /mouse-keyboard-test.html HTTP/1.1" 200 2413 "https://www.shudaxia.com/faq/kuai-su-dian-ji-qi.html" "Mozilla/5.0 (Windows NT 10.0; Win64; x64) AppleWebKit/537.36 (KHTML, like Gecko) Chrome/140.0.0.0 Safari/537.36 Edg/140.0.0.0; 360Spider"
180.97.210.205 - - [24/Jan/2026:01:44:30 +0800] "GET /video.html HTTP/1.1" 200 3521 "https://www.shudaxia.com/faq/kuai-su-dian-ji-qi.html" "Mozilla/5.0 (Windows NT 10.0; Win64; x64) AppleWebKit/537.36 (KHTML, like Gecko) Chrome/140.0.0.0 Safari/537.36 Edg/140.0.0.0; 360Spider"
180.97.210.152 - - [24/Jan/2026:01:44:30 +0800] "GET /mouse-click-train?_rsc=orma1 HTTP/1.1" 308 34 "https://www.shudaxia.com/faq/kuai-su-dian-ji-qi.html" "Mozilla/5.0 (Windows NT 10.0; Win64; x64) AppleWebKit/537.36 (KHTML, like Gecko) Chrome/140.0.0.0 Safari/537.36 Edg/140.0.0.0; 360Spider"
180.97.210.187 - - [24/Jan/2026:01:44:30 +0800] "GET /feedback?_rsc=orma1 HTTP/1.1" 308 24 "https://www.shudaxia.com/faq/kuai-su-dian-ji-qi.html" "Mozilla/5.0 (Windows NT 10.0; Win64; x64) AppleWebKit/537.36 (KHTML, like Gecko) Chrome/140.0.0.0 Safari/537.36 Edg/140.0.0.0; 360Spider"
180.97.210.154 - - [24/Jan/2026:01:44:30 +0800] "GET /scriptdiy?_rsc=orma1 HTTP/1.1" 308 25 "https://www.shudaxia.com/faq/kuai-su-dian-ji-qi.html" "Mozilla/5.0 (Windows NT 10.0; Win64; x64) AppleWebKit/537.36 (KHTML, like Gecko) Chrome/140.0.0.0 Safari/537.36 Edg/140.0.0.0; 360Spider"
180.97.210.195 - - [24/Jan/2026:01:44:30 +0800] "GET /cpstest.html HTTP/1.1" 200 2347 "https://www.shudaxia.com/faq/kuai-su-dian-ji-qi.html" "Mozilla/5.0 (Windows NT 10.0; Win64; x64) AppleWebKit/537.36 (KHTML, like Gecko) Chrome/140.0.0.0 Safari/537.36 Edg/140.0.0.0; 360Spider"
180.97.210.149 - - [24/Jan/2026:01:44:30 +0800] "GET /doc/practice/p1?_rsc=orma1 HTTP/1.1" 308 32 "https://www.shudaxia.com/faq/kuai-su-dian-ji-qi.html" "Mozilla/5.0 (Windows NT 10.0; Win64; x64) AppleWebKit/537.36 (KHTML, like Gecko) Chrome/140.0.0.0 Safari/537.36 Edg/140.0.0.0; 360Spider"
180.97.210.158 - - [24/Jan/2026:01:44:30 +0800] "GET /feedback.html HTTP/1.1" 200 2313 "https://www.shudaxia.com/faq/kuai-su-dian-ji-qi.html" "Mozilla/5.0 (Windows NT 10.0; Win64; x64) AppleWebKit/537.36 (KHTML, like Gecko) Chrome/140.0.0.0 Safari/537.36 Edg/140.0.0.0; 360Spider"
180.97.210.222 - - [24/Jan/2026:01:44:30 +0800] "GET /doc/quickstart/p1?_rsc=orma1 HTTP/1.1" 308 34 "https://www.shudaxia.com/faq/kuai-su-dian-ji-qi.html" "Mozilla/5.0 (Windows NT 10.0; Win64; x64) AppleWebKit/537.36 (KHTML, like Gecko) Chrome/140.0.0.0 Safari/537.36 Edg/140.0.0.0; 360Spider"
180.97.210.186 - - [24/Jan/2026:01:44:30 +0800] "GET /mouse-click-train.html HTTP/1.1" 200 2720 "https://www.shudaxia.com/faq/kuai-su-dian-ji-qi.html" "Mozilla/5.0 (Windows NT 10.0; Win64; x64) AppleWebKit/537.36 (KHTML, like Gecko) Chrome/140.0.0.0 Safari/537.36 Edg/140.0.0.0; 360Spider"
180.97.210.156 - - [24/Jan/2026:01:44:30 +0800] "GET /scriptdiy.html HTTP/1.1" 200 4607 "https://www.shudaxia.com/faq/kuai-su-dian-ji-qi.html" "Mozilla/5.0 (Windows NT 10.0; Win64; x64) AppleWebKit/537.36 (KHTML, like Gecko) Chrome/140.0.0.0 Safari/537.36 Edg/140.0.0.0; 360Spider"
180.97.210.217 - - [24/Jan/2026:01:44:30 +0800] "GET /doc/practice/p1.html HTTP/1.1" 200 176 "https://www.shudaxia.com/faq/kuai-su-dian-ji-qi.html" "Mozilla/5.0 (Windows NT 10.0; Win64; x64) AppleWebKit/537.36 (KHTML, like Gecko) Chrome/140.0.0.0 Safari/537.36 Edg/140.0.0.0; 360Spider"
180.97.210.185 - - [24/Jan/2026:01:44:30 +0800] "GET /doc/quickstart/p1.html HTTP/1.1" 200 177 "https://www.shudaxia.com/faq/kuai-su-dian-ji-qi.html" "Mozilla/5.0 (Windows NT 10.0; Win64; x64) AppleWebKit/537.36 (KHTML, like Gecko) Chrome/140.0.0.0 Safari/537.36 Edg/140.0.0.0; 360Spider"
180.97.210.199 - - [24/Jan/2026:01:44:30 +0800] "GET /doc/advanced/p1?_rsc=orma1 HTTP/1.1" 308 32 "https://www.shudaxia.com/faq/kuai-su-dian-ji-qi.html" "Mozilla/5.0 (Windows NT 10.0; Win64; x64) AppleWebKit/537.36 (KHTML, like Gecko) Chrome/140.0.0.0 Safari/537.36 Edg/140.0.0.0; 360Spider"
180.97.210.150 - - [24/Jan/2026:01:44:30 +0800] "GET /news/tools/p1?_rsc=orma1 HTTP/1.1" 308 30 "https://www.shudaxia.com/faq/kuai-su-dian-ji-qi.html" "Mozilla/5.0 (Windows NT 10.0; Win64; x64) AppleWebKit/537.36 (KHTML, like Gecko) Chrome/140.0.0.0 Safari/537.36 Edg/140.0.0.0; 360Spider"
180.97.210.178 - - [24/Jan/2026:01:44:30 +0800] "GET /news/p1?_rsc=orma1 HTTP/1.1" 308 23 "https://www.shudaxia.com/faq/kuai-su-dian-ji-qi.html" "Mozilla/5.0 (Windows NT 10.0; Win64; x64) AppleWebKit/537.36 (KHTML, like Gecko) Chrome/140.0.0.0 Safari/537.36 Edg/140.0.0.0; 360Spider"
180.97.210.202 - - [24/Jan/2026:01:44:30 +0800] "GET /news/p1.html HTTP/1.1" 200 169 "https://www.shudaxia.com/faq/kuai-su-dian-ji-qi.html" "Mozilla/5.0 (Windows NT 10.0; Win64; x64) AppleWebKit/537.36 (KHTML, like Gecko) Chrome/140.0.0.0 Safari/537.36 Edg/140.0.0.0; 360Spider"
180.97.210.172 - - [24/Jan/2026:01:44:30 +0800] "GET /news/tutorial/p1?_rsc=orma1 HTTP/1.1" 308 33 "https://www.shudaxia.com/faq/kuai-su-dian-ji-qi.html" "Mozilla/5.0 (Windows NT 10.0; Win64; x64) AppleWebKit/537.36 (KHTML, like Gecko) Chrome/140.0.0.0 Safari/537.36 Edg/140.0.0.0; 360Spider"
180.97.210.199 - - [24/Jan/2026:01:44:30 +0800] "GET /news/version/p1?_rsc=orma1 HTTP/1.1" 308 32 "https://www.shudaxia.com/faq/kuai-su-dian-ji-qi.html" "Mozilla/5.0 (Windows NT 10.0; Win64; x64) AppleWebKit/537.36 (KHTML, like Gecko) Chrome/140.0.0.0 Safari/537.36 Edg/140.0.0.0; 360Spider"
180.97.210.156 - - [24/Jan/2026:01:44:30 +0800] "GET /doc/advanced/p1.html HTTP/1.1" 200 176 "https://www.shudaxia.com/faq/kuai-su-dian-ji-qi.html" "Mozilla/5.0 (Windows NT 10.0; Win64; x64) AppleWebKit/537.36 (KHTML, like Gecko) Chrome/140.0.0.0 Safari/537.36 Edg/140.0.0.0; 360Spider"
180.97.210.174 - - [24/Jan/2026:01:44:30 +0800] "GET /news/tools/p1.html HTTP/1.1" 200 174 "https://www.shudaxia.com/faq/kuai-su-dian-ji-qi.html" "Mozilla/5.0 (Windows NT 10.0; Win64; x64) AppleWebKit/537.36 (KHTML, like Gecko) Chrome/140.0.0.0 Safari/537.36 Edg/140.0.0.0; 360Spider"
180.97.210.182 - - [24/Jan/2026:01:44:31 +0800] "GET /news/tutorial/p1.html HTTP/1.1" 200 176 "https://www.shudaxia.com/faq/kuai-su-dian-ji-qi.html" "Mozilla/5.0 (Windows NT 10.0; Win64; x64) AppleWebKit/537.36 (KHTML, like Gecko) Chrome/140.0.0.0 Safari/537.36 Edg/140.0.0.0; 360Spider"
180.97.210.195 - - [24/Jan/2026:01:44:31 +0800] "GET /news/version/p1.html HTTP/1.1" 200 176 "https://www.shudaxia.com/faq/kuai-su-dian-ji-qi.html" "Mozilla/5.0 (Windows NT 10.0; Win64; x64) AppleWebKit/537.36 (KHTML, like Gecko) Chrome/140.0.0.0 Safari/537.36 Edg/140.0.0.0; 360Spider"
180.97.210.161 - - [24/Jan/2026:01:44:31 +0800] "GET /faq/p1?_rsc=orma1 HTTP/1.1" 308 22 "https://www.shudaxia.com/faq/kuai-su-dian-ji-qi.html" "Mozilla/5.0 (Windows NT 10.0; Win64; x64) AppleWebKit/537.36 (KHTML, like Gecko) Chrome/140.0.0.0 Safari/537.36 Edg/140.0.0.0; 360Spider"
180.97.210.165 - - [24/Jan/2026:01:44:31 +0800] "GET /faq/troubleshooting/p1?_rsc=orma1 HTTP/1.1" 308 39 "https://www.shudaxia.com/faq/kuai-su-dian-ji-qi.html" "Mozilla/5.0 (Windows NT 10.0; Win64; x64) AppleWebKit/537.36 (KHTML, like Gecko) Chrome/140.0.0.0 Safari/537.36 Edg/140.0.0.0; 360Spider"
180.97.210.200 - - [24/Jan/2026:01:44:31 +0800] "GET /faq/version/p1?_rsc=orma1 HTTP/1.1" 308 31 "https://www.shudaxia.com/faq/kuai-su-dian-ji-qi.html" "Mozilla/5.0 (Windows NT 10.0; Win64; x64) AppleWebKit/537.36 (KHTML, like Gecko) Chrome/140.0.0.0 Safari/537.36 Edg/140.0.0.0; 360Spider"
180.97.210.206 - - [24/Jan/2026:01:44:31 +0800] "GET /faq?_rsc=orma1 HTTP/1.1" 308 19 "https://www.shudaxia.com/faq/kuai-su-dian-ji-qi.html" "Mozilla/5.0 (Windows NT 10.0; Win64; x64) AppleWebKit/537.36 (KHTML, like Gecko) Chrome/140.0.0.0 Safari/537.36 Edg/140.0.0.0; 360Spider"
180.97.210.160 - - [24/Jan/2026:01:44:31 +0800] "GET /faq/usage/p1?_rsc=orma1 HTTP/1.1" 308 29 "https://www.shudaxia.com/faq/kuai-su-dian-ji-qi.html" "Mozilla/5.0 (Windows NT 10.0; Win64; x64) AppleWebKit/537.36 (KHTML, like Gecko) Chrome/140.0.0.0 Safari/537.36 Edg/140.0.0.0; 360Spider"
180.97.210.152 - - [24/Jan/2026:01:44:31 +0800] "GET /faq/p1.html HTTP/1.1" 200 168 "https://www.shudaxia.com/faq/kuai-su-dian-ji-qi.html" "Mozilla/5.0 (Windows NT 10.0; Win64; x64) AppleWebKit/537.36 (KHTML, like Gecko) Chrome/140.0.0.0 Safari/537.36 Edg/140.0.0.0; 360Spider"
180.97.210.149 - - [24/Jan/2026:01:44:31 +0800] "GET /faq/troubleshooting/p1.html HTTP/1.1" 200 181 "https://www.shudaxia.com/faq/kuai-su-dian-ji-qi.html" "Mozilla/5.0 (Windows NT 10.0; Win64; x64) AppleWebKit/537.36 (KHTML, like Gecko) Chrome/140.0.0.0 Safari/537.36 Edg/140.0.0.0; 360Spider"
