111.6.230.203 - - [23/Jan/2026:01:20:50 +0800] "GET /api/auth/session HTTP/1.1" 200 35 "https://www.shudaxia.com/faq/p2.html" "YisouSpider"
111.6.230.164 - - [23/Jan/2026:01:20:50 +0800] "GET /api/latest-version?platform=2 HTTP/1.1" 200 152 "https://www.shudaxia.com/faq/houtaidianji.html" "YisouSpider"
111.6.230.215 - - [23/Jan/2026:01:20:50 +0800] "GET /faq/usage/p1.html HTTP/1.1" 200 172 "https://www.shudaxia.com/faq/luping.html" "YisouSpider"
111.6.230.203 - - [23/Jan/2026:01:20:50 +0800] "GET /api/latest-version?platform=3 HTTP/1.1" 200 167 "https://www.shudaxia.com/faq/houtaidianji.html" "YisouSpider"
111.6.230.220 - - [23/Jan/2026:01:20:50 +0800] "POST /api/articles/41/view HTTP/1.1" 200 1383 "https://www.shudaxia.com/faq/houtaidianji.html" "YisouSpider"
111.6.230.165 - - [23/Jan/2026:01:20:50 +0800] "GET /api/footer-links HTTP/1.1" 200 535 "https://www.shudaxia.com/faq/houtaidianji.html" "YisouSpider"
111.6.230.158 - - [23/Jan/2026:01:20:50 +0800] "GET /video?_rsc=1g2l1 HTTP/1.1" 308 21 "https://www.shudaxia.com/faq/houtaidianji.html" "YisouSpider"
111.6.230.152 - - [23/Jan/2026:01:20:50 +0800] "GET /mobile?_rsc=1g2l1 HTTP/1.1" 308 22 "https://www.shudaxia.com/faq/houtaidianji.html" "YisouSpider"
111.6.230.208 - - [23/Jan/2026:01:20:50 +0800] "GET /mouse-click-train?_rsc=1dt1n HTTP/1.1" 308 34 "https://www.shudaxia.com/faq/shudaxia-zen-me-she-zhi-cao-zuo.html" "YisouSpider"
111.6.230.169 - - [23/Jan/2026:01:20:50 +0800] "GET /cpstest?_rsc=1b085 HTTP/1.1" 308 23 "https://www.shudaxia.com/faq/p2.html" "YisouSpider"
111.6.230.203 - - [23/Jan/2026:01:20:50 +0800] "GET /api/auth/session HTTP/1.1" 200 35 "https://www.shudaxia.com/faq/houtaidianji.html" "YisouSpider"
111.6.230.199 - - [23/Jan/2026:01:20:50 +0800] "GET /faq/houtaidianji.html HTTP/1.1" 200 174 "https://www.shudaxia.com/faq/p1.html" "YisouSpider"
111.6.230.164 - - [23/Jan/2026:01:20:50 +0800] "GET /api/latest-version?platform=2 HTTP/1.1" 200 152 "https://www.shudaxia.com/faq/houtaidianji.html" "YisouSpider"
111.6.230.215 - - [23/Jan/2026:01:20:50 +0800] "GET /faq/usage/p1.html HTTP/1.1" 200 172 "https://www.shudaxia.com/faq/p1.html" "YisouSpider"
111.6.230.219 - - [23/Jan/2026:01:20:50 +0800] "GET /?_rsc=1g2l1 HTTP/1.1" 200 144 "https://www.shudaxia.com/faq/houtaidianji.html" "YisouSpider"
111.6.230.231 - - [23/Jan/2026:01:20:50 +0800] "GET /faq/p1?_rsc=orma1 HTTP/1.1" 308 22 "https://www.shudaxia.com/faq/kuai-su-dian-ji-qi.html" "YisouSpider"
111.6.230.219 - - [23/Jan/2026:01:20:50 +0800] "GET /doc/p1?_rsc=1g2l1 HTTP/1.1" 308 22 "https://www.shudaxia.com/faq/houtaidianji.html" "YisouSpider"
111.6.230.178 - - [23/Jan/2026:01:20:50 +0800] "GET /faq/shu-biao-lian-dian-qi-zui-xin-wen-ti-hui-zong.html HTTP/1.1" 200 197 "https://www.shudaxia.com/faq/p1.html" "YisouSpider"
111.6.230.213 - - [23/Jan/2026:01:20:50 +0800] "GET /doc/p1.html HTTP/1.1" 200 167 "https://www.shudaxia.com/faq/p2.html" "YisouSpider"
111.6.230.181 - - [23/Jan/2026:01:20:50 +0800] "GET /feedback?_rsc=1dt1n HTTP/1.1" 308 24 "https://www.shudaxia.com/faq/shudaxia-zen-me-she-zhi-cao-zuo.html" "YisouSpider"
111.6.230.225 - - [23/Jan/2026:01:20:50 +0800] "GET /scriptdiy?_rsc=1dt1n HTTP/1.1" 308 25 "https://www.shudaxia.com/faq/shudaxia-zen-me-she-zhi-cao-zuo.html" "YisouSpider"
111.6.230.163 - - [23/Jan/2026:01:20:50 +0800] "GET /faq/shudaxianew.html HTTP/1.1" 200 173 "https://www.shudaxia.com/faq/p1.html" "YisouSpider"
111.6.230.226 - - [23/Jan/2026:01:20:50 +0800] "GET /faq/version/p1?_rsc=orma1 HTTP/1.1" 308 31 "https://www.shudaxia.com/faq/kuai-su-dian-ji-qi.html" "YisouSpider"
111.6.230.178 - - [23/Jan/2026:01:20:50 +0800] "GET /faq/troubleshooting/p1.html HTTP/1.1" 200 180 "https://www.shudaxia.com/faq/p1.html" "YisouSpider"
111.6.230.205 - - [23/Jan/2026:01:20:50 +0800] "GET /mouse-keyboard-test.html HTTP/1.1" 200 2412 "https://www.shudaxia.com/faq/houtaidianji.html" "YisouSpider"
111.6.230.203 - - [23/Jan/2026:01:20:50 +0800] "GET /api/latest-version?platform=3 HTTP/1.1" 200 167 "https://www.shudaxia.com/faq/shudaxianew.html" "YisouSpider"
111.6.230.216 - - [23/Jan/2026:01:20:50 +0800] "GET /mobile.html HTTP/1.1" 200 2232 "https://www.shudaxia.com/faq/change-startup-hotkey.html" "YisouSpider"
111.6.230.154 - - [23/Jan/2026:01:20:50 +0800] "GET /faq.html HTTP/1.1" 200 164 "https://www.shudaxia.com/faq/luping.html" "YisouSpider"
111.6.230.207 - - [23/Jan/2026:01:20:50 +0800] "GET /doc/quickstart/p1?_rsc=1dt1n HTTP/1.1" 308 34 "https://www.shudaxia.com/faq/shudaxia-zen-me-she-zhi-cao-zuo.html" "YisouSpider"
111.6.230.207 - - [23/Jan/2026:01:20:50 +0800] "GET /doc/p1?_rsc=2q6zt HTTP/1.1" 308 22 "https://www.shudaxia.com/faq/shudaxianew.html" "YisouSpider"
111.6.230.216 - - [23/Jan/2026:01:20:50 +0800] "GET /doc/practice/p1?_rsc=1dt1n HTTP/1.1" 308 32 "https://www.shudaxia.com/faq/shudaxia-zen-me-she-zhi-cao-zuo.html" "YisouSpider"
111.6.230.164 - - [23/Jan/2026:01:20:50 +0800] "GET /api/latest-version?platform=2 HTTP/1.1" 200 152 "https://www.shudaxia.com/faq/shudaxianew.html" "YisouSpider"
111.6.230.203 - - [23/Jan/2026:01:20:50 +0800] "GET /api/latest-version?platform=3 HTTP/1.1" 200 167 "https://www.shudaxia.com/faq/shudaxianew.html" "YisouSpider"
111.6.230.188 - - [23/Jan/2026:01:20:50 +0800] "GET /mouse-keyboard-test?_rsc=2q6zt HTTP/1.1" 308 36 "https://www.shudaxia.com/faq/shudaxianew.html" "YisouSpider"
111.6.230.185 - - [23/Jan/2026:01:20:50 +0800] "GET /video?_rsc=2q6zt HTTP/1.1" 308 21 "https://www.shudaxia.com/faq/shudaxianew.html" "YisouSpider"
111.6.230.227 - - [23/Jan/2026:01:20:50 +0800] "GET /faq/troubleshooting/p1?_rsc=orma1 HTTP/1.1" 308 39 "https://www.shudaxia.com/faq/kuai-su-dian-ji-qi.html" "YisouSpider"
111.6.230.192 - - [23/Jan/2026:01:20:50 +0800] "GET /faq/houtaidianji?_rsc=ek2px HTTP/1.1" 308 33 "https://www.shudaxia.com/faq/p1.html" "YisouSpider"
111.6.230.154 - - [23/Jan/2026:01:20:50 +0800] "GET /faq.html HTTP/1.1" 200 164 "https://www.shudaxia.com/faq/shu-biao-lian-dian-qi-zui-xin-wen-ti-hui-zong.html" "YisouSpider"
111.6.230.203 - - [23/Jan/2026:01:20:50 +0800] "GET /api/auth/session HTTP/1.1" 200 35 "https://www.shudaxia.com/faq/shudaxianew.html" "YisouSpider"
111.6.230.163 - - [23/Jan/2026:01:20:50 +0800] "GET /faq/shezhi-shubiao-liandianqi-xunhuan-dianji?_rsc=ek2px HTTP/1.1" 308 61 "https://www.shudaxia.com/faq/p1.html" "YisouSpider"
111.6.230.156 - - [23/Jan/2026:01:20:50 +0800] "GET /mouse-click-train.html HTTP/1.1" 200 2712 "https://www.shudaxia.com/faq/shudaxia-zen-me-she-zhi-cao-zuo.html" "YisouSpider"
111.6.230.210 - - [23/Jan/2026:01:20:50 +0800] "GET /video.html HTTP/1.1" 200 3514 "https://www.shudaxia.com/faq/houtaidianji.html" "YisouSpider"
111.6.230.164 - - [23/Jan/2026:01:20:50 +0800] "GET /api/latest-version?platform=2 HTTP/1.1" 200 152 "https://www.shudaxia.com/faq/shudaxianew.html" "YisouSpider"
111.6.230.176 - - [23/Jan/2026:01:20:50 +0800] "GET /faq/kuai-su-dian-ji-qi.html HTTP/1.1" 200 179 "https://www.shudaxia.com/faq/p1.html" "YisouSpider"
111.6.230.178 - - [23/Jan/2026:01:20:50 +0800] "GET /news/version/p1.html HTTP/1.1" 200 175 "https://www.shudaxia.com/faq/kuai-su-dian-ji-qi.html" "YisouSpider"
111.6.230.165 - - [23/Jan/2026:01:20:50 +0800] "GET /api/footer-links HTTP/1.1" 200 535 "https://www.shudaxia.com/faq/shudaxianew.html" "YisouSpider"
111.6.230.165 - - [23/Jan/2026:01:20:50 +0800] "GET /mobile?_rsc=2q6zt HTTP/1.1" 308 22 "https://www.shudaxia.com/faq/shudaxianew.html" "YisouSpider"
111.6.230.210 - - [23/Jan/2026:01:20:50 +0800] "POST /api/articles/39/view HTTP/1.1" 200 1602 "https://www.shudaxia.com/faq/shudaxianew.html" "YisouSpider"
111.6.230.216 - - [23/Jan/2026:01:20:51 +0800] "GET /mobile.html HTTP/1.1" 200 2232 "https://www.shudaxia.com/faq/houtaidianji.html" "YisouSpider"
111.6.230.161 - - [23/Jan/2026:01:20:51 +0800] "GET /mouse-click-train?_rsc=1b085 HTTP/1.1" 308 34 "https://www.shudaxia.com/faq/p2.html" "YisouSpider"
111.6.230.184 - - [23/Jan/2026:01:20:51 +0800] "GET /faq/usage/p1?_rsc=orma1 HTTP/1.1" 308 29 "https://www.shudaxia.com/faq/kuai-su-dian-ji-qi.html" "YisouSpider"
111.6.230.159 - - [23/Jan/2026:01:20:51 +0800] "GET /?_rsc=2q6zt HTTP/1.1" 200 144 "https://www.shudaxia.com/faq/shudaxianew.html" "YisouSpider"
111.6.230.155 - - [23/Jan/2026:01:20:51 +0800] "GET /faq/p1.html HTTP/1.1" 200 167 "https://www.shudaxia.com/faq/kuai-su-dian-ji-qi.html" "YisouSpider"
111.6.230.212 - - [23/Jan/2026:01:20:51 +0800] "GET /faq/shudaxianew?_rsc=ek2px HTTP/1.1" 308 32 "https://www.shudaxia.com/faq/p1.html" "YisouSpider"
111.6.230.197 - - [23/Jan/2026:01:20:51 +0800] "GET /doc/quickstart/p1?_rsc=1b085 HTTP/1.1" 308 34 "https://www.shudaxia.com/faq/p2.html" "YisouSpider"
111.6.230.177 - - [23/Jan/2026:01:20:51 +0800] "GET /scriptdiy?_rsc=1b085 HTTP/1.1" 308 25 "https://www.shudaxia.com/faq/p2.html" "YisouSpider"
111.6.230.205 - - [23/Jan/2026:01:20:51 +0800] "GET /feedback.html HTTP/1.1" 200 2295 "https://www.shudaxia.com/faq/shudaxia-zen-me-she-zhi-cao-zuo.html" "YisouSpider"
111.6.230.214 - - [23/Jan/2026:01:20:51 +0800] "GET /feedback?_rsc=1b085 HTTP/1.1" 308 24 "https://www.shudaxia.com/faq/p2.html" "YisouSpider"
111.6.230.157 - - [23/Jan/2026:01:20:51 +0800] "GET /faq/version/p1.html HTTP/1.1" 200 174 "https://www.shudaxia.com/faq/kuai-su-dian-ji-qi.html" "YisouSpider"
111.6.230.221 - - [23/Jan/2026:01:20:51 +0800] "GET /faq/zhaotu?_rsc=ek2px HTTP/1.1" 308 27 "https://www.shudaxia.com/faq/p1.html" "YisouSpider"
111.6.230.177 - - [23/Jan/2026:01:20:51 +0800] "GET /doc/practice/p1.html HTTP/1.1" 200 175 "https://www.shudaxia.com/faq/shudaxia-zen-me-she-zhi-cao-zuo.html" "YisouSpider"
111.6.230.149 - - [23/Jan/2026:01:20:51 +0800] "GET /scriptdiy.html HTTP/1.1" 200 4606 "https://www.shudaxia.com/faq/shudaxia-zen-me-she-zhi-cao-zuo.html" "YisouSpider"
111.6.230.231 - - [23/Jan/2026:01:20:51 +0800] "GET /faq/shezhi-shubiao-liandianqi-xunhuan-dianji.html HTTP/1.1" 200 194 "https://www.shudaxia.com/faq/p1.html" "YisouSpider"
111.6.230.217 - - [23/Jan/2026:01:20:51 +0800] "GET /doc/practice/p1?_rsc=1b085 HTTP/1.1" 308 32 "https://www.shudaxia.com/faq/p2.html" "YisouSpider"
111.6.230.213 - - [23/Jan/2026:01:20:51 +0800] "GET /doc/p1.html HTTP/1.1" 200 167 "https://www.shudaxia.com/faq/shudaxianew.html" "YisouSpider"
111.6.230.170 - - [23/Jan/2026:01:20:51 +0800] "GET /doc/quickstart/p1.html HTTP/1.1" 200 176 "https://www.shudaxia.com/faq/shudaxia-zen-me-she-zhi-cao-zuo.html" "YisouSpider"
111.6.230.199 - - [23/Jan/2026:01:20:51 +0800] "GET /faq/houtaidianji.html HTTP/1.1" 200 174 "https://www.shudaxia.com/faq/p1.html" "YisouSpider"
111.6.230.184 - - [23/Jan/2026:01:20:51 +0800] "GET /doc/advanced/p1?_rsc=1dt1n HTTP/1.1" 308 32 "https://www.shudaxia.com/faq/shudaxia-zen-me-she-zhi-cao-zuo.html" "YisouSpider"
111.6.230.210 - - [23/Jan/2026:01:20:51 +0800] "GET /video.html HTTP/1.1" 200 3514 "https://www.shudaxia.com/faq/change-startup-hotkey.html" "YisouSpider"
111.6.230.164 - - [23/Jan/2026:01:20:51 +0800] "GET /faq/shubiaohong?_rsc=ek2px HTTP/1.1" 308 32 "https://www.shudaxia.com/faq/p1.html" "YisouSpider"
111.6.230.178 - - [23/Jan/2026:01:20:51 +0800] "GET /faq/troubleshooting/p1.html HTTP/1.1" 200 180 "https://www.shudaxia.com/faq/kuai-su-dian-ji-qi.html" "YisouSpider"
111.6.230.205 - - [23/Jan/2026:01:20:51 +0800] "GET /mouse-keyboard-test.html HTTP/1.1" 200 2412 "https://www.shudaxia.com/faq/change-startup-hotkey.html" "YisouSpider"
111.6.230.170 - - [23/Jan/2026:01:20:51 +0800] "GET /doc/quickstart/p1.html HTTP/1.1" 200 176 "https://www.shudaxia.com/faq/p2.html" "YisouSpider"
111.6.230.213 - - [23/Jan/2026:01:20:51 +0800] "GET /doc/p1.html HTTP/1.1" 200 167 "https://www.shudaxia.com/faq/change-startup-hotkey.html" "YisouSpider"
111.6.230.196 - - [23/Jan/2026:01:20:51 +0800] "GET /faq?_rsc=orma1 HTTP/1.1" 308 19 "https://www.shudaxia.com/faq/kuai-su-dian-ji-qi.html" "YisouSpider"
111.6.230.210 - - [23/Jan/2026:01:20:51 +0800] "GET /video.html HTTP/1.1" 200 3514 "https://www.shudaxia.com/faq/shudaxianew.html" "YisouSpider"
111.6.230.163 - - [23/Jan/2026:01:20:51 +0800] "GET /faq/shudaxianew.html HTTP/1.1" 200 173 "https://www.shudaxia.com/faq/p1.html" "YisouSpider"
111.6.230.192 - - [23/Jan/2026:01:20:51 +0800] "GET /mouse-click-train?_rsc=1g2l1 HTTP/1.1" 308 34 "https://www.shudaxia.com/faq/houtaidianji.html" "YisouSpider"
111.6.230.155 - - [23/Jan/2026:01:20:51 +0800] "GET /feedback?_rsc=1g2l1 HTTP/1.1" 308 24 "https://www.shudaxia.com/faq/houtaidianji.html" "YisouSpider"
111.6.230.176 - - [23/Jan/2026:01:20:51 +0800] "GET /scriptdiy?_rsc=1g2l1 HTTP/1.1" 308 25 "https://www.shudaxia.com/faq/houtaidianji.html" "YisouSpider"
111.6.230.205 - - [23/Jan/2026:01:20:51 +0800] "GET /mouse-keyboard-test.html HTTP/1.1" 200 2412 "https://www.shudaxia.com/faq/shudaxianew.html" "YisouSpider"
111.6.230.203 - - [23/Jan/2026:01:20:51 +0800] "GET /api/auth/session HTTP/1.1" 200 35 "https://www.shudaxia.com/faq/houtaidianji.html" "YisouSpider"
111.6.230.213 - - [23/Jan/2026:01:20:51 +0800] "GET /doc/p1.html HTTP/1.1" 200 167 "https://www.shudaxia.com/faq/houtaidianji.html" "YisouSpider"
111.6.230.215 - - [23/Jan/2026:01:20:51 +0800] "GET /faq/usage/p1.html HTTP/1.1" 200 172 "https://www.shudaxia.com/faq/kuai-su-dian-ji-qi.html" "YisouSpider"
111.6.230.208 - - [23/Jan/2026:01:20:51 +0800] "GET /news/tools/p1?_rsc=nip61 HTTP/1.1" 308 30 "https://www.shudaxia.com/faq/shezhi-shubiao-liandianqi-xunhuan-dianji.html" "YisouSpider"
111.6.230.216 - - [23/Jan/2026:01:20:51 +0800] "GET /mobile.html HTTP/1.1" 200 2232 "https://www.shudaxia.com/faq/shudaxianew.html" "YisouSpider"
111.6.230.177 - - [23/Jan/2026:01:20:51 +0800] "GET /doc/practice/p1.html HTTP/1.1" 200 175 "https://www.shudaxia.com/faq/p2.html" "YisouSpider"
111.6.230.229 - - [23/Jan/2026:01:20:51 +0800] "GET /faq/zhaotu.html HTTP/1.1" 200 170 "https://www.shudaxia.com/faq/p1.html" "YisouSpider"
111.6.230.197 - - [23/Jan/2026:01:20:51 +0800] "GET /cpstest?_rsc=1g2l1 HTTP/1.1" 308 23 "https://www.shudaxia.com/faq/houtaidianji.html" "YisouSpider"
111.6.230.155 - - [23/Jan/2026:01:20:51 +0800] "GET /doc/practice/p1?_rsc=nip61 HTTP/1.1" 308 32 "https://www.shudaxia.com/faq/shezhi-shubiao-liandianqi-xunhuan-dianji.html" "YisouSpider"
111.6.230.203 - - [23/Jan/2026:01:20:51 +0800] "GET /news/p1?_rsc=1dt1n HTTP/1.1" 308 23 "https://www.shudaxia.com/faq/shudaxia-zen-me-she-zhi-cao-zuo.html" "YisouSpider"
111.6.230.172 - - [23/Jan/2026:01:20:51 +0800] "GET /doc/advanced/p1?_rsc=1b085 HTTP/1.1" 308 32 "https://www.shudaxia.com/faq/p2.html" "YisouSpider"
111.6.230.190 - - [23/Jan/2026:01:20:51 +0800] "GET /doc/advanced/p1?_rsc=nip61 HTTP/1.1" 308 32 "https://www.shudaxia.com/faq/shezhi-shubiao-liandianqi-xunhuan-dianji.html" "YisouSpider"
111.6.230.228 - - [23/Jan/2026:01:20:51 +0800] "GET /news/tutorial/p1?_rsc=1dt1n HTTP/1.1" 308 33 "https://www.shudaxia.com/faq/shudaxia-zen-me-she-zhi-cao-zuo.html" "YisouSpider"
111.6.230.199 - - [23/Jan/2026:01:20:51 +0800] "GET /news/tools/p1?_rsc=1dt1n HTTP/1.1" 308 30 "https://www.shudaxia.com/faq/shudaxia-zen-me-she-zhi-cao-zuo.html" "YisouSpider"
111.6.230.224 - - [23/Jan/2026:01:20:51 +0800] "GET /news/p1?_rsc=nip61 HTTP/1.1" 308 23 "https://www.shudaxia.com/faq/shezhi-shubiao-liandianqi-xunhuan-dianji.html" "YisouSpider"
111.6.230.170 - - [23/Jan/2026:01:20:51 +0800] "GET /faq/shubiaohong.html HTTP/1.1" 200 173 "https://www.shudaxia.com/faq/p1.html" "YisouSpider"
111.6.230.220 - - [23/Jan/2026:01:20:51 +0800] "GET /news/tools/p1?_rsc=1b085 HTTP/1.1" 308 30 "https://www.shudaxia.com/faq/p2.html" "YisouSpider"
111.6.230.156 - - [23/Jan/2026:01:20:51 +0800] "GET /mouse-click-train.html HTTP/1.1" 200 2712 "https://www.shudaxia.com/faq/houtaidianji.html" "YisouSpider"
111.6.230.228 - - [23/Jan/2026:01:20:51 +0800] "GET /news/version/p1?_rsc=1dt1n HTTP/1.1" 308 32 "https://www.shudaxia.com/faq/shudaxia-zen-me-she-zhi-cao-zuo.html" "YisouSpider"
111.6.230.180 - - [23/Jan/2026:01:20:51 +0800] "GET /news/tutorial/p1?_rsc=1b085 HTTP/1.1" 308 33 "https://www.shudaxia.com/faq/p2.html" "YisouSpider"
111.6.230.218 - - [23/Jan/2026:01:20:51 +0800] "GET /news/tutorial/p1?_rsc=nip61 HTTP/1.1" 308 33 "https://www.shudaxia.com/faq/shezhi-shubiao-liandianqi-xunhuan-dianji.html" "YisouSpider"
111.6.230.155 - - [23/Jan/2026:01:20:51 +0800] "GET /doc/advanced/p1.html HTTP/1.1" 200 175 "https://www.shudaxia.com/faq/shudaxia-zen-me-she-zhi-cao-zuo.html" "YisouSpider"
111.6.230.229 - - [23/Jan/2026:01:20:51 +0800] "GET /faq/shudaxia-she-zhi-liao-mei-fan-ying.html HTTP/1.1" 200 14451 "-" "YisouSpider"
111.6.230.151 - - [23/Jan/2026:01:20:51 +0800] "GET /news/p1?_rsc=1b085 HTTP/1.1" 308 23 "https://www.shudaxia.com/faq/p2.html" "YisouSpider"
111.6.230.204 - - [23/Jan/2026:01:20:51 +0800] "GET /news/version/p1?_rsc=1b085 HTTP/1.1" 308 32 "https://www.shudaxia.com/faq/p2.html" "YisouSpider"
111.6.230.154 - - [23/Jan/2026:01:20:51 +0800] "GET /faq.html HTTP/1.1" 200 164 "https://www.shudaxia.com/faq/kuai-su-dian-ji-qi.html" "YisouSpider"
111.6.230.223 - - [23/Jan/2026:01:20:51 +0800] "GET /news/tools/p1.html HTTP/1.1" 200 173 "https://www.shudaxia.com/faq/shudaxia-zen-me-she-zhi-cao-zuo.html" "YisouSpider"
111.6.230.205 - - [23/Jan/2026:01:20:51 +0800] "GET /feedback.html HTTP/1.1" 200 2295 "https://www.shudaxia.com/faq/houtaidianji.html" "YisouSpider"
111.6.230.155 - - [23/Jan/2026:01:20:51 +0800] "GET /doc/advanced/p1.html HTTP/1.1" 200 175 "https://www.shudaxia.com/faq/p2.html" "YisouSpider"
111.6.230.180 - - [23/Jan/2026:01:20:51 +0800] "GET /cpstest.html HTTP/1.1" 200 2344 "https://www.shudaxia.com/faq/houtaidianji.html" "YisouSpider"
111.6.230.158 - - [23/Jan/2026:01:20:51 +0800] "GET /news/p1.html HTTP/1.1" 200 167 "https://www.shudaxia.com/faq/shudaxia-zen-me-she-zhi-cao-zuo.html" "YisouSpider"
111.6.230.223 - - [23/Jan/2026:01:20:51 +0800] "GET /news/tools/p1.html HTTP/1.1" 200 173 "https://www.shudaxia.com/faq/p2.html" "YisouSpider"
111.6.230.207 - - [23/Jan/2026:01:20:51 +0800] "GET /news/tutorial/p1.html HTTP/1.1" 200 175 "https://www.shudaxia.com/faq/shudaxia-zen-me-she-zhi-cao-zuo.html" "YisouSpider"
111.6.230.177 - - [23/Jan/2026:01:20:51 +0800] "GET /doc/practice/p1.html HTTP/1.1" 200 175 "https://www.shudaxia.com/faq/shezhi-shubiao-liandianqi-xunhuan-dianji.html" "YisouSpider"
111.6.230.149 - - [23/Jan/2026:01:20:51 +0800] "GET /scriptdiy.html HTTP/1.1" 200 4606 "https://www.shudaxia.com/faq/houtaidianji.html" "YisouSpider"
111.6.230.178 - - [23/Jan/2026:01:20:51 +0800] "GET /news/version/p1.html HTTP/1.1" 200 175 "https://www.shudaxia.com/faq/shudaxia-zen-me-she-zhi-cao-zuo.html" "YisouSpider"
111.6.230.158 - - [23/Jan/2026:01:20:51 +0800] "GET /news/p1.html HTTP/1.1" 200 167 "https://www.shudaxia.com/faq/shezhi-shubiao-liandianqi-xunhuan-dianji.html" "YisouSpider"
111.6.230.155 - - [23/Jan/2026:01:20:51 +0800] "GET /doc/advanced/p1.html HTTP/1.1" 200 175 "https://www.shudaxia.com/faq/shezhi-shubiao-liandianqi-xunhuan-dianji.html" "YisouSpider"
111.6.230.178 - - [23/Jan/2026:01:20:51 +0800] "GET /news/version/p1.html HTTP/1.1" 200 175 "https://www.shudaxia.com/faq/p2.html" "YisouSpider"
111.6.230.223 - - [23/Jan/2026:01:20:51 +0800] "GET /news/tools/p1.html HTTP/1.1" 200 173 "https://www.shudaxia.com/faq/shezhi-shubiao-liandianqi-xunhuan-dianji.html" "YisouSpider"
111.6.230.207 - - [23/Jan/2026:01:20:51 +0800] "GET /news/tutorial/p1.html HTTP/1.1" 200 175 "https://www.shudaxia.com/faq/p2.html" "YisouSpider"
111.6.230.158 - - [23/Jan/2026:01:20:51 +0800] "GET /news/p1.html HTTP/1.1" 200 167 "https://www.shudaxia.com/faq/p2.html" "YisouSpider"
111.6.230.212 - - [23/Jan/2026:01:20:51 +0800] "GET /faq/version/p1?_rsc=1dt1n HTTP/1.1" 308 31 "https://www.shudaxia.com/faq/shudaxia-zen-me-she-zhi-cao-zuo.html" "YisouSpider"
111.6.230.204 - - [23/Jan/2026:01:20:51 +0800] "GET /faq/p1?_rsc=1dt1n HTTP/1.1" 308 22 "https://www.shudaxia.com/faq/shudaxia-zen-me-she-zhi-cao-zuo.html" "YisouSpider"
111.6.230.172 - - [23/Jan/2026:01:20:51 +0800] "GET /doc/quickstart/p1?_rsc=1g2l1 HTTP/1.1" 308 34 "https://www.shudaxia.com/faq/houtaidianji.html" "YisouSpider"
111.6.230.226 - - [23/Jan/2026:01:20:51 +0800] "GET /doc/practice/p1?_rsc=1g2l1 HTTP/1.1" 308 32 "https://www.shudaxia.com/faq/houtaidianji.html" "YisouSpider"
111.6.230.222 - - [23/Jan/2026:01:20:51 +0800] "GET /faq/p1?_rsc=1b085 HTTP/1.1" 308 22 "https://www.shudaxia.com/faq/p2.html" "YisouSpider"
111.6.230.197 - - [23/Jan/2026:01:20:51 +0800] "GET /faq/version/p1?_rsc=1b085 HTTP/1.1" 308 31 "https://www.shudaxia.com/faq/p2.html" "YisouSpider"
111.6.230.207 - - [23/Jan/2026:01:20:51 +0800] "GET /news/tutorial/p1.html HTTP/1.1" 200 175 "https://www.shudaxia.com/faq/shezhi-shubiao-liandianqi-xunhuan-dianji.html" "YisouSpider"
111.6.230.203 - - [23/Jan/2026:01:20:51 +0800] "GET /api/auth/session HTTP/1.1" 200 35 "https://www.shudaxia.com/faq/shudaxianew.html" "YisouSpider"
111.6.230.219 - - [23/Jan/2026:01:20:51 +0800] "GET /cpstest?_rsc=2q6zt HTTP/1.1" 308 23 "https://www.shudaxia.com/faq/shudaxianew.html" "YisouSpider"
111.6.230.205 - - [23/Jan/2026:01:20:51 +0800] "GET /doc/advanced/p1?_rsc=1g2l1 HTTP/1.1" 308 32 "https://www.shudaxia.com/faq/houtaidianji.html" "YisouSpider"
111.6.230.169 - - [23/Jan/2026:01:20:51 +0800] "GET /faq/troubleshooting/p1?_rsc=1dt1n HTTP/1.1" 308 39 "https://www.shudaxia.com/faq/shudaxia-zen-me-she-zhi-cao-zuo.html" "YisouSpider"
111.6.230.166 - - [23/Jan/2026:01:20:51 +0800] "GET /feedback?_rsc=2q6zt HTTP/1.1" 308 24 "https://www.shudaxia.com/faq/shudaxianew.html" "YisouSpider"
111.6.230.185 - - [23/Jan/2026:01:20:51 +0800] "GET /news/p1?_rsc=1g2l1 HTTP/1.1" 308 23 "https://www.shudaxia.com/faq/houtaidianji.html" "YisouSpider"
111.6.230.159 - - [23/Jan/2026:01:20:51 +0800] "GET /faq/troubleshooting/p1?_rsc=1b085 HTTP/1.1" 308 39 "https://www.shudaxia.com/faq/p2.html" "YisouSpider"
111.6.230.167 - - [23/Jan/2026:01:20:51 +0800] "GET /doc/quickstart/p1?_rsc=2q6zt HTTP/1.1" 308 34 "https://www.shudaxia.com/faq/shudaxianew.html" "YisouSpider"
111.6.230.167 - - [23/Jan/2026:01:20:51 +0800] "GET /faq/usage/p1?_rsc=1dt1n HTTP/1.1" 308 29 "https://www.shudaxia.com/faq/shudaxia-zen-me-she-zhi-cao-zuo.html" "YisouSpider"
111.6.230.172 - - [23/Jan/2026:01:20:51 +0800] "GET /scriptdiy?_rsc=2q6zt HTTP/1.1" 308 25 "https://www.shudaxia.com/faq/shudaxianew.html" "YisouSpider"
111.6.230.212 - - [23/Jan/2026:01:20:51 +0800] "GET /mouse-click-train?_rsc=2q6zt HTTP/1.1" 308 34 "https://www.shudaxia.com/faq/shudaxianew.html" "YisouSpider"
111.6.230.155 - - [23/Jan/2026:01:20:51 +0800] "GET /doc/advanced/p1.html HTTP/1.1" 200 175 "https://www.shudaxia.com/faq/houtaidianji.html" "YisouSpider"
111.6.230.183 - - [23/Jan/2026:01:20:51 +0800] "GET /news/version/p1?_rsc=nip61 HTTP/1.1" 308 32 "https://www.shudaxia.com/faq/shezhi-shubiao-liandianqi-xunhuan-dianji.html" "YisouSpider"
111.6.230.203 - - [23/Jan/2026:01:20:51 +0800] "GET /faq/the-fastest-setting?_rsc=1b085 HTTP/1.1" 308 40 "https://www.shudaxia.com/faq/p2.html" "YisouSpider"
111.6.230.158 - - [23/Jan/2026:01:20:51 +0800] "GET /faq/usage/p1?_rsc=1b085 HTTP/1.1" 308 29 "https://www.shudaxia.com/faq/p2.html" "YisouSpider"
111.6.230.205 - - [23/Jan/2026:01:20:51 +0800] "GET /feedback.html HTTP/1.1" 200 2295 "https://www.shudaxia.com/faq/shudaxianew.html" "YisouSpider"
111.6.230.157 - - [23/Jan/2026:01:20:51 +0800] "GET /faq/version/p1.html HTTP/1.1" 200 174 "https://www.shudaxia.com/faq/p2.html" "YisouSpider"
111.6.230.181 - - [23/Jan/2026:01:20:51 +0800] "GET /faq/p1?_rsc=nip61 HTTP/1.1" 308 22 "https://www.shudaxia.com/faq/shezhi-shubiao-liandianqi-xunhuan-dianji.html" "YisouSpider"
111.6.230.170 - - [23/Jan/2026:01:20:51 +0800] "GET /doc/quickstart/p1.html HTTP/1.1" 200 176 "https://www.shudaxia.com/faq/houtaidianji.html" "YisouSpider"
111.6.230.177 - - [23/Jan/2026:01:20:51 +0800] "GET /doc/practice/p1.html HTTP/1.1" 200 175 "https://www.shudaxia.com/faq/houtaidianji.html" "YisouSpider"
111.6.230.178 - - [23/Jan/2026:01:20:51 +0800] "GET /faq/troubleshooting/p1.html HTTP/1.1" 200 180 "https://www.shudaxia.com/faq/shudaxia-zen-me-she-zhi-cao-zuo.html" "YisouSpider"
111.6.230.155 - - [23/Jan/2026:01:20:51 +0800] "GET /faq/p1.html HTTP/1.1" 200 167 "https://www.shudaxia.com/faq/p2.html" "YisouSpider"
111.6.230.212 - - [23/Jan/2026:01:20:51 +0800] "GET /news/tools/p1?_rsc=1g2l1 HTTP/1.1" 308 30 "https://www.shudaxia.com/faq/houtaidianji.html" "YisouSpider"
111.6.230.157 - - [23/Jan/2026:01:20:51 +0800] "GET /faq/version/p1.html HTTP/1.1" 200 174 "https://www.shudaxia.com/faq/shudaxia-zen-me-she-zhi-cao-zuo.html" "YisouSpider"
111.6.230.178 - - [23/Jan/2026:01:20:51 +0800] "GET /faq/troubleshooting/p1.html HTTP/1.1" 200 180 "https://www.shudaxia.com/faq/p2.html" "YisouSpider"
111.6.230.153 - - [23/Jan/2026:01:20:51 +0800] "GET /faq/version/p1?_rsc=nip61 HTTP/1.1" 308 31 "https://www.shudaxia.com/faq/shezhi-shubiao-liandianqi-xunhuan-dianji.html" "YisouSpider"
111.6.230.155 - - [23/Jan/2026:01:20:51 +0800] "GET /faq/p1.html HTTP/1.1" 200 167 "https://www.shudaxia.com/faq/shudaxia-zen-me-she-zhi-cao-zuo.html" "YisouSpider"
111.6.230.156 - - [23/Jan/2026:01:20:51 +0800] "GET /mouse-click-train.html HTTP/1.1" 200 2712 "https://www.shudaxia.com/faq/shudaxianew.html" "YisouSpider"
111.6.230.163 - - [23/Jan/2026:01:20:51 +0800] "GET /faq/troubleshooting/p1?_rsc=nip61 HTTP/1.1" 308 39 "https://www.shudaxia.com/faq/shezhi-shubiao-liandianqi-xunhuan-dianji.html" "YisouSpider"
111.6.230.170 - - [23/Jan/2026:01:20:51 +0800] "GET /doc/quickstart/p1.html HTTP/1.1" 200 176 "https://www.shudaxia.com/faq/shudaxianew.html" "YisouSpider"
111.6.230.176 - - [23/Jan/2026:01:20:51 +0800] "GET /faq/the-fastest-setting.html HTTP/1.1" 200 178 "https://www.shudaxia.com/faq/p2.html" "YisouSpider"
111.6.230.157 - - [23/Jan/2026:01:20:51 +0800] "GET /cpstest?_rsc=68z2a HTTP/1.1" 308 23 "https://www.shudaxia.com/faq/change-startup-hotkey.html" "YisouSpider"
111.6.230.215 - - [23/Jan/2026:01:20:51 +0800] "GET /faq/usage/p1.html HTTP/1.1" 200 172 "https://www.shudaxia.com/faq/p2.html" "YisouSpider"
111.6.230.158 - - [23/Jan/2026:01:20:51 +0800] "GET /news/p1.html HTTP/1.1" 200 167 "https://www.shudaxia.com/faq/houtaidianji.html" "YisouSpider"
111.6.230.149 - - [23/Jan/2026:01:20:51 +0800] "GET /scriptdiy.html HTTP/1.1" 200 4606 "https://www.shudaxia.com/faq/shudaxianew.html" "YisouSpider"
111.6.230.231 - - [23/Jan/2026:01:20:51 +0800] "GET /faq/usage/p1?_rsc=nip61 HTTP/1.1" 308 29 "https://www.shudaxia.com/faq/shezhi-shubiao-liandianqi-xunhuan-dianji.html" "YisouSpider"
111.6.230.180 - - [23/Jan/2026:01:20:51 +0800] "GET /cpstest.html HTTP/1.1" 200 2344 "https://www.shudaxia.com/faq/shudaxianew.html" "YisouSpider"
111.6.230.223 - - [23/Jan/2026:01:20:51 +0800] "GET /mouse-click-train?_rsc=68z2a HTTP/1.1" 308 34 "https://www.shudaxia.com/faq/change-startup-hotkey.html" "YisouSpider"
111.6.230.178 - - [23/Jan/2026:01:20:51 +0800] "GET /news/version/p1.html HTTP/1.1" 200 175 "https://www.shudaxia.com/faq/shezhi-shubiao-liandianqi-xunhuan-dianji.html" "YisouSpider"
111.6.230.190 - - [23/Jan/2026:01:20:51 +0800] "GET /news/tutorial/p1?_rsc=1g2l1 HTTP/1.1" 308 33 "https://www.shudaxia.com/faq/houtaidianji.html" "YisouSpider"
111.6.230.171 - - [23/Jan/2026:01:20:51 +0800] "GET /faq/shudaxia-android-app-faq?_rsc=1b085 HTTP/1.1" 308 45 "https://www.shudaxia.com/faq/p2.html" "YisouSpider"
111.6.230.191 - - [23/Jan/2026:01:20:51 +0800] "GET /faq/do-not-do-keyboard-recorded?_rsc=1b085 HTTP/1.1" 308 48 "https://www.shudaxia.com/faq/p2.html" "YisouSpider"
111.6.230.215 - - [23/Jan/2026:01:20:51 +0800] "GET /faq/usage/p1.html HTTP/1.1" 200 172 "https://www.shudaxia.com/faq/shudaxia-zen-me-she-zhi-cao-zuo.html" "YisouSpider"
111.6.230.201 - - [23/Jan/2026:01:20:51 +0800] "GET /news/version/p1?_rsc=1g2l1 HTTP/1.1" 308 32 "https://www.shudaxia.com/faq/houtaidianji.html" "YisouSpider"
111.6.230.150 - - [23/Jan/2026:01:20:52 +0800] "GET /doc/practice/p1?_rsc=2q6zt HTTP/1.1" 308 32 "https://www.shudaxia.com/faq/shudaxianew.html" "YisouSpider"
111.6.230.204 - - [23/Jan/2026:01:20:52 +0800] "GET /faq/p1?_rsc=1g2l1 HTTP/1.1" 308 22 "https://www.shudaxia.com/faq/houtaidianji.html" "YisouSpider"
111.6.230.223 - - [23/Jan/2026:01:20:52 +0800] "GET /news/tools/p1.html HTTP/1.1" 200 173 "https://www.shudaxia.com/faq/houtaidianji.html" "YisouSpider"
111.6.230.207 - - [23/Jan/2026:01:20:52 +0800] "GET /doc/advanced/p1?_rsc=2q6zt HTTP/1.1" 308 32 "https://www.shudaxia.com/faq/shudaxianew.html" "YisouSpider"
111.6.230.178 - - [23/Jan/2026:01:20:52 +0800] "GET /faq/troubleshooting/p1.html HTTP/1.1" 200 180 "https://www.shudaxia.com/faq/shezhi-shubiao-liandianqi-xunhuan-dianji.html" "YisouSpider"
111.6.230.184 - - [23/Jan/2026:01:20:52 +0800] "GET /news/p1?_rsc=2q6zt HTTP/1.1" 308 23 "https://www.shudaxia.com/faq/shudaxianew.html" "YisouSpider"
111.6.230.155 - - [23/Jan/2026:01:20:52 +0800] "GET /faq/p1.html HTTP/1.1" 200 167 "https://www.shudaxia.com/faq/shezhi-shubiao-liandianqi-xunhuan-dianji.html" "YisouSpider"
111.6.230.224 - - [23/Jan/2026:01:20:52 +0800] "GET /faq/startup-with-administrator?_rsc=1b085 HTTP/1.1" 308 47 "https://www.shudaxia.com/faq/p2.html" "YisouSpider"
111.6.230.165 - - [23/Jan/2026:01:20:52 +0800] "GET /faq/shudaxia-she-zhi-liao-mei-fan-ying?_rsc=1b085 HTTP/1.1" 308 55 "https://www.shudaxia.com/faq/p2.html" "YisouSpider"
111.6.230.167 - - [23/Jan/2026:01:20:52 +0800] "GET /news/tools/p1?_rsc=2q6zt HTTP/1.1" 308 30 "https://www.shudaxia.com/faq/shudaxianew.html" "YisouSpider"
111.6.230.211 - - [23/Jan/2026:01:20:52 +0800] "GET /faq/do-not-do-keyboard-recorded.html HTTP/1.1" 200 185 "https://www.shudaxia.com/faq/p2.html" "YisouSpider"
111.6.230.177 - - [23/Jan/2026:01:20:52 +0800] "GET /doc/practice/p1.html HTTP/1.1" 200 175 "https://www.shudaxia.com/faq/shudaxianew.html" "YisouSpider"
111.6.230.167 - - [23/Jan/2026:01:20:52 +0800] "GET /faq/shi-yong-shudaxia-dui-shu-biao-you-ying-xiang-ma?_rsc=1b085 HTTP/1.1" 308 69 "https://www.shudaxia.com/faq/p2.html" "YisouSpider"
111.6.230.157 - - [23/Jan/2026:01:20:52 +0800] "GET /faq/version/p1.html HTTP/1.1" 200 174 "https://www.shudaxia.com/faq/shezhi-shubiao-liandianqi-xunhuan-dianji.html" "YisouSpider"
111.6.230.224 - - [23/Jan/2026:01:20:52 +0800] "GET /faq/version/p1?_rsc=1g2l1 HTTP/1.1" 308 31 "https://www.shudaxia.com/faq/houtaidianji.html" "YisouSpider"
111.6.230.207 - - [23/Jan/2026:01:20:52 +0800] "GET /news/tutorial/p1.html HTTP/1.1" 200 175 "https://www.shudaxia.com/faq/houtaidianji.html" "YisouSpider"
111.6.230.223 - - [23/Jan/2026:01:20:52 +0800] "GET /faq/shudaxia-android-app-faq.html HTTP/1.1" 200 183 "https://www.shudaxia.com/faq/p2.html" "YisouSpider"
111.6.230.163 - - [23/Jan/2026:01:20:52 +0800] "GET /faq?_rsc=nip61 HTTP/1.1" 308 19 "https://www.shudaxia.com/faq/shezhi-shubiao-liandianqi-xunhuan-dianji.html" "YisouSpider"
111.6.230.178 - - [23/Jan/2026:01:20:52 +0800] "GET /news/version/p1.html HTTP/1.1" 200 175 "https://www.shudaxia.com/faq/houtaidianji.html" "YisouSpider"
111.6.230.157 - - [23/Jan/2026:01:20:52 +0800] "GET /news/tutorial/p1?_rsc=2q6zt HTTP/1.1" 308 33 "https://www.shudaxia.com/faq/shudaxianew.html" "YisouSpider"
111.6.230.215 - - [23/Jan/2026:01:20:52 +0800] "GET /faq/usage/p1.html HTTP/1.1" 200 172 "https://www.shudaxia.com/faq/shezhi-shubiao-liandianqi-xunhuan-dianji.html" "YisouSpider"
111.6.230.155 - - [23/Jan/2026:01:20:52 +0800] "GET /doc/advanced/p1.html HTTP/1.1" 200 175 "https://www.shudaxia.com/faq/shudaxianew.html" "YisouSpider"
111.6.230.229 - - [23/Jan/2026:01:20:52 +0800] "GET /faq/shudaxia-she-zhi-liao-mei-fan-ying.html HTTP/1.1" 200 190 "https://www.shudaxia.com/faq/p2.html" "YisouSpider"
111.6.230.155 - - [23/Jan/2026:01:20:52 +0800] "GET /faq/p1.html HTTP/1.1" 200 167 "https://www.shudaxia.com/faq/houtaidianji.html" "YisouSpider"
111.6.230.156 - - [23/Jan/2026:01:20:52 +0800] "GET /mouse-click-train.html HTTP/1.1" 200 2712 "https://www.shudaxia.com/faq/change-startup-hotkey.html" "YisouSpider"
111.6.230.177 - - [23/Jan/2026:01:20:52 +0800] "GET /faq/startup-with-administrator.html HTTP/1.1" 200 184 "https://www.shudaxia.com/faq/p2.html" "YisouSpider"
111.6.230.203 - - [23/Jan/2026:01:20:52 +0800] "GET /api/auth/session HTTP/1.1" 200 35 "https://www.shudaxia.com/faq/change-startup-hotkey.html" "YisouSpider"
111.6.230.180 - - [23/Jan/2026:01:20:52 +0800] "GET /cpstest.html HTTP/1.1" 200 2344 "https://www.shudaxia.com/faq/change-startup-hotkey.html" "YisouSpider"
111.6.230.158 - - [23/Jan/2026:01:20:52 +0800] "GET /news/p1.html HTTP/1.1" 200 167 "https://www.shudaxia.com/faq/shudaxianew.html" "YisouSpider"
111.6.230.207 - - [23/Jan/2026:01:20:52 +0800] "GET /news/tutorial/p1.html HTTP/1.1" 200 175 "https://www.shudaxia.com/faq/shudaxianew.html" "YisouSpider"
111.6.230.232 - - [23/Jan/2026:01:20:52 +0800] "GET /faq/shudaxia-zen-me-she-zhi-cao-zuo?_rsc=1b085 HTTP/1.1" 308 52 "https://www.shudaxia.com/faq/p2.html" "YisouSpider"
111.6.230.157 - - [23/Jan/2026:01:20:52 +0800] "GET /faq/usage/p1?_rsc=1g2l1 HTTP/1.1" 308 29 "https://www.shudaxia.com/faq/houtaidianji.html" "YisouSpider"
111.6.230.223 - - [23/Jan/2026:01:20:52 +0800] "GET /news/tools/p1.html HTTP/1.1" 200 173 "https://www.shudaxia.com/faq/shudaxianew.html" "YisouSpider"
111.6.230.207 - - [23/Jan/2026:01:20:52 +0800] "GET /scriptdiy?_rsc=68z2a HTTP/1.1" 308 25 "https://www.shudaxia.com/faq/change-startup-hotkey.html" "YisouSpider"
111.6.230.161 - - [23/Jan/2026:01:20:52 +0800] "GET /feedback?_rsc=68z2a HTTP/1.1" 308 24 "https://www.shudaxia.com/faq/change-startup-hotkey.html" "YisouSpider"
111.6.230.151 - - [23/Jan/2026:01:20:52 +0800] "GET /faq/p1?_rsc=2q6zt HTTP/1.1" 308 22 "https://www.shudaxia.com/faq/shudaxianew.html" "YisouSpider"
111.6.230.196 - - [23/Jan/2026:01:20:52 +0800] "GET /faq/shi-yong-shudaxia-dui-shu-biao-you-ying-xiang-ma.html HTTP/1.1" 200 201 "https://www.shudaxia.com/faq/p2.html" "YisouSpider"
111.6.230.194 - - [23/Jan/2026:01:20:52 +0800] "GET /doc/quickstart/p1?_rsc=68z2a HTTP/1.1" 308 34 "https://www.shudaxia.com/faq/change-startup-hotkey.html" "YisouSpider"
111.6.230.230 - - [23/Jan/2026:01:20:52 +0800] "GET /faq?_rsc=1g2l1 HTTP/1.1" 308 19 "https://www.shudaxia.com/faq/houtaidianji.html" "YisouSpider"
111.6.230.175 - - [23/Jan/2026:01:20:52 +0800] "GET /news/version/p1?_rsc=2q6zt HTTP/1.1" 308 32 "https://www.shudaxia.com/faq/shudaxianew.html" "YisouSpider"
111.6.230.157 - - [23/Jan/2026:01:20:52 +0800] "GET /faq/version/p1.html HTTP/1.1" 200 174 "https://www.shudaxia.com/faq/houtaidianji.html" "YisouSpider"
111.6.230.167 - - [23/Jan/2026:01:20:52 +0800] "GET /faq/troubleshooting/p1?_rsc=1g2l1 HTTP/1.1" 308 39 "https://www.shudaxia.com/faq/houtaidianji.html" "YisouSpider"
111.6.230.210 - - [23/Jan/2026:01:20:52 +0800] "GET /faq/usage/p1?_rsc=2q6zt HTTP/1.1" 308 29 "https://www.shudaxia.com/faq/shudaxianew.html" "YisouSpider"
111.6.230.154 - - [23/Jan/2026:01:20:52 +0800] "GET /faq.html HTTP/1.1" 200 164 "https://www.shudaxia.com/faq/shezhi-shubiao-liandianqi-xunhuan-dianji.html" "YisouSpider"
111.6.230.215 - - [23/Jan/2026:01:20:52 +0800] "GET /faq/shudaxia-zen-me-she-zhi-cao-zuo.html HTTP/1.1" 200 188 "https://www.shudaxia.com/faq/p2.html" "YisouSpider"
111.6.230.155 - - [23/Jan/2026:01:20:52 +0800] "GET /faq/p1.html HTTP/1.1" 200 167 "https://www.shudaxia.com/faq/shudaxianew.html" "YisouSpider"
111.6.230.172 - - [23/Jan/2026:01:20:52 +0800] "GET /faq/version/p1?_rsc=2q6zt HTTP/1.1" 308 31 "https://www.shudaxia.com/faq/shudaxianew.html" "YisouSpider"
111.6.230.151 - - [23/Jan/2026:01:20:52 +0800] "GET /faq/troubleshooting/p1?_rsc=2q6zt HTTP/1.1" 308 39 "https://www.shudaxia.com/faq/shudaxianew.html" "YisouSpider"
111.6.230.215 - - [23/Jan/2026:01:20:52 +0800] "GET /faq/usage/p1.html HTTP/1.1" 200 172 "https://www.shudaxia.com/faq/houtaidianji.html" "YisouSpider"
111.6.230.178 - - [23/Jan/2026:01:20:52 +0800] "GET /news/version/p1.html HTTP/1.1" 200 175 "https://www.shudaxia.com/faq/shudaxianew.html" "YisouSpider"
111.6.230.215 - - [23/Jan/2026:01:20:52 +0800] "GET /faq/usage/p1.html HTTP/1.1" 200 172 "https://www.shudaxia.com/faq/shudaxianew.html" "YisouSpider"
111.6.230.228 - - [23/Jan/2026:01:20:52 +0800] "GET /faq?_rsc=2q6zt HTTP/1.1" 308 19 "https://www.shudaxia.com/faq/shudaxianew.html" "YisouSpider"
111.6.230.154 - - [23/Jan/2026:01:20:52 +0800] "GET /faq.html HTTP/1.1" 200 164 "https://www.shudaxia.com/faq/houtaidianji.html" "YisouSpider"
111.6.230.178 - - [23/Jan/2026:01:20:52 +0800] "GET /faq/troubleshooting/p1.html HTTP/1.1" 200 180 "https://www.shudaxia.com/faq/houtaidianji.html" "YisouSpider"
111.6.230.154 - - [23/Jan/2026:01:20:52 +0800] "GET /faq.html HTTP/1.1" 200 164 "https://www.shudaxia.com/faq/shudaxianew.html" "YisouSpider"
111.6.230.157 - - [23/Jan/2026:01:20:52 +0800] "GET /faq/version/p1.html HTTP/1.1" 200 174 "https://www.shudaxia.com/faq/shudaxianew.html" "YisouSpider"
111.6.230.178 - - [23/Jan/2026:01:20:52 +0800] "GET /faq/troubleshooting/p1.html HTTP/1.1" 200 180 "https://www.shudaxia.com/faq/shudaxianew.html" "YisouSpider"
111.6.230.170 - - [23/Jan/2026:01:20:52 +0800] "GET /doc/quickstart/p1.html HTTP/1.1" 200 176 "https://www.shudaxia.com/faq/change-startup-hotkey.html" "YisouSpider"
111.6.230.149 - - [23/Jan/2026:01:20:52 +0800] "GET /scriptdiy.html HTTP/1.1" 200 4606 "https://www.shudaxia.com/faq/change-startup-hotkey.html" "YisouSpider"
111.6.230.205 - - [23/Jan/2026:01:20:53 +0800] "GET /feedback.html HTTP/1.1" 200 2295 "https://www.shudaxia.com/faq/change-startup-hotkey.html" "YisouSpider"
111.6.230.194 - - [23/Jan/2026:01:20:53 +0800] "GET /doc/advanced/p1?_rsc=68z2a HTTP/1.1" 308 32 "https://www.shudaxia.com/faq/change-startup-hotkey.html" "YisouSpider"
111.6.230.193 - - [23/Jan/2026:01:20:53 +0800] "GET /doc/practice/p1?_rsc=68z2a HTTP/1.1" 308 32 "https://www.shudaxia.com/faq/change-startup-hotkey.html" "YisouSpider"
111.6.230.203 - - [23/Jan/2026:01:20:53 +0800] "GET /api/auth/session HTTP/1.1" 200 35 "https://www.shudaxia.com/faq/shudaxia-she-zhi-liao-mei-fan-ying.html" "YisouSpider"
111.6.230.155 - - [23/Jan/2026:01:20:53 +0800] "GET /doc/advanced/p1.html HTTP/1.1" 200 175 "https://www.shudaxia.com/faq/change-startup-hotkey.html" "YisouSpider"
111.6.230.203 - - [23/Jan/2026:01:20:53 +0800] "GET /api/latest-version?platform=3 HTTP/1.1" 200 167 "https://www.shudaxia.com/faq/shudaxia-she-zhi-liao-mei-fan-ying.html" "YisouSpider"
111.6.230.154 - - [23/Jan/2026:01:20:53 +0800] "GET /news/p1?_rsc=68z2a HTTP/1.1" 308 23 "https://www.shudaxia.com/faq/change-startup-hotkey.html" "YisouSpider"
111.6.230.164 - - [23/Jan/2026:01:20:53 +0800] "GET /mouse-keyboard-test?_rsc=cg4cb HTTP/1.1" 308 36 "https://www.shudaxia.com/faq/shudaxia-she-zhi-liao-mei-fan-ying.html" "YisouSpider"
111.6.230.164 - - [23/Jan/2026:01:20:53 +0800] "GET /api/latest-version?platform=2 HTTP/1.1" 200 152 "https://www.shudaxia.com/faq/shudaxia-she-zhi-liao-mei-fan-ying.html" "YisouSpider"
111.6.230.204 - - [23/Jan/2026:01:20:53 +0800] "GET /doc/p1?_rsc=cg4cb HTTP/1.1" 308 22 "https://www.shudaxia.com/faq/shudaxia-she-zhi-liao-mei-fan-ying.html" "YisouSpider"
111.6.230.152 - - [23/Jan/2026:01:20:53 +0800] "POST /api/articles/3/view HTTP/1.1" 200 1127 "https://www.shudaxia.com/faq/shudaxia-she-zhi-liao-mei-fan-ying.html" "YisouSpider"
111.6.230.180 - - [23/Jan/2026:01:20:53 +0800] "GET /?_rsc=cg4cb HTTP/1.1" 200 144 "https://www.shudaxia.com/faq/shudaxia-she-zhi-liao-mei-fan-ying.html" "YisouSpider"
111.6.230.203 - - [23/Jan/2026:01:20:53 +0800] "GET /api/latest-version?platform=3 HTTP/1.1" 200 167 "https://www.shudaxia.com/faq/shudaxia-she-zhi-liao-mei-fan-ying.html" "YisouSpider"
111.6.230.182 - - [23/Jan/2026:01:20:53 +0800] "GET /news/tools/p1?_rsc=68z2a HTTP/1.1" 308 30 "https://www.shudaxia.com/faq/change-startup-hotkey.html" "YisouSpider"
111.6.230.165 - - [23/Jan/2026:01:20:53 +0800] "GET /api/footer-links HTTP/1.1" 200 535 "https://www.shudaxia.com/faq/shudaxia-she-zhi-liao-mei-fan-ying.html" "YisouSpider"
111.6.230.177 - - [23/Jan/2026:01:20:53 +0800] "GET /doc/practice/p1.html HTTP/1.1" 200 175 "https://www.shudaxia.com/faq/change-startup-hotkey.html" "YisouSpider"
111.6.230.164 - - [23/Jan/2026:01:20:53 +0800] "GET /api/latest-version?platform=2 HTTP/1.1" 200 152 "https://www.shudaxia.com/faq/shudaxia-she-zhi-liao-mei-fan-ying.html" "YisouSpider"
111.6.230.184 - - [23/Jan/2026:01:20:53 +0800] "GET /news/tutorial/p1?_rsc=68z2a HTTP/1.1" 308 33 "https://www.shudaxia.com/faq/change-startup-hotkey.html" "YisouSpider"
111.6.230.209 - - [23/Jan/2026:01:20:53 +0800] "GET /mobile?_rsc=cg4cb HTTP/1.1" 308 22 "https://www.shudaxia.com/faq/shudaxia-she-zhi-liao-mei-fan-ying.html" "YisouSpider"
111.6.230.211 - - [23/Jan/2026:01:20:53 +0800] "GET /video?_rsc=cg4cb HTTP/1.1" 308 21 "https://www.shudaxia.com/faq/shudaxia-she-zhi-liao-mei-fan-ying.html" "YisouSpider"
111.6.230.213 - - [23/Jan/2026:01:20:54 +0800] "GET /doc/p1.html HTTP/1.1" 200 167 "https://www.shudaxia.com/faq/shudaxia-she-zhi-liao-mei-fan-ying.html" "YisouSpider"
111.6.230.158 - - [23/Jan/2026:01:20:54 +0800] "GET /news/p1.html HTTP/1.1" 200 167 "https://www.shudaxia.com/faq/change-startup-hotkey.html" "YisouSpider"
111.6.230.207 - - [23/Jan/2026:01:20:54 +0800] "GET /news/tutorial/p1.html HTTP/1.1" 200 175 "https://www.shudaxia.com/faq/change-startup-hotkey.html" "YisouSpider"
111.6.230.223 - - [23/Jan/2026:01:20:54 +0800] "GET /news/tools/p1.html HTTP/1.1" 200 173 "https://www.shudaxia.com/faq/change-startup-hotkey.html" "YisouSpider"
111.6.230.153 - - [23/Jan/2026:01:20:54 +0800] "GET /news/version/p1?_rsc=68z2a HTTP/1.1" 308 32 "https://www.shudaxia.com/faq/change-startup-hotkey.html" "YisouSpider"
111.6.230.195 - - [23/Jan/2026:01:20:54 +0800] "GET /faq/p1?_rsc=68z2a HTTP/1.1" 308 22 "https://www.shudaxia.com/faq/change-startup-hotkey.html" "YisouSpider"
111.6.230.204 - - [23/Jan/2026:01:20:54 +0800] "GET /faq/usage/p1?_rsc=68z2a HTTP/1.1" 308 29 "https://www.shudaxia.com/faq/change-startup-hotkey.html" "YisouSpider"
111.6.230.155 - - [23/Jan/2026:01:20:54 +0800] "GET /faq/version/p1?_rsc=68z2a HTTP/1.1" 308 31 "https://www.shudaxia.com/faq/change-startup-hotkey.html" "YisouSpider"
111.6.230.178 - - [23/Jan/2026:01:20:54 +0800] "GET /news/version/p1.html HTTP/1.1" 200 175 "https://www.shudaxia.com/faq/change-startup-hotkey.html" "YisouSpider"
111.6.230.232 - - [23/Jan/2026:01:20:54 +0800] "GET /faq/troubleshooting/p1?_rsc=68z2a HTTP/1.1" 308 39 "https://www.shudaxia.com/faq/change-startup-hotkey.html" "YisouSpider"
111.6.230.155 - - [23/Jan/2026:01:20:54 +0800] "GET /faq/p1.html HTTP/1.1" 200 167 "https://www.shudaxia.com/faq/change-startup-hotkey.html" "YisouSpider"
111.6.230.215 - - [23/Jan/2026:01:20:54 +0800] "GET /faq/usage/p1.html HTTP/1.1" 200 172 "https://www.shudaxia.com/faq/change-startup-hotkey.html" "YisouSpider"
111.6.230.178 - - [23/Jan/2026:01:20:54 +0800] "GET /faq/troubleshooting/p1.html HTTP/1.1" 200 180 "https://www.shudaxia.com/faq/change-startup-hotkey.html" "YisouSpider"
111.6.230.157 - - [23/Jan/2026:01:20:54 +0800] "GET /faq/version/p1.html HTTP/1.1" 200 174 "https://www.shudaxia.com/faq/change-startup-hotkey.html" "YisouSpider"
111.6.230.171 - - [23/Jan/2026:01:20:54 +0800] "GET /faq?_rsc=68z2a HTTP/1.1" 308 19 "https://www.shudaxia.com/faq/change-startup-hotkey.html" "YisouSpider"
111.6.230.203 - - [23/Jan/2026:01:20:55 +0800] "GET /api/auth/session HTTP/1.1" 200 35 "https://www.shudaxia.com/faq/shudaxia-she-zhi-liao-mei-fan-ying.html" "YisouSpider"
111.6.230.166 - - [23/Jan/2026:01:20:55 +0800] "GET /cpstest?_rsc=cg4cb HTTP/1.1" 308 23 "https://www.shudaxia.com/faq/shudaxia-she-zhi-liao-mei-fan-ying.html" "YisouSpider"
111.6.230.154 - - [23/Jan/2026:01:20:55 +0800] "GET /faq.html HTTP/1.1" 200 164 "https://www.shudaxia.com/faq/change-startup-hotkey.html" "YisouSpider"
111.6.230.177 - - [23/Jan/2026:01:20:56 +0800] "GET /mouse-click-train?_rsc=cg4cb HTTP/1.1" 308 34 "https://www.shudaxia.com/faq/shudaxia-she-zhi-liao-mei-fan-ying.html" "YisouSpider"
111.6.230.230 - - [23/Jan/2026:01:20:56 +0800] "GET /scriptdiy?_rsc=cg4cb HTTP/1.1" 308 25 "https://www.shudaxia.com/faq/shudaxia-she-zhi-liao-mei-fan-ying.html" "YisouSpider"
111.6.230.224 - - [23/Jan/2026:01:20:56 +0800] "GET /feedback?_rsc=cg4cb HTTP/1.1" 308 24 "https://www.shudaxia.com/faq/shudaxia-she-zhi-liao-mei-fan-ying.html" "YisouSpider"
111.6.230.183 - - [23/Jan/2026:01:20:56 +0800] "GET /doc/quickstart/p1?_rsc=cg4cb HTTP/1.1" 308 34 "https://www.shudaxia.com/faq/shudaxia-she-zhi-liao-mei-fan-ying.html" "YisouSpider"
111.6.230.170 - - [23/Jan/2026:01:20:57 +0800] "GET /doc/quickstart/p1.html HTTP/1.1" 200 176 "https://www.shudaxia.com/faq/shudaxia-she-zhi-liao-mei-fan-ying.html" "YisouSpider"
111.6.230.204 - - [23/Jan/2026:01:20:58 +0800] "GET /news/p1?_rsc=cg4cb HTTP/1.1" 308 23 "https://www.shudaxia.com/faq/shudaxia-she-zhi-liao-mei-fan-ying.html" "YisouSpider"
111.6.230.219 - - [23/Jan/2026:01:20:58 +0800] "GET /doc/practice/p1?_rsc=cg4cb HTTP/1.1" 308 32 "https://www.shudaxia.com/faq/shudaxia-she-zhi-liao-mei-fan-ying.html" "YisouSpider"
111.6.230.201 - - [23/Jan/2026:01:20:58 +0800] "GET /news/tools/p1?_rsc=cg4cb HTTP/1.1" 308 30 "https://www.shudaxia.com/faq/shudaxia-she-zhi-liao-mei-fan-ying.html" "YisouSpider"
111.6.230.192 - - [23/Jan/2026:01:20:58 +0800] "GET /doc/advanced/p1?_rsc=cg4cb HTTP/1.1" 308 32 "https://www.shudaxia.com/faq/shudaxia-she-zhi-liao-mei-fan-ying.html" "YisouSpider"
111.6.230.196 - - [23/Jan/2026:01:20:58 +0800] "GET /news/tutorial/p1?_rsc=cg4cb HTTP/1.1" 308 33 "https://www.shudaxia.com/faq/shudaxia-she-zhi-liao-mei-fan-ying.html" "YisouSpider"
111.6.230.177 - - [23/Jan/2026:01:20:58 +0800] "GET /doc/practice/p1.html HTTP/1.1" 200 175 "https://www.shudaxia.com/faq/shudaxia-she-zhi-liao-mei-fan-ying.html" "YisouSpider"
111.6.230.158 - - [23/Jan/2026:01:20:58 +0800] "GET /news/p1.html HTTP/1.1" 200 167 "https://www.shudaxia.com/faq/shudaxia-she-zhi-liao-mei-fan-ying.html" "YisouSpider"
111.6.230.223 - - [23/Jan/2026:01:20:58 +0800] "GET /news/tools/p1.html HTTP/1.1" 200 173 "https://www.shudaxia.com/faq/shudaxia-she-zhi-liao-mei-fan-ying.html" "YisouSpider"
111.6.230.155 - - [23/Jan/2026:01:20:58 +0800] "GET /doc/advanced/p1.html HTTP/1.1" 200 175 "https://www.shudaxia.com/faq/shudaxia-she-zhi-liao-mei-fan-ying.html" "YisouSpider"
111.6.230.207 - - [23/Jan/2026:01:20:58 +0800] "GET /news/tutorial/p1.html HTTP/1.1" 200 175 "https://www.shudaxia.com/faq/shudaxia-she-zhi-liao-mei-fan-ying.html" "YisouSpider"
111.6.230.173 - - [23/Jan/2026:01:20:58 +0800] "GET /faq/troubleshooting/p1?_rsc=cg4cb HTTP/1.1" 308 39 "https://www.shudaxia.com/faq/shudaxia-she-zhi-liao-mei-fan-ying.html" "YisouSpider"
111.6.230.150 - - [23/Jan/2026:01:20:58 +0800] "GET /news/version/p1?_rsc=cg4cb HTTP/1.1" 308 32 "https://www.shudaxia.com/faq/shudaxia-she-zhi-liao-mei-fan-ying.html" "YisouSpider"
111.6.230.229 - - [23/Jan/2026:01:20:58 +0800] "GET /faq/version/p1?_rsc=cg4cb HTTP/1.1" 308 31 "https://www.shudaxia.com/faq/shudaxia-she-zhi-liao-mei-fan-ying.html" "YisouSpider"
111.6.230.197 - - [23/Jan/2026:01:20:58 +0800] "GET /faq/p1?_rsc=cg4cb HTTP/1.1" 308 22 "https://www.shudaxia.com/faq/shudaxia-she-zhi-liao-mei-fan-ying.html" "YisouSpider"
111.6.230.231 - - [23/Jan/2026:01:20:58 +0800] "GET /faq/usage/p1?_rsc=cg4cb HTTP/1.1" 308 29 "https://www.shudaxia.com/faq/shudaxia-she-zhi-liao-mei-fan-ying.html" "YisouSpider"
111.6.230.178 - - [23/Jan/2026:01:20:59 +0800] "GET /faq/troubleshooting/p1.html HTTP/1.1" 200 180 "https://www.shudaxia.com/faq/shudaxia-she-zhi-liao-mei-fan-ying.html" "YisouSpider"
111.6.230.178 - - [23/Jan/2026:01:20:59 +0800] "GET /news/version/p1.html HTTP/1.1" 200 175 "https://www.shudaxia.com/faq/shudaxia-she-zhi-liao-mei-fan-ying.html" "YisouSpider"
111.6.230.157 - - [23/Jan/2026:01:20:59 +0800] "GET /faq/version/p1.html HTTP/1.1" 200 174 "https://www.shudaxia.com/faq/shudaxia-she-zhi-liao-mei-fan-ying.html" "YisouSpider"
111.6.230.155 - - [23/Jan/2026:01:20:59 +0800] "GET /faq/p1.html HTTP/1.1" 200 167 "https://www.shudaxia.com/faq/shudaxia-she-zhi-liao-mei-fan-ying.html" "YisouSpider"
111.6.230.215 - - [23/Jan/2026:01:20:59 +0800] "GET /faq/usage/p1.html HTTP/1.1" 200 172 "https://www.shudaxia.com/faq/shudaxia-she-zhi-liao-mei-fan-ying.html" "YisouSpider"
111.6.230.192 - - [23/Jan/2026:01:20:59 +0800] "GET /faq?_rsc=cg4cb HTTP/1.1" 308 19 "https://www.shudaxia.com/faq/shudaxia-she-zhi-liao-mei-fan-ying.html" "YisouSpider"
111.6.230.154 - - [23/Jan/2026:01:21:00 +0800] "GET /faq.html HTTP/1.1" 200 164 "https://www.shudaxia.com/faq/shudaxia-she-zhi-liao-mei-fan-ying.html" "YisouSpider"
111.6.230.204 - - [23/Jan/2026:01:21:04 +0800] "GET /faq?_rsc=1dt1n HTTP/1.1" 308 19 "https://www.shudaxia.com/faq/shudaxia-zen-me-she-zhi-cao-zuo.html" "YisouSpider"
111.6.230.154 - - [23/Jan/2026:01:21:04 +0800] "GET /faq.html HTTP/1.1" 200 164 "https://www.shudaxia.com/faq/shudaxia-zen-me-she-zhi-cao-zuo.html" "YisouSpider"
111.6.230.215 - - [23/Jan/2026:01:24:28 +0800] "GET / HTTP/1.1" 200 24140 "-" "Mozilla/5.0 (Linux;u;Android 4.2.2;zh-cn;) AppleWebKit/534.46 (KHTML,like Gecko) Version/5.1 Mobile Safari/10600.6.3 (compatible; Baiduspider/2.0; +http://www.baidu.com/search/spider.html)"
111.6.230.164 - - [23/Jan/2026:01:26:07 +0800] "GET /api/latest-version?platform=2 HTTP/1.1" 200 152 "https://www.shudaxia.com/" "Mozilla/5.0 (iPhone; CPU iPhone OS 9_1 like Mac OS X) AppleWebKit/601.1.46 (KHTML, like Gecko) Version/9.0 Mobile/13B143 Safari/601.1 (compatible; Baiduspider-render/2.0; +http://www.baidu.com/search/spider.html)"
111.6.230.203 - - [23/Jan/2026:01:26:07 +0800] "GET /api/auth/session HTTP/1.1" 200 35 "https://www.shudaxia.com/" "Mozilla/5.0 (iPhone; CPU iPhone OS 9_1 like Mac OS X) AppleWebKit/601.1.46 (KHTML, like Gecko) Version/9.0 Mobile/13B143 Safari/601.1 (compatible; Baiduspider-render/2.0; +http://www.baidu.com/search/spider.html)"
111.6.230.165 - - [23/Jan/2026:01:26:07 +0800] "GET /api/footer-links HTTP/1.1" 200 535 "https://www.shudaxia.com/" "Mozilla/5.0 (iPhone; CPU iPhone OS 9_1 like Mac OS X) AppleWebKit/601.1.46 (KHTML, like Gecko) Version/9.0 Mobile/13B143 Safari/601.1 (compatible; Baiduspider-render/2.0; +http://www.baidu.com/search/spider.html)"
