111.6.230.203 - - [31/Jan/2026:06:57:44 +0800] "GET /api/auth/session HTTP/1.1" 200 35 "https://www.shudaxia.com/" "Mozilla/5.0 (Windows NT 10.0; Win64; x64) AppleWebKit/537.36 (KHTML, like Gecko) Chrome/140.0.0.0 Safari/537.36 Edg/140.0.0.0; 360Spider"
111.6.230.165 - - [31/Jan/2026:06:57:44 +0800] "GET /api/footer-links HTTP/1.1" 200 535 "https://www.shudaxia.com/" "Mozilla/5.0 (Windows NT 10.0; Win64; x64) AppleWebKit/537.36 (KHTML, like Gecko) Chrome/140.0.0.0 Safari/537.36 Edg/140.0.0.0; 360Spider"
111.6.230.164 - - [31/Jan/2026:06:57:44 +0800] "GET /api/latest-version?platform=2 HTTP/1.1" 200 152 "https://www.shudaxia.com/" "Mozilla/5.0 (Windows NT 10.0; Win64; x64) AppleWebKit/537.36 (KHTML, like Gecko) Chrome/140.0.0.0 Safari/537.36 Edg/140.0.0.0; 360Spider"
111.6.230.203 - - [31/Jan/2026:06:57:44 +0800] "GET /api/latest-version?platform=3 HTTP/1.1" 200 166 "https://www.shudaxia.com/" "Mozilla/5.0 (Windows NT 10.0; Win64; x64) AppleWebKit/537.36 (KHTML, like Gecko) Chrome/140.0.0.0 Safari/537.36 Edg/140.0.0.0; 360Spider"
111.6.230.203 - - [31/Jan/2026:06:57:44 +0800] "GET /api/latest-version?platform=3 HTTP/1.1" 200 166 "https://www.shudaxia.com/" "Mozilla/5.0 (Windows NT 10.0; Win64; x64) AppleWebKit/537.36 (KHTML, like Gecko) Chrome/140.0.0.0 Safari/537.36 Edg/140.0.0.0; 360Spider"
111.6.230.203 - - [31/Jan/2026:06:57:44 +0800] "GET /api/latest-version?platform=3 HTTP/1.1" 200 166 "https://www.shudaxia.com/" "Mozilla/5.0 (Windows NT 10.0; Win64; x64) AppleWebKit/537.36 (KHTML, like Gecko) Chrome/140.0.0.0 Safari/537.36 Edg/140.0.0.0; 360Spider"
111.6.230.164 - - [31/Jan/2026:06:57:44 +0800] "GET /api/latest-version?platform=2 HTTP/1.1" 200 152 "https://www.shudaxia.com/" "Mozilla/5.0 (Windows NT 10.0; Win64; x64) AppleWebKit/537.36 (KHTML, like Gecko) Chrome/140.0.0.0 Safari/537.36 Edg/140.0.0.0; 360Spider"
111.6.230.164 - - [31/Jan/2026:06:57:44 +0800] "GET /api/latest-version?platform=2 HTTP/1.1" 200 152 "https://www.shudaxia.com/" "Mozilla/5.0 (Windows NT 10.0; Win64; x64) AppleWebKit/537.36 (KHTML, like Gecko) Chrome/140.0.0.0 Safari/537.36 Edg/140.0.0.0; 360Spider"
111.6.230.164 - - [31/Jan/2026:06:57:44 +0800] "GET /api/latest-version?platform=2 HTTP/1.1" 200 152 "https://www.shudaxia.com/" "Mozilla/5.0 (Windows NT 10.0; Win64; x64) AppleWebKit/537.36 (KHTML, like Gecko) Chrome/140.0.0.0 Safari/537.36 Edg/140.0.0.0; 360Spider"
111.6.230.219 - - [31/Jan/2026:06:57:44 +0800] "GET /mobile?_rsc=qax64 HTTP/1.1" 308 22 "https://www.shudaxia.com/" "Mozilla/5.0 (Windows NT 10.0; Win64; x64) AppleWebKit/537.36 (KHTML, like Gecko) Chrome/140.0.0.0 Safari/537.36 Edg/140.0.0.0; 360Spider"
111.6.230.224 - - [31/Jan/2026:06:57:44 +0800] "GET /cpstest?_rsc=qax64 HTTP/1.1" 308 23 "https://www.shudaxia.com/" "Mozilla/5.0 (Windows NT 10.0; Win64; x64) AppleWebKit/537.36 (KHTML, like Gecko) Chrome/140.0.0.0 Safari/537.36 Edg/140.0.0.0; 360Spider"
111.6.230.183 - - [31/Jan/2026:06:57:44 +0800] "GET /video?_rsc=qax64 HTTP/1.1" 308 21 "https://www.shudaxia.com/" "Mozilla/5.0 (Windows NT 10.0; Win64; x64) AppleWebKit/537.36 (KHTML, like Gecko) Chrome/140.0.0.0 Safari/537.36 Edg/140.0.0.0; 360Spider"
111.6.230.158 - - [31/Jan/2026:06:57:44 +0800] "GET /doc/p1?_rsc=qax64 HTTP/1.1" 308 22 "https://www.shudaxia.com/" "Mozilla/5.0 (Windows NT 10.0; Win64; x64) AppleWebKit/537.36 (KHTML, like Gecko) Chrome/140.0.0.0 Safari/537.36 Edg/140.0.0.0; 360Spider"
111.6.230.165 - - [31/Jan/2026:06:57:44 +0800] "GET /mouse-keyboard-test?_rsc=qax64 HTTP/1.1" 308 36 "https://www.shudaxia.com/" "Mozilla/5.0 (Windows NT 10.0; Win64; x64) AppleWebKit/537.36 (KHTML, like Gecko) Chrome/140.0.0.0 Safari/537.36 Edg/140.0.0.0; 360Spider"
111.6.230.203 - - [31/Jan/2026:06:57:44 +0800] "GET /api/auth/session HTTP/1.1" 200 35 "https://www.shudaxia.com/" "Mozilla/5.0 (Windows NT 10.0; Win64; x64) AppleWebKit/537.36 (KHTML, like Gecko) Chrome/140.0.0.0 Safari/537.36 Edg/140.0.0.0; 360Spider"
111.6.230.213 - - [31/Jan/2026:06:57:44 +0800] "GET /doc/p1.html HTTP/1.1" 200 168 "https://www.shudaxia.com/" "Mozilla/5.0 (Windows NT 10.0; Win64; x64) AppleWebKit/537.36 (KHTML, like Gecko) Chrome/140.0.0.0 Safari/537.36 Edg/140.0.0.0; 360Spider"
111.6.230.190 - - [31/Jan/2026:06:57:44 +0800] "GET /mouse-click-train?_rsc=qax64 HTTP/1.1" 308 34 "https://www.shudaxia.com/" "Mozilla/5.0 (Windows NT 10.0; Win64; x64) AppleWebKit/537.36 (KHTML, like Gecko) Chrome/140.0.0.0 Safari/537.36 Edg/140.0.0.0; 360Spider"
111.6.230.192 - - [31/Jan/2026:06:57:44 +0800] "GET /scriptdiy?_rsc=qax64 HTTP/1.1" 308 25 "https://www.shudaxia.com/" "Mozilla/5.0 (Windows NT 10.0; Win64; x64) AppleWebKit/537.36 (KHTML, like Gecko) Chrome/140.0.0.0 Safari/537.36 Edg/140.0.0.0; 360Spider"
111.6.230.163 - - [31/Jan/2026:06:57:44 +0800] "GET /feedback?_rsc=qax64 HTTP/1.1" 308 24 "https://www.shudaxia.com/" "Mozilla/5.0 (Windows NT 10.0; Win64; x64) AppleWebKit/537.36 (KHTML, like Gecko) Chrome/140.0.0.0 Safari/537.36 Edg/140.0.0.0; 360Spider"
111.6.230.164 - - [31/Jan/2026:07:11:02 +0800] "GET /api/latest-version?platform=2 HTTP/1.1" 200 152 "https://www.shudaxia.com/mouse-keyboard-test.html" "Mozilla/5.0 (iPhone; CPU iPhone OS 9_1 like Mac OS X) AppleWebKit/601.1.46 (KHTML, like Gecko) Version/9.0 Mobile/13B143 Safari/601.1 (compatible; Baiduspider-render/2.0; +http://www.baidu.com/search/spider.html)"
111.6.230.203 - - [31/Jan/2026:07:11:02 +0800] "GET /api/auth/session HTTP/1.1" 200 35 "https://www.shudaxia.com/mouse-keyboard-test.html" "Mozilla/5.0 (iPhone; CPU iPhone OS 9_1 like Mac OS X) AppleWebKit/601.1.46 (KHTML, like Gecko) Version/9.0 Mobile/13B143 Safari/601.1 (compatible; Baiduspider-render/2.0; +http://www.baidu.com/search/spider.html)"
111.6.230.203 - - [31/Jan/2026:07:11:02 +0800] "GET /api/latest-version?platform=3 HTTP/1.1" 200 166 "https://www.shudaxia.com/mouse-keyboard-test.html" "Mozilla/5.0 (iPhone; CPU iPhone OS 9_1 like Mac OS X) AppleWebKit/601.1.46 (KHTML, like Gecko) Version/9.0 Mobile/13B143 Safari/601.1 (compatible; Baiduspider-render/2.0; +http://www.baidu.com/search/spider.html)"
111.6.230.164 - - [31/Jan/2026:07:11:02 +0800] "GET /api/latest-version?platform=2 HTTP/1.1" 200 152 "https://www.shudaxia.com/mouse-keyboard-test.html" "Mozilla/5.0 (iPhone; CPU iPhone OS 9_1 like Mac OS X) AppleWebKit/601.1.46 (KHTML, like Gecko) Version/9.0 Mobile/13B143 Safari/601.1 (compatible; Baiduspider-render/2.0; +http://www.baidu.com/search/spider.html)"
111.6.230.203 - - [31/Jan/2026:07:11:02 +0800] "GET /api/latest-version?platform=3 HTTP/1.1" 200 166 "https://www.shudaxia.com/mouse-keyboard-test.html" "Mozilla/5.0 (iPhone; CPU iPhone OS 9_1 like Mac OS X) AppleWebKit/601.1.46 (KHTML, like Gecko) Version/9.0 Mobile/13B143 Safari/601.1 (compatible; Baiduspider-render/2.0; +http://www.baidu.com/search/spider.html)"
111.6.230.203 - - [31/Jan/2026:07:11:02 +0800] "GET /api/auth/session HTTP/1.1" 200 35 "https://www.shudaxia.com/mouse-keyboard-test.html" "Mozilla/5.0 (iPhone; CPU iPhone OS 9_1 like Mac OS X) AppleWebKit/601.1.46 (KHTML, like Gecko) Version/9.0 Mobile/13B143 Safari/601.1 (compatible; Baiduspider-render/2.0; +http://www.baidu.com/search/spider.html)"
111.6.230.165 - - [31/Jan/2026:07:11:03 +0800] "GET /api/footer-links HTTP/1.1" 200 535 "https://www.shudaxia.com/mouse-keyboard-test.html" "Mozilla/5.0 (iPhone; CPU iPhone OS 9_1 like Mac OS X) AppleWebKit/601.1.46 (KHTML, like Gecko) Version/9.0 Mobile/13B143 Safari/601.1 (compatible; Baiduspider-render/2.0; +http://www.baidu.com/search/spider.html)"
111.6.230.169 - - [31/Jan/2026:07:16:23 +0800] "GET /news/shu-da-xia-shu-biao-lian-dian-qi-te-dian-jie-shao.html HTTP/1.1" 200 19144 "-" "Mozilla/5.0 (Linux; Android 5.0) AppleWebKit/537.36 (KHTML, like Gecko) Mobile Safari/537.36 (compatible; Bytespider; https://zhanzhang.toutiao.com/)"
111.6.230.164 - - [31/Jan/2026:07:16:23 +0800] "GET /api/latest-version?platform=2 HTTP/1.1" 200 152 "https://www.shudaxia.com/news/shu-da-xia-shu-biao-lian-dian-qi-te-dian-jie-shao.html" "Mozilla/5.0 (Linux; Android 5.0) AppleWebKit/537.36 (KHTML, like Gecko) Mobile Safari/537.36 (compatible; Bytespider; https://zhanzhang.toutiao.com/)"
111.6.230.215 - - [31/Jan/2026:07:16:23 +0800] "POST /api/articles/46/view HTTP/1.1" 200 2514 "https://www.shudaxia.com/news/shu-da-xia-shu-biao-lian-dian-qi-te-dian-jie-shao.html" "Mozilla/5.0 (Linux; Android 5.0) AppleWebKit/537.36 (KHTML, like Gecko) Mobile Safari/537.36 (compatible; Bytespider; https://zhanzhang.toutiao.com/)"
111.6.230.203 - - [31/Jan/2026:07:16:23 +0800] "GET /api/latest-version?platform=3 HTTP/1.1" 200 166 "https://www.shudaxia.com/news/shu-da-xia-shu-biao-lian-dian-qi-te-dian-jie-shao.html" "Mozilla/5.0 (Linux; Android 5.0) AppleWebKit/537.36 (KHTML, like Gecko) Mobile Safari/537.36 (compatible; Bytespider; https://zhanzhang.toutiao.com/)"
111.6.230.164 - - [31/Jan/2026:07:16:24 +0800] "GET /api/latest-version?platform=2 HTTP/1.1" 200 152 "https://www.shudaxia.com/news/shu-da-xia-shu-biao-lian-dian-qi-te-dian-jie-shao.html" "Mozilla/5.0 (Linux; Android 5.0) AppleWebKit/537.36 (KHTML, like Gecko) Mobile Safari/537.36 (compatible; Bytespider; https://zhanzhang.toutiao.com/)"
111.6.230.165 - - [31/Jan/2026:07:16:24 +0800] "GET /doc/p1?_rsc=40qjq HTTP/1.1" 308 22 "https://www.shudaxia.com/news/shu-da-xia-shu-biao-lian-dian-qi-te-dian-jie-shao.html" "Mozilla/5.0 (Linux; Android 5.0) AppleWebKit/537.36 (KHTML, like Gecko) Mobile Safari/537.36 (compatible; Bytespider; https://zhanzhang.toutiao.com/)"
111.6.230.191 - - [31/Jan/2026:07:16:24 +0800] "GET /faq/p1?_rsc=40qjq HTTP/1.1" 308 22 "https://www.shudaxia.com/news/shu-da-xia-shu-biao-lian-dian-qi-te-dian-jie-shao.html" "Mozilla/5.0 (Linux; Android 5.0) AppleWebKit/537.36 (KHTML, like Gecko) Mobile Safari/537.36 (compatible; Bytespider; https://zhanzhang.toutiao.com/)"
111.6.230.203 - - [31/Jan/2026:07:16:24 +0800] "GET /api/auth/session HTTP/1.1" 200 35 "https://www.shudaxia.com/news/shu-da-xia-shu-biao-lian-dian-qi-te-dian-jie-shao.html" "Mozilla/5.0 (Linux; Android 5.0) AppleWebKit/537.36 (KHTML, like Gecko) Mobile Safari/537.36 (compatible; Bytespider; https://zhanzhang.toutiao.com/)"
111.6.230.162 - - [31/Jan/2026:07:16:24 +0800] "GET /?_rsc=40qjq HTTP/1.1" 200 144 "https://www.shudaxia.com/news/shu-da-xia-shu-biao-lian-dian-qi-te-dian-jie-shao.html" "Mozilla/5.0 (Linux; Android 5.0) AppleWebKit/537.36 (KHTML, like Gecko) Mobile Safari/537.36 (compatible; Bytespider; https://zhanzhang.toutiao.com/)"
111.6.230.157 - - [31/Jan/2026:07:16:24 +0800] "GET /news/p1?_rsc=40qjq HTTP/1.1" 308 23 "https://www.shudaxia.com/news/shu-da-xia-shu-biao-lian-dian-qi-te-dian-jie-shao.html" "Mozilla/5.0 (Linux; Android 5.0) AppleWebKit/537.36 (KHTML, like Gecko) Mobile Safari/537.36 (compatible; Bytespider; https://zhanzhang.toutiao.com/)"
111.6.230.223 - - [31/Jan/2026:07:16:24 +0800] "GET /news?_rsc=40qjq HTTP/1.1" 308 20 "https://www.shudaxia.com/news/shu-da-xia-shu-biao-lian-dian-qi-te-dian-jie-shao.html" "Mozilla/5.0 (Linux; Android 5.0) AppleWebKit/537.36 (KHTML, like Gecko) Mobile Safari/537.36 (compatible; Bytespider; https://zhanzhang.toutiao.com/)"
111.6.230.165 - - [31/Jan/2026:07:16:24 +0800] "GET /api/footer-links HTTP/1.1" 200 535 "https://www.shudaxia.com/news/shu-da-xia-shu-biao-lian-dian-qi-te-dian-jie-shao.html" "Mozilla/5.0 (Linux; Android 5.0) AppleWebKit/537.36 (KHTML, like Gecko) Mobile Safari/537.36 (compatible; Bytespider; https://zhanzhang.toutiao.com/)"
111.6.230.203 - - [31/Jan/2026:07:16:24 +0800] "GET /api/latest-version?platform=3 HTTP/1.1" 200 166 "https://www.shudaxia.com/news/shu-da-xia-shu-biao-lian-dian-qi-te-dian-jie-shao.html" "Mozilla/5.0 (Linux; Android 5.0) AppleWebKit/537.36 (KHTML, like Gecko) Mobile Safari/537.36 (compatible; Bytespider; https://zhanzhang.toutiao.com/)"
111.6.230.203 - - [31/Jan/2026:07:16:24 +0800] "GET /api/auth/session HTTP/1.1" 200 35 "https://www.shudaxia.com/news/shu-da-xia-shu-biao-lian-dian-qi-te-dian-jie-shao.html" "Mozilla/5.0 (Linux; Android 5.0) AppleWebKit/537.36 (KHTML, like Gecko) Mobile Safari/537.36 (compatible; Bytespider; https://zhanzhang.toutiao.com/)"
111.6.230.230 - - [31/Jan/2026:07:16:24 +0800] "GET /news.html HTTP/1.1" 200 165 "https://www.shudaxia.com/news/shu-da-xia-shu-biao-lian-dian-qi-te-dian-jie-shao.html" "Mozilla/5.0 (Linux; Android 5.0) AppleWebKit/537.36 (KHTML, like Gecko) Mobile Safari/537.36 (compatible; Bytespider; https://zhanzhang.toutiao.com/)"
111.6.230.213 - - [31/Jan/2026:07:16:24 +0800] "GET /doc/p1.html HTTP/1.1" 200 168 "https://www.shudaxia.com/news/shu-da-xia-shu-biao-lian-dian-qi-te-dian-jie-shao.html" "Mozilla/5.0 (Linux; Android 5.0) AppleWebKit/537.36 (KHTML, like Gecko) Mobile Safari/537.36 (compatible; Bytespider; https://zhanzhang.toutiao.com/)"
111.6.230.155 - - [31/Jan/2026:07:16:24 +0800] "GET /faq/p1.html HTTP/1.1" 200 168 "https://www.shudaxia.com/news/shu-da-xia-shu-biao-lian-dian-qi-te-dian-jie-shao.html" "Mozilla/5.0 (Linux; Android 5.0) AppleWebKit/537.36 (KHTML, like Gecko) Mobile Safari/537.36 (compatible; Bytespider; https://zhanzhang.toutiao.com/)"
111.6.230.158 - - [31/Jan/2026:07:16:24 +0800] "GET /news/p1.html HTTP/1.1" 200 168 "https://www.shudaxia.com/news/shu-da-xia-shu-biao-lian-dian-qi-te-dian-jie-shao.html" "Mozilla/5.0 (Linux; Android 5.0) AppleWebKit/537.36 (KHTML, like Gecko) Mobile Safari/537.36 (compatible; Bytespider; https://zhanzhang.toutiao.com/)"
111.6.230.212 - - [31/Jan/2026:07:24:51 +0800] "GET /news/shu-biao-lian-dian-qi-dou-you-na-xie-gong-neng.html HTTP/1.1" 200 16634 "-" "Mozilla/5.0 (Linux;u;Android 4.2.2;zh-cn;) AppleWebKit/534.46 (KHTML,like Gecko) Version/5.1 Mobile Safari/10600.6.3 (compatible; Baiduspider/2.0; +http://www.baidu.com/search/spider.html)"
111.6.230.165 - - [31/Jan/2026:07:24:54 +0800] "GET /api/footer-links HTTP/1.1" 200 535 "https://www.shudaxia.com/news/shu-biao-lian-dian-qi-dou-you-na-xie-gong-neng.html" "Mozilla/5.0 (iPhone; CPU iPhone OS 9_1 like Mac OS X) AppleWebKit/601.1.46 (KHTML, like Gecko) Version/9.0 Mobile/13B143 Safari/601.1 (compatible; Baiduspider-render/2.0; +http://www.baidu.com/search/spider.html)"
111.6.230.203 - - [31/Jan/2026:07:24:54 +0800] "GET /api/latest-version?platform=3 HTTP/1.1" 200 166 "https://www.shudaxia.com/news/shu-biao-lian-dian-qi-dou-you-na-xie-gong-neng.html" "Mozilla/5.0 (iPhone; CPU iPhone OS 9_1 like Mac OS X) AppleWebKit/601.1.46 (KHTML, like Gecko) Version/9.0 Mobile/13B143 Safari/601.1 (compatible; Baiduspider-render/2.0; +http://www.baidu.com/search/spider.html)"
111.6.230.203 - - [31/Jan/2026:07:24:54 +0800] "GET /api/auth/session HTTP/1.1" 200 35 "https://www.shudaxia.com/news/shu-biao-lian-dian-qi-dou-you-na-xie-gong-neng.html" "Mozilla/5.0 (iPhone; CPU iPhone OS 9_1 like Mac OS X) AppleWebKit/601.1.46 (KHTML, like Gecko) Version/9.0 Mobile/13B143 Safari/601.1 (compatible; Baiduspider-render/2.0; +http://www.baidu.com/search/spider.html)"
111.6.230.164 - - [31/Jan/2026:07:24:54 +0800] "GET /api/latest-version?platform=2 HTTP/1.1" 200 152 "https://www.shudaxia.com/news/shu-biao-lian-dian-qi-dou-you-na-xie-gong-neng.html" "Mozilla/5.0 (iPhone; CPU iPhone OS 9_1 like Mac OS X) AppleWebKit/601.1.46 (KHTML, like Gecko) Version/9.0 Mobile/13B143 Safari/601.1 (compatible; Baiduspider-render/2.0; +http://www.baidu.com/search/spider.html)"
111.6.230.165 - - [31/Jan/2026:07:24:54 +0800] "POST /api/articles/7/view HTTP/1.1" 200 1530 "https://www.shudaxia.com/news/shu-biao-lian-dian-qi-dou-you-na-xie-gong-neng.html" "Mozilla/5.0 (iPhone; CPU iPhone OS 9_1 like Mac OS X) AppleWebKit/601.1.46 (KHTML, like Gecko) Version/9.0 Mobile/13B143 Safari/601.1 (compatible; Baiduspider-render/2.0; +http://www.baidu.com/search/spider.html)"
111.6.230.164 - - [31/Jan/2026:07:24:54 +0800] "GET /api/latest-version?platform=2 HTTP/1.1" 200 152 "https://www.shudaxia.com/news/shu-biao-lian-dian-qi-dou-you-na-xie-gong-neng.html" "Mozilla/5.0 (iPhone; CPU iPhone OS 9_1 like Mac OS X) AppleWebKit/601.1.46 (KHTML, like Gecko) Version/9.0 Mobile/13B143 Safari/601.1 (compatible; Baiduspider-render/2.0; +http://www.baidu.com/search/spider.html)"
111.6.230.203 - - [31/Jan/2026:07:24:54 +0800] "GET /api/latest-version?platform=3 HTTP/1.1" 200 166 "https://www.shudaxia.com/news/shu-biao-lian-dian-qi-dou-you-na-xie-gong-neng.html" "Mozilla/5.0 (iPhone; CPU iPhone OS 9_1 like Mac OS X) AppleWebKit/601.1.46 (KHTML, like Gecko) Version/9.0 Mobile/13B143 Safari/601.1 (compatible; Baiduspider-render/2.0; +http://www.baidu.com/search/spider.html)"
111.6.230.203 - - [31/Jan/2026:07:24:54 +0800] "GET /api/auth/session HTTP/1.1" 200 35 "https://www.shudaxia.com/news/shu-biao-lian-dian-qi-dou-you-na-xie-gong-neng.html" "Mozilla/5.0 (iPhone; CPU iPhone OS 9_1 like Mac OS X) AppleWebKit/601.1.46 (KHTML, like Gecko) Version/9.0 Mobile/13B143 Safari/601.1 (compatible; Baiduspider-render/2.0; +http://www.baidu.com/search/spider.html)"
111.6.230.203 - - [31/Jan/2026:07:39:10 +0800] "GET / HTTP/1.1" 200 24485 "-" "YisouSpider"
111.6.230.203 - - [31/Jan/2026:07:39:11 +0800] "GET /api/latest-version?platform=3 HTTP/1.1" 200 166 "https://www.shudaxia.com/" "YisouSpider"
111.6.230.164 - - [31/Jan/2026:07:39:11 +0800] "GET /api/latest-version?platform=2 HTTP/1.1" 200 152 "https://www.shudaxia.com/" "YisouSpider"
111.6.230.165 - - [31/Jan/2026:07:39:11 +0800] "GET /mouse-keyboard-test?_rsc=qax64 HTTP/1.1" 308 36 "https://www.shudaxia.com/" "YisouSpider"
111.6.230.203 - - [31/Jan/2026:07:39:11 +0800] "GET /api/latest-version?platform=3 HTTP/1.1" 200 166 "https://www.shudaxia.com/" "YisouSpider"
111.6.230.164 - - [31/Jan/2026:07:39:11 +0800] "GET /api/latest-version?platform=2 HTTP/1.1" 200 152 "https://www.shudaxia.com/" "YisouSpider"
111.6.230.203 - - [31/Jan/2026:07:39:11 +0800] "GET /api/latest-version?platform=3 HTTP/1.1" 200 166 "https://www.shudaxia.com/" "YisouSpider"
111.6.230.203 - - [31/Jan/2026:07:39:11 +0800] "GET /api/latest-version?platform=3 HTTP/1.1" 200 166 "https://www.shudaxia.com/" "YisouSpider"
111.6.230.164 - - [31/Jan/2026:07:39:11 +0800] "GET /api/latest-version?platform=2 HTTP/1.1" 200 152 "https://www.shudaxia.com/" "YisouSpider"
111.6.230.165 - - [31/Jan/2026:07:39:11 +0800] "GET /api/footer-links HTTP/1.1" 200 535 "https://www.shudaxia.com/" "YisouSpider"
111.6.230.203 - - [31/Jan/2026:07:39:11 +0800] "GET /api/auth/session HTTP/1.1" 200 35 "https://www.shudaxia.com/" "YisouSpider"
111.6.230.158 - - [31/Jan/2026:07:39:11 +0800] "GET /doc/p1?_rsc=qax64 HTTP/1.1" 308 22 "https://www.shudaxia.com/" "YisouSpider"
111.6.230.224 - - [31/Jan/2026:07:39:11 +0800] "GET /cpstest?_rsc=qax64 HTTP/1.1" 308 23 "https://www.shudaxia.com/" "YisouSpider"
111.6.230.164 - - [31/Jan/2026:07:39:11 +0800] "GET /api/latest-version?platform=2 HTTP/1.1" 200 152 "https://www.shudaxia.com/" "YisouSpider"
111.6.230.183 - - [31/Jan/2026:07:39:11 +0800] "GET /video?_rsc=qax64 HTTP/1.1" 308 21 "https://www.shudaxia.com/" "YisouSpider"
111.6.230.203 - - [31/Jan/2026:07:39:11 +0800] "GET /api/auth/session HTTP/1.1" 200 35 "https://www.shudaxia.com/" "YisouSpider"
111.6.230.213 - - [31/Jan/2026:07:39:11 +0800] "GET /doc/p1.html HTTP/1.1" 200 168 "https://www.shudaxia.com/" "YisouSpider"
111.6.230.190 - - [31/Jan/2026:07:39:11 +0800] "GET /mouse-click-train?_rsc=qax64 HTTP/1.1" 308 34 "https://www.shudaxia.com/" "YisouSpider"
111.6.230.192 - - [31/Jan/2026:07:39:11 +0800] "GET /scriptdiy?_rsc=qax64 HTTP/1.1" 308 25 "https://www.shudaxia.com/" "YisouSpider"
111.6.230.163 - - [31/Jan/2026:07:39:11 +0800] "GET /feedback?_rsc=qax64 HTTP/1.1" 308 24 "https://www.shudaxia.com/" "YisouSpider"
111.6.230.163 - - [31/Jan/2026:07:40:22 +0800] "GET /?eqid=a2f5c85d000084a300000005647369a8 HTTP/1.1" 200 24417 "-" "Mozilla/5.0 (compatible; Baiduspider/2.0; +http://www.baidu.com/search/spider.html)"
111.6.230.165 - - [31/Jan/2026:07:41:59 +0800] "GET /api/footer-links HTTP/1.1" 200 535 "https://www.shudaxia.com/?eqid=a2f5c85d000084a300000005647369a8" "Mozilla/5.0 (compatible; Baiduspider-render/2.0; +http://www.baidu.com/search/spider.html)"
111.6.230.164 - - [31/Jan/2026:07:41:59 +0800] "GET /api/latest-version?platform=2 HTTP/1.1" 200 152 "https://www.shudaxia.com/?eqid=a2f5c85d000084a300000005647369a8" "Mozilla/5.0 (compatible; Baiduspider-render/2.0; +http://www.baidu.com/search/spider.html)"
111.6.230.203 - - [31/Jan/2026:07:41:59 +0800] "GET /api/auth/session HTTP/1.1" 200 35 "https://www.shudaxia.com/?eqid=a2f5c85d000084a300000005647369a8" "Mozilla/5.0 (compatible; Baiduspider-render/2.0; +http://www.baidu.com/search/spider.html)"
111.6.230.203 - - [31/Jan/2026:07:41:59 +0800] "GET /api/latest-version?platform=3 HTTP/1.1" 200 166 "https://www.shudaxia.com/?eqid=a2f5c85d000084a300000005647369a8" "Mozilla/5.0 (compatible; Baiduspider-render/2.0; +http://www.baidu.com/search/spider.html)"
111.6.230.164 - - [31/Jan/2026:07:41:59 +0800] "GET /api/latest-version?platform=2 HTTP/1.1" 200 152 "https://www.shudaxia.com/?eqid=a2f5c85d000084a300000005647369a8" "Mozilla/5.0 (compatible; Baiduspider-render/2.0; +http://www.baidu.com/search/spider.html)"
111.6.230.203 - - [31/Jan/2026:07:41:59 +0800] "GET /api/latest-version?platform=3 HTTP/1.1" 200 166 "https://www.shudaxia.com/?eqid=a2f5c85d000084a300000005647369a8" "Mozilla/5.0 (compatible; Baiduspider-render/2.0; +http://www.baidu.com/search/spider.html)"
111.6.230.203 - - [31/Jan/2026:07:41:59 +0800] "GET /api/auth/session HTTP/1.1" 200 35 "https://www.shudaxia.com/?eqid=a2f5c85d000084a300000005647369a8" "Mozilla/5.0 (compatible; Baiduspider-render/2.0; +http://www.baidu.com/search/spider.html)"
111.6.230.203 - - [31/Jan/2026:07:41:59 +0800] "GET /api/latest-version?platform=3 HTTP/1.1" 200 166 "https://www.shudaxia.com/?eqid=a2f5c85d000084a300000005647369a8" "Mozilla/5.0 (compatible; Baiduspider-render/2.0; +http://www.baidu.com/search/spider.html)"
111.6.230.164 - - [31/Jan/2026:07:41:59 +0800] "GET /api/latest-version?platform=2 HTTP/1.1" 200 152 "https://www.shudaxia.com/?eqid=a2f5c85d000084a300000005647369a8" "Mozilla/5.0 (compatible; Baiduspider-render/2.0; +http://www.baidu.com/search/spider.html)"
111.6.230.164 - - [31/Jan/2026:07:41:59 +0800] "GET /api/latest-version?platform=2 HTTP/1.1" 200 152 "https://www.shudaxia.com/?eqid=a2f5c85d000084a300000005647369a8" "Mozilla/5.0 (compatible; Baiduspider-render/2.0; +http://www.baidu.com/search/spider.html)"
111.6.230.203 - - [31/Jan/2026:07:41:59 +0800] "GET /api/latest-version?platform=3 HTTP/1.1" 200 166 "https://www.shudaxia.com/?eqid=a2f5c85d000084a300000005647369a8" "Mozilla/5.0 (compatible; Baiduspider-render/2.0; +http://www.baidu.com/search/spider.html)"
111.6.230.203 - - [31/Jan/2026:07:41:59 +0800] "GET /api/latest-version?platform=3 HTTP/1.1" 200 166 "https://www.shudaxia.com/?eqid=a2f5c85d000084a300000005647369a8" "Mozilla/5.0 (compatible; Baiduspider-render/2.0; +http://www.baidu.com/search/spider.html)"
111.6.230.191 - - [31/Jan/2026:07:43:31 +0800] "GET /index.html HTTP/1.1" 301 162 "-" "Mozilla/5.0 (Windows NT 10.0; Win64; x64) AppleWebKit/537.36 (KHTML, like Gecko) Chrome/140.0.0.0 Safari/537.36 Edg/140.0.0.0; 360Spider"
111.6.230.215 - - [31/Jan/2026:07:43:32 +0800] "GET / HTTP/1.1" 200 24485 "-" "Mozilla/5.0 (Windows NT 10.0; Win64; x64) AppleWebKit/537.36 (KHTML, like Gecko) Chrome/140.0.0.0 Safari/537.36 Edg/140.0.0.0; 360Spider"
111.6.230.203 - - [31/Jan/2026:07:43:33 +0800] "GET /api/latest-version?platform=3 HTTP/1.1" 200 166 "https://www.shudaxia.com/" "Mozilla/5.0 (Windows NT 10.0; Win64; x64) AppleWebKit/537.36 (KHTML, like Gecko) Chrome/140.0.0.0 Safari/537.36 Edg/140.0.0.0; 360Spider"
111.6.230.164 - - [31/Jan/2026:07:43:33 +0800] "GET /api/latest-version?platform=2 HTTP/1.1" 200 152 "https://www.shudaxia.com/" "Mozilla/5.0 (Windows NT 10.0; Win64; x64) AppleWebKit/537.36 (KHTML, like Gecko) Chrome/140.0.0.0 Safari/537.36 Edg/140.0.0.0; 360Spider"
111.6.230.203 - - [31/Jan/2026:07:43:33 +0800] "GET /api/latest-version?platform=3 HTTP/1.1" 200 166 "https://www.shudaxia.com/" "Mozilla/5.0 (Windows NT 10.0; Win64; x64) AppleWebKit/537.36 (KHTML, like Gecko) Chrome/140.0.0.0 Safari/537.36 Edg/140.0.0.0; 360Spider"
111.6.230.164 - - [31/Jan/2026:07:43:34 +0800] "GET /api/latest-version?platform=2 HTTP/1.1" 200 152 "https://www.shudaxia.com/" "Mozilla/5.0 (Windows NT 10.0; Win64; x64) AppleWebKit/537.36 (KHTML, like Gecko) Chrome/140.0.0.0 Safari/537.36 Edg/140.0.0.0; 360Spider"
111.6.230.203 - - [31/Jan/2026:07:43:34 +0800] "GET /api/latest-version?platform=3 HTTP/1.1" 200 166 "https://www.shudaxia.com/" "Mozilla/5.0 (Windows NT 10.0; Win64; x64) AppleWebKit/537.36 (KHTML, like Gecko) Chrome/140.0.0.0 Safari/537.36 Edg/140.0.0.0; 360Spider"
111.6.230.203 - - [31/Jan/2026:07:43:34 +0800] "GET /api/latest-version?platform=3 HTTP/1.1" 200 166 "https://www.shudaxia.com/" "Mozilla/5.0 (Windows NT 10.0; Win64; x64) AppleWebKit/537.36 (KHTML, like Gecko) Chrome/140.0.0.0 Safari/537.36 Edg/140.0.0.0; 360Spider"
111.6.230.203 - - [31/Jan/2026:07:43:34 +0800] "GET /api/auth/session HTTP/1.1" 200 35 "https://www.shudaxia.com/" "Mozilla/5.0 (Windows NT 10.0; Win64; x64) AppleWebKit/537.36 (KHTML, like Gecko) Chrome/140.0.0.0 Safari/537.36 Edg/140.0.0.0; 360Spider"
111.6.230.164 - - [31/Jan/2026:07:43:34 +0800] "GET /api/latest-version?platform=2 HTTP/1.1" 200 152 "https://www.shudaxia.com/" "Mozilla/5.0 (Windows NT 10.0; Win64; x64) AppleWebKit/537.36 (KHTML, like Gecko) Chrome/140.0.0.0 Safari/537.36 Edg/140.0.0.0; 360Spider"
111.6.230.165 - - [31/Jan/2026:07:43:34 +0800] "GET /api/footer-links HTTP/1.1" 200 535 "https://www.shudaxia.com/" "Mozilla/5.0 (Windows NT 10.0; Win64; x64) AppleWebKit/537.36 (KHTML, like Gecko) Chrome/140.0.0.0 Safari/537.36 Edg/140.0.0.0; 360Spider"
111.6.230.203 - - [31/Jan/2026:07:43:34 +0800] "GET /api/latest-version?platform=3 HTTP/1.1" 200 166 "https://www.shudaxia.com/" "Mozilla/5.0 (Windows NT 10.0; Win64; x64) AppleWebKit/537.36 (KHTML, like Gecko) Chrome/140.0.0.0 Safari/537.36 Edg/140.0.0.0; 360Spider"
111.6.230.164 - - [31/Jan/2026:07:43:34 +0800] "GET /api/latest-version?platform=2 HTTP/1.1" 200 152 "https://www.shudaxia.com/" "Mozilla/5.0 (Windows NT 10.0; Win64; x64) AppleWebKit/537.36 (KHTML, like Gecko) Chrome/140.0.0.0 Safari/537.36 Edg/140.0.0.0; 360Spider"
111.6.230.219 - - [31/Jan/2026:07:43:34 +0800] "GET /mobile?_rsc=qax64 HTTP/1.1" 308 22 "https://www.shudaxia.com/" "Mozilla/5.0 (Windows NT 10.0; Win64; x64) AppleWebKit/537.36 (KHTML, like Gecko) Chrome/140.0.0.0 Safari/537.36 Edg/140.0.0.0; 360Spider"
111.6.230.165 - - [31/Jan/2026:07:43:34 +0800] "GET /mouse-keyboard-test?_rsc=qax64 HTTP/1.1" 308 36 "https://www.shudaxia.com/" "Mozilla/5.0 (Windows NT 10.0; Win64; x64) AppleWebKit/537.36 (KHTML, like Gecko) Chrome/140.0.0.0 Safari/537.36 Edg/140.0.0.0; 360Spider"
111.6.230.158 - - [31/Jan/2026:07:43:34 +0800] "GET /doc/p1?_rsc=qax64 HTTP/1.1" 308 22 "https://www.shudaxia.com/" "Mozilla/5.0 (Windows NT 10.0; Win64; x64) AppleWebKit/537.36 (KHTML, like Gecko) Chrome/140.0.0.0 Safari/537.36 Edg/140.0.0.0; 360Spider"
111.6.230.183 - - [31/Jan/2026:07:43:34 +0800] "GET /video?_rsc=qax64 HTTP/1.1" 308 21 "https://www.shudaxia.com/" "Mozilla/5.0 (Windows NT 10.0; Win64; x64) AppleWebKit/537.36 (KHTML, like Gecko) Chrome/140.0.0.0 Safari/537.36 Edg/140.0.0.0; 360Spider"
111.6.230.224 - - [31/Jan/2026:07:43:34 +0800] "GET /cpstest?_rsc=qax64 HTTP/1.1" 308 23 "https://www.shudaxia.com/" "Mozilla/5.0 (Windows NT 10.0; Win64; x64) AppleWebKit/537.36 (KHTML, like Gecko) Chrome/140.0.0.0 Safari/537.36 Edg/140.0.0.0; 360Spider"
111.6.230.203 - - [31/Jan/2026:07:43:34 +0800] "GET /api/auth/session HTTP/1.1" 200 35 "https://www.shudaxia.com/" "Mozilla/5.0 (Windows NT 10.0; Win64; x64) AppleWebKit/537.36 (KHTML, like Gecko) Chrome/140.0.0.0 Safari/537.36 Edg/140.0.0.0; 360Spider"
111.6.230.213 - - [31/Jan/2026:07:43:34 +0800] "GET /doc/p1.html HTTP/1.1" 200 168 "https://www.shudaxia.com/" "Mozilla/5.0 (Windows NT 10.0; Win64; x64) AppleWebKit/537.36 (KHTML, like Gecko) Chrome/140.0.0.0 Safari/537.36 Edg/140.0.0.0; 360Spider"
111.6.230.190 - - [31/Jan/2026:07:43:35 +0800] "GET /mouse-click-train?_rsc=qax64 HTTP/1.1" 308 34 "https://www.shudaxia.com/" "Mozilla/5.0 (Windows NT 10.0; Win64; x64) AppleWebKit/537.36 (KHTML, like Gecko) Chrome/140.0.0.0 Safari/537.36 Edg/140.0.0.0; 360Spider"
111.6.230.192 - - [31/Jan/2026:07:43:35 +0800] "GET /scriptdiy?_rsc=qax64 HTTP/1.1" 308 25 "https://www.shudaxia.com/" "Mozilla/5.0 (Windows NT 10.0; Win64; x64) AppleWebKit/537.36 (KHTML, like Gecko) Chrome/140.0.0.0 Safari/537.36 Edg/140.0.0.0; 360Spider"
111.6.230.163 - - [31/Jan/2026:07:43:35 +0800] "GET /feedback?_rsc=qax64 HTTP/1.1" 308 24 "https://www.shudaxia.com/" "Mozilla/5.0 (Windows NT 10.0; Win64; x64) AppleWebKit/537.36 (KHTML, like Gecko) Chrome/140.0.0.0 Safari/537.36 Edg/140.0.0.0; 360Spider"
111.6.230.215 - - [31/Jan/2026:07:46:47 +0800] "GET / HTTP/1.1" 200 24691 "-" "YisouSpider"
111.6.230.203 - - [31/Jan/2026:07:46:48 +0800] "GET /api/auth/session HTTP/1.1" 200 35 "https://www.shudaxia.com/" "YisouSpider"
111.6.230.164 - - [31/Jan/2026:07:46:48 +0800] "GET /api/latest-version?platform=2 HTTP/1.1" 200 152 "https://www.shudaxia.com/" "YisouSpider"
111.6.230.203 - - [31/Jan/2026:07:46:48 +0800] "GET /api/latest-version?platform=3 HTTP/1.1" 200 166 "https://www.shudaxia.com/" "YisouSpider"
111.6.230.158 - - [31/Jan/2026:07:46:48 +0800] "GET /doc/p1?_rsc=qax64 HTTP/1.1" 308 22 "https://www.shudaxia.com/" "YisouSpider"
111.6.230.183 - - [31/Jan/2026:07:46:48 +0800] "GET /video?_rsc=qax64 HTTP/1.1" 308 21 "https://www.shudaxia.com/" "YisouSpider"
111.6.230.164 - - [31/Jan/2026:07:46:48 +0800] "GET /api/latest-version?platform=2 HTTP/1.1" 200 152 "https://www.shudaxia.com/" "YisouSpider"
111.6.230.203 - - [31/Jan/2026:07:46:48 +0800] "GET /api/latest-version?platform=3 HTTP/1.1" 200 166 "https://www.shudaxia.com/" "YisouSpider"
111.6.230.177 - - [31/Jan/2026:07:46:48 +0800] "GET /api/latest-version?platform=3 HTTP/1.1" 200 166 "https://www.shudaxia.com/" "YisouSpider"
111.6.230.219 - - [31/Jan/2026:07:46:48 +0800] "GET /mobile?_rsc=qax64 HTTP/1.1" 308 22 "https://www.shudaxia.com/" "YisouSpider"
111.6.230.203 - - [31/Jan/2026:07:46:48 +0800] "GET /api/latest-version?platform=3 HTTP/1.1" 200 166 "https://www.shudaxia.com/" "YisouSpider"
111.6.230.165 - - [31/Jan/2026:07:46:48 +0800] "GET /api/footer-links HTTP/1.1" 200 535 "https://www.shudaxia.com/" "YisouSpider"
111.6.230.164 - - [31/Jan/2026:07:46:48 +0800] "GET /api/latest-version?platform=2 HTTP/1.1" 200 152 "https://www.shudaxia.com/" "YisouSpider"
111.6.230.224 - - [31/Jan/2026:07:46:48 +0800] "GET /cpstest?_rsc=qax64 HTTP/1.1" 308 23 "https://www.shudaxia.com/" "YisouSpider"
111.6.230.203 - - [31/Jan/2026:07:46:48 +0800] "GET /api/auth/session HTTP/1.1" 200 35 "https://www.shudaxia.com/" "YisouSpider"
111.6.230.164 - - [31/Jan/2026:07:46:48 +0800] "GET /api/latest-version?platform=2 HTTP/1.1" 200 152 "https://www.shudaxia.com/" "YisouSpider"
111.6.230.203 - - [31/Jan/2026:07:46:48 +0800] "GET /api/latest-version?platform=3 HTTP/1.1" 200 166 "https://www.shudaxia.com/" "YisouSpider"
111.6.230.165 - - [31/Jan/2026:07:46:48 +0800] "GET /mouse-keyboard-test?_rsc=qax64 HTTP/1.1" 308 36 "https://www.shudaxia.com/" "YisouSpider"
111.6.230.213 - - [31/Jan/2026:07:46:48 +0800] "GET /doc/p1.html HTTP/1.1" 200 168 "https://www.shudaxia.com/" "YisouSpider"
111.6.230.190 - - [31/Jan/2026:07:46:48 +0800] "GET /mouse-click-train?_rsc=qax64 HTTP/1.1" 308 34 "https://www.shudaxia.com/" "YisouSpider"
111.6.230.192 - - [31/Jan/2026:07:46:48 +0800] "GET /scriptdiy?_rsc=qax64 HTTP/1.1" 308 25 "https://www.shudaxia.com/" "YisouSpider"
111.6.230.163 - - [31/Jan/2026:07:46:48 +0800] "GET /feedback?_rsc=qax64 HTTP/1.1" 308 24 "https://www.shudaxia.com/" "YisouSpider"
111.6.230.156 - - [31/Jan/2026:07:49:46 +0800] "GET / HTTP/1.1" 200 24333 "-" "Sogou web spider/4.0(+http://www.sogou.com/docs/help/webmasters.htm#07)"
111.6.230.203 - - [31/Jan/2026:07:49:47 +0800] "GET /api/latest-version?platform=3 HTTP/1.1" 200 166 "https://www.shudaxia.com/" "Sogou web spider/4.0(+http://www.sogou.com/docs/help/webmasters.htm#07)"
111.6.230.203 - - [31/Jan/2026:07:49:47 +0800] "GET /api/latest-version?platform=3 HTTP/1.1" 200 166 "https://www.shudaxia.com/" "Sogou web spider/4.0(+http://www.sogou.com/docs/help/webmasters.htm#07)"
111.6.230.164 - - [31/Jan/2026:07:49:47 +0800] "GET /api/latest-version?platform=2 HTTP/1.1" 200 152 "https://www.shudaxia.com/" "Sogou web spider/4.0(+http://www.sogou.com/docs/help/webmasters.htm#07)"
111.6.230.203 - - [31/Jan/2026:07:49:47 +0800] "GET /api/latest-version?platform=3 HTTP/1.1" 200 166 "https://www.shudaxia.com/" "Sogou web spider/4.0(+http://www.sogou.com/docs/help/webmasters.htm#07)"
111.6.230.165 - - [31/Jan/2026:07:49:47 +0800] "GET /api/footer-links HTTP/1.1" 200 535 "https://www.shudaxia.com/" "Sogou web spider/4.0(+http://www.sogou.com/docs/help/webmasters.htm#07)"
111.6.230.203 - - [31/Jan/2026:07:49:47 +0800] "GET /api/auth/session HTTP/1.1" 200 35 "https://www.shudaxia.com/" "Sogou web spider/4.0(+http://www.sogou.com/docs/help/webmasters.htm#07)"
111.6.230.203 - - [31/Jan/2026:07:49:47 +0800] "GET /api/latest-version?platform=3 HTTP/1.1" 200 166 "https://www.shudaxia.com/" "Sogou web spider/4.0(+http://www.sogou.com/docs/help/webmasters.htm#07)"
111.6.230.164 - - [31/Jan/2026:07:49:47 +0800] "GET /api/latest-version?platform=2 HTTP/1.1" 200 152 "https://www.shudaxia.com/" "Sogou web spider/4.0(+http://www.sogou.com/docs/help/webmasters.htm#07)"
111.6.230.164 - - [31/Jan/2026:07:49:47 +0800] "GET /api/latest-version?platform=2 HTTP/1.1" 200 152 "https://www.shudaxia.com/" "Sogou web spider/4.0(+http://www.sogou.com/docs/help/webmasters.htm#07)"
111.6.230.203 - - [31/Jan/2026:07:49:47 +0800] "GET /api/latest-version?platform=3 HTTP/1.1" 200 166 "https://www.shudaxia.com/" "Sogou web spider/4.0(+http://www.sogou.com/docs/help/webmasters.htm#07)"
111.6.230.164 - - [31/Jan/2026:07:49:47 +0800] "GET /api/latest-version?platform=2 HTTP/1.1" 200 152 "https://www.shudaxia.com/" "Sogou web spider/4.0(+http://www.sogou.com/docs/help/webmasters.htm#07)"
111.6.230.203 - - [31/Jan/2026:07:49:48 +0800] "GET /api/auth/session HTTP/1.1" 200 35 "https://www.shudaxia.com/" "Sogou web spider/4.0(+http://www.sogou.com/docs/help/webmasters.htm#07)"
111.6.230.195 - - [31/Jan/2026:07:52:12 +0800] "GET / HTTP/1.1" 200 24805 "-" "Mozilla/5.0 (Linux; Android 5.0) AppleWebKit/537.36 (KHTML, like Gecko) Mobile Safari/537.36 (compatible; Bytespider; https://zhanzhang.toutiao.com/)"
111.6.230.203 - - [31/Jan/2026:07:52:13 +0800] "GET /api/latest-version?platform=3 HTTP/1.1" 200 166 "https://www.shudaxia.com/" "Mozilla/5.0 (Linux; Android 5.0) AppleWebKit/537.36 (KHTML, like Gecko) Mobile Safari/537.36 (compatible; Bytespider; https://zhanzhang.toutiao.com/)"
111.6.230.165 - - [31/Jan/2026:07:52:13 +0800] "GET /api/footer-links HTTP/1.1" 200 535 "https://www.shudaxia.com/" "Mozilla/5.0 (Linux; Android 5.0) AppleWebKit/537.36 (KHTML, like Gecko) Mobile Safari/537.36 (compatible; Bytespider; https://zhanzhang.toutiao.com/)"
111.6.230.164 - - [31/Jan/2026:07:52:13 +0800] "GET /api/latest-version?platform=2 HTTP/1.1" 200 152 "https://www.shudaxia.com/" "Mozilla/5.0 (Linux; Android 5.0) AppleWebKit/537.36 (KHTML, like Gecko) Mobile Safari/537.36 (compatible; Bytespider; https://zhanzhang.toutiao.com/)"
111.6.230.203 - - [31/Jan/2026:07:52:13 +0800] "GET /api/auth/session HTTP/1.1" 200 35 "https://www.shudaxia.com/" "Mozilla/5.0 (Linux; Android 5.0) AppleWebKit/537.36 (KHTML, like Gecko) Mobile Safari/537.36 (compatible; Bytespider; https://zhanzhang.toutiao.com/)"
111.6.230.203 - - [31/Jan/2026:07:52:13 +0800] "GET /api/latest-version?platform=3 HTTP/1.1" 200 166 "https://www.shudaxia.com/" "Mozilla/5.0 (Linux; Android 5.0) AppleWebKit/537.36 (KHTML, like Gecko) Mobile Safari/537.36 (compatible; Bytespider; https://zhanzhang.toutiao.com/)"
111.6.230.164 - - [31/Jan/2026:07:52:13 +0800] "GET /api/latest-version?platform=2 HTTP/1.1" 200 152 "https://www.shudaxia.com/" "Mozilla/5.0 (Linux; Android 5.0) AppleWebKit/537.36 (KHTML, like Gecko) Mobile Safari/537.36 (compatible; Bytespider; https://zhanzhang.toutiao.com/)"
111.6.230.203 - - [31/Jan/2026:07:52:13 +0800] "GET /api/auth/session HTTP/1.1" 200 35 "https://www.shudaxia.com/" "Mozilla/5.0 (Linux; Android 5.0) AppleWebKit/537.36 (KHTML, like Gecko) Mobile Safari/537.36 (compatible; Bytespider; https://zhanzhang.toutiao.com/)"
111.6.230.203 - - [31/Jan/2026:07:52:13 +0800] "GET /api/latest-version?platform=3 HTTP/1.1" 200 166 "https://www.shudaxia.com/" "Mozilla/5.0 (Linux; Android 5.0) AppleWebKit/537.36 (KHTML, like Gecko) Mobile Safari/537.36 (compatible; Bytespider; https://zhanzhang.toutiao.com/)"
111.6.230.164 - - [31/Jan/2026:07:52:13 +0800] "GET /api/latest-version?platform=2 HTTP/1.1" 200 152 "https://www.shudaxia.com/" "Mozilla/5.0 (Linux; Android 5.0) AppleWebKit/537.36 (KHTML, like Gecko) Mobile Safari/537.36 (compatible; Bytespider; https://zhanzhang.toutiao.com/)"
111.6.230.203 - - [31/Jan/2026:07:52:13 +0800] "GET /api/latest-version?platform=3 HTTP/1.1" 200 166 "https://www.shudaxia.com/" "Mozilla/5.0 (Linux; Android 5.0) AppleWebKit/537.36 (KHTML, like Gecko) Mobile Safari/537.36 (compatible; Bytespider; https://zhanzhang.toutiao.com/)"
111.6.230.164 - - [31/Jan/2026:07:52:13 +0800] "GET /api/latest-version?platform=2 HTTP/1.1" 200 152 "https://www.shudaxia.com/" "Mozilla/5.0 (Linux; Android 5.0) AppleWebKit/537.36 (KHTML, like Gecko) Mobile Safari/537.36 (compatible; Bytespider; https://zhanzhang.toutiao.com/)"
111.6.230.203 - - [31/Jan/2026:07:52:13 +0800] "GET /api/latest-version?platform=3 HTTP/1.1" 200 166 "https://www.shudaxia.com/" "Mozilla/5.0 (Linux; Android 5.0) AppleWebKit/537.36 (KHTML, like Gecko) Mobile Safari/537.36 (compatible; Bytespider; https://zhanzhang.toutiao.com/)"
111.6.230.215 - - [31/Jan/2026:07:55:50 +0800] "GET / HTTP/1.1" 200 24528 "-" "Mozilla/5.0 (compatible; Baiduspider/2.0; +http://www.baidu.com/search/spider.html)"
111.6.230.203 - - [31/Jan/2026:07:57:34 +0800] "GET /api/auth/session HTTP/1.1" 200 35 "https://www.shudaxia.com/" "Mozilla/5.0 (compatible; Baiduspider-render/2.0; +http://www.baidu.com/search/spider.html)"
111.6.230.203 - - [31/Jan/2026:07:57:34 +0800] "GET /api/latest-version?platform=3 HTTP/1.1" 200 166 "https://www.shudaxia.com/" "Mozilla/5.0 (compatible; Baiduspider-render/2.0; +http://www.baidu.com/search/spider.html)"
111.6.230.164 - - [31/Jan/2026:07:57:34 +0800] "GET /api/latest-version?platform=2 HTTP/1.1" 200 152 "https://www.shudaxia.com/" "Mozilla/5.0 (compatible; Baiduspider-render/2.0; +http://www.baidu.com/search/spider.html)"
111.6.230.203 - - [31/Jan/2026:07:57:34 +0800] "GET /api/latest-version?platform=3 HTTP/1.1" 200 166 "https://www.shudaxia.com/" "Mozilla/5.0 (compatible; Baiduspider-render/2.0; +http://www.baidu.com/search/spider.html)"
111.6.230.165 - - [31/Jan/2026:07:57:34 +0800] "GET /api/footer-links HTTP/1.1" 200 535 "https://www.shudaxia.com/" "Mozilla/5.0 (compatible; Baiduspider-render/2.0; +http://www.baidu.com/search/spider.html)"
111.6.230.203 - - [31/Jan/2026:07:57:34 +0800] "GET /api/latest-version?platform=3 HTTP/1.1" 200 166 "https://www.shudaxia.com/" "Mozilla/5.0 (compatible; Baiduspider-render/2.0; +http://www.baidu.com/search/spider.html)"
111.6.230.203 - - [31/Jan/2026:07:57:34 +0800] "GET /api/latest-version?platform=3 HTTP/1.1" 200 166 "https://www.shudaxia.com/" "Mozilla/5.0 (compatible; Baiduspider-render/2.0; +http://www.baidu.com/search/spider.html)"
111.6.230.164 - - [31/Jan/2026:07:57:34 +0800] "GET /api/latest-version?platform=2 HTTP/1.1" 200 152 "https://www.shudaxia.com/" "Mozilla/5.0 (compatible; Baiduspider-render/2.0; +http://www.baidu.com/search/spider.html)"
111.6.230.203 - - [31/Jan/2026:07:57:34 +0800] "GET /api/latest-version?platform=3 HTTP/1.1" 200 166 "https://www.shudaxia.com/" "Mozilla/5.0 (compatible; Baiduspider-render/2.0; +http://www.baidu.com/search/spider.html)"
111.6.230.164 - - [31/Jan/2026:07:57:34 +0800] "GET /api/latest-version?platform=2 HTTP/1.1" 200 152 "https://www.shudaxia.com/" "Mozilla/5.0 (compatible; Baiduspider-render/2.0; +http://www.baidu.com/search/spider.html)"
111.6.230.203 - - [31/Jan/2026:07:57:34 +0800] "GET /api/auth/session HTTP/1.1" 200 35 "https://www.shudaxia.com/" "Mozilla/5.0 (compatible; Baiduspider-render/2.0; +http://www.baidu.com/search/spider.html)"
111.6.230.164 - - [31/Jan/2026:07:57:34 +0800] "GET /api/latest-version?platform=2 HTTP/1.1" 200 152 "https://www.shudaxia.com/" "Mozilla/5.0 (compatible; Baiduspider-render/2.0; +http://www.baidu.com/search/spider.html)"
221.195.236.75 - - [31/Jan/2026:07:59:58 +0800] "GET / HTTP/1.1" 200 24492 "-" "MQQBrowser/26 Mozilla/5.0 (Linux; U; Android 4.4.2; zh-cn; MB200 Build/GRJ22; CyanogenMod-7) AppleWebKit/533.1 (KHTML, like Gecko) Version/4.0 Mobile Safari/533.1 (compatible; Sogou web spider/4.0; +http://www.sogou.com/docs/help/webmasters.htm#07)"
221.195.236.20 - - [31/Jan/2026:07:59:59 +0800] "GET /api/auth/session HTTP/1.1" 200 35 "https://www.shudaxia.com/" "MQQBrowser/26 Mozilla/5.0 (Linux; U; Android 4.4.2; zh-cn; MB200 Build/GRJ22; CyanogenMod-7) AppleWebKit/533.1 (KHTML, like Gecko) Version/4.0 Mobile Safari/533.1 (compatible; Sogou web spider/4.0; +http://www.sogou.com/docs/help/webmasters.htm#07)"
221.195.236.39 - - [31/Jan/2026:07:59:59 +0800] "GET /api/latest-version?platform=2 HTTP/1.1" 200 152 "https://www.shudaxia.com/" "MQQBrowser/26 Mozilla/5.0 (Linux; U; Android 4.4.2; zh-cn; MB200 Build/GRJ22; CyanogenMod-7) AppleWebKit/533.1 (KHTML, like Gecko) Version/4.0 Mobile Safari/533.1 (compatible; Sogou web spider/4.0; +http://www.sogou.com/docs/help/webmasters.htm#07)"
221.195.236.51 - - [31/Jan/2026:07:59:59 +0800] "GET /api/latest-version?platform=2 HTTP/1.1" 200 152 "https://www.shudaxia.com/" "MQQBrowser/26 Mozilla/5.0 (Linux; U; Android 4.4.2; zh-cn; MB200 Build/GRJ22; CyanogenMod-7) AppleWebKit/533.1 (KHTML, like Gecko) Version/4.0 Mobile Safari/533.1 (compatible; Sogou web spider/4.0; +http://www.sogou.com/docs/help/webmasters.htm#07)"
221.195.236.58 - - [31/Jan/2026:07:59:59 +0800] "GET /api/latest-version?platform=2 HTTP/1.1" 200 152 "https://www.shudaxia.com/" "MQQBrowser/26 Mozilla/5.0 (Linux; U; Android 4.4.2; zh-cn; MB200 Build/GRJ22; CyanogenMod-7) AppleWebKit/533.1 (KHTML, like Gecko) Version/4.0 Mobile Safari/533.1 (compatible; Sogou web spider/4.0; +http://www.sogou.com/docs/help/webmasters.htm#07)"
221.195.236.51 - - [31/Jan/2026:07:59:59 +0800] "GET /api/footer-links HTTP/1.1" 200 535 "https://www.shudaxia.com/" "MQQBrowser/26 Mozilla/5.0 (Linux; U; Android 4.4.2; zh-cn; MB200 Build/GRJ22; CyanogenMod-7) AppleWebKit/533.1 (KHTML, like Gecko) Version/4.0 Mobile Safari/533.1 (compatible; Sogou web spider/4.0; +http://www.sogou.com/docs/help/webmasters.htm#07)"
221.195.236.94 - - [31/Jan/2026:07:59:59 +0800] "GET /api/latest-version?platform=3 HTTP/1.1" 200 166 "https://www.shudaxia.com/" "MQQBrowser/26 Mozilla/5.0 (Linux; U; Android 4.4.2; zh-cn; MB200 Build/GRJ22; CyanogenMod-7) AppleWebKit/533.1 (KHTML, like Gecko) Version/4.0 Mobile Safari/533.1 (compatible; Sogou web spider/4.0; +http://www.sogou.com/docs/help/webmasters.htm#07)"
221.195.236.44 - - [31/Jan/2026:07:59:59 +0800] "GET /api/auth/session HTTP/1.1" 200 35 "https://www.shudaxia.com/" "MQQBrowser/26 Mozilla/5.0 (Linux; U; Android 4.4.2; zh-cn; MB200 Build/GRJ22; CyanogenMod-7) AppleWebKit/533.1 (KHTML, like Gecko) Version/4.0 Mobile Safari/533.1 (compatible; Sogou web spider/4.0; +http://www.sogou.com/docs/help/webmasters.htm#07)"
221.195.236.64 - - [31/Jan/2026:07:59:59 +0800] "GET /api/latest-version?platform=3 HTTP/1.1" 200 166 "https://www.shudaxia.com/" "MQQBrowser/26 Mozilla/5.0 (Linux; U; Android 4.4.2; zh-cn; MB200 Build/GRJ22; CyanogenMod-7) AppleWebKit/533.1 (KHTML, like Gecko) Version/4.0 Mobile Safari/533.1 (compatible; Sogou web spider/4.0; +http://www.sogou.com/docs/help/webmasters.htm#07)"
221.195.236.84 - - [31/Jan/2026:07:59:59 +0800] "GET /api/latest-version?platform=2 HTTP/1.1" 200 152 "https://www.shudaxia.com/" "MQQBrowser/26 Mozilla/5.0 (Linux; U; Android 4.4.2; zh-cn; MB200 Build/GRJ22; CyanogenMod-7) AppleWebKit/533.1 (KHTML, like Gecko) Version/4.0 Mobile Safari/533.1 (compatible; Sogou web spider/4.0; +http://www.sogou.com/docs/help/webmasters.htm#07)"
221.195.236.86 - - [31/Jan/2026:07:59:59 +0800] "GET /api/latest-version?platform=3 HTTP/1.1" 200 166 "https://www.shudaxia.com/" "MQQBrowser/26 Mozilla/5.0 (Linux; U; Android 4.4.2; zh-cn; MB200 Build/GRJ22; CyanogenMod-7) AppleWebKit/533.1 (KHTML, like Gecko) Version/4.0 Mobile Safari/533.1 (compatible; Sogou web spider/4.0; +http://www.sogou.com/docs/help/webmasters.htm#07)"
221.195.236.17 - - [31/Jan/2026:07:59:59 +0800] "GET /api/latest-version?platform=3 HTTP/1.1" 200 166 "https://www.shudaxia.com/" "MQQBrowser/26 Mozilla/5.0 (Linux; U; Android 4.4.2; zh-cn; MB200 Build/GRJ22; CyanogenMod-7) AppleWebKit/533.1 (KHTML, like Gecko) Version/4.0 Mobile Safari/533.1 (compatible; Sogou web spider/4.0; +http://www.sogou.com/docs/help/webmasters.htm#07)"
221.195.236.77 - - [31/Jan/2026:07:59:59 +0800] "GET /api/latest-version?platform=3 HTTP/1.1" 200 166 "https://www.shudaxia.com/" "MQQBrowser/26 Mozilla/5.0 (Linux; U; Android 4.4.2; zh-cn; MB200 Build/GRJ22; CyanogenMod-7) AppleWebKit/533.1 (KHTML, like Gecko) Version/4.0 Mobile Safari/533.1 (compatible; Sogou web spider/4.0; +http://www.sogou.com/docs/help/webmasters.htm#07)"
111.6.230.203 - - [31/Jan/2026:08:03:25 +0800] "GET /api/latest-version?platform=3 HTTP/1.1" 200 166 "https://www.shudaxia.com/cpstest.html" "Mozilla/5.0 (Linux; Android 5.0) AppleWebKit/537.36 (KHTML, like Gecko) Mobile Safari/537.36 (compatible; Bytespider; https://zhanzhang.toutiao.com/)"
111.6.230.165 - - [31/Jan/2026:08:03:25 +0800] "GET /api/footer-links HTTP/1.1" 200 535 "https://www.shudaxia.com/cpstest.html" "Mozilla/5.0 (Linux; Android 5.0) AppleWebKit/537.36 (KHTML, like Gecko) Mobile Safari/537.36 (compatible; Bytespider; https://zhanzhang.toutiao.com/)"
111.6.230.164 - - [31/Jan/2026:08:03:25 +0800] "GET /api/latest-version?platform=2 HTTP/1.1" 200 152 "https://www.shudaxia.com/cpstest.html" "Mozilla/5.0 (Linux; Android 5.0) AppleWebKit/537.36 (KHTML, like Gecko) Mobile Safari/537.36 (compatible; Bytespider; https://zhanzhang.toutiao.com/)"
111.6.230.203 - - [31/Jan/2026:08:03:25 +0800] "GET /api/auth/session HTTP/1.1" 200 35 "https://www.shudaxia.com/cpstest.html" "Mozilla/5.0 (Linux; Android 5.0) AppleWebKit/537.36 (KHTML, like Gecko) Mobile Safari/537.36 (compatible; Bytespider; https://zhanzhang.toutiao.com/)"
111.6.230.188 - - [31/Jan/2026:08:03:25 +0800] "GET /?_rsc=hbwmi HTTP/1.1" 200 144 "https://www.shudaxia.com/cpstest.html" "Mozilla/5.0 (Linux; Android 5.0) AppleWebKit/537.36 (KHTML, like Gecko) Mobile Safari/537.36 (compatible; Bytespider; https://zhanzhang.toutiao.com/)"
111.6.230.203 - - [31/Jan/2026:08:03:25 +0800] "GET /api/latest-version?platform=3 HTTP/1.1" 200 166 "https://www.shudaxia.com/cpstest.html" "Mozilla/5.0 (Linux; Android 5.0) AppleWebKit/537.36 (KHTML, like Gecko) Mobile Safari/537.36 (compatible; Bytespider; https://zhanzhang.toutiao.com/)"
111.6.230.164 - - [31/Jan/2026:08:03:25 +0800] "GET /api/latest-version?platform=2 HTTP/1.1" 200 152 "https://www.shudaxia.com/cpstest.html" "Mozilla/5.0 (Linux; Android 5.0) AppleWebKit/537.36 (KHTML, like Gecko) Mobile Safari/537.36 (compatible; Bytespider; https://zhanzhang.toutiao.com/)"
111.6.230.203 - - [31/Jan/2026:08:03:25 +0800] "GET /api/auth/session HTTP/1.1" 200 35 "https://www.shudaxia.com/cpstest.html" "Mozilla/5.0 (Linux; Android 5.0) AppleWebKit/537.36 (KHTML, like Gecko) Mobile Safari/537.36 (compatible; Bytespider; https://zhanzhang.toutiao.com/)"
111.6.230.215 - - [31/Jan/2026:08:10:48 +0800] "GET / HTTP/1.1" 200 24496 "-" "YisouSpider"
111.6.230.215 - - [31/Jan/2026:08:11:19 +0800] "GET / HTTP/1.1" 200 24492 "-" "Mozilla/5.0 (Linux;u;Android 4.2.2;zh-cn;) AppleWebKit/534.46 (KHTML,like Gecko) Version/5.1 Mobile Safari/10600.6.3 (compatible; Baiduspider/2.0; +http://www.baidu.com/search/spider.html)"
111.6.230.164 - - [31/Jan/2026:08:11:22 +0800] "GET /api/latest-version?platform=2 HTTP/1.1" 200 152 "https://www.shudaxia.com/" "Mozilla/5.0 (iPhone; CPU iPhone OS 9_1 like Mac OS X) AppleWebKit/601.1.46 (KHTML, like Gecko) Version/9.0 Mobile/13B143 Safari/601.1 (compatible; Baiduspider-render/2.0; +http://www.baidu.com/search/spider.html)"
111.6.230.203 - - [31/Jan/2026:08:11:22 +0800] "GET /api/auth/session HTTP/1.1" 200 35 "https://www.shudaxia.com/" "Mozilla/5.0 (iPhone; CPU iPhone OS 9_1 like Mac OS X) AppleWebKit/601.1.46 (KHTML, like Gecko) Version/9.0 Mobile/13B143 Safari/601.1 (compatible; Baiduspider-render/2.0; +http://www.baidu.com/search/spider.html)"
111.6.230.165 - - [31/Jan/2026:08:11:22 +0800] "GET /api/footer-links HTTP/1.1" 200 535 "https://www.shudaxia.com/" "Mozilla/5.0 (iPhone; CPU iPhone OS 9_1 like Mac OS X) AppleWebKit/601.1.46 (KHTML, like Gecko) Version/9.0 Mobile/13B143 Safari/601.1 (compatible; Baiduspider-render/2.0; +http://www.baidu.com/search/spider.html)"
111.6.230.164 - - [31/Jan/2026:08:11:22 +0800] "GET /api/latest-version?platform=2 HTTP/1.1" 200 152 "https://www.shudaxia.com/" "Mozilla/5.0 (iPhone; CPU iPhone OS 9_1 like Mac OS X) AppleWebKit/601.1.46 (KHTML, like Gecko) Version/9.0 Mobile/13B143 Safari/601.1 (compatible; Baiduspider-render/2.0; +http://www.baidu.com/search/spider.html)"
111.6.230.164 - - [31/Jan/2026:08:11:22 +0800] "GET /api/latest-version?platform=2 HTTP/1.1" 200 152 "https://www.shudaxia.com/" "Mozilla/5.0 (iPhone; CPU iPhone OS 9_1 like Mac OS X) AppleWebKit/601.1.46 (KHTML, like Gecko) Version/9.0 Mobile/13B143 Safari/601.1 (compatible; Baiduspider-render/2.0; +http://www.baidu.com/search/spider.html)"
