111.6.230.203 - - [26/Jan/2026:07:56:07 +0800] "GET /api/latest-version?platform=3 HTTP/1.1" 200 167 "https://www.shudaxia.com/faq/houtaidianji.html" "Mozilla/5.0 (iPhone; CPU iPhone OS 9_1 like Mac OS X) AppleWebKit/601.1.46 (KHTML, like Gecko) Version/9.0 Mobile/13B143 Safari/601.1 (compatible; Baiduspider-render/2.0; +http://www.baidu.com/search/spider.html)"
111.6.230.203 - - [26/Jan/2026:07:56:07 +0800] "GET /api/latest-version?platform=3 HTTP/1.1" 200 167 "https://www.shudaxia.com/faq/houtaidianji.html" "Mozilla/5.0 (iPhone; CPU iPhone OS 9_1 like Mac OS X) AppleWebKit/601.1.46 (KHTML, like Gecko) Version/9.0 Mobile/13B143 Safari/601.1 (compatible; Baiduspider-render/2.0; +http://www.baidu.com/search/spider.html)"
111.6.230.164 - - [26/Jan/2026:07:56:07 +0800] "GET /api/latest-version?platform=2 HTTP/1.1" 200 152 "https://www.shudaxia.com/faq/houtaidianji.html" "Mozilla/5.0 (iPhone; CPU iPhone OS 9_1 like Mac OS X) AppleWebKit/601.1.46 (KHTML, like Gecko) Version/9.0 Mobile/13B143 Safari/601.1 (compatible; Baiduspider-render/2.0; +http://www.baidu.com/search/spider.html)"
111.6.230.203 - - [26/Jan/2026:07:56:07 +0800] "GET /api/auth/session HTTP/1.1" 200 35 "https://www.shudaxia.com/faq/houtaidianji.html" "Mozilla/5.0 (iPhone; CPU iPhone OS 9_1 like Mac OS X) AppleWebKit/601.1.46 (KHTML, like Gecko) Version/9.0 Mobile/13B143 Safari/601.1 (compatible; Baiduspider-render/2.0; +http://www.baidu.com/search/spider.html)"
111.6.230.203 - - [26/Jan/2026:07:56:07 +0800] "GET /api/auth/session HTTP/1.1" 200 35 "https://www.shudaxia.com/faq/houtaidianji.html" "Mozilla/5.0 (iPhone; CPU iPhone OS 9_1 like Mac OS X) AppleWebKit/601.1.46 (KHTML, like Gecko) Version/9.0 Mobile/13B143 Safari/601.1 (compatible; Baiduspider-render/2.0; +http://www.baidu.com/search/spider.html)"
111.6.230.158 - - [26/Jan/2026:07:59:58 +0800] "GET / HTTP/1.1" 200 24526 "-" "YisouSpider"
111.6.230.202 - - [26/Jan/2026:08:05:53 +0800] "GET /news/changan-zidong-liandianqi-shezhi.html HTTP/1.1" 200 15738 "-" "Mozilla/5.0 (Linux;u;Android 4.2.2;zh-cn;) AppleWebKit/534.46 (KHTML,like Gecko) Version/5.1 Mobile Safari/10600.6.3 (compatible; Baiduspider/2.0; +http://www.baidu.com/search/spider.html)"
111.6.230.164 - - [26/Jan/2026:08:05:55 +0800] "GET /api/latest-version?platform=2 HTTP/1.1" 200 152 "https://www.shudaxia.com/news/changan-zidong-liandianqi-shezhi.html" "Mozilla/5.0 (iPhone; CPU iPhone OS 9_1 like Mac OS X) AppleWebKit/601.1.46 (KHTML, like Gecko) Version/9.0 Mobile/13B143 Safari/601.1 (compatible; Baiduspider-render/2.0; +http://www.baidu.com/search/spider.html)"
111.6.230.203 - - [26/Jan/2026:08:05:55 +0800] "GET /api/auth/session HTTP/1.1" 200 35 "https://www.shudaxia.com/news/changan-zidong-liandianqi-shezhi.html" "Mozilla/5.0 (iPhone; CPU iPhone OS 9_1 like Mac OS X) AppleWebKit/601.1.46 (KHTML, like Gecko) Version/9.0 Mobile/13B143 Safari/601.1 (compatible; Baiduspider-render/2.0; +http://www.baidu.com/search/spider.html)"
111.6.230.203 - - [26/Jan/2026:08:05:55 +0800] "GET /api/latest-version?platform=3 HTTP/1.1" 200 167 "https://www.shudaxia.com/news/changan-zidong-liandianqi-shezhi.html" "Mozilla/5.0 (iPhone; CPU iPhone OS 9_1 like Mac OS X) AppleWebKit/601.1.46 (KHTML, like Gecko) Version/9.0 Mobile/13B143 Safari/601.1 (compatible; Baiduspider-render/2.0; +http://www.baidu.com/search/spider.html)"
111.6.230.179 - - [26/Jan/2026:08:05:55 +0800] "POST /api/articles/55/view HTTP/1.1" 200 1753 "https://www.shudaxia.com/news/changan-zidong-liandianqi-shezhi.html" "Mozilla/5.0 (iPhone; CPU iPhone OS 9_1 like Mac OS X) AppleWebKit/601.1.46 (KHTML, like Gecko) Version/9.0 Mobile/13B143 Safari/601.1 (compatible; Baiduspider-render/2.0; +http://www.baidu.com/search/spider.html)"
111.6.230.165 - - [26/Jan/2026:08:05:55 +0800] "GET /api/footer-links HTTP/1.1" 200 535 "https://www.shudaxia.com/news/changan-zidong-liandianqi-shezhi.html" "Mozilla/5.0 (iPhone; CPU iPhone OS 9_1 like Mac OS X) AppleWebKit/601.1.46 (KHTML, like Gecko) Version/9.0 Mobile/13B143 Safari/601.1 (compatible; Baiduspider-render/2.0; +http://www.baidu.com/search/spider.html)"
111.6.230.164 - - [26/Jan/2026:08:05:55 +0800] "GET /api/latest-version?platform=2 HTTP/1.1" 200 152 "https://www.shudaxia.com/news/changan-zidong-liandianqi-shezhi.html" "Mozilla/5.0 (iPhone; CPU iPhone OS 9_1 like Mac OS X) AppleWebKit/601.1.46 (KHTML, like Gecko) Version/9.0 Mobile/13B143 Safari/601.1 (compatible; Baiduspider-render/2.0; +http://www.baidu.com/search/spider.html)"
111.6.230.203 - - [26/Jan/2026:08:05:55 +0800] "GET /api/latest-version?platform=3 HTTP/1.1" 200 167 "https://www.shudaxia.com/news/changan-zidong-liandianqi-shezhi.html" "Mozilla/5.0 (iPhone; CPU iPhone OS 9_1 like Mac OS X) AppleWebKit/601.1.46 (KHTML, like Gecko) Version/9.0 Mobile/13B143 Safari/601.1 (compatible; Baiduspider-render/2.0; +http://www.baidu.com/search/spider.html)"
111.6.230.203 - - [26/Jan/2026:08:05:56 +0800] "GET /api/auth/session HTTP/1.1" 200 35 "https://www.shudaxia.com/news/changan-zidong-liandianqi-shezhi.html" "Mozilla/5.0 (iPhone; CPU iPhone OS 9_1 like Mac OS X) AppleWebKit/601.1.46 (KHTML, like Gecko) Version/9.0 Mobile/13B143 Safari/601.1 (compatible; Baiduspider-render/2.0; +http://www.baidu.com/search/spider.html)"
180.97.210.165 - - [26/Jan/2026:08:11:02 +0800] "GET /en/news/weixinxiaoyouxizidongdianji.html HTTP/1.1" 404 4295 "-" "Sogou web spider/4.0(+http://www.sogou.com/docs/help/webmasters.htm#07)"
111.6.230.217 - - [26/Jan/2026:08:11:59 +0800] "GET /robots.txt HTTP/1.1" 200 31 "-" "YisouSpider"
111.6.230.165 - - [26/Jan/2026:08:12:01 +0800] "GET / HTTP/1.1" 200 24785 "-" "Mozilla/5.0 (iPhone; CPU iPhone OS 16_3 like Mac OS X) AppleWebKit/605.1.15 (KHTML, like Gecko) Version/16.2 Mobile/15E148 YisouSpider/5.0 Safari/604.1"
111.6.230.203 - - [26/Jan/2026:08:12:03 +0800] "GET /api/latest-version?platform=3 HTTP/1.1" 200 167 "https://www.shudaxia.com/" "Mozilla/5.0 (iPhone; CPU iPhone OS 16_3 like Mac OS X) AppleWebKit/605.1.15 (KHTML, like Gecko) Version/16.2 Mobile/15E148 YisouSpider/5.0 Safari/604.1"
111.6.230.203 - - [26/Jan/2026:08:12:03 +0800] "GET /api/latest-version?platform=3 HTTP/1.1" 200 167 "https://www.shudaxia.com/" "Mozilla/5.0 (iPhone; CPU iPhone OS 16_3 like Mac OS X) AppleWebKit/605.1.15 (KHTML, like Gecko) Version/16.2 Mobile/15E148 YisouSpider/5.0 Safari/604.1"
111.6.230.164 - - [26/Jan/2026:08:12:03 +0800] "GET /api/latest-version?platform=2 HTTP/1.1" 200 152 "https://www.shudaxia.com/" "Mozilla/5.0 (iPhone; CPU iPhone OS 16_3 like Mac OS X) AppleWebKit/605.1.15 (KHTML, like Gecko) Version/16.2 Mobile/15E148 YisouSpider/5.0 Safari/604.1"
111.6.230.203 - - [26/Jan/2026:08:12:03 +0800] "GET /api/latest-version?platform=3 HTTP/1.1" 200 167 "https://www.shudaxia.com/" "Mozilla/5.0 (iPhone; CPU iPhone OS 16_3 like Mac OS X) AppleWebKit/605.1.15 (KHTML, like Gecko) Version/16.2 Mobile/15E148 YisouSpider/5.0 Safari/604.1"
111.6.230.164 - - [26/Jan/2026:08:12:03 +0800] "GET /api/latest-version?platform=2 HTTP/1.1" 200 152 "https://www.shudaxia.com/" "Mozilla/5.0 (iPhone; CPU iPhone OS 16_3 like Mac OS X) AppleWebKit/605.1.15 (KHTML, like Gecko) Version/16.2 Mobile/15E148 YisouSpider/5.0 Safari/604.1"
111.6.230.164 - - [26/Jan/2026:08:12:03 +0800] "GET /api/latest-version?platform=2 HTTP/1.1" 200 152 "https://www.shudaxia.com/" "Mozilla/5.0 (iPhone; CPU iPhone OS 16_3 like Mac OS X) AppleWebKit/605.1.15 (KHTML, like Gecko) Version/16.2 Mobile/15E148 YisouSpider/5.0 Safari/604.1"
111.6.230.203 - - [26/Jan/2026:08:12:03 +0800] "GET /api/latest-version?platform=3 HTTP/1.1" 200 167 "https://www.shudaxia.com/" "Mozilla/5.0 (iPhone; CPU iPhone OS 16_3 like Mac OS X) AppleWebKit/605.1.15 (KHTML, like Gecko) Version/16.2 Mobile/15E148 YisouSpider/5.0 Safari/604.1"
111.6.230.164 - - [26/Jan/2026:08:12:03 +0800] "GET /api/latest-version?platform=2 HTTP/1.1" 200 152 "https://www.shudaxia.com/" "Mozilla/5.0 (iPhone; CPU iPhone OS 16_3 like Mac OS X) AppleWebKit/605.1.15 (KHTML, like Gecko) Version/16.2 Mobile/15E148 YisouSpider/5.0 Safari/604.1"
111.6.230.165 - - [26/Jan/2026:08:12:03 +0800] "GET /api/footer-links HTTP/1.1" 200 535 "https://www.shudaxia.com/" "Mozilla/5.0 (iPhone; CPU iPhone OS 16_3 like Mac OS X) AppleWebKit/605.1.15 (KHTML, like Gecko) Version/16.2 Mobile/15E148 YisouSpider/5.0 Safari/604.1"
111.6.230.203 - - [26/Jan/2026:08:12:03 +0800] "GET /api/latest-version?platform=3 HTTP/1.1" 200 167 "https://www.shudaxia.com/" "Mozilla/5.0 (iPhone; CPU iPhone OS 16_3 like Mac OS X) AppleWebKit/605.1.15 (KHTML, like Gecko) Version/16.2 Mobile/15E148 YisouSpider/5.0 Safari/604.1"
111.6.230.203 - - [26/Jan/2026:08:12:23 +0800] "GET /api/auth/session HTTP/1.1" 200 35 "https://www.shudaxia.com/" "Mozilla/5.0 (iPhone; CPU iPhone OS 16_3 like Mac OS X) AppleWebKit/605.1.15 (KHTML, like Gecko) Version/16.2 Mobile/15E148 YisouSpider/5.0 Safari/604.1"
180.97.210.156 - - [26/Jan/2026:08:15:16 +0800] "GET /robots.txt HTTP/1.1" 200 31 "https://www.shudaxia.com/robots.txt" "Mozilla/5.0 (Windows NT 10.0; Win64; x64) AppleWebKit/537.36 (KHTML, like Gecko) Chrome/140.0.0.0 Safari/537.36 Edg/140.0.0.0; 360Spider"
180.97.210.156 - - [26/Jan/2026:08:15:19 +0800] "GET /robots.txt HTTP/1.1" 200 31 "https://www.shudaxia.com/robots.txt" "Mozilla/5.0 (Windows NT 10.0; Win64; x64) AppleWebKit/537.36 (KHTML, like Gecko) Chrome/140.0.0.0 Safari/537.36 Edg/140.0.0.0; 360Spider"
111.6.230.176 - - [26/Jan/2026:08:15:41 +0800] "GET /faq/kuai-su-dian-ji-qi.html HTTP/1.1" 200 15507 "-" "Mozilla/5.0 (Linux;u;Android 4.2.2;zh-cn;) AppleWebKit/534.46 (KHTML,like Gecko) Version/5.1 Mobile Safari/10600.6.3 (compatible; Baiduspider/2.0; +http://www.baidu.com/search/spider.html)"
111.6.230.203 - - [26/Jan/2026:08:15:43 +0800] "GET /api/latest-version?platform=3 HTTP/1.1" 200 167 "https://www.shudaxia.com/faq/kuai-su-dian-ji-qi.html" "Mozilla/5.0 (iPhone; CPU iPhone OS 9_1 like Mac OS X) AppleWebKit/601.1.46 (KHTML, like Gecko) Version/9.0 Mobile/13B143 Safari/601.1 (compatible; Baiduspider-render/2.0; +http://www.baidu.com/search/spider.html)"
111.6.230.164 - - [26/Jan/2026:08:15:43 +0800] "GET /api/latest-version?platform=2 HTTP/1.1" 200 152 "https://www.shudaxia.com/faq/kuai-su-dian-ji-qi.html" "Mozilla/5.0 (iPhone; CPU iPhone OS 9_1 like Mac OS X) AppleWebKit/601.1.46 (KHTML, like Gecko) Version/9.0 Mobile/13B143 Safari/601.1 (compatible; Baiduspider-render/2.0; +http://www.baidu.com/search/spider.html)"
111.6.230.165 - - [26/Jan/2026:08:15:43 +0800] "GET /api/footer-links HTTP/1.1" 200 535 "https://www.shudaxia.com/faq/kuai-su-dian-ji-qi.html" "Mozilla/5.0 (iPhone; CPU iPhone OS 9_1 like Mac OS X) AppleWebKit/601.1.46 (KHTML, like Gecko) Version/9.0 Mobile/13B143 Safari/601.1 (compatible; Baiduspider-render/2.0; +http://www.baidu.com/search/spider.html)"
111.6.230.203 - - [26/Jan/2026:08:15:43 +0800] "GET /api/auth/session HTTP/1.1" 200 35 "https://www.shudaxia.com/faq/kuai-su-dian-ji-qi.html" "Mozilla/5.0 (iPhone; CPU iPhone OS 9_1 like Mac OS X) AppleWebKit/601.1.46 (KHTML, like Gecko) Version/9.0 Mobile/13B143 Safari/601.1 (compatible; Baiduspider-render/2.0; +http://www.baidu.com/search/spider.html)"
111.6.230.207 - - [26/Jan/2026:08:15:43 +0800] "POST /api/articles/61/view HTTP/1.1" 200 1636 "https://www.shudaxia.com/faq/kuai-su-dian-ji-qi.html" "Mozilla/5.0 (iPhone; CPU iPhone OS 9_1 like Mac OS X) AppleWebKit/601.1.46 (KHTML, like Gecko) Version/9.0 Mobile/13B143 Safari/601.1 (compatible; Baiduspider-render/2.0; +http://www.baidu.com/search/spider.html)"
111.6.230.164 - - [26/Jan/2026:08:15:43 +0800] "GET /api/latest-version?platform=2 HTTP/1.1" 200 152 "https://www.shudaxia.com/faq/kuai-su-dian-ji-qi.html" "Mozilla/5.0 (iPhone; CPU iPhone OS 9_1 like Mac OS X) AppleWebKit/601.1.46 (KHTML, like Gecko) Version/9.0 Mobile/13B143 Safari/601.1 (compatible; Baiduspider-render/2.0; +http://www.baidu.com/search/spider.html)"
111.6.230.203 - - [26/Jan/2026:08:15:43 +0800] "GET /api/latest-version?platform=3 HTTP/1.1" 200 167 "https://www.shudaxia.com/faq/kuai-su-dian-ji-qi.html" "Mozilla/5.0 (iPhone; CPU iPhone OS 9_1 like Mac OS X) AppleWebKit/601.1.46 (KHTML, like Gecko) Version/9.0 Mobile/13B143 Safari/601.1 (compatible; Baiduspider-render/2.0; +http://www.baidu.com/search/spider.html)"
111.6.230.203 - - [26/Jan/2026:08:15:44 +0800] "GET /api/auth/session HTTP/1.1" 200 35 "https://www.shudaxia.com/faq/kuai-su-dian-ji-qi.html" "Mozilla/5.0 (iPhone; CPU iPhone OS 9_1 like Mac OS X) AppleWebKit/601.1.46 (KHTML, like Gecko) Version/9.0 Mobile/13B143 Safari/601.1 (compatible; Baiduspider-render/2.0; +http://www.baidu.com/search/spider.html)"
111.6.230.215 - - [26/Jan/2026:08:16:42 +0800] "GET / HTTP/1.1" 200 24612 "-" "Mozilla/5.0 (Linux; Android 5.0) AppleWebKit/537.36 (KHTML, like Gecko) Mobile Safari/537.36 (compatible; Bytespider; https://zhanzhang.toutiao.com/)"
111.6.230.203 - - [26/Jan/2026:08:16:43 +0800] "GET /api/latest-version?platform=3 HTTP/1.1" 200 167 "https://www.shudaxia.com/" "Mozilla/5.0 (Linux; Android 5.0) AppleWebKit/537.36 (KHTML, like Gecko) Mobile Safari/537.36 (compatible; Bytespider; https://zhanzhang.toutiao.com/)"
111.6.230.164 - - [26/Jan/2026:08:16:43 +0800] "GET /api/latest-version?platform=2 HTTP/1.1" 200 152 "https://www.shudaxia.com/" "Mozilla/5.0 (Linux; Android 5.0) AppleWebKit/537.36 (KHTML, like Gecko) Mobile Safari/537.36 (compatible; Bytespider; https://zhanzhang.toutiao.com/)"
111.6.230.203 - - [26/Jan/2026:08:16:43 +0800] "GET /api/latest-version?platform=3 HTTP/1.1" 200 167 "https://www.shudaxia.com/" "Mozilla/5.0 (Linux; Android 5.0) AppleWebKit/537.36 (KHTML, like Gecko) Mobile Safari/537.36 (compatible; Bytespider; https://zhanzhang.toutiao.com/)"
111.6.230.165 - - [26/Jan/2026:08:16:43 +0800] "GET /api/footer-links HTTP/1.1" 200 535 "https://www.shudaxia.com/" "Mozilla/5.0 (Linux; Android 5.0) AppleWebKit/537.36 (KHTML, like Gecko) Mobile Safari/537.36 (compatible; Bytespider; https://zhanzhang.toutiao.com/)"
111.6.230.203 - - [26/Jan/2026:08:16:43 +0800] "GET /api/auth/session HTTP/1.1" 200 35 "https://www.shudaxia.com/" "Mozilla/5.0 (Linux; Android 5.0) AppleWebKit/537.36 (KHTML, like Gecko) Mobile Safari/537.36 (compatible; Bytespider; https://zhanzhang.toutiao.com/)"
111.6.230.164 - - [26/Jan/2026:08:16:43 +0800] "GET /api/latest-version?platform=2 HTTP/1.1" 200 152 "https://www.shudaxia.com/" "Mozilla/5.0 (Linux; Android 5.0) AppleWebKit/537.36 (KHTML, like Gecko) Mobile Safari/537.36 (compatible; Bytespider; https://zhanzhang.toutiao.com/)"
111.6.230.203 - - [26/Jan/2026:08:16:43 +0800] "GET /api/latest-version?platform=3 HTTP/1.1" 200 167 "https://www.shudaxia.com/" "Mozilla/5.0 (Linux; Android 5.0) AppleWebKit/537.36 (KHTML, like Gecko) Mobile Safari/537.36 (compatible; Bytespider; https://zhanzhang.toutiao.com/)"
111.6.230.164 - - [26/Jan/2026:08:16:43 +0800] "GET /api/latest-version?platform=2 HTTP/1.1" 200 152 "https://www.shudaxia.com/" "Mozilla/5.0 (Linux; Android 5.0) AppleWebKit/537.36 (KHTML, like Gecko) Mobile Safari/537.36 (compatible; Bytespider; https://zhanzhang.toutiao.com/)"
111.6.230.203 - - [26/Jan/2026:08:16:43 +0800] "GET /api/latest-version?platform=3 HTTP/1.1" 200 167 "https://www.shudaxia.com/" "Mozilla/5.0 (Linux; Android 5.0) AppleWebKit/537.36 (KHTML, like Gecko) Mobile Safari/537.36 (compatible; Bytespider; https://zhanzhang.toutiao.com/)"
111.6.230.203 - - [26/Jan/2026:08:16:43 +0800] "GET /api/auth/session HTTP/1.1" 200 35 "https://www.shudaxia.com/" "Mozilla/5.0 (Linux; Android 5.0) AppleWebKit/537.36 (KHTML, like Gecko) Mobile Safari/537.36 (compatible; Bytespider; https://zhanzhang.toutiao.com/)"
111.6.230.203 - - [26/Jan/2026:08:16:43 +0800] "GET /api/latest-version?platform=3 HTTP/1.1" 200 167 "https://www.shudaxia.com/" "Mozilla/5.0 (Linux; Android 5.0) AppleWebKit/537.36 (KHTML, like Gecko) Mobile Safari/537.36 (compatible; Bytespider; https://zhanzhang.toutiao.com/)"
111.6.230.164 - - [26/Jan/2026:08:16:43 +0800] "GET /api/latest-version?platform=2 HTTP/1.1" 200 152 "https://www.shudaxia.com/" "Mozilla/5.0 (Linux; Android 5.0) AppleWebKit/537.36 (KHTML, like Gecko) Mobile Safari/537.36 (compatible; Bytespider; https://zhanzhang.toutiao.com/)"
111.6.230.215 - - [26/Jan/2026:08:18:37 +0800] "GET / HTTP/1.1" 200 24657 "-" "Mozilla/5.0 (iPhone; CPU iPhone OS 16_3 like Mac OS X) AppleWebKit/605.1.15 (KHTML, like Gecko) Version/16.2 Mobile/15E148 YisouSpider/5.0 Safari/604.1"
111.6.230.164 - - [26/Jan/2026:08:18:39 +0800] "GET /api/latest-version?platform=2 HTTP/1.1" 200 152 "https://www.shudaxia.com/" "Mozilla/5.0 (iPhone; CPU iPhone OS 16_3 like Mac OS X) AppleWebKit/605.1.15 (KHTML, like Gecko) Version/16.2 Mobile/15E148 YisouSpider/5.0 Safari/604.1"
111.6.230.165 - - [26/Jan/2026:08:18:39 +0800] "GET /api/footer-links HTTP/1.1" 200 535 "https://www.shudaxia.com/" "Mozilla/5.0 (iPhone; CPU iPhone OS 16_3 like Mac OS X) AppleWebKit/605.1.15 (KHTML, like Gecko) Version/16.2 Mobile/15E148 YisouSpider/5.0 Safari/604.1"
111.6.230.164 - - [26/Jan/2026:08:18:39 +0800] "GET /api/latest-version?platform=2 HTTP/1.1" 200 152 "https://www.shudaxia.com/" "Mozilla/5.0 (iPhone; CPU iPhone OS 16_3 like Mac OS X) AppleWebKit/605.1.15 (KHTML, like Gecko) Version/16.2 Mobile/15E148 YisouSpider/5.0 Safari/604.1"
111.6.230.164 - - [26/Jan/2026:08:18:39 +0800] "GET /api/latest-version?platform=2 HTTP/1.1" 200 152 "https://www.shudaxia.com/" "Mozilla/5.0 (iPhone; CPU iPhone OS 16_3 like Mac OS X) AppleWebKit/605.1.15 (KHTML, like Gecko) Version/16.2 Mobile/15E148 YisouSpider/5.0 Safari/604.1"
111.6.230.164 - - [26/Jan/2026:08:18:39 +0800] "GET /api/latest-version?platform=2 HTTP/1.1" 200 152 "https://www.shudaxia.com/" "Mozilla/5.0 (iPhone; CPU iPhone OS 16_3 like Mac OS X) AppleWebKit/605.1.15 (KHTML, like Gecko) Version/16.2 Mobile/15E148 YisouSpider/5.0 Safari/604.1"
111.6.230.203 - - [26/Jan/2026:08:18:39 +0800] "GET /api/latest-version?platform=3 HTTP/1.1" 200 167 "https://www.shudaxia.com/" "Mozilla/5.0 (iPhone; CPU iPhone OS 16_3 like Mac OS X) AppleWebKit/605.1.15 (KHTML, like Gecko) Version/16.2 Mobile/15E148 YisouSpider/5.0 Safari/604.1"
111.6.230.203 - - [26/Jan/2026:08:18:39 +0800] "GET /api/auth/session HTTP/1.1" 200 35 "https://www.shudaxia.com/" "Mozilla/5.0 (iPhone; CPU iPhone OS 16_3 like Mac OS X) AppleWebKit/605.1.15 (KHTML, like Gecko) Version/16.2 Mobile/15E148 YisouSpider/5.0 Safari/604.1"
111.6.230.203 - - [26/Jan/2026:08:18:39 +0800] "GET /api/latest-version?platform=3 HTTP/1.1" 200 167 "https://www.shudaxia.com/" "Mozilla/5.0 (iPhone; CPU iPhone OS 16_3 like Mac OS X) AppleWebKit/605.1.15 (KHTML, like Gecko) Version/16.2 Mobile/15E148 YisouSpider/5.0 Safari/604.1"
111.6.230.203 - - [26/Jan/2026:08:18:39 +0800] "GET /api/latest-version?platform=3 HTTP/1.1" 200 167 "https://www.shudaxia.com/" "Mozilla/5.0 (iPhone; CPU iPhone OS 16_3 like Mac OS X) AppleWebKit/605.1.15 (KHTML, like Gecko) Version/16.2 Mobile/15E148 YisouSpider/5.0 Safari/604.1"
111.6.230.203 - - [26/Jan/2026:08:18:39 +0800] "GET /api/latest-version?platform=3 HTTP/1.1" 200 167 "https://www.shudaxia.com/" "Mozilla/5.0 (iPhone; CPU iPhone OS 16_3 like Mac OS X) AppleWebKit/605.1.15 (KHTML, like Gecko) Version/16.2 Mobile/15E148 YisouSpider/5.0 Safari/604.1"
111.6.230.203 - - [26/Jan/2026:08:18:39 +0800] "GET /api/latest-version?platform=3 HTTP/1.1" 200 167 "https://www.shudaxia.com/" "Mozilla/5.0 (iPhone; CPU iPhone OS 16_3 like Mac OS X) AppleWebKit/605.1.15 (KHTML, like Gecko) Version/16.2 Mobile/15E148 YisouSpider/5.0 Safari/604.1"
111.6.230.203 - - [26/Jan/2026:08:18:39 +0800] "GET /api/auth/session HTTP/1.1" 200 35 "https://www.shudaxia.com/" "Mozilla/5.0 (iPhone; CPU iPhone OS 16_3 like Mac OS X) AppleWebKit/605.1.15 (KHTML, like Gecko) Version/16.2 Mobile/15E148 YisouSpider/5.0 Safari/604.1"
111.6.230.173 - - [26/Jan/2026:08:19:02 +0800] "GET / HTTP/1.1" 200 24651 "-" "YisouSpider"
111.6.230.203 - - [26/Jan/2026:08:19:03 +0800] "GET /api/latest-version?platform=3 HTTP/1.1" 200 167 "https://www.shudaxia.com/" "YisouSpider"
111.6.230.164 - - [26/Jan/2026:08:19:03 +0800] "GET /api/latest-version?platform=2 HTTP/1.1" 200 152 "https://www.shudaxia.com/" "YisouSpider"
111.6.230.203 - - [26/Jan/2026:08:19:03 +0800] "GET /api/auth/session HTTP/1.1" 200 35 "https://www.shudaxia.com/" "YisouSpider"
111.6.230.224 - - [26/Jan/2026:08:19:03 +0800] "GET /cpstest?_rsc=qax64 HTTP/1.1" 308 23 "https://www.shudaxia.com/" "YisouSpider"
111.6.230.203 - - [26/Jan/2026:08:19:03 +0800] "GET /api/latest-version?platform=3 HTTP/1.1" 200 167 "https://www.shudaxia.com/" "YisouSpider"
111.6.230.165 - - [26/Jan/2026:08:19:03 +0800] "GET /api/footer-links HTTP/1.1" 200 535 "https://www.shudaxia.com/" "YisouSpider"
111.6.230.164 - - [26/Jan/2026:08:19:03 +0800] "GET /api/latest-version?platform=2 HTTP/1.1" 200 152 "https://www.shudaxia.com/" "YisouSpider"
111.6.230.165 - - [26/Jan/2026:08:19:03 +0800] "GET /mouse-keyboard-test?_rsc=qax64 HTTP/1.1" 308 36 "https://www.shudaxia.com/" "YisouSpider"
111.6.230.164 - - [26/Jan/2026:08:19:03 +0800] "GET /api/latest-version?platform=2 HTTP/1.1" 200 152 "https://www.shudaxia.com/" "YisouSpider"
111.6.230.164 - - [26/Jan/2026:08:19:03 +0800] "GET /api/latest-version?platform=2 HTTP/1.1" 200 152 "https://www.shudaxia.com/" "YisouSpider"
111.6.230.203 - - [26/Jan/2026:08:19:03 +0800] "GET /api/latest-version?platform=3 HTTP/1.1" 200 167 "https://www.shudaxia.com/" "YisouSpider"
111.6.230.183 - - [26/Jan/2026:08:19:03 +0800] "GET /video?_rsc=qax64 HTTP/1.1" 308 21 "https://www.shudaxia.com/" "YisouSpider"
111.6.230.219 - - [26/Jan/2026:08:19:03 +0800] "GET /mobile?_rsc=qax64 HTTP/1.1" 308 22 "https://www.shudaxia.com/" "YisouSpider"
111.6.230.158 - - [26/Jan/2026:08:19:03 +0800] "GET /doc/p1?_rsc=qax64 HTTP/1.1" 308 22 "https://www.shudaxia.com/" "YisouSpider"
111.6.230.203 - - [26/Jan/2026:08:19:03 +0800] "GET /api/latest-version?platform=3 HTTP/1.1" 200 167 "https://www.shudaxia.com/" "YisouSpider"
111.6.230.203 - - [26/Jan/2026:08:19:03 +0800] "GET /api/auth/session HTTP/1.1" 200 35 "https://www.shudaxia.com/" "YisouSpider"
111.6.230.213 - - [26/Jan/2026:08:19:03 +0800] "GET /doc/p1.html HTTP/1.1" 200 168 "https://www.shudaxia.com/" "YisouSpider"
111.6.230.190 - - [26/Jan/2026:08:19:03 +0800] "GET /mouse-click-train?_rsc=qax64 HTTP/1.1" 308 34 "https://www.shudaxia.com/" "YisouSpider"
111.6.230.163 - - [26/Jan/2026:08:19:03 +0800] "GET /feedback?_rsc=qax64 HTTP/1.1" 308 24 "https://www.shudaxia.com/" "YisouSpider"
180.97.210.156 - - [26/Jan/2026:08:19:04 +0800] "GET /robots.txt HTTP/1.1" 200 31 "https://www.shudaxia.com/robots.txt" "User-Agent:Mozilla/5.0 (Windows NT 10.0; Win64; x64) AppleWebKit/537.36 (KHTML, like Gecko) Chrome/140.0.0.0 Safari/537.36 Edg/140.0.0.0; 360Spider"
180.97.210.156 - - [26/Jan/2026:08:19:07 +0800] "GET /robots.txt HTTP/1.1" 200 31 "https://www.shudaxia.com/robots.txt" "Mozilla/5.0 (Windows NT 10.0; Win64; x64) AppleWebKit/537.36 (KHTML, like Gecko) Chrome/140.0.0.0 Safari/537.36 Edg/140.0.0.0; 360Spider"
180.97.210.223 - - [26/Jan/2026:08:28:21 +0800] "GET / HTTP/1.1" 200 94258 "-" "(compatible; Baiduspider/2.0; +http://www.baidu.com/search/spider.html\xA3\xA9"
111.6.230.215 - - [26/Jan/2026:08:37:32 +0800] "GET / HTTP/1.1" 200 24646 "-" "YisouSpider"
120.195.94.170 - - [26/Jan/2026:08:39:44 +0800] "GET /news/shubiao-liandianqi-rumen-jiaiocheng.html HTTP/1.1" 200 16578 "-" "Mozilla/5.0 (Linux;u;Android 4.2.2;zh-cn;) AppleWebKit/534.46 (KHTML,like Gecko) Version/5.1 Mobile Safari/10600.6.3 (compatible; Baiduspider/2.0; +http://www.baidu.com/search/spider.html)"
120.195.94.169 - - [26/Jan/2026:08:39:46 +0800] "GET /api/latest-version?platform=2 HTTP/1.1" 200 152 "https://www.shudaxia.com/news/shubiao-liandianqi-rumen-jiaiocheng.html" "Mozilla/5.0 (iPhone; CPU iPhone OS 9_1 like Mac OS X) AppleWebKit/601.1.46 (KHTML, like Gecko) Version/9.0 Mobile/13B143 Safari/601.1 (compatible; Baiduspider-render/2.0; +http://www.baidu.com/search/spider.html)"
120.195.94.139 - - [26/Jan/2026:08:39:46 +0800] "GET /api/auth/session HTTP/1.1" 200 35 "https://www.shudaxia.com/news/shubiao-liandianqi-rumen-jiaiocheng.html" "Mozilla/5.0 (iPhone; CPU iPhone OS 9_1 like Mac OS X) AppleWebKit/601.1.46 (KHTML, like Gecko) Version/9.0 Mobile/13B143 Safari/601.1 (compatible; Baiduspider-render/2.0; +http://www.baidu.com/search/spider.html)"
120.195.94.158 - - [26/Jan/2026:08:39:46 +0800] "GET /api/latest-version?platform=3 HTTP/1.1" 200 167 "https://www.shudaxia.com/news/shubiao-liandianqi-rumen-jiaiocheng.html" "Mozilla/5.0 (iPhone; CPU iPhone OS 9_1 like Mac OS X) AppleWebKit/601.1.46 (KHTML, like Gecko) Version/9.0 Mobile/13B143 Safari/601.1 (compatible; Baiduspider-render/2.0; +http://www.baidu.com/search/spider.html)"
120.195.94.176 - - [26/Jan/2026:08:39:46 +0800] "GET /api/footer-links HTTP/1.1" 200 535 "https://www.shudaxia.com/news/shubiao-liandianqi-rumen-jiaiocheng.html" "Mozilla/5.0 (iPhone; CPU iPhone OS 9_1 like Mac OS X) AppleWebKit/601.1.46 (KHTML, like Gecko) Version/9.0 Mobile/13B143 Safari/601.1 (compatible; Baiduspider-render/2.0; +http://www.baidu.com/search/spider.html)"
111.6.230.164 - - [26/Jan/2026:08:39:46 +0800] "GET /api/latest-version?platform=2 HTTP/1.1" 200 152 "https://www.shudaxia.com/news/shubiao-liandianqi-rumen-jiaiocheng.html" "Mozilla/5.0 (iPhone; CPU iPhone OS 9_1 like Mac OS X) AppleWebKit/601.1.46 (KHTML, like Gecko) Version/9.0 Mobile/13B143 Safari/601.1 (compatible; Baiduspider-render/2.0; +http://www.baidu.com/search/spider.html)"
111.6.230.203 - - [26/Jan/2026:08:39:46 +0800] "GET /api/latest-version?platform=3 HTTP/1.1" 200 167 "https://www.shudaxia.com/news/shubiao-liandianqi-rumen-jiaiocheng.html" "Mozilla/5.0 (iPhone; CPU iPhone OS 9_1 like Mac OS X) AppleWebKit/601.1.46 (KHTML, like Gecko) Version/9.0 Mobile/13B143 Safari/601.1 (compatible; Baiduspider-render/2.0; +http://www.baidu.com/search/spider.html)"
120.195.94.139 - - [26/Jan/2026:08:39:46 +0800] "GET /api/auth/session HTTP/1.1" 200 35 "https://www.shudaxia.com/news/shubiao-liandianqi-rumen-jiaiocheng.html" "Mozilla/5.0 (iPhone; CPU iPhone OS 9_1 like Mac OS X) AppleWebKit/601.1.46 (KHTML, like Gecko) Version/9.0 Mobile/13B143 Safari/601.1 (compatible; Baiduspider-render/2.0; +http://www.baidu.com/search/spider.html)"
120.195.94.148 - - [26/Jan/2026:08:39:50 +0800] "POST /api/articles/54/view HTTP/1.1" 200 2109 "https://www.shudaxia.com/news/shubiao-liandianqi-rumen-jiaiocheng.html" "Mozilla/5.0 (iPhone; CPU iPhone OS 9_1 like Mac OS X) AppleWebKit/601.1.46 (KHTML, like Gecko) Version/9.0 Mobile/13B143 Safari/601.1 (compatible; Baiduspider-render/2.0; +http://www.baidu.com/search/spider.html)"
221.195.236.16 - - [26/Jan/2026:08:48:25 +0800] "GET /news/tuan-gou-miao-sha-zhu-shou-shu-biao-lian-dian-qi HTTP/1.1" 308 70 "-" "Mozilla/5.0 (Linux; Android 5.0) AppleWebKit/537.36 (KHTML, like Gecko) Mobile Safari/537.36 (compatible; Bytespider; https://zhanzhang.toutiao.com/)"
221.195.236.53 - - [26/Jan/2026:08:48:25 +0800] "GET /news/tuan-gou-miao-sha-zhu-shou-shu-biao-lian-dian-qi.html HTTP/1.1" 200 15782 "-" "Mozilla/5.0 (Linux; Android 5.0) AppleWebKit/537.36 (KHTML, like Gecko) Mobile Safari/537.36 (compatible; Bytespider; https://zhanzhang.toutiao.com/)"
221.195.236.23 - - [26/Jan/2026:08:48:25 +0800] "POST /api/articles/23/view HTTP/1.1" 200 1686 "https://www.shudaxia.com/news/tuan-gou-miao-sha-zhu-shou-shu-biao-lian-dian-qi.html" "Mozilla/5.0 (Linux; Android 5.0) AppleWebKit/537.36 (KHTML, like Gecko) Mobile Safari/537.36 (compatible; Bytespider; https://zhanzhang.toutiao.com/)"
221.195.236.42 - - [26/Jan/2026:08:48:25 +0800] "GET /api/auth/session HTTP/1.1" 200 35 "https://www.shudaxia.com/news/tuan-gou-miao-sha-zhu-shou-shu-biao-lian-dian-qi.html" "Mozilla/5.0 (Linux; Android 5.0) AppleWebKit/537.36 (KHTML, like Gecko) Mobile Safari/537.36 (compatible; Bytespider; https://zhanzhang.toutiao.com/)"
221.195.236.71 - - [26/Jan/2026:08:48:25 +0800] "GET /?_rsc=1j4ks HTTP/1.1" 200 144 "https://www.shudaxia.com/news/tuan-gou-miao-sha-zhu-shou-shu-biao-lian-dian-qi.html" "Mozilla/5.0 (Linux; Android 5.0) AppleWebKit/537.36 (KHTML, like Gecko) Mobile Safari/537.36 (compatible; Bytespider; https://zhanzhang.toutiao.com/)"
221.195.236.40 - - [26/Jan/2026:08:48:25 +0800] "GET /news/p1?_rsc=1j4ks HTTP/1.1" 308 23 "https://www.shudaxia.com/news/tuan-gou-miao-sha-zhu-shou-shu-biao-lian-dian-qi.html" "Mozilla/5.0 (Linux; Android 5.0) AppleWebKit/537.36 (KHTML, like Gecko) Mobile Safari/537.36 (compatible; Bytespider; https://zhanzhang.toutiao.com/)"
221.195.236.46 - - [26/Jan/2026:08:48:25 +0800] "GET /api/latest-version?platform=3 HTTP/1.1" 200 167 "https://www.shudaxia.com/news/tuan-gou-miao-sha-zhu-shou-shu-biao-lian-dian-qi.html" "Mozilla/5.0 (Linux; Android 5.0) AppleWebKit/537.36 (KHTML, like Gecko) Mobile Safari/537.36 (compatible; Bytespider; https://zhanzhang.toutiao.com/)"
221.195.236.51 - - [26/Jan/2026:08:48:25 +0800] "GET /api/footer-links HTTP/1.1" 200 535 "https://www.shudaxia.com/news/tuan-gou-miao-sha-zhu-shou-shu-biao-lian-dian-qi.html" "Mozilla/5.0 (Linux; Android 5.0) AppleWebKit/537.36 (KHTML, like Gecko) Mobile Safari/537.36 (compatible; Bytespider; https://zhanzhang.toutiao.com/)"
221.195.236.46 - - [26/Jan/2026:08:48:25 +0800] "GET /api/latest-version?platform=2 HTTP/1.1" 200 152 "https://www.shudaxia.com/news/tuan-gou-miao-sha-zhu-shou-shu-biao-lian-dian-qi.html" "Mozilla/5.0 (Linux; Android 5.0) AppleWebKit/537.36 (KHTML, like Gecko) Mobile Safari/537.36 (compatible; Bytespider; https://zhanzhang.toutiao.com/)"
221.195.236.31 - - [26/Jan/2026:08:48:25 +0800] "GET /doc/p1?_rsc=1j4ks HTTP/1.1" 308 22 "https://www.shudaxia.com/news/tuan-gou-miao-sha-zhu-shou-shu-biao-lian-dian-qi.html" "Mozilla/5.0 (Linux; Android 5.0) AppleWebKit/537.36 (KHTML, like Gecko) Mobile Safari/537.36 (compatible; Bytespider; https://zhanzhang.toutiao.com/)"
221.195.236.97 - - [26/Jan/2026:08:48:25 +0800] "GET /faq/p1?_rsc=1j4ks HTTP/1.1" 308 22 "https://www.shudaxia.com/news/tuan-gou-miao-sha-zhu-shou-shu-biao-lian-dian-qi.html" "Mozilla/5.0 (Linux; Android 5.0) AppleWebKit/537.36 (KHTML, like Gecko) Mobile Safari/537.36 (compatible; Bytespider; https://zhanzhang.toutiao.com/)"
221.195.236.59 - - [26/Jan/2026:08:48:25 +0800] "GET /news?_rsc=1j4ks HTTP/1.1" 308 20 "https://www.shudaxia.com/news/tuan-gou-miao-sha-zhu-shou-shu-biao-lian-dian-qi.html" "Mozilla/5.0 (Linux; Android 5.0) AppleWebKit/537.36 (KHTML, like Gecko) Mobile Safari/537.36 (compatible; Bytespider; https://zhanzhang.toutiao.com/)"
221.195.236.78 - - [26/Jan/2026:08:48:25 +0800] "GET /api/auth/session HTTP/1.1" 200 35 "https://www.shudaxia.com/news/tuan-gou-miao-sha-zhu-shou-shu-biao-lian-dian-qi.html" "Mozilla/5.0 (Linux; Android 5.0) AppleWebKit/537.36 (KHTML, like Gecko) Mobile Safari/537.36 (compatible; Bytespider; https://zhanzhang.toutiao.com/)"
221.195.236.93 - - [26/Jan/2026:08:48:25 +0800] "GET /api/latest-version?platform=3 HTTP/1.1" 200 167 "https://www.shudaxia.com/news/tuan-gou-miao-sha-zhu-shou-shu-biao-lian-dian-qi.html" "Mozilla/5.0 (Linux; Android 5.0) AppleWebKit/537.36 (KHTML, like Gecko) Mobile Safari/537.36 (compatible; Bytespider; https://zhanzhang.toutiao.com/)"
221.195.236.29 - - [26/Jan/2026:08:48:25 +0800] "GET /api/latest-version?platform=2 HTTP/1.1" 200 152 "https://www.shudaxia.com/news/tuan-gou-miao-sha-zhu-shou-shu-biao-lian-dian-qi.html" "Mozilla/5.0 (Linux; Android 5.0) AppleWebKit/537.36 (KHTML, like Gecko) Mobile Safari/537.36 (compatible; Bytespider; https://zhanzhang.toutiao.com/)"
221.195.236.78 - - [26/Jan/2026:08:48:25 +0800] "GET /news/p1.html HTTP/1.1" 200 169 "https://www.shudaxia.com/news/tuan-gou-miao-sha-zhu-shou-shu-biao-lian-dian-qi.html" "Mozilla/5.0 (Linux; Android 5.0) AppleWebKit/537.36 (KHTML, like Gecko) Mobile Safari/537.36 (compatible; Bytespider; https://zhanzhang.toutiao.com/)"
221.195.236.26 - - [26/Jan/2026:08:48:25 +0800] "GET /faq/p1.html HTTP/1.1" 200 168 "https://www.shudaxia.com/news/tuan-gou-miao-sha-zhu-shou-shu-biao-lian-dian-qi.html" "Mozilla/5.0 (Linux; Android 5.0) AppleWebKit/537.36 (KHTML, like Gecko) Mobile Safari/537.36 (compatible; Bytespider; https://zhanzhang.toutiao.com/)"
221.195.236.82 - - [26/Jan/2026:08:48:25 +0800] "GET /news.html HTTP/1.1" 200 165 "https://www.shudaxia.com/news/tuan-gou-miao-sha-zhu-shou-shu-biao-lian-dian-qi.html" "Mozilla/5.0 (Linux; Android 5.0) AppleWebKit/537.36 (KHTML, like Gecko) Mobile Safari/537.36 (compatible; Bytespider; https://zhanzhang.toutiao.com/)"
221.195.236.52 - - [26/Jan/2026:08:48:25 +0800] "GET /doc/p1.html HTTP/1.1" 200 168 "https://www.shudaxia.com/news/tuan-gou-miao-sha-zhu-shou-shu-biao-lian-dian-qi.html" "Mozilla/5.0 (Linux; Android 5.0) AppleWebKit/537.36 (KHTML, like Gecko) Mobile Safari/537.36 (compatible; Bytespider; https://zhanzhang.toutiao.com/)"
120.195.94.158 - - [26/Jan/2026:08:52:06 +0800] "GET / HTTP/1.1" 200 24657 "-" "Mozilla/5.0 (Linux; Android 5.0) AppleWebKit/537.36 (KHTML, like Gecko) Mobile Safari/537.36 (compatible; Bytespider; https://zhanzhang.toutiao.com/)"
120.195.94.169 - - [26/Jan/2026:08:52:07 +0800] "GET /api/latest-version?platform=2 HTTP/1.1" 200 152 "https://www.shudaxia.com/" "Mozilla/5.0 (Linux; Android 5.0) AppleWebKit/537.36 (KHTML, like Gecko) Mobile Safari/537.36 (compatible; Bytespider; https://zhanzhang.toutiao.com/)"
120.195.94.158 - - [26/Jan/2026:08:52:07 +0800] "GET /api/latest-version?platform=3 HTTP/1.1" 200 167 "https://www.shudaxia.com/" "Mozilla/5.0 (Linux; Android 5.0) AppleWebKit/537.36 (KHTML, like Gecko) Mobile Safari/537.36 (compatible; Bytespider; https://zhanzhang.toutiao.com/)"
120.195.94.169 - - [26/Jan/2026:08:52:07 +0800] "GET /api/latest-version?platform=2 HTTP/1.1" 200 152 "https://www.shudaxia.com/" "Mozilla/5.0 (Linux; Android 5.0) AppleWebKit/537.36 (KHTML, like Gecko) Mobile Safari/537.36 (compatible; Bytespider; https://zhanzhang.toutiao.com/)"
120.195.94.176 - - [26/Jan/2026:08:52:07 +0800] "GET /api/footer-links HTTP/1.1" 200 535 "https://www.shudaxia.com/" "Mozilla/5.0 (Linux; Android 5.0) AppleWebKit/537.36 (KHTML, like Gecko) Mobile Safari/537.36 (compatible; Bytespider; https://zhanzhang.toutiao.com/)"
120.195.94.158 - - [26/Jan/2026:08:52:07 +0800] "GET /api/latest-version?platform=3 HTTP/1.1" 200 167 "https://www.shudaxia.com/" "Mozilla/5.0 (Linux; Android 5.0) AppleWebKit/537.36 (KHTML, like Gecko) Mobile Safari/537.36 (compatible; Bytespider; https://zhanzhang.toutiao.com/)"
120.195.94.158 - - [26/Jan/2026:08:52:07 +0800] "GET /api/latest-version?platform=3 HTTP/1.1" 200 167 "https://www.shudaxia.com/" "Mozilla/5.0 (Linux; Android 5.0) AppleWebKit/537.36 (KHTML, like Gecko) Mobile Safari/537.36 (compatible; Bytespider; https://zhanzhang.toutiao.com/)"
120.195.94.169 - - [26/Jan/2026:08:52:07 +0800] "GET /api/latest-version?platform=2 HTTP/1.1" 200 152 "https://www.shudaxia.com/" "Mozilla/5.0 (Linux; Android 5.0) AppleWebKit/537.36 (KHTML, like Gecko) Mobile Safari/537.36 (compatible; Bytespider; https://zhanzhang.toutiao.com/)"
120.195.94.139 - - [26/Jan/2026:08:52:07 +0800] "GET /api/auth/session HTTP/1.1" 200 35 "https://www.shudaxia.com/" "Mozilla/5.0 (Linux; Android 5.0) AppleWebKit/537.36 (KHTML, like Gecko) Mobile Safari/537.36 (compatible; Bytespider; https://zhanzhang.toutiao.com/)"
120.195.94.158 - - [26/Jan/2026:08:52:07 +0800] "GET /api/latest-version?platform=3 HTTP/1.1" 200 167 "https://www.shudaxia.com/" "Mozilla/5.0 (Linux; Android 5.0) AppleWebKit/537.36 (KHTML, like Gecko) Mobile Safari/537.36 (compatible; Bytespider; https://zhanzhang.toutiao.com/)"
120.195.94.169 - - [26/Jan/2026:08:52:07 +0800] "GET /api/latest-version?platform=2 HTTP/1.1" 200 152 "https://www.shudaxia.com/" "Mozilla/5.0 (Linux; Android 5.0) AppleWebKit/537.36 (KHTML, like Gecko) Mobile Safari/537.36 (compatible; Bytespider; https://zhanzhang.toutiao.com/)"
120.195.94.158 - - [26/Jan/2026:08:52:07 +0800] "GET /api/latest-version?platform=3 HTTP/1.1" 200 167 "https://www.shudaxia.com/" "Mozilla/5.0 (Linux; Android 5.0) AppleWebKit/537.36 (KHTML, like Gecko) Mobile Safari/537.36 (compatible; Bytespider; https://zhanzhang.toutiao.com/)"
120.195.94.139 - - [26/Jan/2026:08:52:07 +0800] "GET /api/auth/session HTTP/1.1" 200 35 "https://www.shudaxia.com/" "Mozilla/5.0 (Linux; Android 5.0) AppleWebKit/537.36 (KHTML, like Gecko) Mobile Safari/537.36 (compatible; Bytespider; https://zhanzhang.toutiao.com/)"
120.195.94.143 - - [26/Jan/2026:08:54:00 +0800] "GET /news/mi-ni-shu-biao-lian-dian-qi.html HTTP/1.1" 200 14717 "-" "Mozilla/5.0 (Linux;u;Android 4.2.2;zh-cn;) AppleWebKit/534.46 (KHTML,like Gecko) Version/5.1 Mobile Safari/10600.6.3 (compatible; Baiduspider/2.0; +http://www.baidu.com/search/spider.html)"
120.195.94.176 - - [26/Jan/2026:08:54:04 +0800] "POST /api/articles/28/view HTTP/1.1" 200 1328 "https://www.shudaxia.com/news/mi-ni-shu-biao-lian-dian-qi.html" "Mozilla/5.0 (iPhone; CPU iPhone OS 9_1 like Mac OS X) AppleWebKit/601.1.46 (KHTML, like Gecko) Version/9.0 Mobile/13B143 Safari/601.1 (compatible; Baiduspider-render/2.0; +http://www.baidu.com/search/spider.html)"
120.195.94.139 - - [26/Jan/2026:08:54:04 +0800] "GET /api/auth/session HTTP/1.1" 200 35 "https://www.shudaxia.com/news/mi-ni-shu-biao-lian-dian-qi.html" "Mozilla/5.0 (iPhone; CPU iPhone OS 9_1 like Mac OS X) AppleWebKit/601.1.46 (KHTML, like Gecko) Version/9.0 Mobile/13B143 Safari/601.1 (compatible; Baiduspider-render/2.0; +http://www.baidu.com/search/spider.html)"
120.195.94.158 - - [26/Jan/2026:08:54:04 +0800] "GET /api/latest-version?platform=3 HTTP/1.1" 200 167 "https://www.shudaxia.com/news/mi-ni-shu-biao-lian-dian-qi.html" "Mozilla/5.0 (iPhone; CPU iPhone OS 9_1 like Mac OS X) AppleWebKit/601.1.46 (KHTML, like Gecko) Version/9.0 Mobile/13B143 Safari/601.1 (compatible; Baiduspider-render/2.0; +http://www.baidu.com/search/spider.html)"
120.195.94.176 - - [26/Jan/2026:08:54:04 +0800] "GET /api/footer-links HTTP/1.1" 200 535 "https://www.shudaxia.com/news/mi-ni-shu-biao-lian-dian-qi.html" "Mozilla/5.0 (iPhone; CPU iPhone OS 9_1 like Mac OS X) AppleWebKit/601.1.46 (KHTML, like Gecko) Version/9.0 Mobile/13B143 Safari/601.1 (compatible; Baiduspider-render/2.0; +http://www.baidu.com/search/spider.html)"
111.6.230.164 - - [26/Jan/2026:08:54:04 +0800] "GET /api/latest-version?platform=2 HTTP/1.1" 200 152 "https://www.shudaxia.com/news/mi-ni-shu-biao-lian-dian-qi.html" "Mozilla/5.0 (iPhone; CPU iPhone OS 9_1 like Mac OS X) AppleWebKit/601.1.46 (KHTML, like Gecko) Version/9.0 Mobile/13B143 Safari/601.1 (compatible; Baiduspider-render/2.0; +http://www.baidu.com/search/spider.html)"
111.6.230.203 - - [26/Jan/2026:08:54:04 +0800] "GET /api/latest-version?platform=3 HTTP/1.1" 200 167 "https://www.shudaxia.com/news/mi-ni-shu-biao-lian-dian-qi.html" "Mozilla/5.0 (iPhone; CPU iPhone OS 9_1 like Mac OS X) AppleWebKit/601.1.46 (KHTML, like Gecko) Version/9.0 Mobile/13B143 Safari/601.1 (compatible; Baiduspider-render/2.0; +http://www.baidu.com/search/spider.html)"
120.195.94.139 - - [26/Jan/2026:08:54:04 +0800] "GET /api/auth/session HTTP/1.1" 200 35 "https://www.shudaxia.com/news/mi-ni-shu-biao-lian-dian-qi.html" "Mozilla/5.0 (iPhone; CPU iPhone OS 9_1 like Mac OS X) AppleWebKit/601.1.46 (KHTML, like Gecko) Version/9.0 Mobile/13B143 Safari/601.1 (compatible; Baiduspider-render/2.0; +http://www.baidu.com/search/spider.html)"
120.195.94.169 - - [26/Jan/2026:08:54:04 +0800] "GET /api/latest-version?platform=2 HTTP/1.1" 200 152 "https://www.shudaxia.com/news/mi-ni-shu-biao-lian-dian-qi.html" "Mozilla/5.0 (iPhone; CPU iPhone OS 9_1 like Mac OS X) AppleWebKit/601.1.46 (KHTML, like Gecko) Version/9.0 Mobile/13B143 Safari/601.1 (compatible; Baiduspider-render/2.0; +http://www.baidu.com/search/spider.html)"
111.6.230.215 - - [26/Jan/2026:08:54:29 +0800] "GET / HTTP/1.1" 200 24529 "-" "MQQBrowser/26 Mozilla/5.0 (Linux; U; Android 4.4.2; zh-cn; MB200 Build/GRJ22; CyanogenMod-7) AppleWebKit/533.1 (KHTML, like Gecko) Version/4.0 Mobile Safari/533.1 (compatible; Sogou web spider/4.0; +http://www.sogou.com/docs/help/webmasters.htm#07)"
111.6.230.203 - - [26/Jan/2026:08:54:30 +0800] "GET /api/latest-version?platform=3 HTTP/1.1" 200 167 "https://www.shudaxia.com/" "MQQBrowser/26 Mozilla/5.0 (Linux; U; Android 4.4.2; zh-cn; MB200 Build/GRJ22; CyanogenMod-7) AppleWebKit/533.1 (KHTML, like Gecko) Version/4.0 Mobile Safari/533.1 (compatible; Sogou web spider/4.0; +http://www.sogou.com/docs/help/webmasters.htm#07)"
111.6.230.164 - - [26/Jan/2026:08:54:30 +0800] "GET /api/latest-version?platform=2 HTTP/1.1" 200 152 "https://www.shudaxia.com/" "MQQBrowser/26 Mozilla/5.0 (Linux; U; Android 4.4.2; zh-cn; MB200 Build/GRJ22; CyanogenMod-7) AppleWebKit/533.1 (KHTML, like Gecko) Version/4.0 Mobile Safari/533.1 (compatible; Sogou web spider/4.0; +http://www.sogou.com/docs/help/webmasters.htm#07)"
111.6.230.165 - - [26/Jan/2026:08:54:30 +0800] "GET /api/footer-links HTTP/1.1" 200 535 "https://www.shudaxia.com/" "MQQBrowser/26 Mozilla/5.0 (Linux; U; Android 4.4.2; zh-cn; MB200 Build/GRJ22; CyanogenMod-7) AppleWebKit/533.1 (KHTML, like Gecko) Version/4.0 Mobile Safari/533.1 (compatible; Sogou web spider/4.0; +http://www.sogou.com/docs/help/webmasters.htm#07)"
111.6.230.203 - - [26/Jan/2026:08:54:30 +0800] "GET /api/auth/session HTTP/1.1" 200 35 "https://www.shudaxia.com/" "MQQBrowser/26 Mozilla/5.0 (Linux; U; Android 4.4.2; zh-cn; MB200 Build/GRJ22; CyanogenMod-7) AppleWebKit/533.1 (KHTML, like Gecko) Version/4.0 Mobile Safari/533.1 (compatible; Sogou web spider/4.0; +http://www.sogou.com/docs/help/webmasters.htm#07)"
111.6.230.203 - - [26/Jan/2026:08:54:30 +0800] "GET /api/latest-version?platform=3 HTTP/1.1" 200 167 "https://www.shudaxia.com/" "MQQBrowser/26 Mozilla/5.0 (Linux; U; Android 4.4.2; zh-cn; MB200 Build/GRJ22; CyanogenMod-7) AppleWebKit/533.1 (KHTML, like Gecko) Version/4.0 Mobile Safari/533.1 (compatible; Sogou web spider/4.0; +http://www.sogou.com/docs/help/webmasters.htm#07)"
111.6.230.164 - - [26/Jan/2026:08:54:30 +0800] "GET /api/latest-version?platform=2 HTTP/1.1" 200 152 "https://www.shudaxia.com/" "MQQBrowser/26 Mozilla/5.0 (Linux; U; Android 4.4.2; zh-cn; MB200 Build/GRJ22; CyanogenMod-7) AppleWebKit/533.1 (KHTML, like Gecko) Version/4.0 Mobile Safari/533.1 (compatible; Sogou web spider/4.0; +http://www.sogou.com/docs/help/webmasters.htm#07)"
111.6.230.203 - - [26/Jan/2026:08:54:30 +0800] "GET /api/latest-version?platform=3 HTTP/1.1" 200 167 "https://www.shudaxia.com/" "MQQBrowser/26 Mozilla/5.0 (Linux; U; Android 4.4.2; zh-cn; MB200 Build/GRJ22; CyanogenMod-7) AppleWebKit/533.1 (KHTML, like Gecko) Version/4.0 Mobile Safari/533.1 (compatible; Sogou web spider/4.0; +http://www.sogou.com/docs/help/webmasters.htm#07)"
111.6.230.164 - - [26/Jan/2026:08:54:30 +0800] "GET /api/latest-version?platform=2 HTTP/1.1" 200 152 "https://www.shudaxia.com/" "MQQBrowser/26 Mozilla/5.0 (Linux; U; Android 4.4.2; zh-cn; MB200 Build/GRJ22; CyanogenMod-7) AppleWebKit/533.1 (KHTML, like Gecko) Version/4.0 Mobile Safari/533.1 (compatible; Sogou web spider/4.0; +http://www.sogou.com/docs/help/webmasters.htm#07)"
111.6.230.164 - - [26/Jan/2026:08:54:30 +0800] "GET /api/latest-version?platform=2 HTTP/1.1" 200 152 "https://www.shudaxia.com/" "MQQBrowser/26 Mozilla/5.0 (Linux; U; Android 4.4.2; zh-cn; MB200 Build/GRJ22; CyanogenMod-7) AppleWebKit/533.1 (KHTML, like Gecko) Version/4.0 Mobile Safari/533.1 (compatible; Sogou web spider/4.0; +http://www.sogou.com/docs/help/webmasters.htm#07)"
111.6.230.203 - - [26/Jan/2026:08:54:30 +0800] "GET /api/auth/session HTTP/1.1" 200 35 "https://www.shudaxia.com/" "MQQBrowser/26 Mozilla/5.0 (Linux; U; Android 4.4.2; zh-cn; MB200 Build/GRJ22; CyanogenMod-7) AppleWebKit/533.1 (KHTML, like Gecko) Version/4.0 Mobile Safari/533.1 (compatible; Sogou web spider/4.0; +http://www.sogou.com/docs/help/webmasters.htm#07)"
111.6.230.203 - - [26/Jan/2026:08:54:30 +0800] "GET /api/latest-version?platform=3 HTTP/1.1" 200 167 "https://www.shudaxia.com/" "MQQBrowser/26 Mozilla/5.0 (Linux; U; Android 4.4.2; zh-cn; MB200 Build/GRJ22; CyanogenMod-7) AppleWebKit/533.1 (KHTML, like Gecko) Version/4.0 Mobile Safari/533.1 (compatible; Sogou web spider/4.0; +http://www.sogou.com/docs/help/webmasters.htm#07)"
111.6.230.203 - - [26/Jan/2026:08:54:30 +0800] "GET /api/latest-version?platform=3 HTTP/1.1" 200 167 "https://www.shudaxia.com/" "MQQBrowser/26 Mozilla/5.0 (Linux; U; Android 4.4.2; zh-cn; MB200 Build/GRJ22; CyanogenMod-7) AppleWebKit/533.1 (KHTML, like Gecko) Version/4.0 Mobile Safari/533.1 (compatible; Sogou web spider/4.0; +http://www.sogou.com/docs/help/webmasters.htm#07)"
180.97.210.176 - - [26/Jan/2026:09:03:31 +0800] "GET /index.html HTTP/1.1" 301 162 "https://www.shudaxia.com/index.html" "User-Agent:Mozilla/5.0 (Windows NT 10.0; Win64; x64) AppleWebKit/537.36 (KHTML, like Gecko) Chrome/140.0.0.0 Safari/537.36 Edg/140.0.0.0; 360Spider"
180.97.210.223 - - [26/Jan/2026:09:03:32 +0800] "GET / HTTP/1.1" 200 24486 "https://www.shudaxia.com/" "Mozilla/5.0 (Windows NT 10.0; Win64; x64) AppleWebKit/537.36 (KHTML, like Gecko) Chrome/140.0.0.0 Safari/537.36 Edg/140.0.0.0; 360Spider"
120.195.94.144 - - [26/Jan/2026:09:03:34 +0800] "GET / HTTP/1.1" 200 24461 "https://www.shudaxia.com/" "User-Agent:Mozilla/5.0 (Windows NT 10.0; Win64; x64) AppleWebKit/537.36 (KHTML, like Gecko) Chrome/140.0.0.0 Safari/537.36 Edg/140.0.0.0; 360Spider"
111.6.230.215 - - [26/Jan/2026:09:03:37 +0800] "GET / HTTP/1.1" 200 24486 "https://www.shudaxia.com/" "Mozilla/5.0 (Windows NT 10.0; Win64; x64) AppleWebKit/537.36 (KHTML, like Gecko) Chrome/140.0.0.0 Safari/537.36 Edg/140.0.0.0; 360Spider"
120.195.94.141 - - [26/Jan/2026:09:03:42 +0800] "GET /index.php HTTP/1.1" 502 552 "https://www.shudaxia.com/index.php" "Mozilla/5.0 (Windows NT 10.0; Win64; x64) AppleWebKit/537.36 (KHTML, like Gecko) Chrome/140.0.0.0 Safari/537.36 Edg/140.0.0.0; 360Spider"
120.195.94.158 - - [26/Jan/2026:09:06:50 +0800] "GET / HTTP/1.1" 200 24370 "-" "Mozilla/5.0 (compatible; Baiduspider/2.0; +http://www.baidu.com/search/spider.html)"
111.6.230.203 - - [26/Jan/2026:09:06:58 +0800] "GET /api/latest-version?platform=3 HTTP/1.1" 200 167 "https://www.shudaxia.com/" "Mozilla/5.0 (compatible; Baiduspider-render/2.0; +http://www.baidu.com/search/spider.html)"
120.195.94.169 - - [26/Jan/2026:09:06:58 +0800] "GET /api/latest-version?platform=2 HTTP/1.1" 200 152 "https://www.shudaxia.com/" "Mozilla/5.0 (compatible; Baiduspider-render/2.0; +http://www.baidu.com/search/spider.html)"
120.195.94.158 - - [26/Jan/2026:09:06:58 +0800] "GET /api/latest-version?platform=3 HTTP/1.1" 200 167 "https://www.shudaxia.com/" "Mozilla/5.0 (compatible; Baiduspider-render/2.0; +http://www.baidu.com/search/spider.html)"
120.195.94.176 - - [26/Jan/2026:09:06:58 +0800] "GET /api/footer-links HTTP/1.1" 200 535 "https://www.shudaxia.com/" "Mozilla/5.0 (compatible; Baiduspider-render/2.0; +http://www.baidu.com/search/spider.html)"
120.195.94.139 - - [26/Jan/2026:09:06:58 +0800] "GET /api/auth/session HTTP/1.1" 200 35 "https://www.shudaxia.com/" "Mozilla/5.0 (compatible; Baiduspider-render/2.0; +http://www.baidu.com/search/spider.html)"
120.195.94.169 - - [26/Jan/2026:09:06:58 +0800] "GET /api/latest-version?platform=2 HTTP/1.1" 200 152 "https://www.shudaxia.com/" "Mozilla/5.0 (compatible; Baiduspider-render/2.0; +http://www.baidu.com/search/spider.html)"
120.195.94.158 - - [26/Jan/2026:09:06:58 +0800] "GET /api/latest-version?platform=3 HTTP/1.1" 200 167 "https://www.shudaxia.com/" "Mozilla/5.0 (compatible; Baiduspider-render/2.0; +http://www.baidu.com/search/spider.html)"
120.195.94.169 - - [26/Jan/2026:09:06:58 +0800] "GET /api/latest-version?platform=2 HTTP/1.1" 200 152 "https://www.shudaxia.com/" "Mozilla/5.0 (compatible; Baiduspider-render/2.0; +http://www.baidu.com/search/spider.html)"
120.195.94.169 - - [26/Jan/2026:09:06:58 +0800] "GET /api/latest-version?platform=2 HTTP/1.1" 200 152 "https://www.shudaxia.com/" "Mozilla/5.0 (compatible; Baiduspider-render/2.0; +http://www.baidu.com/search/spider.html)"
120.195.94.158 - - [26/Jan/2026:09:06:58 +0800] "GET /api/latest-version?platform=3 HTTP/1.1" 200 167 "https://www.shudaxia.com/" "Mozilla/5.0 (compatible; Baiduspider-render/2.0; +http://www.baidu.com/search/spider.html)"
120.195.94.158 - - [26/Jan/2026:09:06:58 +0800] "GET /api/latest-version?platform=3 HTTP/1.1" 200 167 "https://www.shudaxia.com/" "Mozilla/5.0 (compatible; Baiduspider-render/2.0; +http://www.baidu.com/search/spider.html)"
120.195.94.139 - - [26/Jan/2026:09:06:58 +0800] "GET /api/auth/session HTTP/1.1" 200 35 "https://www.shudaxia.com/" "Mozilla/5.0 (compatible; Baiduspider-render/2.0; +http://www.baidu.com/search/spider.html)"
120.195.94.148 - - [26/Jan/2026:09:08:15 +0800] "GET /faq/shezhi-shubiao-liandianqi-xunhuan-dianji.html HTTP/1.1" 200 15466 "-" "Mozilla/5.0 (Linux;u;Android 4.2.2;zh-cn;) AppleWebKit/534.46 (KHTML,like Gecko) Version/5.1 Mobile Safari/10600.6.3 (compatible; Baiduspider/2.0; +http://www.baidu.com/search/spider.html)"
120.195.94.169 - - [26/Jan/2026:09:08:18 +0800] "GET /api/latest-version?platform=2 HTTP/1.1" 200 152 "https://www.shudaxia.com/faq/shezhi-shubiao-liandianqi-xunhuan-dianji.html" "Mozilla/5.0 (iPhone; CPU iPhone OS 9_1 like Mac OS X) AppleWebKit/601.1.46 (KHTML, like Gecko) Version/9.0 Mobile/13B143 Safari/601.1 (compatible; Baiduspider-render/2.0; +http://www.baidu.com/search/spider.html)"
120.195.94.139 - - [26/Jan/2026:09:08:18 +0800] "GET /api/auth/session HTTP/1.1" 200 35 "https://www.shudaxia.com/faq/shezhi-shubiao-liandianqi-xunhuan-dianji.html" "Mozilla/5.0 (iPhone; CPU iPhone OS 9_1 like Mac OS X) AppleWebKit/601.1.46 (KHTML, like Gecko) Version/9.0 Mobile/13B143 Safari/601.1 (compatible; Baiduspider-render/2.0; +http://www.baidu.com/search/spider.html)"
