180.101.204.171 - - [25/Jan/2026:03:57:47 +0800] "GET /mouse-click-train HTTP/1.1" 308 34 "-" "Sogou web spider/4.0(+http://www.sogou.com/docs/help/webmasters.htm#07)"
111.6.230.173 - - [25/Jan/2026:03:59:17 +0800] "GET / HTTP/1.1" 200 24336 "-" "Mozilla/5.0 (compatible; Baiduspider/2.0; +http://www.baidu.com/search/spider.html)"
111.6.230.203 - - [25/Jan/2026:03:59:22 +0800] "GET /api/auth/session HTTP/1.1" 200 35 "https://www.shudaxia.com/" "Mozilla/5.0 (compatible; Baiduspider-render/2.0; +http://www.baidu.com/search/spider.html)"
111.6.230.164 - - [25/Jan/2026:03:59:22 +0800] "GET /api/latest-version?platform=2 HTTP/1.1" 200 152 "https://www.shudaxia.com/" "Mozilla/5.0 (compatible; Baiduspider-render/2.0; +http://www.baidu.com/search/spider.html)"
111.6.230.203 - - [25/Jan/2026:03:59:22 +0800] "GET /api/latest-version?platform=3 HTTP/1.1" 200 167 "https://www.shudaxia.com/" "Mozilla/5.0 (compatible; Baiduspider-render/2.0; +http://www.baidu.com/search/spider.html)"
111.6.230.165 - - [25/Jan/2026:03:59:22 +0800] "GET /api/footer-links HTTP/1.1" 200 535 "https://www.shudaxia.com/" "Mozilla/5.0 (compatible; Baiduspider-render/2.0; +http://www.baidu.com/search/spider.html)"
111.6.230.164 - - [25/Jan/2026:03:59:22 +0800] "GET /api/latest-version?platform=2 HTTP/1.1" 200 152 "https://www.shudaxia.com/" "Mozilla/5.0 (compatible; Baiduspider-render/2.0; +http://www.baidu.com/search/spider.html)"
111.6.230.203 - - [25/Jan/2026:03:59:22 +0800] "GET /api/latest-version?platform=3 HTTP/1.1" 200 167 "https://www.shudaxia.com/" "Mozilla/5.0 (compatible; Baiduspider-render/2.0; +http://www.baidu.com/search/spider.html)"
111.6.230.164 - - [25/Jan/2026:03:59:22 +0800] "GET /api/latest-version?platform=2 HTTP/1.1" 200 152 "https://www.shudaxia.com/" "Mozilla/5.0 (compatible; Baiduspider-render/2.0; +http://www.baidu.com/search/spider.html)"
111.6.230.203 - - [25/Jan/2026:03:59:22 +0800] "GET /api/latest-version?platform=3 HTTP/1.1" 200 167 "https://www.shudaxia.com/" "Mozilla/5.0 (compatible; Baiduspider-render/2.0; +http://www.baidu.com/search/spider.html)"
111.6.230.203 - - [25/Jan/2026:03:59:22 +0800] "GET /api/latest-version?platform=3 HTTP/1.1" 200 167 "https://www.shudaxia.com/" "Mozilla/5.0 (compatible; Baiduspider-render/2.0; +http://www.baidu.com/search/spider.html)"
111.6.230.203 - - [25/Jan/2026:03:59:22 +0800] "GET /api/latest-version?platform=3 HTTP/1.1" 200 167 "https://www.shudaxia.com/" "Mozilla/5.0 (compatible; Baiduspider-render/2.0; +http://www.baidu.com/search/spider.html)"
111.6.230.164 - - [25/Jan/2026:03:59:22 +0800] "GET /api/latest-version?platform=2 HTTP/1.1" 200 152 "https://www.shudaxia.com/" "Mozilla/5.0 (compatible; Baiduspider-render/2.0; +http://www.baidu.com/search/spider.html)"
111.6.230.203 - - [25/Jan/2026:03:59:22 +0800] "GET /api/auth/session HTTP/1.1" 200 35 "https://www.shudaxia.com/" "Mozilla/5.0 (compatible; Baiduspider-render/2.0; +http://www.baidu.com/search/spider.html)"
180.101.204.176 - - [25/Jan/2026:04:05:47 +0800] "GET /news/zui-hao-yong-de-shu-biao-lian-dian-qi.html HTTP/1.1" 200 15128 "-" "Sogou web spider/4.0(+http://www.sogou.com/docs/help/webmasters.htm#07)"
111.6.230.216 - - [25/Jan/2026:04:09:25 +0800] "GET / HTTP/1.1" 200 24529 "-" "Mozilla/5.0 (Linux;u;Android 4.2.2;zh-cn;) AppleWebKit/534.46 (KHTML,like Gecko) Version/5.1 Mobile Safari/10600.6.3 (compatible; Baiduspider/2.0; +http://www.baidu.com/search/spider.html)"
111.6.230.203 - - [25/Jan/2026:04:09:30 +0800] "GET /api/latest-version?platform=3 HTTP/1.1" 200 167 "https://www.shudaxia.com/" "Mozilla/5.0 (iPhone; CPU iPhone OS 9_1 like Mac OS X) AppleWebKit/601.1.46 (KHTML, like Gecko) Version/9.0 Mobile/13B143 Safari/601.1 (compatible; Baiduspider-render/2.0; +http://www.baidu.com/search/spider.html)"
111.6.230.165 - - [25/Jan/2026:04:09:30 +0800] "GET /api/footer-links HTTP/1.1" 200 535 "https://www.shudaxia.com/" "Mozilla/5.0 (iPhone; CPU iPhone OS 9_1 like Mac OS X) AppleWebKit/601.1.46 (KHTML, like Gecko) Version/9.0 Mobile/13B143 Safari/601.1 (compatible; Baiduspider-render/2.0; +http://www.baidu.com/search/spider.html)"
111.6.230.203 - - [25/Jan/2026:04:09:30 +0800] "GET /api/auth/session HTTP/1.1" 200 35 "https://www.shudaxia.com/" "Mozilla/5.0 (iPhone; CPU iPhone OS 9_1 like Mac OS X) AppleWebKit/601.1.46 (KHTML, like Gecko) Version/9.0 Mobile/13B143 Safari/601.1 (compatible; Baiduspider-render/2.0; +http://www.baidu.com/search/spider.html)"
111.6.230.164 - - [25/Jan/2026:04:09:30 +0800] "GET /api/latest-version?platform=2 HTTP/1.1" 200 152 "https://www.shudaxia.com/" "Mozilla/5.0 (iPhone; CPU iPhone OS 9_1 like Mac OS X) AppleWebKit/601.1.46 (KHTML, like Gecko) Version/9.0 Mobile/13B143 Safari/601.1 (compatible; Baiduspider-render/2.0; +http://www.baidu.com/search/spider.html)"
111.6.230.164 - - [25/Jan/2026:04:09:30 +0800] "GET /api/latest-version?platform=2 HTTP/1.1" 200 152 "https://www.shudaxia.com/" "Mozilla/5.0 (iPhone; CPU iPhone OS 9_1 like Mac OS X) AppleWebKit/601.1.46 (KHTML, like Gecko) Version/9.0 Mobile/13B143 Safari/601.1 (compatible; Baiduspider-render/2.0; +http://www.baidu.com/search/spider.html)"
111.6.230.164 - - [25/Jan/2026:04:09:30 +0800] "GET /api/latest-version?platform=2 HTTP/1.1" 200 152 "https://www.shudaxia.com/" "Mozilla/5.0 (iPhone; CPU iPhone OS 9_1 like Mac OS X) AppleWebKit/601.1.46 (KHTML, like Gecko) Version/9.0 Mobile/13B143 Safari/601.1 (compatible; Baiduspider-render/2.0; +http://www.baidu.com/search/spider.html)"
111.6.230.203 - - [25/Jan/2026:04:09:30 +0800] "GET /api/latest-version?platform=3 HTTP/1.1" 200 167 "https://www.shudaxia.com/" "Mozilla/5.0 (iPhone; CPU iPhone OS 9_1 like Mac OS X) AppleWebKit/601.1.46 (KHTML, like Gecko) Version/9.0 Mobile/13B143 Safari/601.1 (compatible; Baiduspider-render/2.0; +http://www.baidu.com/search/spider.html)"
111.6.230.203 - - [25/Jan/2026:04:09:30 +0800] "GET /api/latest-version?platform=3 HTTP/1.1" 200 167 "https://www.shudaxia.com/" "Mozilla/5.0 (iPhone; CPU iPhone OS 9_1 like Mac OS X) AppleWebKit/601.1.46 (KHTML, like Gecko) Version/9.0 Mobile/13B143 Safari/601.1 (compatible; Baiduspider-render/2.0; +http://www.baidu.com/search/spider.html)"
111.6.230.164 - - [25/Jan/2026:04:09:30 +0800] "GET /api/latest-version?platform=2 HTTP/1.1" 200 152 "https://www.shudaxia.com/" "Mozilla/5.0 (iPhone; CPU iPhone OS 9_1 like Mac OS X) AppleWebKit/601.1.46 (KHTML, like Gecko) Version/9.0 Mobile/13B143 Safari/601.1 (compatible; Baiduspider-render/2.0; +http://www.baidu.com/search/spider.html)"
111.6.230.203 - - [25/Jan/2026:04:09:30 +0800] "GET /api/latest-version?platform=3 HTTP/1.1" 200 167 "https://www.shudaxia.com/" "Mozilla/5.0 (iPhone; CPU iPhone OS 9_1 like Mac OS X) AppleWebKit/601.1.46 (KHTML, like Gecko) Version/9.0 Mobile/13B143 Safari/601.1 (compatible; Baiduspider-render/2.0; +http://www.baidu.com/search/spider.html)"
111.6.230.203 - - [25/Jan/2026:04:09:30 +0800] "GET /api/latest-version?platform=3 HTTP/1.1" 200 167 "https://www.shudaxia.com/" "Mozilla/5.0 (iPhone; CPU iPhone OS 9_1 like Mac OS X) AppleWebKit/601.1.46 (KHTML, like Gecko) Version/9.0 Mobile/13B143 Safari/601.1 (compatible; Baiduspider-render/2.0; +http://www.baidu.com/search/spider.html)"
111.6.230.203 - - [25/Jan/2026:04:09:30 +0800] "GET /api/auth/session HTTP/1.1" 200 35 "https://www.shudaxia.com/" "Mozilla/5.0 (iPhone; CPU iPhone OS 9_1 like Mac OS X) AppleWebKit/601.1.46 (KHTML, like Gecko) Version/9.0 Mobile/13B143 Safari/601.1 (compatible; Baiduspider-render/2.0; +http://www.baidu.com/search/spider.html)"
180.101.204.214 - - [25/Jan/2026:04:11:09 +0800] "GET / HTTP/1.1" 200 24529 "-" "MQQBrowser/26 Mozilla/5.0 (Linux; U; Android 4.4.2; zh-cn; MB200 Build/GRJ22; CyanogenMod-7) AppleWebKit/533.1 (KHTML, like Gecko) Version/4.0 Mobile Safari/533.1 (compatible; Sogou web spider/4.0; +http://www.sogou.com/docs/help/webmasters.htm#07)"
180.101.204.146 - - [25/Jan/2026:04:11:10 +0800] "GET /api/latest-version?platform=3 HTTP/1.1" 200 167 "https://www.shudaxia.com/" "MQQBrowser/26 Mozilla/5.0 (Linux; U; Android 4.4.2; zh-cn; MB200 Build/GRJ22; CyanogenMod-7) AppleWebKit/533.1 (KHTML, like Gecko) Version/4.0 Mobile Safari/533.1 (compatible; Sogou web spider/4.0; +http://www.sogou.com/docs/help/webmasters.htm#07)"
180.101.204.204 - - [25/Jan/2026:04:11:10 +0800] "GET /api/latest-version?platform=2 HTTP/1.1" 200 152 "https://www.shudaxia.com/" "MQQBrowser/26 Mozilla/5.0 (Linux; U; Android 4.4.2; zh-cn; MB200 Build/GRJ22; CyanogenMod-7) AppleWebKit/533.1 (KHTML, like Gecko) Version/4.0 Mobile Safari/533.1 (compatible; Sogou web spider/4.0; +http://www.sogou.com/docs/help/webmasters.htm#07)"
180.101.204.206 - - [25/Jan/2026:04:11:10 +0800] "GET /api/auth/session HTTP/1.1" 200 35 "https://www.shudaxia.com/" "MQQBrowser/26 Mozilla/5.0 (Linux; U; Android 4.4.2; zh-cn; MB200 Build/GRJ22; CyanogenMod-7) AppleWebKit/533.1 (KHTML, like Gecko) Version/4.0 Mobile Safari/533.1 (compatible; Sogou web spider/4.0; +http://www.sogou.com/docs/help/webmasters.htm#07)"
180.101.204.146 - - [25/Jan/2026:04:11:10 +0800] "GET /api/latest-version?platform=3 HTTP/1.1" 200 167 "https://www.shudaxia.com/" "MQQBrowser/26 Mozilla/5.0 (Linux; U; Android 4.4.2; zh-cn; MB200 Build/GRJ22; CyanogenMod-7) AppleWebKit/533.1 (KHTML, like Gecko) Version/4.0 Mobile Safari/533.1 (compatible; Sogou web spider/4.0; +http://www.sogou.com/docs/help/webmasters.htm#07)"
180.101.204.131 - - [25/Jan/2026:04:11:10 +0800] "GET /api/footer-links HTTP/1.1" 200 535 "https://www.shudaxia.com/" "MQQBrowser/26 Mozilla/5.0 (Linux; U; Android 4.4.2; zh-cn; MB200 Build/GRJ22; CyanogenMod-7) AppleWebKit/533.1 (KHTML, like Gecko) Version/4.0 Mobile Safari/533.1 (compatible; Sogou web spider/4.0; +http://www.sogou.com/docs/help/webmasters.htm#07)"
180.101.204.204 - - [25/Jan/2026:04:11:10 +0800] "GET /api/latest-version?platform=2 HTTP/1.1" 200 152 "https://www.shudaxia.com/" "MQQBrowser/26 Mozilla/5.0 (Linux; U; Android 4.4.2; zh-cn; MB200 Build/GRJ22; CyanogenMod-7) AppleWebKit/533.1 (KHTML, like Gecko) Version/4.0 Mobile Safari/533.1 (compatible; Sogou web spider/4.0; +http://www.sogou.com/docs/help/webmasters.htm#07)"
180.101.204.204 - - [25/Jan/2026:04:11:10 +0800] "GET /api/latest-version?platform=2 HTTP/1.1" 200 152 "https://www.shudaxia.com/" "MQQBrowser/26 Mozilla/5.0 (Linux; U; Android 4.4.2; zh-cn; MB200 Build/GRJ22; CyanogenMod-7) AppleWebKit/533.1 (KHTML, like Gecko) Version/4.0 Mobile Safari/533.1 (compatible; Sogou web spider/4.0; +http://www.sogou.com/docs/help/webmasters.htm#07)"
180.101.204.146 - - [25/Jan/2026:04:11:10 +0800] "GET /api/latest-version?platform=3 HTTP/1.1" 200 167 "https://www.shudaxia.com/" "MQQBrowser/26 Mozilla/5.0 (Linux; U; Android 4.4.2; zh-cn; MB200 Build/GRJ22; CyanogenMod-7) AppleWebKit/533.1 (KHTML, like Gecko) Version/4.0 Mobile Safari/533.1 (compatible; Sogou web spider/4.0; +http://www.sogou.com/docs/help/webmasters.htm#07)"
180.101.204.146 - - [25/Jan/2026:04:11:10 +0800] "GET /api/latest-version?platform=3 HTTP/1.1" 200 167 "https://www.shudaxia.com/" "MQQBrowser/26 Mozilla/5.0 (Linux; U; Android 4.4.2; zh-cn; MB200 Build/GRJ22; CyanogenMod-7) AppleWebKit/533.1 (KHTML, like Gecko) Version/4.0 Mobile Safari/533.1 (compatible; Sogou web spider/4.0; +http://www.sogou.com/docs/help/webmasters.htm#07)"
180.101.204.204 - - [25/Jan/2026:04:11:10 +0800] "GET /api/latest-version?platform=2 HTTP/1.1" 200 152 "https://www.shudaxia.com/" "MQQBrowser/26 Mozilla/5.0 (Linux; U; Android 4.4.2; zh-cn; MB200 Build/GRJ22; CyanogenMod-7) AppleWebKit/533.1 (KHTML, like Gecko) Version/4.0 Mobile Safari/533.1 (compatible; Sogou web spider/4.0; +http://www.sogou.com/docs/help/webmasters.htm#07)"
180.101.204.146 - - [25/Jan/2026:04:11:10 +0800] "GET /api/latest-version?platform=3 HTTP/1.1" 200 167 "https://www.shudaxia.com/" "MQQBrowser/26 Mozilla/5.0 (Linux; U; Android 4.4.2; zh-cn; MB200 Build/GRJ22; CyanogenMod-7) AppleWebKit/533.1 (KHTML, like Gecko) Version/4.0 Mobile Safari/533.1 (compatible; Sogou web spider/4.0; +http://www.sogou.com/docs/help/webmasters.htm#07)"
180.101.204.206 - - [25/Jan/2026:04:11:10 +0800] "GET /api/auth/session HTTP/1.1" 200 35 "https://www.shudaxia.com/" "MQQBrowser/26 Mozilla/5.0 (Linux; U; Android 4.4.2; zh-cn; MB200 Build/GRJ22; CyanogenMod-7) AppleWebKit/533.1 (KHTML, like Gecko) Version/4.0 Mobile Safari/533.1 (compatible; Sogou web spider/4.0; +http://www.sogou.com/docs/help/webmasters.htm#07)"
111.6.230.215 - - [25/Jan/2026:04:15:16 +0800] "GET / HTTP/1.1" 200 24587 "-" "Mozilla/5.0 (compatible; Bytespider; https://zhanzhang.toutiao.com/) AppleWebKit/537.36 (KHTML, like Gecko) Chrome/70.0.0.0 Safari/537.36"
111.6.230.203 - - [25/Jan/2026:04:15:17 +0800] "GET /api/latest-version?platform=3 HTTP/1.1" 200 167 "https://www.shudaxia.com/" "Mozilla/5.0 (compatible; Bytespider; https://zhanzhang.toutiao.com/) AppleWebKit/537.36 (KHTML, like Gecko) Chrome/70.0.0.0 Safari/537.36"
111.6.230.203 - - [25/Jan/2026:04:15:17 +0800] "GET /api/auth/session HTTP/1.1" 200 35 "https://www.shudaxia.com/" "Mozilla/5.0 (compatible; Bytespider; https://zhanzhang.toutiao.com/) AppleWebKit/537.36 (KHTML, like Gecko) Chrome/70.0.0.0 Safari/537.36"
111.6.230.164 - - [25/Jan/2026:04:15:17 +0800] "GET /api/latest-version?platform=2 HTTP/1.1" 200 152 "https://www.shudaxia.com/" "Mozilla/5.0 (compatible; Bytespider; https://zhanzhang.toutiao.com/) AppleWebKit/537.36 (KHTML, like Gecko) Chrome/70.0.0.0 Safari/537.36"
111.6.230.165 - - [25/Jan/2026:04:15:17 +0800] "GET /api/footer-links HTTP/1.1" 200 535 "https://www.shudaxia.com/" "Mozilla/5.0 (compatible; Bytespider; https://zhanzhang.toutiao.com/) AppleWebKit/537.36 (KHTML, like Gecko) Chrome/70.0.0.0 Safari/537.36"
111.6.230.219 - - [25/Jan/2026:04:15:17 +0800] "GET /mobile?_rsc=qax64 HTTP/1.1" 308 22 "https://www.shudaxia.com/" "Mozilla/5.0 (compatible; Bytespider; https://zhanzhang.toutiao.com/) AppleWebKit/537.36 (KHTML, like Gecko) Chrome/70.0.0.0 Safari/537.36"
111.6.230.203 - - [25/Jan/2026:04:15:17 +0800] "GET /api/latest-version?platform=3 HTTP/1.1" 200 167 "https://www.shudaxia.com/" "Mozilla/5.0 (compatible; Bytespider; https://zhanzhang.toutiao.com/) AppleWebKit/537.36 (KHTML, like Gecko) Chrome/70.0.0.0 Safari/537.36"
111.6.230.165 - - [25/Jan/2026:04:15:17 +0800] "GET /mouse-keyboard-test?_rsc=qax64 HTTP/1.1" 308 36 "https://www.shudaxia.com/" "Mozilla/5.0 (compatible; Bytespider; https://zhanzhang.toutiao.com/) AppleWebKit/537.36 (KHTML, like Gecko) Chrome/70.0.0.0 Safari/537.36"
111.6.230.164 - - [25/Jan/2026:04:15:17 +0800] "GET /api/latest-version?platform=2 HTTP/1.1" 200 152 "https://www.shudaxia.com/" "Mozilla/5.0 (compatible; Bytespider; https://zhanzhang.toutiao.com/) AppleWebKit/537.36 (KHTML, like Gecko) Chrome/70.0.0.0 Safari/537.36"
111.6.230.224 - - [25/Jan/2026:04:15:17 +0800] "GET /cpstest?_rsc=qax64 HTTP/1.1" 308 23 "https://www.shudaxia.com/" "Mozilla/5.0 (compatible; Bytespider; https://zhanzhang.toutiao.com/) AppleWebKit/537.36 (KHTML, like Gecko) Chrome/70.0.0.0 Safari/537.36"
111.6.230.203 - - [25/Jan/2026:04:15:17 +0800] "GET /api/latest-version?platform=3 HTTP/1.1" 200 167 "https://www.shudaxia.com/" "Mozilla/5.0 (compatible; Bytespider; https://zhanzhang.toutiao.com/) AppleWebKit/537.36 (KHTML, like Gecko) Chrome/70.0.0.0 Safari/537.36"
111.6.230.164 - - [25/Jan/2026:04:15:17 +0800] "GET /api/latest-version?platform=2 HTTP/1.1" 200 152 "https://www.shudaxia.com/" "Mozilla/5.0 (compatible; Bytespider; https://zhanzhang.toutiao.com/) AppleWebKit/537.36 (KHTML, like Gecko) Chrome/70.0.0.0 Safari/537.36"
111.6.230.183 - - [25/Jan/2026:04:15:17 +0800] "GET /video?_rsc=qax64 HTTP/1.1" 308 21 "https://www.shudaxia.com/" "Mozilla/5.0 (compatible; Bytespider; https://zhanzhang.toutiao.com/) AppleWebKit/537.36 (KHTML, like Gecko) Chrome/70.0.0.0 Safari/537.36"
111.6.230.158 - - [25/Jan/2026:04:15:17 +0800] "GET /doc/p1?_rsc=qax64 HTTP/1.1" 308 22 "https://www.shudaxia.com/" "Mozilla/5.0 (compatible; Bytespider; https://zhanzhang.toutiao.com/) AppleWebKit/537.36 (KHTML, like Gecko) Chrome/70.0.0.0 Safari/537.36"
111.6.230.203 - - [25/Jan/2026:04:15:17 +0800] "GET /api/auth/session HTTP/1.1" 200 35 "https://www.shudaxia.com/" "Mozilla/5.0 (compatible; Bytespider; https://zhanzhang.toutiao.com/) AppleWebKit/537.36 (KHTML, like Gecko) Chrome/70.0.0.0 Safari/537.36"
111.6.230.203 - - [25/Jan/2026:04:15:17 +0800] "GET /api/latest-version?platform=3 HTTP/1.1" 200 167 "https://www.shudaxia.com/" "Mozilla/5.0 (compatible; Bytespider; https://zhanzhang.toutiao.com/) AppleWebKit/537.36 (KHTML, like Gecko) Chrome/70.0.0.0 Safari/537.36"
111.6.230.164 - - [25/Jan/2026:04:15:17 +0800] "GET /api/latest-version?platform=2 HTTP/1.1" 200 152 "https://www.shudaxia.com/" "Mozilla/5.0 (compatible; Bytespider; https://zhanzhang.toutiao.com/) AppleWebKit/537.36 (KHTML, like Gecko) Chrome/70.0.0.0 Safari/537.36"
111.6.230.203 - - [25/Jan/2026:04:15:17 +0800] "GET /api/latest-version?platform=3 HTTP/1.1" 200 167 "https://www.shudaxia.com/" "Mozilla/5.0 (compatible; Bytespider; https://zhanzhang.toutiao.com/) AppleWebKit/537.36 (KHTML, like Gecko) Chrome/70.0.0.0 Safari/537.36"
111.6.230.190 - - [25/Jan/2026:04:15:17 +0800] "GET /mouse-click-train?_rsc=qax64 HTTP/1.1" 308 34 "https://www.shudaxia.com/" "Mozilla/5.0 (compatible; Bytespider; https://zhanzhang.toutiao.com/) AppleWebKit/537.36 (KHTML, like Gecko) Chrome/70.0.0.0 Safari/537.36"
111.6.230.192 - - [25/Jan/2026:04:15:17 +0800] "GET /scriptdiy?_rsc=qax64 HTTP/1.1" 308 25 "https://www.shudaxia.com/" "Mozilla/5.0 (compatible; Bytespider; https://zhanzhang.toutiao.com/) AppleWebKit/537.36 (KHTML, like Gecko) Chrome/70.0.0.0 Safari/537.36"
111.6.230.213 - - [25/Jan/2026:04:15:17 +0800] "GET /doc/p1.html HTTP/1.1" 200 163 "https://www.shudaxia.com/" "Mozilla/5.0 (compatible; Bytespider; https://zhanzhang.toutiao.com/) AppleWebKit/537.36 (KHTML, like Gecko) Chrome/70.0.0.0 Safari/537.36"
111.6.230.163 - - [25/Jan/2026:04:15:17 +0800] "GET /feedback?_rsc=qax64 HTTP/1.1" 308 24 "https://www.shudaxia.com/" "Mozilla/5.0 (compatible; Bytespider; https://zhanzhang.toutiao.com/) AppleWebKit/537.36 (KHTML, like Gecko) Chrome/70.0.0.0 Safari/537.36"
111.6.230.215 - - [25/Jan/2026:04:15:50 +0800] "GET / HTTP/1.1" 200 24612 "-" "Mozilla/5.0 (Linux; Android 5.0) AppleWebKit/537.36 (KHTML, like Gecko) Mobile Safari/537.36 (compatible; Bytespider; https://zhanzhang.toutiao.com/)"
111.6.230.203 - - [25/Jan/2026:04:15:51 +0800] "GET /api/latest-version?platform=3 HTTP/1.1" 200 167 "https://www.shudaxia.com/" "Mozilla/5.0 (Linux; Android 5.0) AppleWebKit/537.36 (KHTML, like Gecko) Mobile Safari/537.36 (compatible; Bytespider; https://zhanzhang.toutiao.com/)"
111.6.230.164 - - [25/Jan/2026:04:15:51 +0800] "GET /api/latest-version?platform=2 HTTP/1.1" 200 152 "https://www.shudaxia.com/" "Mozilla/5.0 (Linux; Android 5.0) AppleWebKit/537.36 (KHTML, like Gecko) Mobile Safari/537.36 (compatible; Bytespider; https://zhanzhang.toutiao.com/)"
111.6.230.203 - - [25/Jan/2026:04:15:51 +0800] "GET /api/latest-version?platform=3 HTTP/1.1" 200 167 "https://www.shudaxia.com/" "Mozilla/5.0 (Linux; Android 5.0) AppleWebKit/537.36 (KHTML, like Gecko) Mobile Safari/537.36 (compatible; Bytespider; https://zhanzhang.toutiao.com/)"
111.6.230.165 - - [25/Jan/2026:04:15:51 +0800] "GET /api/footer-links HTTP/1.1" 200 535 "https://www.shudaxia.com/" "Mozilla/5.0 (Linux; Android 5.0) AppleWebKit/537.36 (KHTML, like Gecko) Mobile Safari/537.36 (compatible; Bytespider; https://zhanzhang.toutiao.com/)"
111.6.230.203 - - [25/Jan/2026:04:15:51 +0800] "GET /api/latest-version?platform=3 HTTP/1.1" 200 167 "https://www.shudaxia.com/" "Mozilla/5.0 (Linux; Android 5.0) AppleWebKit/537.36 (KHTML, like Gecko) Mobile Safari/537.36 (compatible; Bytespider; https://zhanzhang.toutiao.com/)"
111.6.230.164 - - [25/Jan/2026:04:15:51 +0800] "GET /api/latest-version?platform=2 HTTP/1.1" 200 152 "https://www.shudaxia.com/" "Mozilla/5.0 (Linux; Android 5.0) AppleWebKit/537.36 (KHTML, like Gecko) Mobile Safari/537.36 (compatible; Bytespider; https://zhanzhang.toutiao.com/)"
111.6.230.203 - - [25/Jan/2026:04:15:51 +0800] "GET /api/auth/session HTTP/1.1" 200 35 "https://www.shudaxia.com/" "Mozilla/5.0 (Linux; Android 5.0) AppleWebKit/537.36 (KHTML, like Gecko) Mobile Safari/537.36 (compatible; Bytespider; https://zhanzhang.toutiao.com/)"
111.6.230.203 - - [25/Jan/2026:04:15:51 +0800] "GET /api/latest-version?platform=3 HTTP/1.1" 200 167 "https://www.shudaxia.com/" "Mozilla/5.0 (Linux; Android 5.0) AppleWebKit/537.36 (KHTML, like Gecko) Mobile Safari/537.36 (compatible; Bytespider; https://zhanzhang.toutiao.com/)"
111.6.230.164 - - [25/Jan/2026:04:15:51 +0800] "GET /api/latest-version?platform=2 HTTP/1.1" 200 152 "https://www.shudaxia.com/" "Mozilla/5.0 (Linux; Android 5.0) AppleWebKit/537.36 (KHTML, like Gecko) Mobile Safari/537.36 (compatible; Bytespider; https://zhanzhang.toutiao.com/)"
111.6.230.203 - - [25/Jan/2026:04:15:51 +0800] "GET /api/latest-version?platform=3 HTTP/1.1" 200 167 "https://www.shudaxia.com/" "Mozilla/5.0 (Linux; Android 5.0) AppleWebKit/537.36 (KHTML, like Gecko) Mobile Safari/537.36 (compatible; Bytespider; https://zhanzhang.toutiao.com/)"
111.6.230.164 - - [25/Jan/2026:04:15:51 +0800] "GET /api/latest-version?platform=2 HTTP/1.1" 200 152 "https://www.shudaxia.com/" "Mozilla/5.0 (Linux; Android 5.0) AppleWebKit/537.36 (KHTML, like Gecko) Mobile Safari/537.36 (compatible; Bytespider; https://zhanzhang.toutiao.com/)"
111.6.230.203 - - [25/Jan/2026:04:15:51 +0800] "GET /api/auth/session HTTP/1.1" 200 35 "https://www.shudaxia.com/" "Mozilla/5.0 (Linux; Android 5.0) AppleWebKit/537.36 (KHTML, like Gecko) Mobile Safari/537.36 (compatible; Bytespider; https://zhanzhang.toutiao.com/)"
111.6.230.215 - - [25/Jan/2026:04:33:33 +0800] "GET / HTTP/1.1" 200 24569 "-" "Mozilla/5.0 (compatible; Bytespider; https://zhanzhang.toutiao.com/) AppleWebKit/537.36 (KHTML, like Gecko) Chrome/70.0.0.0 Safari/537.36"
111.6.230.203 - - [25/Jan/2026:04:33:34 +0800] "GET /api/latest-version?platform=3 HTTP/1.1" 200 167 "https://www.shudaxia.com/" "Mozilla/5.0 (compatible; Bytespider; https://zhanzhang.toutiao.com/) AppleWebKit/537.36 (KHTML, like Gecko) Chrome/70.0.0.0 Safari/537.36"
111.6.230.164 - - [25/Jan/2026:04:33:34 +0800] "GET /api/latest-version?platform=2 HTTP/1.1" 200 152 "https://www.shudaxia.com/" "Mozilla/5.0 (compatible; Bytespider; https://zhanzhang.toutiao.com/) AppleWebKit/537.36 (KHTML, like Gecko) Chrome/70.0.0.0 Safari/537.36"
111.6.230.203 - - [25/Jan/2026:04:33:34 +0800] "GET /api/auth/session HTTP/1.1" 200 35 "https://www.shudaxia.com/" "Mozilla/5.0 (compatible; Bytespider; https://zhanzhang.toutiao.com/) AppleWebKit/537.36 (KHTML, like Gecko) Chrome/70.0.0.0 Safari/537.36"
111.6.230.203 - - [25/Jan/2026:04:33:34 +0800] "GET /api/latest-version?platform=3 HTTP/1.1" 200 167 "https://www.shudaxia.com/" "Mozilla/5.0 (compatible; Bytespider; https://zhanzhang.toutiao.com/) AppleWebKit/537.36 (KHTML, like Gecko) Chrome/70.0.0.0 Safari/537.36"
111.6.230.164 - - [25/Jan/2026:04:33:34 +0800] "GET /api/latest-version?platform=2 HTTP/1.1" 200 152 "https://www.shudaxia.com/" "Mozilla/5.0 (compatible; Bytespider; https://zhanzhang.toutiao.com/) AppleWebKit/537.36 (KHTML, like Gecko) Chrome/70.0.0.0 Safari/537.36"
111.6.230.165 - - [25/Jan/2026:04:33:34 +0800] "GET /api/footer-links HTTP/1.1" 200 535 "https://www.shudaxia.com/" "Mozilla/5.0 (compatible; Bytespider; https://zhanzhang.toutiao.com/) AppleWebKit/537.36 (KHTML, like Gecko) Chrome/70.0.0.0 Safari/537.36"
111.6.230.203 - - [25/Jan/2026:04:33:34 +0800] "GET /api/latest-version?platform=3 HTTP/1.1" 200 167 "https://www.shudaxia.com/" "Mozilla/5.0 (compatible; Bytespider; https://zhanzhang.toutiao.com/) AppleWebKit/537.36 (KHTML, like Gecko) Chrome/70.0.0.0 Safari/537.36"
111.6.230.164 - - [25/Jan/2026:04:33:34 +0800] "GET /api/latest-version?platform=2 HTTP/1.1" 200 152 "https://www.shudaxia.com/" "Mozilla/5.0 (compatible; Bytespider; https://zhanzhang.toutiao.com/) AppleWebKit/537.36 (KHTML, like Gecko) Chrome/70.0.0.0 Safari/537.36"
111.6.230.203 - - [25/Jan/2026:04:33:34 +0800] "GET /api/latest-version?platform=3 HTTP/1.1" 200 167 "https://www.shudaxia.com/" "Mozilla/5.0 (compatible; Bytespider; https://zhanzhang.toutiao.com/) AppleWebKit/537.36 (KHTML, like Gecko) Chrome/70.0.0.0 Safari/537.36"
111.6.230.219 - - [25/Jan/2026:04:33:34 +0800] "GET /mobile?_rsc=qax64 HTTP/1.1" 308 22 "https://www.shudaxia.com/" "Mozilla/5.0 (compatible; Bytespider; https://zhanzhang.toutiao.com/) AppleWebKit/537.36 (KHTML, like Gecko) Chrome/70.0.0.0 Safari/537.36"
111.6.230.224 - - [25/Jan/2026:04:33:34 +0800] "GET /cpstest?_rsc=qax64 HTTP/1.1" 308 23 "https://www.shudaxia.com/" "Mozilla/5.0 (compatible; Bytespider; https://zhanzhang.toutiao.com/) AppleWebKit/537.36 (KHTML, like Gecko) Chrome/70.0.0.0 Safari/537.36"
111.6.230.164 - - [25/Jan/2026:04:33:34 +0800] "GET /api/latest-version?platform=2 HTTP/1.1" 200 152 "https://www.shudaxia.com/" "Mozilla/5.0 (compatible; Bytespider; https://zhanzhang.toutiao.com/) AppleWebKit/537.36 (KHTML, like Gecko) Chrome/70.0.0.0 Safari/537.36"
111.6.230.158 - - [25/Jan/2026:04:33:34 +0800] "GET /doc/p1?_rsc=qax64 HTTP/1.1" 308 22 "https://www.shudaxia.com/" "Mozilla/5.0 (compatible; Bytespider; https://zhanzhang.toutiao.com/) AppleWebKit/537.36 (KHTML, like Gecko) Chrome/70.0.0.0 Safari/537.36"
111.6.230.183 - - [25/Jan/2026:04:33:34 +0800] "GET /video?_rsc=qax64 HTTP/1.1" 308 21 "https://www.shudaxia.com/" "Mozilla/5.0 (compatible; Bytespider; https://zhanzhang.toutiao.com/) AppleWebKit/537.36 (KHTML, like Gecko) Chrome/70.0.0.0 Safari/537.36"
111.6.230.165 - - [25/Jan/2026:04:33:34 +0800] "GET /mouse-keyboard-test?_rsc=qax64 HTTP/1.1" 308 36 "https://www.shudaxia.com/" "Mozilla/5.0 (compatible; Bytespider; https://zhanzhang.toutiao.com/) AppleWebKit/537.36 (KHTML, like Gecko) Chrome/70.0.0.0 Safari/537.36"
111.6.230.203 - - [25/Jan/2026:04:33:34 +0800] "GET /api/auth/session HTTP/1.1" 200 35 "https://www.shudaxia.com/" "Mozilla/5.0 (compatible; Bytespider; https://zhanzhang.toutiao.com/) AppleWebKit/537.36 (KHTML, like Gecko) Chrome/70.0.0.0 Safari/537.36"
111.6.230.203 - - [25/Jan/2026:04:33:34 +0800] "GET /api/latest-version?platform=3 HTTP/1.1" 200 167 "https://www.shudaxia.com/" "Mozilla/5.0 (compatible; Bytespider; https://zhanzhang.toutiao.com/) AppleWebKit/537.36 (KHTML, like Gecko) Chrome/70.0.0.0 Safari/537.36"
111.6.230.213 - - [25/Jan/2026:04:33:34 +0800] "GET /doc/p1.html HTTP/1.1" 200 168 "https://www.shudaxia.com/" "Mozilla/5.0 (compatible; Bytespider; https://zhanzhang.toutiao.com/) AppleWebKit/537.36 (KHTML, like Gecko) Chrome/70.0.0.0 Safari/537.36"
111.6.230.190 - - [25/Jan/2026:04:33:34 +0800] "GET /mouse-click-train?_rsc=qax64 HTTP/1.1" 308 34 "https://www.shudaxia.com/" "Mozilla/5.0 (compatible; Bytespider; https://zhanzhang.toutiao.com/) AppleWebKit/537.36 (KHTML, like Gecko) Chrome/70.0.0.0 Safari/537.36"
111.6.230.163 - - [25/Jan/2026:04:33:34 +0800] "GET /feedback?_rsc=qax64 HTTP/1.1" 308 24 "https://www.shudaxia.com/" "Mozilla/5.0 (compatible; Bytespider; https://zhanzhang.toutiao.com/) AppleWebKit/537.36 (KHTML, like Gecko) Chrome/70.0.0.0 Safari/537.36"
111.6.230.192 - - [25/Jan/2026:04:33:34 +0800] "GET /scriptdiy?_rsc=qax64 HTTP/1.1" 308 25 "https://www.shudaxia.com/" "Mozilla/5.0 (compatible; Bytespider; https://zhanzhang.toutiao.com/) AppleWebKit/537.36 (KHTML, like Gecko) Chrome/70.0.0.0 Safari/537.36"
111.6.230.157 - - [25/Jan/2026:04:33:56 +0800] "GET / HTTP/1.1" 200 24336 "-" "Mozilla/5.0 (compatible; Baiduspider/2.0; +http://www.baidu.com/search/spider.html)"
111.6.230.203 - - [25/Jan/2026:04:33:58 +0800] "GET /api/latest-version?platform=3 HTTP/1.1" 200 167 "https://www.shudaxia.com/" "Mozilla/5.0 (compatible; Baiduspider-render/2.0; +http://www.baidu.com/search/spider.html)"
111.6.230.203 - - [25/Jan/2026:04:33:58 +0800] "GET /api/auth/session HTTP/1.1" 200 35 "https://www.shudaxia.com/" "Mozilla/5.0 (compatible; Baiduspider-render/2.0; +http://www.baidu.com/search/spider.html)"
111.6.230.165 - - [25/Jan/2026:04:33:58 +0800] "GET /api/footer-links HTTP/1.1" 200 535 "https://www.shudaxia.com/" "Mozilla/5.0 (compatible; Baiduspider-render/2.0; +http://www.baidu.com/search/spider.html)"
111.6.230.203 - - [25/Jan/2026:04:33:58 +0800] "GET /api/latest-version?platform=3 HTTP/1.1" 200 167 "https://www.shudaxia.com/" "Mozilla/5.0 (compatible; Baiduspider-render/2.0; +http://www.baidu.com/search/spider.html)"
111.6.230.203 - - [25/Jan/2026:04:33:58 +0800] "GET /api/latest-version?platform=3 HTTP/1.1" 200 167 "https://www.shudaxia.com/" "Mozilla/5.0 (compatible; Baiduspider-render/2.0; +http://www.baidu.com/search/spider.html)"
111.6.230.203 - - [25/Jan/2026:04:33:58 +0800] "GET /api/latest-version?platform=3 HTTP/1.1" 200 167 "https://www.shudaxia.com/" "Mozilla/5.0 (compatible; Baiduspider-render/2.0; +http://www.baidu.com/search/spider.html)"
111.6.230.164 - - [25/Jan/2026:04:33:58 +0800] "GET /api/latest-version?platform=2 HTTP/1.1" 200 152 "https://www.shudaxia.com/" "Mozilla/5.0 (compatible; Baiduspider-render/2.0; +http://www.baidu.com/search/spider.html)"
111.6.230.203 - - [25/Jan/2026:04:33:58 +0800] "GET /api/auth/session HTTP/1.1" 200 35 "https://www.shudaxia.com/" "Mozilla/5.0 (compatible; Baiduspider-render/2.0; +http://www.baidu.com/search/spider.html)"
111.6.230.164 - - [25/Jan/2026:04:33:58 +0800] "GET /api/latest-version?platform=2 HTTP/1.1" 200 152 "https://www.shudaxia.com/" "Mozilla/5.0 (compatible; Baiduspider-render/2.0; +http://www.baidu.com/search/spider.html)"
111.6.230.164 - - [25/Jan/2026:04:33:58 +0800] "GET /api/latest-version?platform=2 HTTP/1.1" 200 152 "https://www.shudaxia.com/" "Mozilla/5.0 (compatible; Baiduspider-render/2.0; +http://www.baidu.com/search/spider.html)"
111.6.230.164 - - [25/Jan/2026:04:33:58 +0800] "GET /api/latest-version?platform=2 HTTP/1.1" 200 152 "https://www.shudaxia.com/" "Mozilla/5.0 (compatible; Baiduspider-render/2.0; +http://www.baidu.com/search/spider.html)"
111.6.230.203 - - [25/Jan/2026:04:33:58 +0800] "GET /api/latest-version?platform=3 HTTP/1.1" 200 167 "https://www.shudaxia.com/" "Mozilla/5.0 (compatible; Baiduspider-render/2.0; +http://www.baidu.com/search/spider.html)"
180.97.210.218 - - [25/Jan/2026:04:35:01 +0800] "GET /faq/zhaotu.html HTTP/1.1" 200 18117 "-" "Sogou web spider/4.0(+http://www.sogou.com/docs/help/webmasters.htm#07)"
111.6.230.173 - - [25/Jan/2026:04:38:46 +0800] "GET /news/shu-biao-zi-dong-dian-ji-qi-guan-fang-xia-zai-di-zhi.html HTTP/1.1" 200 14766 "-" "Mozilla/5.0 (Linux; Android 5.0) AppleWebKit/537.36 (KHTML, like Gecko) Mobile Safari/537.36 (compatible; Bytespider; https://zhanzhang.toutiao.com/)"
111.6.230.164 - - [25/Jan/2026:04:38:47 +0800] "GET /api/latest-version?platform=2 HTTP/1.1" 200 152 "https://www.shudaxia.com/news/shu-biao-zi-dong-dian-ji-qi-guan-fang-xia-zai-di-zhi.html" "Mozilla/5.0 (Linux; Android 5.0) AppleWebKit/537.36 (KHTML, like Gecko) Mobile Safari/537.36 (compatible; Bytespider; https://zhanzhang.toutiao.com/)"
111.6.230.203 - - [25/Jan/2026:04:38:47 +0800] "GET /api/latest-version?platform=3 HTTP/1.1" 200 167 "https://www.shudaxia.com/news/shu-biao-zi-dong-dian-ji-qi-guan-fang-xia-zai-di-zhi.html" "Mozilla/5.0 (Linux; Android 5.0) AppleWebKit/537.36 (KHTML, like Gecko) Mobile Safari/537.36 (compatible; Bytespider; https://zhanzhang.toutiao.com/)"
111.6.230.165 - - [25/Jan/2026:04:38:47 +0800] "GET /api/footer-links HTTP/1.1" 200 535 "https://www.shudaxia.com/news/shu-biao-zi-dong-dian-ji-qi-guan-fang-xia-zai-di-zhi.html" "Mozilla/5.0 (Linux; Android 5.0) AppleWebKit/537.36 (KHTML, like Gecko) Mobile Safari/537.36 (compatible; Bytespider; https://zhanzhang.toutiao.com/)"
111.6.230.204 - - [25/Jan/2026:04:38:47 +0800] "POST /api/articles/22/view HTTP/1.1" 200 1374 "https://www.shudaxia.com/news/shu-biao-zi-dong-dian-ji-qi-guan-fang-xia-zai-di-zhi.html" "Mozilla/5.0 (Linux; Android 5.0) AppleWebKit/537.36 (KHTML, like Gecko) Mobile Safari/537.36 (compatible; Bytespider; https://zhanzhang.toutiao.com/)"
111.6.230.203 - - [25/Jan/2026:04:38:47 +0800] "GET /api/latest-version?platform=3 HTTP/1.1" 200 167 "https://www.shudaxia.com/news/shu-biao-zi-dong-dian-ji-qi-guan-fang-xia-zai-di-zhi.html" "Mozilla/5.0 (Linux; Android 5.0) AppleWebKit/537.36 (KHTML, like Gecko) Mobile Safari/537.36 (compatible; Bytespider; https://zhanzhang.toutiao.com/)"
111.6.230.203 - - [25/Jan/2026:04:38:47 +0800] "GET /api/auth/session HTTP/1.1" 200 35 "https://www.shudaxia.com/news/shu-biao-zi-dong-dian-ji-qi-guan-fang-xia-zai-di-zhi.html" "Mozilla/5.0 (Linux; Android 5.0) AppleWebKit/537.36 (KHTML, like Gecko) Mobile Safari/537.36 (compatible; Bytespider; https://zhanzhang.toutiao.com/)"
111.6.230.230 - - [25/Jan/2026:04:38:47 +0800] "GET /doc/p1?_rsc=17hk7 HTTP/1.1" 308 22 "https://www.shudaxia.com/news/shu-biao-zi-dong-dian-ji-qi-guan-fang-xia-zai-di-zhi.html" "Mozilla/5.0 (Linux; Android 5.0) AppleWebKit/537.36 (KHTML, like Gecko) Mobile Safari/537.36 (compatible; Bytespider; https://zhanzhang.toutiao.com/)"
111.6.230.164 - - [25/Jan/2026:04:38:47 +0800] "GET /api/latest-version?platform=2 HTTP/1.1" 200 152 "https://www.shudaxia.com/news/shu-biao-zi-dong-dian-ji-qi-guan-fang-xia-zai-di-zhi.html" "Mozilla/5.0 (Linux; Android 5.0) AppleWebKit/537.36 (KHTML, like Gecko) Mobile Safari/537.36 (compatible; Bytespider; https://zhanzhang.toutiao.com/)"
111.6.230.149 - - [25/Jan/2026:04:38:47 +0800] "GET /news?_rsc=17hk7 HTTP/1.1" 308 20 "https://www.shudaxia.com/news/shu-biao-zi-dong-dian-ji-qi-guan-fang-xia-zai-di-zhi.html" "Mozilla/5.0 (Linux; Android 5.0) AppleWebKit/537.36 (KHTML, like Gecko) Mobile Safari/537.36 (compatible; Bytespider; https://zhanzhang.toutiao.com/)"
111.6.230.181 - - [25/Jan/2026:04:38:47 +0800] "GET /?_rsc=17hk7 HTTP/1.1" 200 144 "https://www.shudaxia.com/news/shu-biao-zi-dong-dian-ji-qi-guan-fang-xia-zai-di-zhi.html" "Mozilla/5.0 (Linux; Android 5.0) AppleWebKit/537.36 (KHTML, like Gecko) Mobile Safari/537.36 (compatible; Bytespider; https://zhanzhang.toutiao.com/)"
111.6.230.230 - - [25/Jan/2026:04:38:47 +0800] "GET /news/p1?_rsc=17hk7 HTTP/1.1" 308 23 "https://www.shudaxia.com/news/shu-biao-zi-dong-dian-ji-qi-guan-fang-xia-zai-di-zhi.html" "Mozilla/5.0 (Linux; Android 5.0) AppleWebKit/537.36 (KHTML, like Gecko) Mobile Safari/537.36 (compatible; Bytespider; https://zhanzhang.toutiao.com/)"
111.6.230.212 - - [25/Jan/2026:04:38:47 +0800] "GET /faq/p1?_rsc=17hk7 HTTP/1.1" 308 22 "https://www.shudaxia.com/news/shu-biao-zi-dong-dian-ji-qi-guan-fang-xia-zai-di-zhi.html" "Mozilla/5.0 (Linux; Android 5.0) AppleWebKit/537.36 (KHTML, like Gecko) Mobile Safari/537.36 (compatible; Bytespider; https://zhanzhang.toutiao.com/)"
111.6.230.203 - - [25/Jan/2026:04:38:47 +0800] "GET /api/auth/session HTTP/1.1" 200 35 "https://www.shudaxia.com/news/shu-biao-zi-dong-dian-ji-qi-guan-fang-xia-zai-di-zhi.html" "Mozilla/5.0 (Linux; Android 5.0) AppleWebKit/537.36 (KHTML, like Gecko) Mobile Safari/537.36 (compatible; Bytespider; https://zhanzhang.toutiao.com/)"
111.6.230.213 - - [25/Jan/2026:04:38:47 +0800] "GET /doc/p1.html HTTP/1.1" 200 168 "https://www.shudaxia.com/news/shu-biao-zi-dong-dian-ji-qi-guan-fang-xia-zai-di-zhi.html" "Mozilla/5.0 (Linux; Android 5.0) AppleWebKit/537.36 (KHTML, like Gecko) Mobile Safari/537.36 (compatible; Bytespider; https://zhanzhang.toutiao.com/)"
111.6.230.230 - - [25/Jan/2026:04:38:47 +0800] "GET /news.html HTTP/1.1" 200 165 "https://www.shudaxia.com/news/shu-biao-zi-dong-dian-ji-qi-guan-fang-xia-zai-di-zhi.html" "Mozilla/5.0 (Linux; Android 5.0) AppleWebKit/537.36 (KHTML, like Gecko) Mobile Safari/537.36 (compatible; Bytespider; https://zhanzhang.toutiao.com/)"
111.6.230.155 - - [25/Jan/2026:04:38:47 +0800] "GET /faq/p1.html HTTP/1.1" 200 168 "https://www.shudaxia.com/news/shu-biao-zi-dong-dian-ji-qi-guan-fang-xia-zai-di-zhi.html" "Mozilla/5.0 (Linux; Android 5.0) AppleWebKit/537.36 (KHTML, like Gecko) Mobile Safari/537.36 (compatible; Bytespider; https://zhanzhang.toutiao.com/)"
111.6.230.158 - - [25/Jan/2026:04:38:47 +0800] "GET /news/p1.html HTTP/1.1" 200 169 "https://www.shudaxia.com/news/shu-biao-zi-dong-dian-ji-qi-guan-fang-xia-zai-di-zhi.html" "Mozilla/5.0 (Linux; Android 5.0) AppleWebKit/537.36 (KHTML, like Gecko) Mobile Safari/537.36 (compatible; Bytespider; https://zhanzhang.toutiao.com/)"
180.97.210.178 - - [25/Jan/2026:04:41:17 +0800] "GET /news/shudaxia-shu-biao-lian-dian-qi-shi-yong-jiao-cheng.html HTTP/1.1" 200 15154 "https://www.shudaxia.com/news/shudaxia-shu-biao-lian-dian-qi-shi-yong-jiao-cheng.html" "Mozilla/5.0 (Windows NT 10.0; Win64; x64) AppleWebKit/537.36 (KHTML, like Gecko) Chrome/140.0.0.0 Safari/537.36 Edg/140.0.0.0; 360Spider"
111.6.230.215 - - [25/Jan/2026:04:42:11 +0800] "GET / HTTP/1.1" 200 24646 "-" "Mozilla/5.0 (Linux; Android 5.0) AppleWebKit/537.36 (KHTML, like Gecko) Mobile Safari/537.36 (compatible; Bytespider; https://zhanzhang.toutiao.com/)"
111.6.230.203 - - [25/Jan/2026:04:42:12 +0800] "GET /api/latest-version?platform=3 HTTP/1.1" 200 167 "https://www.shudaxia.com/" "Mozilla/5.0 (Linux; Android 5.0) AppleWebKit/537.36 (KHTML, like Gecko) Mobile Safari/537.36 (compatible; Bytespider; https://zhanzhang.toutiao.com/)"
111.6.230.165 - - [25/Jan/2026:04:42:12 +0800] "GET /api/footer-links HTTP/1.1" 200 535 "https://www.shudaxia.com/" "Mozilla/5.0 (Linux; Android 5.0) AppleWebKit/537.36 (KHTML, like Gecko) Mobile Safari/537.36 (compatible; Bytespider; https://zhanzhang.toutiao.com/)"
111.6.230.203 - - [25/Jan/2026:04:42:12 +0800] "GET /api/auth/session HTTP/1.1" 200 35 "https://www.shudaxia.com/" "Mozilla/5.0 (Linux; Android 5.0) AppleWebKit/537.36 (KHTML, like Gecko) Mobile Safari/537.36 (compatible; Bytespider; https://zhanzhang.toutiao.com/)"
111.6.230.203 - - [25/Jan/2026:04:42:12 +0800] "GET /api/latest-version?platform=3 HTTP/1.1" 200 167 "https://www.shudaxia.com/" "Mozilla/5.0 (Linux; Android 5.0) AppleWebKit/537.36 (KHTML, like Gecko) Mobile Safari/537.36 (compatible; Bytespider; https://zhanzhang.toutiao.com/)"
111.6.230.164 - - [25/Jan/2026:04:42:12 +0800] "GET /api/latest-version?platform=2 HTTP/1.1" 200 152 "https://www.shudaxia.com/" "Mozilla/5.0 (Linux; Android 5.0) AppleWebKit/537.36 (KHTML, like Gecko) Mobile Safari/537.36 (compatible; Bytespider; https://zhanzhang.toutiao.com/)"
111.6.230.203 - - [25/Jan/2026:04:42:12 +0800] "GET /api/latest-version?platform=3 HTTP/1.1" 200 167 "https://www.shudaxia.com/" "Mozilla/5.0 (Linux; Android 5.0) AppleWebKit/537.36 (KHTML, like Gecko) Mobile Safari/537.36 (compatible; Bytespider; https://zhanzhang.toutiao.com/)"
111.6.230.164 - - [25/Jan/2026:04:42:12 +0800] "GET /api/latest-version?platform=2 HTTP/1.1" 200 152 "https://www.shudaxia.com/" "Mozilla/5.0 (Linux; Android 5.0) AppleWebKit/537.36 (KHTML, like Gecko) Mobile Safari/537.36 (compatible; Bytespider; https://zhanzhang.toutiao.com/)"
111.6.230.203 - - [25/Jan/2026:04:42:12 +0800] "GET /api/latest-version?platform=3 HTTP/1.1" 200 167 "https://www.shudaxia.com/" "Mozilla/5.0 (Linux; Android 5.0) AppleWebKit/537.36 (KHTML, like Gecko) Mobile Safari/537.36 (compatible; Bytespider; https://zhanzhang.toutiao.com/)"
111.6.230.203 - - [25/Jan/2026:04:42:12 +0800] "GET /api/latest-version?platform=3 HTTP/1.1" 200 167 "https://www.shudaxia.com/" "Mozilla/5.0 (Linux; Android 5.0) AppleWebKit/537.36 (KHTML, like Gecko) Mobile Safari/537.36 (compatible; Bytespider; https://zhanzhang.toutiao.com/)"
111.6.230.203 - - [25/Jan/2026:04:42:12 +0800] "GET /api/auth/session HTTP/1.1" 200 35 "https://www.shudaxia.com/" "Mozilla/5.0 (Linux; Android 5.0) AppleWebKit/537.36 (KHTML, like Gecko) Mobile Safari/537.36 (compatible; Bytespider; https://zhanzhang.toutiao.com/)"
111.6.230.164 - - [25/Jan/2026:04:42:12 +0800] "GET /api/latest-version?platform=2 HTTP/1.1" 200 152 "https://www.shudaxia.com/" "Mozilla/5.0 (Linux; Android 5.0) AppleWebKit/537.36 (KHTML, like Gecko) Mobile Safari/537.36 (compatible; Bytespider; https://zhanzhang.toutiao.com/)"
111.6.230.164 - - [25/Jan/2026:04:42:12 +0800] "GET /api/latest-version?platform=2 HTTP/1.1" 200 152 "https://www.shudaxia.com/" "Mozilla/5.0 (Linux; Android 5.0) AppleWebKit/537.36 (KHTML, like Gecko) Mobile Safari/537.36 (compatible; Bytespider; https://zhanzhang.toutiao.com/)"
111.6.230.177 - - [25/Jan/2026:04:50:31 +0800] "GET /en/news/tutorial/p1 HTTP/1.1" 308 36 "-" "Mozilla/5.0 (Linux; Android 5.0) AppleWebKit/537.36 (KHTML, like Gecko) Mobile Safari/537.36 (compatible; Bytespider; https://zhanzhang.toutiao.com/)"
111.6.230.189 - - [25/Jan/2026:04:50:31 +0800] "GET /en/news/tutorial/p1.html HTTP/1.1" 404 4869 "-" "Mozilla/5.0 (Linux; Android 5.0) AppleWebKit/537.36 (KHTML, like Gecko) Mobile Safari/537.36 (compatible; Bytespider; https://zhanzhang.toutiao.com/)"
111.6.230.164 - - [25/Jan/2026:04:50:32 +0800] "GET /api/latest-version?platform=2 HTTP/1.1" 200 152 "https://www.shudaxia.com/en/news/tutorial/p1.html" "Mozilla/5.0 (Linux; Android 5.0) AppleWebKit/537.36 (KHTML, like Gecko) Mobile Safari/537.36 (compatible; Bytespider; https://zhanzhang.toutiao.com/)"
111.6.230.203 - - [25/Jan/2026:04:50:32 +0800] "GET /api/latest-version?platform=3 HTTP/1.1" 200 167 "https://www.shudaxia.com/en/news/tutorial/p1.html" "Mozilla/5.0 (Linux; Android 5.0) AppleWebKit/537.36 (KHTML, like Gecko) Mobile Safari/537.36 (compatible; Bytespider; https://zhanzhang.toutiao.com/)"
111.6.230.203 - - [25/Jan/2026:04:50:32 +0800] "GET /api/auth/session HTTP/1.1" 200 35 "https://www.shudaxia.com/en/news/tutorial/p1.html" "Mozilla/5.0 (Linux; Android 5.0) AppleWebKit/537.36 (KHTML, like Gecko) Mobile Safari/537.36 (compatible; Bytespider; https://zhanzhang.toutiao.com/)"
111.6.230.178 - - [25/Jan/2026:04:50:32 +0800] "GET /?_rsc=1yh0o HTTP/1.1" 200 144 "https://www.shudaxia.com/en/news/tutorial/p1.html" "Mozilla/5.0 (Linux; Android 5.0) AppleWebKit/537.36 (KHTML, like Gecko) Mobile Safari/537.36 (compatible; Bytespider; https://zhanzhang.toutiao.com/)"
111.6.230.214 - - [25/Jan/2026:04:50:32 +0800] "GET /doc?_rsc=1yh0o HTTP/1.1" 308 19 "https://www.shudaxia.com/en/news/tutorial/p1.html" "Mozilla/5.0 (Linux; Android 5.0) AppleWebKit/537.36 (KHTML, like Gecko) Mobile Safari/537.36 (compatible; Bytespider; https://zhanzhang.toutiao.com/)"
111.6.230.203 - - [25/Jan/2026:04:50:32 +0800] "GET /api/auth/session HTTP/1.1" 200 35 "https://www.shudaxia.com/en/news/tutorial/p1.html" "Mozilla/5.0 (Linux; Android 5.0) AppleWebKit/537.36 (KHTML, like Gecko) Mobile Safari/537.36 (compatible; Bytespider; https://zhanzhang.toutiao.com/)"
111.6.230.159 - - [25/Jan/2026:04:50:32 +0800] "GET /en/news/tutorial/doc?_rsc=1yh0o HTTP/1.1" 308 37 "https://www.shudaxia.com/en/news/tutorial/p1.html" "Mozilla/5.0 (Linux; Android 5.0) AppleWebKit/537.36 (KHTML, like Gecko) Mobile Safari/537.36 (compatible; Bytespider; https://zhanzhang.toutiao.com/)"
111.6.230.169 - - [25/Jan/2026:04:50:32 +0800] "GET /video?_rsc=1yh0o HTTP/1.1" 308 21 "https://www.shudaxia.com/en/news/tutorial/p1.html" "Mozilla/5.0 (Linux; Android 5.0) AppleWebKit/537.36 (KHTML, like Gecko) Mobile Safari/537.36 (compatible; Bytespider; https://zhanzhang.toutiao.com/)"
111.6.230.201 - - [25/Jan/2026:04:50:32 +0800] "GET /en/news/tutorial/news?_rsc=1yh0o HTTP/1.1" 308 38 "https://www.shudaxia.com/en/news/tutorial/p1.html" "Mozilla/5.0 (Linux; Android 5.0) AppleWebKit/537.36 (KHTML, like Gecko) Mobile Safari/537.36 (compatible; Bytespider; https://zhanzhang.toutiao.com/)"
111.6.230.162 - - [25/Jan/2026:04:50:33 +0800] "GET /doc.html HTTP/1.1" 200 165 "https://www.shudaxia.com/en/news/tutorial/p1.html" "Mozilla/5.0 (Linux; Android 5.0) AppleWebKit/537.36 (KHTML, like Gecko) Mobile Safari/537.36 (compatible; Bytespider; https://zhanzhang.toutiao.com/)"
111.6.230.210 - - [25/Jan/2026:04:50:33 +0800] "GET /video.html HTTP/1.1" 200 3521 "https://www.shudaxia.com/en/news/tutorial/p1.html" "Mozilla/5.0 (Linux; Android 5.0) AppleWebKit/537.36 (KHTML, like Gecko) Mobile Safari/537.36 (compatible; Bytespider; https://zhanzhang.toutiao.com/)"
111.6.230.188 - - [25/Jan/2026:04:50:33 +0800] "GET /en/news/tutorial/news.html HTTP/1.1" 200 177 "https://www.shudaxia.com/en/news/tutorial/p1.html" "Mozilla/5.0 (Linux; Android 5.0) AppleWebKit/537.36 (KHTML, like Gecko) Mobile Safari/537.36 (compatible; Bytespider; https://zhanzhang.toutiao.com/)"
111.6.230.225 - - [25/Jan/2026:04:50:33 +0800] "GET /scriptdiy?_rsc=1yh0o HTTP/1.1" 308 25 "https://www.shudaxia.com/en/news/tutorial/p1.html" "Mozilla/5.0 (Linux; Android 5.0) AppleWebKit/537.36 (KHTML, like Gecko) Mobile Safari/537.36 (compatible; Bytespider; https://zhanzhang.toutiao.com/)"
111.6.230.224 - - [25/Jan/2026:04:50:33 +0800] "GET /feedback?_rsc=1yh0o HTTP/1.1" 308 24 "https://www.shudaxia.com/en/news/tutorial/p1.html" "Mozilla/5.0 (Linux; Android 5.0) AppleWebKit/537.36 (KHTML, like Gecko) Mobile Safari/537.36 (compatible; Bytespider; https://zhanzhang.toutiao.com/)"
111.6.230.149 - - [25/Jan/2026:04:50:33 +0800] "GET /scriptdiy.html HTTP/1.1" 200 4607 "https://www.shudaxia.com/en/news/tutorial/p1.html" "Mozilla/5.0 (Linux; Android 5.0) AppleWebKit/537.36 (KHTML, like Gecko) Mobile Safari/537.36 (compatible; Bytespider; https://zhanzhang.toutiao.com/)"
111.6.230.205 - - [25/Jan/2026:04:50:33 +0800] "GET /feedback.html HTTP/1.1" 200 2313 "https://www.shudaxia.com/en/news/tutorial/p1.html" "Mozilla/5.0 (Linux; Android 5.0) AppleWebKit/537.36 (KHTML, like Gecko) Mobile Safari/537.36 (compatible; Bytespider; https://zhanzhang.toutiao.com/)"
111.6.230.195 - - [25/Jan/2026:04:50:33 +0800] "GET /en/news/tutorial/faq?_rsc=1yh0o HTTP/1.1" 308 37 "https://www.shudaxia.com/en/news/tutorial/p1.html" "Mozilla/5.0 (Linux; Android 5.0) AppleWebKit/537.36 (KHTML, like Gecko) Mobile Safari/537.36 (compatible; Bytespider; https://zhanzhang.toutiao.com/)"
111.6.230.201 - - [25/Jan/2026:04:50:33 +0800] "GET /en/news/tutorial/doc.html HTTP/1.1" 200 178 "https://www.shudaxia.com/en/news/tutorial/p1.html" "Mozilla/5.0 (Linux; Android 5.0) AppleWebKit/537.36 (KHTML, like Gecko) Mobile Safari/537.36 (compatible; Bytespider; https://zhanzhang.toutiao.com/)"
111.6.230.179 - - [25/Jan/2026:04:50:34 +0800] "GET /en/news/tutorial/faq.html HTTP/1.1" 200 178 "https://www.shudaxia.com/en/news/tutorial/p1.html" "Mozilla/5.0 (Linux; Android 5.0) AppleWebKit/537.36 (KHTML, like Gecko) Mobile Safari/537.36 (compatible; Bytespider; https://zhanzhang.toutiao.com/)"
180.101.204.214 - - [25/Jan/2026:04:51:30 +0800] "GET / HTTP/1.1" 200 24593 "-" "MQQBrowser/26 Mozilla/5.0 (Linux; U; Android 4.4.2; zh-cn; MB200 Build/GRJ22; CyanogenMod-7) AppleWebKit/533.1 (KHTML, like Gecko) Version/4.0 Mobile Safari/533.1 (compatible; Sogou web spider/4.0; +http://www.sogou.com/docs/help/webmasters.htm#07)"
180.101.204.146 - - [25/Jan/2026:04:51:30 +0800] "GET /api/latest-version?platform=3 HTTP/1.1" 200 167 "https://www.shudaxia.com/" "MQQBrowser/26 Mozilla/5.0 (Linux; U; Android 4.4.2; zh-cn; MB200 Build/GRJ22; CyanogenMod-7) AppleWebKit/533.1 (KHTML, like Gecko) Version/4.0 Mobile Safari/533.1 (compatible; Sogou web spider/4.0; +http://www.sogou.com/docs/help/webmasters.htm#07)"
180.101.204.204 - - [25/Jan/2026:04:51:30 +0800] "GET /api/latest-version?platform=2 HTTP/1.1" 200 152 "https://www.shudaxia.com/" "MQQBrowser/26 Mozilla/5.0 (Linux; U; Android 4.4.2; zh-cn; MB200 Build/GRJ22; CyanogenMod-7) AppleWebKit/533.1 (KHTML, like Gecko) Version/4.0 Mobile Safari/533.1 (compatible; Sogou web spider/4.0; +http://www.sogou.com/docs/help/webmasters.htm#07)"
180.101.204.206 - - [25/Jan/2026:04:51:30 +0800] "GET /api/auth/session HTTP/1.1" 200 35 "https://www.shudaxia.com/" "MQQBrowser/26 Mozilla/5.0 (Linux; U; Android 4.4.2; zh-cn; MB200 Build/GRJ22; CyanogenMod-7) AppleWebKit/533.1 (KHTML, like Gecko) Version/4.0 Mobile Safari/533.1 (compatible; Sogou web spider/4.0; +http://www.sogou.com/docs/help/webmasters.htm#07)"
180.101.204.146 - - [25/Jan/2026:04:51:30 +0800] "GET /api/latest-version?platform=3 HTTP/1.1" 200 167 "https://www.shudaxia.com/" "MQQBrowser/26 Mozilla/5.0 (Linux; U; Android 4.4.2; zh-cn; MB200 Build/GRJ22; CyanogenMod-7) AppleWebKit/533.1 (KHTML, like Gecko) Version/4.0 Mobile Safari/533.1 (compatible; Sogou web spider/4.0; +http://www.sogou.com/docs/help/webmasters.htm#07)"
180.101.204.146 - - [25/Jan/2026:04:51:30 +0800] "GET /api/latest-version?platform=3 HTTP/1.1" 200 167 "https://www.shudaxia.com/" "MQQBrowser/26 Mozilla/5.0 (Linux; U; Android 4.4.2; zh-cn; MB200 Build/GRJ22; CyanogenMod-7) AppleWebKit/533.1 (KHTML, like Gecko) Version/4.0 Mobile Safari/533.1 (compatible; Sogou web spider/4.0; +http://www.sogou.com/docs/help/webmasters.htm#07)"
180.101.204.204 - - [25/Jan/2026:04:51:30 +0800] "GET /api/latest-version?platform=2 HTTP/1.1" 200 152 "https://www.shudaxia.com/" "MQQBrowser/26 Mozilla/5.0 (Linux; U; Android 4.4.2; zh-cn; MB200 Build/GRJ22; CyanogenMod-7) AppleWebKit/533.1 (KHTML, like Gecko) Version/4.0 Mobile Safari/533.1 (compatible; Sogou web spider/4.0; +http://www.sogou.com/docs/help/webmasters.htm#07)"
180.101.204.146 - - [25/Jan/2026:04:51:30 +0800] "GET /api/latest-version?platform=3 HTTP/1.1" 200 167 "https://www.shudaxia.com/" "MQQBrowser/26 Mozilla/5.0 (Linux; U; Android 4.4.2; zh-cn; MB200 Build/GRJ22; CyanogenMod-7) AppleWebKit/533.1 (KHTML, like Gecko) Version/4.0 Mobile Safari/533.1 (compatible; Sogou web spider/4.0; +http://www.sogou.com/docs/help/webmasters.htm#07)"
180.101.204.146 - - [25/Jan/2026:04:51:30 +0800] "GET /api/latest-version?platform=3 HTTP/1.1" 200 167 "https://www.shudaxia.com/" "MQQBrowser/26 Mozilla/5.0 (Linux; U; Android 4.4.2; zh-cn; MB200 Build/GRJ22; CyanogenMod-7) AppleWebKit/533.1 (KHTML, like Gecko) Version/4.0 Mobile Safari/533.1 (compatible; Sogou web spider/4.0; +http://www.sogou.com/docs/help/webmasters.htm#07)"
