180.101.204.131 - - [25/Jan/2026:04:51:30 +0800] "GET /api/footer-links HTTP/1.1" 200 535 "https://www.shudaxia.com/" "MQQBrowser/26 Mozilla/5.0 (Linux; U; Android 4.4.2; zh-cn; MB200 Build/GRJ22; CyanogenMod-7) AppleWebKit/533.1 (KHTML, like Gecko) Version/4.0 Mobile Safari/533.1 (compatible; Sogou web spider/4.0; +http://www.sogou.com/docs/help/webmasters.htm#07)"
180.101.204.206 - - [25/Jan/2026:04:51:30 +0800] "GET /api/auth/session HTTP/1.1" 200 35 "https://www.shudaxia.com/" "MQQBrowser/26 Mozilla/5.0 (Linux; U; Android 4.4.2; zh-cn; MB200 Build/GRJ22; CyanogenMod-7) AppleWebKit/533.1 (KHTML, like Gecko) Version/4.0 Mobile Safari/533.1 (compatible; Sogou web spider/4.0; +http://www.sogou.com/docs/help/webmasters.htm#07)"
180.101.204.204 - - [25/Jan/2026:04:51:30 +0800] "GET /api/latest-version?platform=2 HTTP/1.1" 200 152 "https://www.shudaxia.com/" "MQQBrowser/26 Mozilla/5.0 (Linux; U; Android 4.4.2; zh-cn; MB200 Build/GRJ22; CyanogenMod-7) AppleWebKit/533.1 (KHTML, like Gecko) Version/4.0 Mobile Safari/533.1 (compatible; Sogou web spider/4.0; +http://www.sogou.com/docs/help/webmasters.htm#07)"
180.101.204.204 - - [25/Jan/2026:04:51:30 +0800] "GET /api/latest-version?platform=2 HTTP/1.1" 200 152 "https://www.shudaxia.com/" "MQQBrowser/26 Mozilla/5.0 (Linux; U; Android 4.4.2; zh-cn; MB200 Build/GRJ22; CyanogenMod-7) AppleWebKit/533.1 (KHTML, like Gecko) Version/4.0 Mobile Safari/533.1 (compatible; Sogou web spider/4.0; +http://www.sogou.com/docs/help/webmasters.htm#07)"
111.6.230.215 - - [25/Jan/2026:04:52:06 +0800] "GET / HTTP/1.1" 200 24612 "-" "Mozilla/5.0 (Linux; Android 5.0) AppleWebKit/537.36 (KHTML, like Gecko) Mobile Safari/537.36 (compatible; Bytespider; https://zhanzhang.toutiao.com/)"
111.6.230.203 - - [25/Jan/2026:04:52:07 +0800] "GET /api/latest-version?platform=3 HTTP/1.1" 200 167 "https://www.shudaxia.com/" "Mozilla/5.0 (Linux; Android 5.0) AppleWebKit/537.36 (KHTML, like Gecko) Mobile Safari/537.36 (compatible; Bytespider; https://zhanzhang.toutiao.com/)"
111.6.230.203 - - [25/Jan/2026:04:52:07 +0800] "GET /api/latest-version?platform=3 HTTP/1.1" 200 167 "https://www.shudaxia.com/" "Mozilla/5.0 (Linux; Android 5.0) AppleWebKit/537.36 (KHTML, like Gecko) Mobile Safari/537.36 (compatible; Bytespider; https://zhanzhang.toutiao.com/)"
111.6.230.164 - - [25/Jan/2026:04:52:07 +0800] "GET /api/latest-version?platform=2 HTTP/1.1" 200 152 "https://www.shudaxia.com/" "Mozilla/5.0 (Linux; Android 5.0) AppleWebKit/537.36 (KHTML, like Gecko) Mobile Safari/537.36 (compatible; Bytespider; https://zhanzhang.toutiao.com/)"
111.6.230.165 - - [25/Jan/2026:04:52:07 +0800] "GET /api/footer-links HTTP/1.1" 200 535 "https://www.shudaxia.com/" "Mozilla/5.0 (Linux; Android 5.0) AppleWebKit/537.36 (KHTML, like Gecko) Mobile Safari/537.36 (compatible; Bytespider; https://zhanzhang.toutiao.com/)"
111.6.230.203 - - [25/Jan/2026:04:52:07 +0800] "GET /api/auth/session HTTP/1.1" 200 35 "https://www.shudaxia.com/" "Mozilla/5.0 (Linux; Android 5.0) AppleWebKit/537.36 (KHTML, like Gecko) Mobile Safari/537.36 (compatible; Bytespider; https://zhanzhang.toutiao.com/)"
111.6.230.203 - - [25/Jan/2026:04:52:07 +0800] "GET /api/latest-version?platform=3 HTTP/1.1" 200 167 "https://www.shudaxia.com/" "Mozilla/5.0 (Linux; Android 5.0) AppleWebKit/537.36 (KHTML, like Gecko) Mobile Safari/537.36 (compatible; Bytespider; https://zhanzhang.toutiao.com/)"
111.6.230.164 - - [25/Jan/2026:04:52:07 +0800] "GET /api/latest-version?platform=2 HTTP/1.1" 200 152 "https://www.shudaxia.com/" "Mozilla/5.0 (Linux; Android 5.0) AppleWebKit/537.36 (KHTML, like Gecko) Mobile Safari/537.36 (compatible; Bytespider; https://zhanzhang.toutiao.com/)"
111.6.230.203 - - [25/Jan/2026:04:52:07 +0800] "GET /api/latest-version?platform=3 HTTP/1.1" 200 167 "https://www.shudaxia.com/" "Mozilla/5.0 (Linux; Android 5.0) AppleWebKit/537.36 (KHTML, like Gecko) Mobile Safari/537.36 (compatible; Bytespider; https://zhanzhang.toutiao.com/)"
111.6.230.203 - - [25/Jan/2026:04:52:07 +0800] "GET /api/latest-version?platform=3 HTTP/1.1" 200 167 "https://www.shudaxia.com/" "Mozilla/5.0 (Linux; Android 5.0) AppleWebKit/537.36 (KHTML, like Gecko) Mobile Safari/537.36 (compatible; Bytespider; https://zhanzhang.toutiao.com/)"
111.6.230.203 - - [25/Jan/2026:04:52:07 +0800] "GET /api/auth/session HTTP/1.1" 200 35 "https://www.shudaxia.com/" "Mozilla/5.0 (Linux; Android 5.0) AppleWebKit/537.36 (KHTML, like Gecko) Mobile Safari/537.36 (compatible; Bytespider; https://zhanzhang.toutiao.com/)"
111.6.230.164 - - [25/Jan/2026:04:52:07 +0800] "GET /api/latest-version?platform=2 HTTP/1.1" 200 152 "https://www.shudaxia.com/" "Mozilla/5.0 (Linux; Android 5.0) AppleWebKit/537.36 (KHTML, like Gecko) Mobile Safari/537.36 (compatible; Bytespider; https://zhanzhang.toutiao.com/)"
111.6.230.164 - - [25/Jan/2026:04:52:07 +0800] "GET /api/latest-version?platform=2 HTTP/1.1" 200 152 "https://www.shudaxia.com/" "Mozilla/5.0 (Linux; Android 5.0) AppleWebKit/537.36 (KHTML, like Gecko) Mobile Safari/537.36 (compatible; Bytespider; https://zhanzhang.toutiao.com/)"
180.101.204.214 - - [25/Jan/2026:04:55:25 +0800] "GET / HTTP/1.1" 200 24410 "-" "Sogou web spider/4.0(+http://www.sogou.com/docs/help/webmasters.htm#07)"
180.101.204.146 - - [25/Jan/2026:04:55:26 +0800] "GET /api/latest-version?platform=3 HTTP/1.1" 200 167 "https://www.shudaxia.com/" "Sogou web spider/4.0(+http://www.sogou.com/docs/help/webmasters.htm#07)"
180.101.204.204 - - [25/Jan/2026:04:55:26 +0800] "GET /api/latest-version?platform=2 HTTP/1.1" 200 152 "https://www.shudaxia.com/" "Sogou web spider/4.0(+http://www.sogou.com/docs/help/webmasters.htm#07)"
180.101.204.131 - - [25/Jan/2026:04:55:26 +0800] "GET /api/footer-links HTTP/1.1" 200 535 "https://www.shudaxia.com/" "Sogou web spider/4.0(+http://www.sogou.com/docs/help/webmasters.htm#07)"
180.101.204.206 - - [25/Jan/2026:04:55:26 +0800] "GET /api/auth/session HTTP/1.1" 200 35 "https://www.shudaxia.com/" "Sogou web spider/4.0(+http://www.sogou.com/docs/help/webmasters.htm#07)"
180.101.204.146 - - [25/Jan/2026:04:55:26 +0800] "GET /api/latest-version?platform=3 HTTP/1.1" 200 167 "https://www.shudaxia.com/" "Sogou web spider/4.0(+http://www.sogou.com/docs/help/webmasters.htm#07)"
180.101.204.204 - - [25/Jan/2026:04:55:26 +0800] "GET /api/latest-version?platform=2 HTTP/1.1" 200 152 "https://www.shudaxia.com/" "Sogou web spider/4.0(+http://www.sogou.com/docs/help/webmasters.htm#07)"
180.101.204.146 - - [25/Jan/2026:04:55:26 +0800] "GET /api/latest-version?platform=3 HTTP/1.1" 200 167 "https://www.shudaxia.com/" "Sogou web spider/4.0(+http://www.sogou.com/docs/help/webmasters.htm#07)"
180.101.204.146 - - [25/Jan/2026:04:55:26 +0800] "GET /api/latest-version?platform=3 HTTP/1.1" 200 167 "https://www.shudaxia.com/" "Sogou web spider/4.0(+http://www.sogou.com/docs/help/webmasters.htm#07)"
180.101.204.146 - - [25/Jan/2026:04:55:26 +0800] "GET /api/latest-version?platform=3 HTTP/1.1" 200 167 "https://www.shudaxia.com/" "Sogou web spider/4.0(+http://www.sogou.com/docs/help/webmasters.htm#07)"
180.101.204.204 - - [25/Jan/2026:04:55:26 +0800] "GET /api/latest-version?platform=2 HTTP/1.1" 200 152 "https://www.shudaxia.com/" "Sogou web spider/4.0(+http://www.sogou.com/docs/help/webmasters.htm#07)"
180.101.204.204 - - [25/Jan/2026:04:55:26 +0800] "GET /api/latest-version?platform=2 HTTP/1.1" 200 152 "https://www.shudaxia.com/" "Sogou web spider/4.0(+http://www.sogou.com/docs/help/webmasters.htm#07)"
180.101.204.206 - - [25/Jan/2026:04:55:26 +0800] "GET /api/auth/session HTTP/1.1" 200 35 "https://www.shudaxia.com/" "Sogou web spider/4.0(+http://www.sogou.com/docs/help/webmasters.htm#07)"
111.6.230.190 - - [25/Jan/2026:05:00:12 +0800] "GET /doc/timing-tasks-automation HTTP/1.1" 308 44 "-" "Mozilla/5.0 (Linux; Android 5.0) AppleWebKit/537.36 (KHTML, like Gecko) Mobile Safari/537.36 (compatible; Bytespider; https://zhanzhang.toutiao.com/)"
111.6.230.169 - - [25/Jan/2026:05:00:12 +0800] "GET /doc/timing-tasks-automation.html HTTP/1.1" 200 20730 "-" "Mozilla/5.0 (Linux; Android 5.0) AppleWebKit/537.36 (KHTML, like Gecko) Mobile Safari/537.36 (compatible; Bytespider; https://zhanzhang.toutiao.com/)"
111.6.230.164 - - [25/Jan/2026:05:00:13 +0800] "GET /api/latest-version?platform=2 HTTP/1.1" 200 152 "https://www.shudaxia.com/doc/timing-tasks-automation.html" "Mozilla/5.0 (Linux; Android 5.0) AppleWebKit/537.36 (KHTML, like Gecko) Mobile Safari/537.36 (compatible; Bytespider; https://zhanzhang.toutiao.com/)"
111.6.230.203 - - [25/Jan/2026:05:00:13 +0800] "GET /api/latest-version?platform=3 HTTP/1.1" 200 167 "https://www.shudaxia.com/doc/timing-tasks-automation.html" "Mozilla/5.0 (Linux; Android 5.0) AppleWebKit/537.36 (KHTML, like Gecko) Mobile Safari/537.36 (compatible; Bytespider; https://zhanzhang.toutiao.com/)"
111.6.230.165 - - [25/Jan/2026:05:00:13 +0800] "GET /api/footer-links HTTP/1.1" 200 535 "https://www.shudaxia.com/doc/timing-tasks-automation.html" "Mozilla/5.0 (Linux; Android 5.0) AppleWebKit/537.36 (KHTML, like Gecko) Mobile Safari/537.36 (compatible; Bytespider; https://zhanzhang.toutiao.com/)"
111.6.230.203 - - [25/Jan/2026:05:00:13 +0800] "GET /api/auth/session HTTP/1.1" 200 35 "https://www.shudaxia.com/doc/timing-tasks-automation.html" "Mozilla/5.0 (Linux; Android 5.0) AppleWebKit/537.36 (KHTML, like Gecko) Mobile Safari/537.36 (compatible; Bytespider; https://zhanzhang.toutiao.com/)"
111.6.230.164 - - [25/Jan/2026:05:00:13 +0800] "GET /api/latest-version?platform=2 HTTP/1.1" 200 152 "https://www.shudaxia.com/doc/timing-tasks-automation.html" "Mozilla/5.0 (Linux; Android 5.0) AppleWebKit/537.36 (KHTML, like Gecko) Mobile Safari/537.36 (compatible; Bytespider; https://zhanzhang.toutiao.com/)"
111.6.230.222 - - [25/Jan/2026:05:00:13 +0800] "GET /faq/p1?_rsc=2gil5 HTTP/1.1" 308 22 "https://www.shudaxia.com/doc/timing-tasks-automation.html" "Mozilla/5.0 (Linux; Android 5.0) AppleWebKit/537.36 (KHTML, like Gecko) Mobile Safari/537.36 (compatible; Bytespider; https://zhanzhang.toutiao.com/)"
111.6.230.209 - - [25/Jan/2026:05:00:13 +0800] "POST /api/articles/67/view HTTP/1.1" 200 3349 "https://www.shudaxia.com/doc/timing-tasks-automation.html" "Mozilla/5.0 (Linux; Android 5.0) AppleWebKit/537.36 (KHTML, like Gecko) Mobile Safari/537.36 (compatible; Bytespider; https://zhanzhang.toutiao.com/)"
111.6.230.203 - - [25/Jan/2026:05:00:13 +0800] "GET /api/latest-version?platform=3 HTTP/1.1" 200 167 "https://www.shudaxia.com/doc/timing-tasks-automation.html" "Mozilla/5.0 (Linux; Android 5.0) AppleWebKit/537.36 (KHTML, like Gecko) Mobile Safari/537.36 (compatible; Bytespider; https://zhanzhang.toutiao.com/)"
111.6.230.158 - - [25/Jan/2026:05:00:13 +0800] "GET /?_rsc=2gil5 HTTP/1.1" 200 144 "https://www.shudaxia.com/doc/timing-tasks-automation.html" "Mozilla/5.0 (Linux; Android 5.0) AppleWebKit/537.36 (KHTML, like Gecko) Mobile Safari/537.36 (compatible; Bytespider; https://zhanzhang.toutiao.com/)"
111.6.230.195 - - [25/Jan/2026:05:00:13 +0800] "GET /doc/p1?_rsc=2gil5 HTTP/1.1" 308 22 "https://www.shudaxia.com/doc/timing-tasks-automation.html" "Mozilla/5.0 (Linux; Android 5.0) AppleWebKit/537.36 (KHTML, like Gecko) Mobile Safari/537.36 (compatible; Bytespider; https://zhanzhang.toutiao.com/)"
111.6.230.203 - - [25/Jan/2026:05:00:14 +0800] "GET /api/auth/session HTTP/1.1" 200 35 "https://www.shudaxia.com/doc/timing-tasks-automation.html" "Mozilla/5.0 (Linux; Android 5.0) AppleWebKit/537.36 (KHTML, like Gecko) Mobile Safari/537.36 (compatible; Bytespider; https://zhanzhang.toutiao.com/)"
111.6.230.159 - - [25/Jan/2026:05:00:14 +0800] "GET /doc?_rsc=2gil5 HTTP/1.1" 308 19 "https://www.shudaxia.com/doc/timing-tasks-automation.html" "Mozilla/5.0 (Linux; Android 5.0) AppleWebKit/537.36 (KHTML, like Gecko) Mobile Safari/537.36 (compatible; Bytespider; https://zhanzhang.toutiao.com/)"
111.6.230.155 - - [25/Jan/2026:05:00:14 +0800] "GET /faq/p1.html HTTP/1.1" 200 168 "https://www.shudaxia.com/doc/timing-tasks-automation.html" "Mozilla/5.0 (Linux; Android 5.0) AppleWebKit/537.36 (KHTML, like Gecko) Mobile Safari/537.36 (compatible; Bytespider; https://zhanzhang.toutiao.com/)"
111.6.230.159 - - [25/Jan/2026:05:00:14 +0800] "GET /news/p1?_rsc=2gil5 HTTP/1.1" 308 23 "https://www.shudaxia.com/doc/timing-tasks-automation.html" "Mozilla/5.0 (Linux; Android 5.0) AppleWebKit/537.36 (KHTML, like Gecko) Mobile Safari/537.36 (compatible; Bytespider; https://zhanzhang.toutiao.com/)"
111.6.230.213 - - [25/Jan/2026:05:00:14 +0800] "GET /doc/p1.html HTTP/1.1" 200 168 "https://www.shudaxia.com/doc/timing-tasks-automation.html" "Mozilla/5.0 (Linux; Android 5.0) AppleWebKit/537.36 (KHTML, like Gecko) Mobile Safari/537.36 (compatible; Bytespider; https://zhanzhang.toutiao.com/)"
111.6.230.162 - - [25/Jan/2026:05:00:14 +0800] "GET /doc.html HTTP/1.1" 200 165 "https://www.shudaxia.com/doc/timing-tasks-automation.html" "Mozilla/5.0 (Linux; Android 5.0) AppleWebKit/537.36 (KHTML, like Gecko) Mobile Safari/537.36 (compatible; Bytespider; https://zhanzhang.toutiao.com/)"
111.6.230.158 - - [25/Jan/2026:05:00:14 +0800] "GET /news/p1.html HTTP/1.1" 200 169 "https://www.shudaxia.com/doc/timing-tasks-automation.html" "Mozilla/5.0 (Linux; Android 5.0) AppleWebKit/537.36 (KHTML, like Gecko) Mobile Safari/537.36 (compatible; Bytespider; https://zhanzhang.toutiao.com/)"
111.6.230.215 - - [25/Jan/2026:05:03:48 +0800] "GET / HTTP/1.1" 200 24651 "-" "YisouSpider"
111.6.230.183 - - [25/Jan/2026:05:03:50 +0800] "GET /video?_rsc=qax64 HTTP/1.1" 308 21 "https://www.shudaxia.com/" "YisouSpider"
111.6.230.165 - - [25/Jan/2026:05:03:50 +0800] "GET /api/footer-links HTTP/1.1" 200 535 "https://www.shudaxia.com/" "YisouSpider"
111.6.230.164 - - [25/Jan/2026:05:03:50 +0800] "GET /api/latest-version?platform=2 HTTP/1.1" 200 152 "https://www.shudaxia.com/" "YisouSpider"
111.6.230.224 - - [25/Jan/2026:05:03:50 +0800] "GET /cpstest?_rsc=qax64 HTTP/1.1" 308 23 "https://www.shudaxia.com/" "YisouSpider"
111.6.230.203 - - [25/Jan/2026:05:03:50 +0800] "GET /api/latest-version?platform=3 HTTP/1.1" 200 167 "https://www.shudaxia.com/" "YisouSpider"
111.6.230.219 - - [25/Jan/2026:05:03:50 +0800] "GET /mobile?_rsc=qax64 HTTP/1.1" 308 22 "https://www.shudaxia.com/" "YisouSpider"
111.6.230.164 - - [25/Jan/2026:05:03:50 +0800] "GET /api/latest-version?platform=2 HTTP/1.1" 200 152 "https://www.shudaxia.com/" "YisouSpider"
111.6.230.158 - - [25/Jan/2026:05:03:50 +0800] "GET /doc/p1?_rsc=qax64 HTTP/1.1" 308 22 "https://www.shudaxia.com/" "YisouSpider"
111.6.230.203 - - [25/Jan/2026:05:03:50 +0800] "GET /api/auth/session HTTP/1.1" 200 35 "https://www.shudaxia.com/" "YisouSpider"
111.6.230.165 - - [25/Jan/2026:05:03:50 +0800] "GET /mouse-keyboard-test?_rsc=qax64 HTTP/1.1" 308 36 "https://www.shudaxia.com/" "YisouSpider"
111.6.230.203 - - [25/Jan/2026:05:03:50 +0800] "GET /api/latest-version?platform=3 HTTP/1.1" 200 167 "https://www.shudaxia.com/" "YisouSpider"
111.6.230.164 - - [25/Jan/2026:05:03:50 +0800] "GET /api/latest-version?platform=2 HTTP/1.1" 200 152 "https://www.shudaxia.com/" "YisouSpider"
111.6.230.164 - - [25/Jan/2026:05:03:50 +0800] "GET /api/latest-version?platform=2 HTTP/1.1" 200 152 "https://www.shudaxia.com/" "YisouSpider"
111.6.230.203 - - [25/Jan/2026:05:03:50 +0800] "GET /api/latest-version?platform=3 HTTP/1.1" 200 167 "https://www.shudaxia.com/" "YisouSpider"
111.6.230.203 - - [25/Jan/2026:05:03:50 +0800] "GET /api/latest-version?platform=3 HTTP/1.1" 200 167 "https://www.shudaxia.com/" "YisouSpider"
111.6.230.203 - - [25/Jan/2026:05:03:50 +0800] "GET /api/latest-version?platform=3 HTTP/1.1" 200 167 "https://www.shudaxia.com/" "YisouSpider"
111.6.230.213 - - [25/Jan/2026:05:03:50 +0800] "GET /doc/p1.html HTTP/1.1" 200 168 "https://www.shudaxia.com/" "YisouSpider"
111.6.230.203 - - [25/Jan/2026:05:03:51 +0800] "GET /api/auth/session HTTP/1.1" 200 35 "https://www.shudaxia.com/" "YisouSpider"
111.6.230.190 - - [25/Jan/2026:05:03:51 +0800] "GET /mouse-click-train?_rsc=qax64 HTTP/1.1" 308 34 "https://www.shudaxia.com/" "YisouSpider"
111.6.230.163 - - [25/Jan/2026:05:03:51 +0800] "GET /feedback?_rsc=qax64 HTTP/1.1" 308 24 "https://www.shudaxia.com/" "YisouSpider"
111.6.230.192 - - [25/Jan/2026:05:03:51 +0800] "GET /scriptdiy?_rsc=qax64 HTTP/1.1" 308 25 "https://www.shudaxia.com/" "YisouSpider"
111.6.230.168 - - [25/Jan/2026:05:04:09 +0800] "GET / HTTP/1.1" 200 24806 "-" "Mozilla/5.0 (iPhone; CPU iPhone OS 16_3 like Mac OS X) AppleWebKit/605.1.15 (KHTML, like Gecko) Version/16.2 Mobile/15E148 YisouSpider/5.0 Safari/604.1"
111.6.230.164 - - [25/Jan/2026:05:04:10 +0800] "GET /api/latest-version?platform=2 HTTP/1.1" 200 152 "https://www.shudaxia.com/" "Mozilla/5.0 (iPhone; CPU iPhone OS 16_3 like Mac OS X) AppleWebKit/605.1.15 (KHTML, like Gecko) Version/16.2 Mobile/15E148 YisouSpider/5.0 Safari/604.1"
111.6.230.203 - - [25/Jan/2026:05:04:10 +0800] "GET /api/latest-version?platform=3 HTTP/1.1" 200 167 "https://www.shudaxia.com/" "Mozilla/5.0 (iPhone; CPU iPhone OS 16_3 like Mac OS X) AppleWebKit/605.1.15 (KHTML, like Gecko) Version/16.2 Mobile/15E148 YisouSpider/5.0 Safari/604.1"
111.6.230.164 - - [25/Jan/2026:05:04:10 +0800] "GET /api/latest-version?platform=2 HTTP/1.1" 200 152 "https://www.shudaxia.com/" "Mozilla/5.0 (iPhone; CPU iPhone OS 16_3 like Mac OS X) AppleWebKit/605.1.15 (KHTML, like Gecko) Version/16.2 Mobile/15E148 YisouSpider/5.0 Safari/604.1"
111.6.230.203 - - [25/Jan/2026:05:04:10 +0800] "GET /api/auth/session HTTP/1.1" 200 35 "https://www.shudaxia.com/" "Mozilla/5.0 (iPhone; CPU iPhone OS 16_3 like Mac OS X) AppleWebKit/605.1.15 (KHTML, like Gecko) Version/16.2 Mobile/15E148 YisouSpider/5.0 Safari/604.1"
111.6.230.203 - - [25/Jan/2026:05:04:10 +0800] "GET /api/latest-version?platform=3 HTTP/1.1" 200 167 "https://www.shudaxia.com/" "Mozilla/5.0 (iPhone; CPU iPhone OS 16_3 like Mac OS X) AppleWebKit/605.1.15 (KHTML, like Gecko) Version/16.2 Mobile/15E148 YisouSpider/5.0 Safari/604.1"
111.6.230.164 - - [25/Jan/2026:05:04:10 +0800] "GET /api/latest-version?platform=2 HTTP/1.1" 200 152 "https://www.shudaxia.com/" "Mozilla/5.0 (iPhone; CPU iPhone OS 16_3 like Mac OS X) AppleWebKit/605.1.15 (KHTML, like Gecko) Version/16.2 Mobile/15E148 YisouSpider/5.0 Safari/604.1"
111.6.230.165 - - [25/Jan/2026:05:04:10 +0800] "GET /api/footer-links HTTP/1.1" 200 535 "https://www.shudaxia.com/" "Mozilla/5.0 (iPhone; CPU iPhone OS 16_3 like Mac OS X) AppleWebKit/605.1.15 (KHTML, like Gecko) Version/16.2 Mobile/15E148 YisouSpider/5.0 Safari/604.1"
111.6.230.203 - - [25/Jan/2026:05:04:10 +0800] "GET /api/latest-version?platform=3 HTTP/1.1" 200 167 "https://www.shudaxia.com/" "Mozilla/5.0 (iPhone; CPU iPhone OS 16_3 like Mac OS X) AppleWebKit/605.1.15 (KHTML, like Gecko) Version/16.2 Mobile/15E148 YisouSpider/5.0 Safari/604.1"
111.6.230.203 - - [25/Jan/2026:05:04:10 +0800] "GET /api/latest-version?platform=3 HTTP/1.1" 200 167 "https://www.shudaxia.com/" "Mozilla/5.0 (iPhone; CPU iPhone OS 16_3 like Mac OS X) AppleWebKit/605.1.15 (KHTML, like Gecko) Version/16.2 Mobile/15E148 YisouSpider/5.0 Safari/604.1"
111.6.230.164 - - [25/Jan/2026:05:04:10 +0800] "GET /api/latest-version?platform=2 HTTP/1.1" 200 152 "https://www.shudaxia.com/" "Mozilla/5.0 (iPhone; CPU iPhone OS 16_3 like Mac OS X) AppleWebKit/605.1.15 (KHTML, like Gecko) Version/16.2 Mobile/15E148 YisouSpider/5.0 Safari/604.1"
111.6.230.203 - - [25/Jan/2026:05:04:10 +0800] "GET /api/latest-version?platform=3 HTTP/1.1" 200 167 "https://www.shudaxia.com/" "Mozilla/5.0 (iPhone; CPU iPhone OS 16_3 like Mac OS X) AppleWebKit/605.1.15 (KHTML, like Gecko) Version/16.2 Mobile/15E148 YisouSpider/5.0 Safari/604.1"
111.6.230.203 - - [25/Jan/2026:05:04:10 +0800] "GET /api/auth/session HTTP/1.1" 200 35 "https://www.shudaxia.com/" "Mozilla/5.0 (iPhone; CPU iPhone OS 16_3 like Mac OS X) AppleWebKit/605.1.15 (KHTML, like Gecko) Version/16.2 Mobile/15E148 YisouSpider/5.0 Safari/604.1"
111.6.230.215 - - [25/Jan/2026:05:07:12 +0800] "GET /doc/erp-supplier-reconciliation-shudaxia-macro HTTP/1.1" 308 63 "-" "Mozilla/5.0 (Linux; Android 5.0) AppleWebKit/537.36 (KHTML, like Gecko) Mobile Safari/537.36 (compatible; Bytespider; https://zhanzhang.toutiao.com/)"
111.6.230.191 - - [25/Jan/2026:05:07:12 +0800] "GET /doc/erp-supplier-reconciliation-shudaxia-macro.html HTTP/1.1" 200 23258 "-" "Mozilla/5.0 (Linux; Android 5.0) AppleWebKit/537.36 (KHTML, like Gecko) Mobile Safari/537.36 (compatible; Bytespider; https://zhanzhang.toutiao.com/)"
111.6.230.165 - - [25/Jan/2026:05:07:13 +0800] "GET /api/footer-links HTTP/1.1" 200 535 "https://www.shudaxia.com/doc/erp-supplier-reconciliation-shudaxia-macro.html" "Mozilla/5.0 (Linux; Android 5.0) AppleWebKit/537.36 (KHTML, like Gecko) Mobile Safari/537.36 (compatible; Bytespider; https://zhanzhang.toutiao.com/)"
111.6.230.203 - - [25/Jan/2026:05:07:13 +0800] "GET /api/latest-version?platform=3 HTTP/1.1" 200 167 "https://www.shudaxia.com/doc/erp-supplier-reconciliation-shudaxia-macro.html" "Mozilla/5.0 (Linux; Android 5.0) AppleWebKit/537.36 (KHTML, like Gecko) Mobile Safari/537.36 (compatible; Bytespider; https://zhanzhang.toutiao.com/)"
111.6.230.203 - - [25/Jan/2026:05:07:13 +0800] "GET /api/auth/session HTTP/1.1" 200 35 "https://www.shudaxia.com/doc/erp-supplier-reconciliation-shudaxia-macro.html" "Mozilla/5.0 (Linux; Android 5.0) AppleWebKit/537.36 (KHTML, like Gecko) Mobile Safari/537.36 (compatible; Bytespider; https://zhanzhang.toutiao.com/)"
111.6.230.186 - - [25/Jan/2026:05:07:13 +0800] "GET /doc?_rsc=zo2mq HTTP/1.1" 308 19 "https://www.shudaxia.com/doc/erp-supplier-reconciliation-shudaxia-macro.html" "Mozilla/5.0 (Linux; Android 5.0) AppleWebKit/537.36 (KHTML, like Gecko) Mobile Safari/537.36 (compatible; Bytespider; https://zhanzhang.toutiao.com/)"
111.6.230.164 - - [25/Jan/2026:05:07:13 +0800] "GET /api/latest-version?platform=2 HTTP/1.1" 200 152 "https://www.shudaxia.com/doc/erp-supplier-reconciliation-shudaxia-macro.html" "Mozilla/5.0 (Linux; Android 5.0) AppleWebKit/537.36 (KHTML, like Gecko) Mobile Safari/537.36 (compatible; Bytespider; https://zhanzhang.toutiao.com/)"
111.6.230.170 - - [25/Jan/2026:05:07:13 +0800] "GET /news/p1?_rsc=zo2mq HTTP/1.1" 308 23 "https://www.shudaxia.com/doc/erp-supplier-reconciliation-shudaxia-macro.html" "Mozilla/5.0 (Linux; Android 5.0) AppleWebKit/537.36 (KHTML, like Gecko) Mobile Safari/537.36 (compatible; Bytespider; https://zhanzhang.toutiao.com/)"
111.6.230.167 - - [25/Jan/2026:05:07:13 +0800] "GET /faq/p1?_rsc=zo2mq HTTP/1.1" 308 22 "https://www.shudaxia.com/doc/erp-supplier-reconciliation-shudaxia-macro.html" "Mozilla/5.0 (Linux; Android 5.0) AppleWebKit/537.36 (KHTML, like Gecko) Mobile Safari/537.36 (compatible; Bytespider; https://zhanzhang.toutiao.com/)"
111.6.230.168 - - [25/Jan/2026:05:07:13 +0800] "POST /api/articles/66/view HTTP/1.1" 200 4631 "https://www.shudaxia.com/doc/erp-supplier-reconciliation-shudaxia-macro.html" "Mozilla/5.0 (Linux; Android 5.0) AppleWebKit/537.36 (KHTML, like Gecko) Mobile Safari/537.36 (compatible; Bytespider; https://zhanzhang.toutiao.com/)"
111.6.230.210 - - [25/Jan/2026:05:07:13 +0800] "GET /?_rsc=zo2mq HTTP/1.1" 200 144 "https://www.shudaxia.com/doc/erp-supplier-reconciliation-shudaxia-macro.html" "Mozilla/5.0 (Linux; Android 5.0) AppleWebKit/537.36 (KHTML, like Gecko) Mobile Safari/537.36 (compatible; Bytespider; https://zhanzhang.toutiao.com/)"
111.6.230.160 - - [25/Jan/2026:05:07:13 +0800] "GET /doc/p1?_rsc=zo2mq HTTP/1.1" 308 22 "https://www.shudaxia.com/doc/erp-supplier-reconciliation-shudaxia-macro.html" "Mozilla/5.0 (Linux; Android 5.0) AppleWebKit/537.36 (KHTML, like Gecko) Mobile Safari/537.36 (compatible; Bytespider; https://zhanzhang.toutiao.com/)"
111.6.230.203 - - [25/Jan/2026:05:07:13 +0800] "GET /api/latest-version?platform=3 HTTP/1.1" 200 167 "https://www.shudaxia.com/doc/erp-supplier-reconciliation-shudaxia-macro.html" "Mozilla/5.0 (Linux; Android 5.0) AppleWebKit/537.36 (KHTML, like Gecko) Mobile Safari/537.36 (compatible; Bytespider; https://zhanzhang.toutiao.com/)"
111.6.230.164 - - [25/Jan/2026:05:07:13 +0800] "GET /api/latest-version?platform=2 HTTP/1.1" 200 152 "https://www.shudaxia.com/doc/erp-supplier-reconciliation-shudaxia-macro.html" "Mozilla/5.0 (Linux; Android 5.0) AppleWebKit/537.36 (KHTML, like Gecko) Mobile Safari/537.36 (compatible; Bytespider; https://zhanzhang.toutiao.com/)"
111.6.230.203 - - [25/Jan/2026:05:07:13 +0800] "GET /api/auth/session HTTP/1.1" 200 35 "https://www.shudaxia.com/doc/erp-supplier-reconciliation-shudaxia-macro.html" "Mozilla/5.0 (Linux; Android 5.0) AppleWebKit/537.36 (KHTML, like Gecko) Mobile Safari/537.36 (compatible; Bytespider; https://zhanzhang.toutiao.com/)"
111.6.230.162 - - [25/Jan/2026:05:07:13 +0800] "GET /doc.html HTTP/1.1" 200 165 "https://www.shudaxia.com/doc/erp-supplier-reconciliation-shudaxia-macro.html" "Mozilla/5.0 (Linux; Android 5.0) AppleWebKit/537.36 (KHTML, like Gecko) Mobile Safari/537.36 (compatible; Bytespider; https://zhanzhang.toutiao.com/)"
111.6.230.158 - - [25/Jan/2026:05:07:13 +0800] "GET /news/p1.html HTTP/1.1" 200 169 "https://www.shudaxia.com/doc/erp-supplier-reconciliation-shudaxia-macro.html" "Mozilla/5.0 (Linux; Android 5.0) AppleWebKit/537.36 (KHTML, like Gecko) Mobile Safari/537.36 (compatible; Bytespider; https://zhanzhang.toutiao.com/)"
111.6.230.155 - - [25/Jan/2026:05:07:13 +0800] "GET /faq/p1.html HTTP/1.1" 200 168 "https://www.shudaxia.com/doc/erp-supplier-reconciliation-shudaxia-macro.html" "Mozilla/5.0 (Linux; Android 5.0) AppleWebKit/537.36 (KHTML, like Gecko) Mobile Safari/537.36 (compatible; Bytespider; https://zhanzhang.toutiao.com/)"
111.6.230.213 - - [25/Jan/2026:05:07:13 +0800] "GET /doc/p1.html HTTP/1.1" 200 168 "https://www.shudaxia.com/doc/erp-supplier-reconciliation-shudaxia-macro.html" "Mozilla/5.0 (Linux; Android 5.0) AppleWebKit/537.36 (KHTML, like Gecko) Mobile Safari/537.36 (compatible; Bytespider; https://zhanzhang.toutiao.com/)"
111.6.230.169 - - [25/Jan/2026:05:08:10 +0800] "GET /doc/timing-tasks-automation.html HTTP/1.1" 200 20605 "-" "Mozilla/5.0 (Linux; Android 5.0) AppleWebKit/537.36 (KHTML, like Gecko) Mobile Safari/537.36 (compatible; Bytespider; https://zhanzhang.toutiao.com/)"
111.6.230.164 - - [25/Jan/2026:05:08:11 +0800] "GET /api/latest-version?platform=2 HTTP/1.1" 200 152 "https://www.shudaxia.com/doc/timing-tasks-automation.html" "Mozilla/5.0 (Linux; Android 5.0) AppleWebKit/537.36 (KHTML, like Gecko) Mobile Safari/537.36 (compatible; Bytespider; https://zhanzhang.toutiao.com/)"
111.6.230.203 - - [25/Jan/2026:05:08:11 +0800] "GET /api/latest-version?platform=3 HTTP/1.1" 200 167 "https://www.shudaxia.com/doc/timing-tasks-automation.html" "Mozilla/5.0 (Linux; Android 5.0) AppleWebKit/537.36 (KHTML, like Gecko) Mobile Safari/537.36 (compatible; Bytespider; https://zhanzhang.toutiao.com/)"
111.6.230.203 - - [25/Jan/2026:05:08:11 +0800] "GET /api/auth/session HTTP/1.1" 200 35 "https://www.shudaxia.com/doc/timing-tasks-automation.html" "Mozilla/5.0 (Linux; Android 5.0) AppleWebKit/537.36 (KHTML, like Gecko) Mobile Safari/537.36 (compatible; Bytespider; https://zhanzhang.toutiao.com/)"
111.6.230.165 - - [25/Jan/2026:05:08:11 +0800] "GET /api/footer-links HTTP/1.1" 200 535 "https://www.shudaxia.com/doc/timing-tasks-automation.html" "Mozilla/5.0 (Linux; Android 5.0) AppleWebKit/537.36 (KHTML, like Gecko) Mobile Safari/537.36 (compatible; Bytespider; https://zhanzhang.toutiao.com/)"
111.6.230.191 - - [25/Jan/2026:05:08:11 +0800] "POST /api/articles/67/view HTTP/1.1" 200 3350 "https://www.shudaxia.com/doc/timing-tasks-automation.html" "Mozilla/5.0 (Linux; Android 5.0) AppleWebKit/537.36 (KHTML, like Gecko) Mobile Safari/537.36 (compatible; Bytespider; https://zhanzhang.toutiao.com/)"
111.6.230.164 - - [25/Jan/2026:05:08:11 +0800] "GET /api/latest-version?platform=2 HTTP/1.1" 200 152 "https://www.shudaxia.com/doc/timing-tasks-automation.html" "Mozilla/5.0 (Linux; Android 5.0) AppleWebKit/537.36 (KHTML, like Gecko) Mobile Safari/537.36 (compatible; Bytespider; https://zhanzhang.toutiao.com/)"
111.6.230.203 - - [25/Jan/2026:05:08:11 +0800] "GET /api/auth/session HTTP/1.1" 200 35 "https://www.shudaxia.com/doc/timing-tasks-automation.html" "Mozilla/5.0 (Linux; Android 5.0) AppleWebKit/537.36 (KHTML, like Gecko) Mobile Safari/537.36 (compatible; Bytespider; https://zhanzhang.toutiao.com/)"
111.6.230.203 - - [25/Jan/2026:05:08:11 +0800] "GET /api/latest-version?platform=3 HTTP/1.1" 200 167 "https://www.shudaxia.com/doc/timing-tasks-automation.html" "Mozilla/5.0 (Linux; Android 5.0) AppleWebKit/537.36 (KHTML, like Gecko) Mobile Safari/537.36 (compatible; Bytespider; https://zhanzhang.toutiao.com/)"
111.6.230.195 - - [25/Jan/2026:05:08:11 +0800] "GET /doc/p1?_rsc=2gil5 HTTP/1.1" 308 22 "https://www.shudaxia.com/doc/timing-tasks-automation.html" "Mozilla/5.0 (Linux; Android 5.0) AppleWebKit/537.36 (KHTML, like Gecko) Mobile Safari/537.36 (compatible; Bytespider; https://zhanzhang.toutiao.com/)"
111.6.230.158 - - [25/Jan/2026:05:08:11 +0800] "GET /?_rsc=2gil5 HTTP/1.1" 200 144 "https://www.shudaxia.com/doc/timing-tasks-automation.html" "Mozilla/5.0 (Linux; Android 5.0) AppleWebKit/537.36 (KHTML, like Gecko) Mobile Safari/537.36 (compatible; Bytespider; https://zhanzhang.toutiao.com/)"
111.6.230.159 - - [25/Jan/2026:05:08:11 +0800] "GET /news/p1?_rsc=2gil5 HTTP/1.1" 308 23 "https://www.shudaxia.com/doc/timing-tasks-automation.html" "Mozilla/5.0 (Linux; Android 5.0) AppleWebKit/537.36 (KHTML, like Gecko) Mobile Safari/537.36 (compatible; Bytespider; https://zhanzhang.toutiao.com/)"
111.6.230.222 - - [25/Jan/2026:05:08:11 +0800] "GET /faq/p1?_rsc=2gil5 HTTP/1.1" 308 22 "https://www.shudaxia.com/doc/timing-tasks-automation.html" "Mozilla/5.0 (Linux; Android 5.0) AppleWebKit/537.36 (KHTML, like Gecko) Mobile Safari/537.36 (compatible; Bytespider; https://zhanzhang.toutiao.com/)"
111.6.230.159 - - [25/Jan/2026:05:08:11 +0800] "GET /doc?_rsc=2gil5 HTTP/1.1" 308 19 "https://www.shudaxia.com/doc/timing-tasks-automation.html" "Mozilla/5.0 (Linux; Android 5.0) AppleWebKit/537.36 (KHTML, like Gecko) Mobile Safari/537.36 (compatible; Bytespider; https://zhanzhang.toutiao.com/)"
111.6.230.213 - - [25/Jan/2026:05:08:11 +0800] "GET /doc/p1.html HTTP/1.1" 200 168 "https://www.shudaxia.com/doc/timing-tasks-automation.html" "Mozilla/5.0 (Linux; Android 5.0) AppleWebKit/537.36 (KHTML, like Gecko) Mobile Safari/537.36 (compatible; Bytespider; https://zhanzhang.toutiao.com/)"
111.6.230.158 - - [25/Jan/2026:05:08:12 +0800] "GET /news/p1.html HTTP/1.1" 200 169 "https://www.shudaxia.com/doc/timing-tasks-automation.html" "Mozilla/5.0 (Linux; Android 5.0) AppleWebKit/537.36 (KHTML, like Gecko) Mobile Safari/537.36 (compatible; Bytespider; https://zhanzhang.toutiao.com/)"
111.6.230.155 - - [25/Jan/2026:05:08:12 +0800] "GET /faq/p1.html HTTP/1.1" 200 168 "https://www.shudaxia.com/doc/timing-tasks-automation.html" "Mozilla/5.0 (Linux; Android 5.0) AppleWebKit/537.36 (KHTML, like Gecko) Mobile Safari/537.36 (compatible; Bytespider; https://zhanzhang.toutiao.com/)"
111.6.230.162 - - [25/Jan/2026:05:08:13 +0800] "GET /doc.html HTTP/1.1" 200 165 "https://www.shudaxia.com/doc/timing-tasks-automation.html" "Mozilla/5.0 (Linux; Android 5.0) AppleWebKit/537.36 (KHTML, like Gecko) Mobile Safari/537.36 (compatible; Bytespider; https://zhanzhang.toutiao.com/)"
111.6.230.217 - - [25/Jan/2026:05:08:22 +0800] "GET /robots.txt HTTP/1.1" 200 31 "-" "Mozilla/5.0 (Linux; Android 5.0) AppleWebKit/537.36 (KHTML, like Gecko) Mobile Safari/537.36 (compatible; Bytespider; https://zhanzhang.toutiao.com/)"
111.6.230.191 - - [25/Jan/2026:05:11:01 +0800] "GET /index.html HTTP/1.1" 301 162 "-" "Mozilla/5.0 (Linux; Android 5.0) AppleWebKit/537.36 (KHTML, like Gecko) Mobile Safari/537.36 (compatible; Bytespider; https://zhanzhang.toutiao.com/)"
111.6.230.154 - - [25/Jan/2026:05:11:02 +0800] "GET / HTTP/1.1" 200 24747 "-" "Mozilla/5.0 (Linux; Android 5.0) AppleWebKit/537.36 (KHTML, like Gecko) Mobile Safari/537.36 (compatible; Bytespider; https://zhanzhang.toutiao.com/)"
111.6.230.164 - - [25/Jan/2026:05:11:02 +0800] "GET /api/latest-version?platform=2 HTTP/1.1" 200 152 "https://www.shudaxia.com/" "Mozilla/5.0 (Linux; Android 5.0) AppleWebKit/537.36 (KHTML, like Gecko) Mobile Safari/537.36 (compatible; Bytespider; https://zhanzhang.toutiao.com/)"
111.6.230.203 - - [25/Jan/2026:05:11:02 +0800] "GET /api/latest-version?platform=3 HTTP/1.1" 200 167 "https://www.shudaxia.com/" "Mozilla/5.0 (Linux; Android 5.0) AppleWebKit/537.36 (KHTML, like Gecko) Mobile Safari/537.36 (compatible; Bytespider; https://zhanzhang.toutiao.com/)"
111.6.230.203 - - [25/Jan/2026:05:11:02 +0800] "GET /api/auth/session HTTP/1.1" 200 35 "https://www.shudaxia.com/" "Mozilla/5.0 (Linux; Android 5.0) AppleWebKit/537.36 (KHTML, like Gecko) Mobile Safari/537.36 (compatible; Bytespider; https://zhanzhang.toutiao.com/)"
111.6.230.165 - - [25/Jan/2026:05:11:02 +0800] "GET /api/footer-links HTTP/1.1" 200 535 "https://www.shudaxia.com/" "Mozilla/5.0 (Linux; Android 5.0) AppleWebKit/537.36 (KHTML, like Gecko) Mobile Safari/537.36 (compatible; Bytespider; https://zhanzhang.toutiao.com/)"
111.6.230.203 - - [25/Jan/2026:05:11:02 +0800] "GET /api/latest-version?platform=3 HTTP/1.1" 200 167 "https://www.shudaxia.com/" "Mozilla/5.0 (Linux; Android 5.0) AppleWebKit/537.36 (KHTML, like Gecko) Mobile Safari/537.36 (compatible; Bytespider; https://zhanzhang.toutiao.com/)"
111.6.230.164 - - [25/Jan/2026:05:11:02 +0800] "GET /api/latest-version?platform=2 HTTP/1.1" 200 152 "https://www.shudaxia.com/" "Mozilla/5.0 (Linux; Android 5.0) AppleWebKit/537.36 (KHTML, like Gecko) Mobile Safari/537.36 (compatible; Bytespider; https://zhanzhang.toutiao.com/)"
111.6.230.203 - - [25/Jan/2026:05:11:02 +0800] "GET /api/latest-version?platform=3 HTTP/1.1" 200 167 "https://www.shudaxia.com/" "Mozilla/5.0 (Linux; Android 5.0) AppleWebKit/537.36 (KHTML, like Gecko) Mobile Safari/537.36 (compatible; Bytespider; https://zhanzhang.toutiao.com/)"
111.6.230.203 - - [25/Jan/2026:05:11:02 +0800] "GET /api/latest-version?platform=3 HTTP/1.1" 200 167 "https://www.shudaxia.com/" "Mozilla/5.0 (Linux; Android 5.0) AppleWebKit/537.36 (KHTML, like Gecko) Mobile Safari/537.36 (compatible; Bytespider; https://zhanzhang.toutiao.com/)"
111.6.230.203 - - [25/Jan/2026:05:11:02 +0800] "GET /api/latest-version?platform=3 HTTP/1.1" 200 167 "https://www.shudaxia.com/" "Mozilla/5.0 (Linux; Android 5.0) AppleWebKit/537.36 (KHTML, like Gecko) Mobile Safari/537.36 (compatible; Bytespider; https://zhanzhang.toutiao.com/)"
111.6.230.164 - - [25/Jan/2026:05:11:02 +0800] "GET /api/latest-version?platform=2 HTTP/1.1" 200 152 "https://www.shudaxia.com/" "Mozilla/5.0 (Linux; Android 5.0) AppleWebKit/537.36 (KHTML, like Gecko) Mobile Safari/537.36 (compatible; Bytespider; https://zhanzhang.toutiao.com/)"
111.6.230.203 - - [25/Jan/2026:05:11:02 +0800] "GET /api/auth/session HTTP/1.1" 200 35 "https://www.shudaxia.com/" "Mozilla/5.0 (Linux; Android 5.0) AppleWebKit/537.36 (KHTML, like Gecko) Mobile Safari/537.36 (compatible; Bytespider; https://zhanzhang.toutiao.com/)"
111.6.230.164 - - [25/Jan/2026:05:11:02 +0800] "GET /api/latest-version?platform=2 HTTP/1.1" 200 152 "https://www.shudaxia.com/" "Mozilla/5.0 (Linux; Android 5.0) AppleWebKit/537.36 (KHTML, like Gecko) Mobile Safari/537.36 (compatible; Bytespider; https://zhanzhang.toutiao.com/)"
111.6.230.150 - - [25/Jan/2026:05:14:29 +0800] "GET /news/shu-biao-zi-dong-dian-ji.html HTTP/1.1" 200 18585 "-" "Mozilla/5.0 (Linux; Android 5.0) AppleWebKit/537.36 (KHTML, like Gecko) Mobile Safari/537.36 (compatible; Bytespider; https://zhanzhang.toutiao.com/)"
111.6.230.203 - - [25/Jan/2026:05:14:30 +0800] "GET /api/latest-version?platform=3 HTTP/1.1" 200 167 "https://www.shudaxia.com/news/shu-biao-zi-dong-dian-ji.html" "Mozilla/5.0 (Linux; Android 5.0) AppleWebKit/537.36 (KHTML, like Gecko) Mobile Safari/537.36 (compatible; Bytespider; https://zhanzhang.toutiao.com/)"
111.6.230.164 - - [25/Jan/2026:05:14:30 +0800] "GET /api/latest-version?platform=2 HTTP/1.1" 200 152 "https://www.shudaxia.com/news/shu-biao-zi-dong-dian-ji.html" "Mozilla/5.0 (Linux; Android 5.0) AppleWebKit/537.36 (KHTML, like Gecko) Mobile Safari/537.36 (compatible; Bytespider; https://zhanzhang.toutiao.com/)"
111.6.230.165 - - [25/Jan/2026:05:14:30 +0800] "GET /api/footer-links HTTP/1.1" 200 535 "https://www.shudaxia.com/news/shu-biao-zi-dong-dian-ji.html" "Mozilla/5.0 (Linux; Android 5.0) AppleWebKit/537.36 (KHTML, like Gecko) Mobile Safari/537.36 (compatible; Bytespider; https://zhanzhang.toutiao.com/)"
111.6.230.184 - - [25/Jan/2026:05:14:30 +0800] "POST /api/articles/59/view HTTP/1.1" 200 3072 "https://www.shudaxia.com/news/shu-biao-zi-dong-dian-ji.html" "Mozilla/5.0 (Linux; Android 5.0) AppleWebKit/537.36 (KHTML, like Gecko) Mobile Safari/537.36 (compatible; Bytespider; https://zhanzhang.toutiao.com/)"
111.6.230.164 - - [25/Jan/2026:05:14:30 +0800] "GET /api/latest-version?platform=2 HTTP/1.1" 200 152 "https://www.shudaxia.com/news/shu-biao-zi-dong-dian-ji.html" "Mozilla/5.0 (Linux; Android 5.0) AppleWebKit/537.36 (KHTML, like Gecko) Mobile Safari/537.36 (compatible; Bytespider; https://zhanzhang.toutiao.com/)"
111.6.230.203 - - [25/Jan/2026:05:14:30 +0800] "GET /api/latest-version?platform=3 HTTP/1.1" 200 167 "https://www.shudaxia.com/news/shu-biao-zi-dong-dian-ji.html" "Mozilla/5.0 (Linux; Android 5.0) AppleWebKit/537.36 (KHTML, like Gecko) Mobile Safari/537.36 (compatible; Bytespider; https://zhanzhang.toutiao.com/)"
111.6.230.155 - - [25/Jan/2026:05:14:30 +0800] "GET /doc/p1?_rsc=18inx HTTP/1.1" 308 22 "https://www.shudaxia.com/news/shu-biao-zi-dong-dian-ji.html" "Mozilla/5.0 (Linux; Android 5.0) AppleWebKit/537.36 (KHTML, like Gecko) Mobile Safari/537.36 (compatible; Bytespider; https://zhanzhang.toutiao.com/)"
111.6.230.219 - - [25/Jan/2026:05:14:30 +0800] "GET /?_rsc=18inx HTTP/1.1" 200 144 "https://www.shudaxia.com/news/shu-biao-zi-dong-dian-ji.html" "Mozilla/5.0 (Linux; Android 5.0) AppleWebKit/537.36 (KHTML, like Gecko) Mobile Safari/537.36 (compatible; Bytespider; https://zhanzhang.toutiao.com/)"
111.6.230.203 - - [25/Jan/2026:05:14:30 +0800] "GET /api/auth/session HTTP/1.1" 200 35 "https://www.shudaxia.com/news/shu-biao-zi-dong-dian-ji.html" "Mozilla/5.0 (Linux; Android 5.0) AppleWebKit/537.36 (KHTML, like Gecko) Mobile Safari/537.36 (compatible; Bytespider; https://zhanzhang.toutiao.com/)"
111.6.230.194 - - [25/Jan/2026:05:14:30 +0800] "GET /news?_rsc=18inx HTTP/1.1" 308 20 "https://www.shudaxia.com/news/shu-biao-zi-dong-dian-ji.html" "Mozilla/5.0 (Linux; Android 5.0) AppleWebKit/537.36 (KHTML, like Gecko) Mobile Safari/537.36 (compatible; Bytespider; https://zhanzhang.toutiao.com/)"
111.6.230.197 - - [25/Jan/2026:05:14:30 +0800] "GET /faq/p1?_rsc=18inx HTTP/1.1" 308 22 "https://www.shudaxia.com/news/shu-biao-zi-dong-dian-ji.html" "Mozilla/5.0 (Linux; Android 5.0) AppleWebKit/537.36 (KHTML, like Gecko) Mobile Safari/537.36 (compatible; Bytespider; https://zhanzhang.toutiao.com/)"
111.6.230.206 - - [25/Jan/2026:05:14:30 +0800] "GET /news/p1?_rsc=18inx HTTP/1.1" 308 23 "https://www.shudaxia.com/news/shu-biao-zi-dong-dian-ji.html" "Mozilla/5.0 (Linux; Android 5.0) AppleWebKit/537.36 (KHTML, like Gecko) Mobile Safari/537.36 (compatible; Bytespider; https://zhanzhang.toutiao.com/)"
111.6.230.213 - - [25/Jan/2026:05:14:30 +0800] "GET /doc/p1.html HTTP/1.1" 200 168 "https://www.shudaxia.com/news/shu-biao-zi-dong-dian-ji.html" "Mozilla/5.0 (Linux; Android 5.0) AppleWebKit/537.36 (KHTML, like Gecko) Mobile Safari/537.36 (compatible; Bytespider; https://zhanzhang.toutiao.com/)"
111.6.230.203 - - [25/Jan/2026:05:14:30 +0800] "GET /api/auth/session HTTP/1.1" 200 35 "https://www.shudaxia.com/news/shu-biao-zi-dong-dian-ji.html" "Mozilla/5.0 (Linux; Android 5.0) AppleWebKit/537.36 (KHTML, like Gecko) Mobile Safari/537.36 (compatible; Bytespider; https://zhanzhang.toutiao.com/)"
111.6.230.230 - - [25/Jan/2026:05:14:30 +0800] "GET /news.html HTTP/1.1" 200 165 "https://www.shudaxia.com/news/shu-biao-zi-dong-dian-ji.html" "Mozilla/5.0 (Linux; Android 5.0) AppleWebKit/537.36 (KHTML, like Gecko) Mobile Safari/537.36 (compatible; Bytespider; https://zhanzhang.toutiao.com/)"
111.6.230.155 - - [25/Jan/2026:05:14:30 +0800] "GET /faq/p1.html HTTP/1.1" 200 168 "https://www.shudaxia.com/news/shu-biao-zi-dong-dian-ji.html" "Mozilla/5.0 (Linux; Android 5.0) AppleWebKit/537.36 (KHTML, like Gecko) Mobile Safari/537.36 (compatible; Bytespider; https://zhanzhang.toutiao.com/)"
111.6.230.158 - - [25/Jan/2026:05:14:30 +0800] "GET /news/p1.html HTTP/1.1" 200 169 "https://www.shudaxia.com/news/shu-biao-zi-dong-dian-ji.html" "Mozilla/5.0 (Linux; Android 5.0) AppleWebKit/537.36 (KHTML, like Gecko) Mobile Safari/537.36 (compatible; Bytespider; https://zhanzhang.toutiao.com/)"
111.6.230.216 - - [25/Jan/2026:05:15:32 +0800] "GET / HTTP/1.1" 200 24529 "-" "Mozilla/5.0 (Linux;u;Android 4.2.2;zh-cn;) AppleWebKit/534.46 (KHTML,like Gecko) Version/5.1 Mobile Safari/10600.6.3 (compatible; Baiduspider/2.0; +http://www.baidu.com/search/spider.html)"
111.6.230.203 - - [25/Jan/2026:05:15:34 +0800] "GET /api/latest-version?platform=3 HTTP/1.1" 200 167 "https://www.shudaxia.com/" "Mozilla/5.0 (iPhone; CPU iPhone OS 9_1 like Mac OS X) AppleWebKit/601.1.46 (KHTML, like Gecko) Version/9.0 Mobile/13B143 Safari/601.1 (compatible; Baiduspider-render/2.0; +http://www.baidu.com/search/spider.html)"
111.6.230.165 - - [25/Jan/2026:05:15:34 +0800] "GET /api/footer-links HTTP/1.1" 200 535 "https://www.shudaxia.com/" "Mozilla/5.0 (iPhone; CPU iPhone OS 9_1 like Mac OS X) AppleWebKit/601.1.46 (KHTML, like Gecko) Version/9.0 Mobile/13B143 Safari/601.1 (compatible; Baiduspider-render/2.0; +http://www.baidu.com/search/spider.html)"
111.6.230.164 - - [25/Jan/2026:05:15:34 +0800] "GET /api/latest-version?platform=2 HTTP/1.1" 200 152 "https://www.shudaxia.com/" "Mozilla/5.0 (iPhone; CPU iPhone OS 9_1 like Mac OS X) AppleWebKit/601.1.46 (KHTML, like Gecko) Version/9.0 Mobile/13B143 Safari/601.1 (compatible; Baiduspider-render/2.0; +http://www.baidu.com/search/spider.html)"
111.6.230.203 - - [25/Jan/2026:05:15:34 +0800] "GET /api/latest-version?platform=3 HTTP/1.1" 200 167 "https://www.shudaxia.com/" "Mozilla/5.0 (iPhone; CPU iPhone OS 9_1 like Mac OS X) AppleWebKit/601.1.46 (KHTML, like Gecko) Version/9.0 Mobile/13B143 Safari/601.1 (compatible; Baiduspider-render/2.0; +http://www.baidu.com/search/spider.html)"
111.6.230.182 - - [25/Jan/2026:05:15:34 +0800] "GET /api/latest-version?platform=3 HTTP/1.1" 200 167 "https://www.shudaxia.com/" "Mozilla/5.0 (iPhone; CPU iPhone OS 9_1 like Mac OS X) AppleWebKit/601.1.46 (KHTML, like Gecko) Version/9.0 Mobile/13B143 Safari/601.1 (compatible; Baiduspider-render/2.0; +http://www.baidu.com/search/spider.html)"
111.6.230.164 - - [25/Jan/2026:05:15:34 +0800] "GET /api/latest-version?platform=2 HTTP/1.1" 200 152 "https://www.shudaxia.com/" "Mozilla/5.0 (iPhone; CPU iPhone OS 9_1 like Mac OS X) AppleWebKit/601.1.46 (KHTML, like Gecko) Version/9.0 Mobile/13B143 Safari/601.1 (compatible; Baiduspider-render/2.0; +http://www.baidu.com/search/spider.html)"
111.6.230.203 - - [25/Jan/2026:05:15:34 +0800] "GET /api/latest-version?platform=3 HTTP/1.1" 200 167 "https://www.shudaxia.com/" "Mozilla/5.0 (iPhone; CPU iPhone OS 9_1 like Mac OS X) AppleWebKit/601.1.46 (KHTML, like Gecko) Version/9.0 Mobile/13B143 Safari/601.1 (compatible; Baiduspider-render/2.0; +http://www.baidu.com/search/spider.html)"
111.6.230.203 - - [25/Jan/2026:05:15:34 +0800] "GET /api/latest-version?platform=3 HTTP/1.1" 200 167 "https://www.shudaxia.com/" "Mozilla/5.0 (iPhone; CPU iPhone OS 9_1 like Mac OS X) AppleWebKit/601.1.46 (KHTML, like Gecko) Version/9.0 Mobile/13B143 Safari/601.1 (compatible; Baiduspider-render/2.0; +http://www.baidu.com/search/spider.html)"
111.6.230.203 - - [25/Jan/2026:05:15:34 +0800] "GET /api/auth/session HTTP/1.1" 200 35 "https://www.shudaxia.com/" "Mozilla/5.0 (iPhone; CPU iPhone OS 9_1 like Mac OS X) AppleWebKit/601.1.46 (KHTML, like Gecko) Version/9.0 Mobile/13B143 Safari/601.1 (compatible; Baiduspider-render/2.0; +http://www.baidu.com/search/spider.html)"
111.6.230.164 - - [25/Jan/2026:05:15:34 +0800] "GET /api/latest-version?platform=2 HTTP/1.1" 200 152 "https://www.shudaxia.com/" "Mozilla/5.0 (iPhone; CPU iPhone OS 9_1 like Mac OS X) AppleWebKit/601.1.46 (KHTML, like Gecko) Version/9.0 Mobile/13B143 Safari/601.1 (compatible; Baiduspider-render/2.0; +http://www.baidu.com/search/spider.html)"
111.6.230.164 - - [25/Jan/2026:05:15:34 +0800] "GET /api/latest-version?platform=2 HTTP/1.1" 200 152 "https://www.shudaxia.com/" "Mozilla/5.0 (iPhone; CPU iPhone OS 9_1 like Mac OS X) AppleWebKit/601.1.46 (KHTML, like Gecko) Version/9.0 Mobile/13B143 Safari/601.1 (compatible; Baiduspider-render/2.0; +http://www.baidu.com/search/spider.html)"
111.6.230.203 - - [25/Jan/2026:05:15:34 +0800] "GET /api/auth/session HTTP/1.1" 200 35 "https://www.shudaxia.com/" "Mozilla/5.0 (iPhone; CPU iPhone OS 9_1 like Mac OS X) AppleWebKit/601.1.46 (KHTML, like Gecko) Version/9.0 Mobile/13B143 Safari/601.1 (compatible; Baiduspider-render/2.0; +http://www.baidu.com/search/spider.html)"
111.6.230.215 - - [25/Jan/2026:05:16:29 +0800] "GET / HTTP/1.1" 200 24452 "-" "YisouSpider"
111.6.230.215 - - [25/Jan/2026:05:17:04 +0800] "GET / HTTP/1.1" 200 24612 "-" "Mozilla/5.0 (iPhone; CPU iPhone OS 16_3 like Mac OS X) AppleWebKit/605.1.15 (KHTML, like Gecko) Version/16.2 Mobile/15E148 YisouSpider/5.0 Safari/604.1"
111.6.230.203 - - [25/Jan/2026:05:17:05 +0800] "GET /api/latest-version?platform=3 HTTP/1.1" 200 167 "https://www.shudaxia.com/" "Mozilla/5.0 (iPhone; CPU iPhone OS 16_3 like Mac OS X) AppleWebKit/605.1.15 (KHTML, like Gecko) Version/16.2 Mobile/15E148 YisouSpider/5.0 Safari/604.1"
111.6.230.203 - - [25/Jan/2026:05:17:05 +0800] "GET /api/auth/session HTTP/1.1" 200 35 "https://www.shudaxia.com/" "Mozilla/5.0 (iPhone; CPU iPhone OS 16_3 like Mac OS X) AppleWebKit/605.1.15 (KHTML, like Gecko) Version/16.2 Mobile/15E148 YisouSpider/5.0 Safari/604.1"
111.6.230.203 - - [25/Jan/2026:05:17:05 +0800] "GET /api/latest-version?platform=3 HTTP/1.1" 200 167 "https://www.shudaxia.com/" "Mozilla/5.0 (iPhone; CPU iPhone OS 16_3 like Mac OS X) AppleWebKit/605.1.15 (KHTML, like Gecko) Version/16.2 Mobile/15E148 YisouSpider/5.0 Safari/604.1"
111.6.230.164 - - [25/Jan/2026:05:17:05 +0800] "GET /api/latest-version?platform=2 HTTP/1.1" 200 152 "https://www.shudaxia.com/" "Mozilla/5.0 (iPhone; CPU iPhone OS 16_3 like Mac OS X) AppleWebKit/605.1.15 (KHTML, like Gecko) Version/16.2 Mobile/15E148 YisouSpider/5.0 Safari/604.1"
111.6.230.203 - - [25/Jan/2026:05:17:05 +0800] "GET /api/latest-version?platform=3 HTTP/1.1" 200 167 "https://www.shudaxia.com/" "Mozilla/5.0 (iPhone; CPU iPhone OS 16_3 like Mac OS X) AppleWebKit/605.1.15 (KHTML, like Gecko) Version/16.2 Mobile/15E148 YisouSpider/5.0 Safari/604.1"
111.6.230.203 - - [25/Jan/2026:05:17:05 +0800] "GET /api/latest-version?platform=3 HTTP/1.1" 200 167 "https://www.shudaxia.com/" "Mozilla/5.0 (iPhone; CPU iPhone OS 16_3 like Mac OS X) AppleWebKit/605.1.15 (KHTML, like Gecko) Version/16.2 Mobile/15E148 YisouSpider/5.0 Safari/604.1"
111.6.230.203 - - [25/Jan/2026:05:17:05 +0800] "GET /api/latest-version?platform=3 HTTP/1.1" 200 167 "https://www.shudaxia.com/" "Mozilla/5.0 (iPhone; CPU iPhone OS 16_3 like Mac OS X) AppleWebKit/605.1.15 (KHTML, like Gecko) Version/16.2 Mobile/15E148 YisouSpider/5.0 Safari/604.1"
111.6.230.164 - - [25/Jan/2026:05:17:05 +0800] "GET /api/latest-version?platform=2 HTTP/1.1" 200 152 "https://www.shudaxia.com/" "Mozilla/5.0 (iPhone; CPU iPhone OS 16_3 like Mac OS X) AppleWebKit/605.1.15 (KHTML, like Gecko) Version/16.2 Mobile/15E148 YisouSpider/5.0 Safari/604.1"
111.6.230.164 - - [25/Jan/2026:05:17:05 +0800] "GET /api/latest-version?platform=2 HTTP/1.1" 200 152 "https://www.shudaxia.com/" "Mozilla/5.0 (iPhone; CPU iPhone OS 16_3 like Mac OS X) AppleWebKit/605.1.15 (KHTML, like Gecko) Version/16.2 Mobile/15E148 YisouSpider/5.0 Safari/604.1"
111.6.230.164 - - [25/Jan/2026:05:17:05 +0800] "GET /api/latest-version?platform=2 HTTP/1.1" 200 152 "https://www.shudaxia.com/" "Mozilla/5.0 (iPhone; CPU iPhone OS 16_3 like Mac OS X) AppleWebKit/605.1.15 (KHTML, like Gecko) Version/16.2 Mobile/15E148 YisouSpider/5.0 Safari/604.1"
111.6.230.203 - - [25/Jan/2026:05:17:05 +0800] "GET /api/auth/session HTTP/1.1" 200 35 "https://www.shudaxia.com/" "Mozilla/5.0 (iPhone; CPU iPhone OS 16_3 like Mac OS X) AppleWebKit/605.1.15 (KHTML, like Gecko) Version/16.2 Mobile/15E148 YisouSpider/5.0 Safari/604.1"
111.6.230.215 - - [25/Jan/2026:05:20:50 +0800] "GET / HTTP/1.1" 200 24486 "-" "YisouSpider"
111.6.230.203 - - [25/Jan/2026:05:20:50 +0800] "GET /api/latest-version?platform=3 HTTP/1.1" 200 167 "https://www.shudaxia.com/" "YisouSpider"
111.6.230.219 - - [25/Jan/2026:05:20:50 +0800] "GET /mobile?_rsc=qax64 HTTP/1.1" 308 22 "https://www.shudaxia.com/" "YisouSpider"
111.6.230.224 - - [25/Jan/2026:05:20:50 +0800] "GET /cpstest?_rsc=qax64 HTTP/1.1" 308 23 "https://www.shudaxia.com/" "YisouSpider"
111.6.230.165 - - [25/Jan/2026:05:20:50 +0800] "GET /mouse-keyboard-test?_rsc=qax64 HTTP/1.1" 308 36 "https://www.shudaxia.com/" "YisouSpider"
111.6.230.203 - - [25/Jan/2026:05:20:50 +0800] "GET /api/latest-version?platform=3 HTTP/1.1" 200 167 "https://www.shudaxia.com/" "YisouSpider"
111.6.230.203 - - [25/Jan/2026:05:20:50 +0800] "GET /api/auth/session HTTP/1.1" 200 35 "https://www.shudaxia.com/" "YisouSpider"
111.6.230.164 - - [25/Jan/2026:05:20:51 +0800] "GET /api/latest-version?platform=2 HTTP/1.1" 200 152 "https://www.shudaxia.com/" "YisouSpider"
111.6.230.203 - - [25/Jan/2026:05:20:51 +0800] "GET /api/latest-version?platform=3 HTTP/1.1" 200 167 "https://www.shudaxia.com/" "YisouSpider"
111.6.230.158 - - [25/Jan/2026:05:20:51 +0800] "GET /doc/p1?_rsc=qax64 HTTP/1.1" 308 22 "https://www.shudaxia.com/" "YisouSpider"
111.6.230.183 - - [25/Jan/2026:05:20:51 +0800] "GET /video?_rsc=qax64 HTTP/1.1" 308 21 "https://www.shudaxia.com/" "YisouSpider"
